07-03 20:31:37.888  1423  1518 V WindowStateAnimator: performShow on WindowStateAnimator{c19f9f6 com.android.systemui.ImageWallpaper}: mDrawState=READY_TO_SHOW readyForDisplay=false starting=false during animation: policyVis=true attHidden=false tok.hiddenRequested=false tok.hidden=false animating=false tok animating=false Callers=com.android.server.wm.WindowAnimator.updateWindowsLocked:440 com.android.server.wm.WindowAnimator.animateLocked:688 com.android.server.wm.WindowAnimator.access$000:53 
07-03 20:31:37.892  1423  1518 I WindowAnimator: <<< CLOSE TRANSACTION animateLocked
07-03 20:31:38.272   431   431 E AAAA    : setUpHWComposer: empty: more  wasEmpty: notEmpty
07-03 20:31:38.338   431   431 E AAAA    : setUpHWComposer: empty: more  wasEmpty: notEmpty
07-03 20:31:38.373  1423  1488 E AAAA    : sendContinueUserSwitchLocked
07-03 20:31:38.373  1423  1488 E AAAA    : java.lang.Throwable
07-03 20:31:38.373  1423  1488 E AAAA    : 	at com.android.server.am.ActivityManagerService.sendContinueUserSwitchLocked(ActivityManagerService.java:21319)
07-03 20:31:38.373  1423  1488 E AAAA    : 	at com.android.server.am.ActivityManagerService.timeoutUserSwitch(ActivityManagerService.java:21310)
07-03 20:31:38.373  1423  1488 E AAAA    : 	at com.android.server.am.ActivityManagerService$MainHandler.handleMessage(ActivityManagerService.java:1955)
07-03 20:31:38.373  1423  1488 E AAAA    : 	at android.os.Handler.dispatchMessage(Handler.java:102)
07-03 20:31:38.373  1423  1488 E AAAA    : 	at android.os.Looper.loop(Looper.java:157)
07-03 20:31:38.373  1423  1488 E AAAA    : 	at android.os.HandlerThread.run(HandlerThread.java:61)
07-03 20:31:38.373  1423  1488 E AAAA    : 	at com.android.server.ServiceThread.run(ServiceThread.java:46)
07-03 20:31:38.374  1423  1488 E AAAA    : completeSwitchAndInitialize
07-03 20:31:38.374  1423  1488 E AAAA    : java.lang.Throwable
07-03 20:31:38.374  1423  1488 E AAAA    : 	at com.android.server.am.ActivityManagerService.completeSwitchAndInitialize(ActivityManagerService.java:21352)
07-03 20:31:38.374  1423  1488 E AAAA    : 	at com.android.server.am.ActivityManagerService.continueUserSwitch(ActivityManagerService.java:21346)
07-03 20:31:38.374  1423  1488 E AAAA    : 	at com.android.server.am.ActivityManagerService$MainHandler.handleMessage(ActivityManagerService.java:1951)
07-03 20:31:38.374  1423  1488 E AAAA    : 	at android.os.Handler.dispatchMessage(Handler.java:102)
07-03 20:31:38.374  1423  1488 E AAAA    : 	at android.os.Looper.loop(Looper.java:157)
07-03 20:31:38.374  1423  1488 E AAAA    : 	at android.os.HandlerThread.run(HandlerThread.java:61)
07-03 20:31:38.374  1423  1488 E AAAA    : 	at com.android.server.ServiceThread.run(ServiceThread.java:46)
07-03 20:31:38.374  1423  1488 E AAAA    : set user switching == false
07-03 20:31:38.374  1423  1488 E AAAA    : java.lang.Throwable
07-03 20:31:38.374  1423  1488 E AAAA    : 	at com.android.server.am.ActivityManagerService.completeSwitchAndInitialize(ActivityManagerService.java:21361)
07-03 20:31:38.374  1423  1488 E AAAA    : 	at com.android.server.am.ActivityManagerService.continueUserSwitch(ActivityManagerService.java:21346)
07-03 20:31:38.374  1423  1488 E AAAA    : 	at com.android.server.am.ActivityManagerService$MainHandler.handleMessage(ActivityManagerService.java:1951)
07-03 20:31:38.374  1423  1488 E AAAA    : 	at android.os.Handler.dispatchMessage(Handler.java:102)
07-03 20:31:38.374  1423  1488 E AAAA    : 	at android.os.Looper.loop(Looper.java:157)
07-03 20:31:38.374  1423  1488 E AAAA    : 	at android.os.HandlerThread.run(HandlerThread.java:61)
07-03 20:31:38.374  1423  1488 E AAAA    : 	at com.android.server.ServiceThread.run(ServiceThread.java:46)
07-03 20:31:40.654  1423  1488 E AAAA    : completeSwitchAndInitialize
07-03 20:31:40.654  1423  1488 E AAAA    : java.lang.Throwable
07-03 20:31:40.654  1423  1488 E AAAA    : 	at com.android.server.am.ActivityManagerService.completeSwitchAndInitialize(ActivityManagerService.java:21352)
07-03 20:31:40.654  1423  1488 E AAAA    : 	at com.android.server.am.ActivityManagerService.onUserInitialized(ActivityManagerService.java:21330)
07-03 20:31:40.654  1423  1488 E AAAA    : 	at com.android.server.am.ActivityManagerService$26.performReceive(ActivityManagerService.java:21156)
07-03 20:31:40.654  1423  1488 E AAAA    : 	at com.android.server.am.BroadcastQueue.performReceiveLocked(BroadcastQueue.java:481)
07-03 20:31:40.654  1423  1488 E AAAA    : 	at com.android.server.am.BroadcastQueue.processNextBroadcast(BroadcastQueue.java:840)
07-03 20:31:40.654  1423  1488 E AAAA    : 	at com.android.server.am.BroadcastQueue.processNextBroadcast(BroadcastQueue.java:697)
07-03 20:31:40.654  1423  1488 E AAAA    : 	at com.android.server.am.BroadcastQueue$BroadcastHandler.handleMessage(BroadcastQueue.java:174)
07-03 20:31:40.654  1423  1488 E AAAA    : 	at android.os.Handler.dispatchMessage(Handler.java:102)
07-03 20:31:40.654  1423  1488 E AAAA    : 	at android.os.Looper.loop(Looper.java:157)
07-03 20:31:40.654  1423  1488 E AAAA    : 	at android.os.HandlerThread.run(HandlerThread.java:61)
07-03 20:31:40.654  1423  1488 E AAAA    : 	at com.android.server.ServiceThread.run(ServiceThread.java:46)
07-03 20:31:40.655  1423  1488 E AAAA    : set user initializing == false
07-03 20:31:40.655  1423  1488 E AAAA    : java.lang.Throwable
07-03 20:31:40.655  1423  1488 E AAAA    : 	at com.android.server.am.ActivityManagerService.completeSwitchAndInitialize(ActivityManagerService.java:21356)
07-03 20:31:40.655  1423  1488 E AAAA    : 	at com.android.server.am.ActivityManagerService.onUserInitialized(ActivityManagerService.java:21330)
07-03 20:31:40.655  1423  1488 E AAAA    : 	at com.android.server.am.ActivityManagerService$26.performReceive(ActivityManagerService.java:21156)
07-03 20:31:40.655  1423  1488 E AAAA    : 	at com.android.server.am.BroadcastQueue.performReceiveLocked(BroadcastQueue.java:481)
07-03 20:31:40.655  1423  1488 E AAAA    : 	at com.android.server.am.BroadcastQueue.processNextBroadcast(BroadcastQueue.java:840)
07-03 20:31:40.655  1423  1488 E AAAA    : 	at com.android.server.am.BroadcastQueue.processNextBroadcast(BroadcastQueue.java:697)
07-03 20:31:40.655  1423  1488 E AAAA    : 	at com.android.server.am.BroadcastQueue$BroadcastHandler.handleMessage(BroadcastQueue.java:174)
07-03 20:31:40.655  1423  1488 E AAAA    : 	at android.os.Handler.dispatchMessage(Handler.java:102)
07-03 20:31:40.655  1423  1488 E AAAA    : 	at android.os.Looper.loop(Looper.java:157)
07-03 20:31:40.655  1423  1488 E AAAA    : 	at android.os.HandlerThread.run(HandlerThread.java:61)
07-03 20:31:40.655  1423  1488 E AAAA    : 	at com.android.server.ServiceThread.run(ServiceThread.java:46)
07-03 20:31:40.656  1423  1488 E AAAA    : background and initialized
07-03 20:31:40.827  1423  2680 I WindowManager: >>> OPEN TRANSACTION performLayoutAndPlaceSurfaces
07-03 20:31:40.830  1423  2680 I WindowStateAnimator: commitFinishDrawingLocked: mDrawState=READY_TO_SHOW Surface(name=com.miui.securitycore/com.miui.securityspace.ui.activity.PrivateSpaceMainActivity)
07-03 20:31:40.830  1423  2680 W WindowStateAnimator: hiding Window{31040f9 u0 com.miui.securitycore/com.miui.securityspace.ui.activity.PrivateSpaceMainActivity}, belonging to 1000
07-03 20:31:40.830  1423  2680 I WindowStateAnimator: commitFinishDrawingLocked: mDrawState=READY_TO_SHOW Surface(name=com.android.systemui.ImageWallpaper)
07-03 20:31:40.831  1423  2680 V WindowStateAnimator: performShow on WindowStateAnimator{c19f9f6 com.android.systemui.ImageWallpaper}: mDrawState=READY_TO_SHOW readyForDisplay=false starting=false during animation: policyVis=true attHidden=false tok.hiddenRequested=false tok.hidden=false animating=false tok animating=false Callers=com.android.server.wm.WindowStateAnimator.commitFinishDrawingLocked:547 com.android.server.wm.WindowManagerService.performLayoutAndPlaceSurfacesLockedInner:10254 com.android.server.wm.WindowManagerService.performLayoutAndPlaceSurfacesLockedLoop:9131 
07-03 20:31:40.831  1423  2680 I WindowManager: <<< CLOSE TRANSACTION performLayoutAndPlaceSurfaces
07-03 20:31:40.832  1423  2680 V WindowManager: With display frozen, orientationChangeComplete=true
07-03 20:31:40.832  1423  2680 D WindowManager: stopFreezingDisplayLocked: Returning mWaitingForConfig=false, mAppsFreezingScreen=0, mWindowsFreezingScreen=0, mClientFreezingScreen=true, mOpeningApps.size()=0
07-03 20:31:40.846  1423  2680 I WindowManager: >>> OPEN TRANSACTION performLayoutAndPlaceSurfaces
07-03 20:31:40.846  1423  2680 I WindowStateAnimator: commitFinishDrawingLocked: mDrawState=READY_TO_SHOW Surface(name=com.miui.securitycore/com.miui.securityspace.ui.activity.PrivateSpaceMainActivity)
07-03 20:31:40.847  1423  2680 W WindowStateAnimator: hiding Window{31040f9 u0 com.miui.securitycore/com.miui.securityspace.ui.activity.PrivateSpaceMainActivity}, belonging to 1000
07-03 20:31:40.847  1423  2680 I WindowStateAnimator: commitFinishDrawingLocked: mDrawState=READY_TO_SHOW Surface(name=com.android.systemui.ImageWallpaper)
07-03 20:31:40.847  1423  2680 V WindowStateAnimator: performShow on WindowStateAnimator{c19f9f6 com.android.systemui.ImageWallpaper}: mDrawState=READY_TO_SHOW readyForDisplay=false starting=false during animation: policyVis=true attHidden=false tok.hiddenRequested=false tok.hidden=false animating=false tok animating=false Callers=com.android.server.wm.WindowStateAnimator.commitFinishDrawingLocked:547 com.android.server.wm.WindowManagerService.performLayoutAndPlaceSurfacesLockedInner:10254 com.android.server.wm.WindowManagerService.performLayoutAndPlaceSurfacesLockedLoop:9131 
07-03 20:31:40.848  1423  2680 I WindowManager: <<< CLOSE TRANSACTION performLayoutAndPlaceSurfaces
07-03 20:31:40.848  1423  2680 V WindowManager: With display frozen, orientationChangeComplete=true
07-03 20:31:40.848  1423  2680 D WindowManager: stopFreezingDisplayLocked: Returning mWaitingForConfig=false, mAppsFreezingScreen=0, mWindowsFreezingScreen=0, mClientFreezingScreen=true, mOpeningApps.size()=0
07-03 20:31:40.852  1423  2680 I WindowManager: >>> OPEN TRANSACTION performLayoutAndPlaceSurfaces
07-03 20:31:40.852  1423  2680 I WindowStateAnimator: commitFinishDrawingLocked: mDrawState=READY_TO_SHOW Surface(name=com.miui.securitycore/com.miui.securityspace.ui.activity.PrivateSpaceMainActivity)
07-03 20:31:40.852  1423  2680 W WindowStateAnimator: hiding Window{31040f9 u0 com.miui.securitycore/com.miui.securityspace.ui.activity.PrivateSpaceMainActivity}, belonging to 1000
07-03 20:31:40.852  1423  2680 I WindowStateAnimator: commitFinishDrawingLocked: mDrawState=READY_TO_SHOW Surface(name=com.android.systemui.ImageWallpaper)
07-03 20:31:40.856  1423  2680 V WindowStateAnimator: performShow on WindowStateAnimator{c19f9f6 com.android.systemui.ImageWallpaper}: mDrawState=READY_TO_SHOW readyForDisplay=false starting=false during animation: policyVis=true attHidden=false tok.hiddenRequested=false tok.hidden=false animating=false tok animating=false Callers=com.android.server.wm.WindowStateAnimator.commitFinishDrawingLocked:547 com.android.server.wm.WindowManagerService.performLayoutAndPlaceSurfacesLockedInner:10254 com.android.server.wm.WindowManagerService.performLayoutAndPlaceSurfacesLockedLoop:9131 
07-03 20:31:40.857  1423  2680 I WindowManager: <<< CLOSE TRANSACTION performLayoutAndPlaceSurfaces
07-03 20:31:40.857  1423  2680 V WindowManager: With display frozen, orientationChangeComplete=true
07-03 20:31:40.857  1423  2680 D WindowManager: stopFreezingDisplayLocked: Returning mWaitingForConfig=false, mAppsFreezingScreen=0, mWindowsFreezingScreen=0, mClientFreezingScreen=true, mOpeningApps.size()=0
07-03 20:31:40.861  1423  1518 I WindowAnimator: >>> OPEN TRANSACTION animateLocked
07-03 20:31:40.865  1423  1518 V WindowStateAnimator: performShow on WindowStateAnimator{c19f9f6 com.android.systemui.ImageWallpaper}: mDrawState=READY_TO_SHOW readyForDisplay=false starting=false during animation: policyVis=true attHidden=false tok.hiddenRequested=false tok.hidden=false animating=false tok animating=false Callers=com.android.server.wm.WindowAnimator.updateWindowsLocked:440 com.android.server.wm.WindowAnimator.animateLocked:688 com.android.server.wm.WindowAnimator.access$000:53 
07-03 20:31:40.867  1423  1518 I WindowAnimator: <<< CLOSE TRANSACTION animateLocked
07-03 20:31:40.881  1423  2680 I WindowManager: >>> OPEN TRANSACTION performLayoutAndPlaceSurfaces
07-03 20:31:40.881  1423  2680 I WindowStateAnimator: commitFinishDrawingLocked: mDrawState=READY_TO_SHOW Surface(name=com.miui.securitycore/com.miui.securityspace.ui.activity.PrivateSpaceMainActivity)
07-03 20:31:40.881  1423  2680 W WindowStateAnimator: hiding Window{31040f9 u0 com.miui.securitycore/com.miui.securityspace.ui.activity.PrivateSpaceMainActivity}, belonging to 1000
07-03 20:31:40.881  1423  2680 I WindowStateAnimator: commitFinishDrawingLocked: mDrawState=READY_TO_SHOW Surface(name=com.android.systemui.ImageWallpaper)
07-03 20:31:40.882  1423  2680 V WindowStateAnimator: performShow on WindowStateAnimator{c19f9f6 com.android.systemui.ImageWallpaper}: mDrawState=READY_TO_SHOW readyForDisplay=false starting=false during animation: policyVis=true attHidden=false tok.hiddenRequested=false tok.hidden=false animating=false tok animating=false Callers=com.android.server.wm.WindowStateAnimator.commitFinishDrawingLocked:547 com.android.server.wm.WindowManagerService.performLayoutAndPlaceSurfacesLockedInner:10254 com.android.server.wm.WindowManagerService.performLayoutAndPlaceSurfacesLockedLoop:9131 
07-03 20:31:40.883  1423  2680 I WindowManager: <<< CLOSE TRANSACTION performLayoutAndPlaceSurfaces
07-03 20:31:40.883  1423  2680 V WindowManager: With display frozen, orientationChangeComplete=true
07-03 20:31:40.883  1423  2680 D WindowManager: stopFreezingDisplayLocked: Returning mWaitingForConfig=false, mAppsFreezingScreen=0, mWindowsFreezingScreen=0, mClientFreezingScreen=true, mOpeningApps.size()=0
07-03 20:31:40.894  1423  1518 I WindowAnimator: >>> OPEN TRANSACTION animateLocked
07-03 20:31:40.895  1423  1518 V WindowStateAnimator: performShow on WindowStateAnimator{c19f9f6 com.android.systemui.ImageWallpaper}: mDrawState=READY_TO_SHOW readyForDisplay=false starting=false during animation: policyVis=true attHidden=false tok.hiddenRequested=false tok.hidden=false animating=false tok animating=false Callers=com.android.server.wm.WindowAnimator.updateWindowsLocked:440 com.android.server.wm.WindowAnimator.animateLocked:688 com.android.server.wm.WindowAnimator.access$000:53 
07-03 20:31:40.904  1423  1518 I WindowAnimator: <<< CLOSE TRANSACTION animateLocked
07-03 20:31:41.193  1423  2680 I WindowManager: Screenshot max retries 4 of Token{8a169b3 ActivityRecord{c88ab22 u0 com.miui.securitycore/com.miui.securityspace.ui.activity.PrivateSpaceMainActivity t123}} appWin=Window{31040f9 u0 com.miui.securitycore/com.miui.securityspace.ui.activity.PrivateSpaceMainActivity} drawState=3
07-03 20:31:41.195  1423  2680 V WindowManager: Clear freezing of Token{8a169b3 ActivityRecord{c88ab22 u0 com.miui.securitycore/com.miui.securityspace.ui.activity.PrivateSpaceMainActivity t123}}: hidden=false freezing=false
07-03 20:31:41.209  1423  2680 I WindowManager: >>> OPEN TRANSACTION performLayoutAndPlaceSurfaces
07-03 20:31:41.209  1423  2680 I WindowStateAnimator: commitFinishDrawingLocked: mDrawState=READY_TO_SHOW Surface(name=com.miui.securitycore/com.miui.securityspace.ui.activity.PrivateSpaceMainActivity)
07-03 20:31:41.209  1423  2680 W WindowStateAnimator: hiding Window{31040f9 u0 com.miui.securitycore/com.miui.securityspace.ui.activity.PrivateSpaceMainActivity}, belonging to 1000
07-03 20:31:41.209  1423  2680 I WindowStateAnimator: commitFinishDrawingLocked: mDrawState=READY_TO_SHOW Surface(name=com.android.systemui.ImageWallpaper)
07-03 20:31:41.211  1423  2680 V WindowStateAnimator: performShow on WindowStateAnimator{c19f9f6 com.android.systemui.ImageWallpaper}: mDrawState=READY_TO_SHOW readyForDisplay=false starting=false during animation: policyVis=true attHidden=false tok.hiddenRequested=false tok.hidden=false animating=false tok animating=false Callers=com.android.server.wm.WindowStateAnimator.commitFinishDrawingLocked:547 com.android.server.wm.WindowManagerService.performLayoutAndPlaceSurfacesLockedInner:10254 com.android.server.wm.WindowManagerService.performLayoutAndPlaceSurfacesLockedLoop:9131 
07-03 20:31:41.211  1423  2680 I WindowManager: <<< CLOSE TRANSACTION performLayoutAndPlaceSurfaces
07-03 20:31:41.211  1423  2680 V WindowManager: With display frozen, orientationChangeComplete=true
07-03 20:31:41.211  1423  2680 D WindowManager: stopFreezingDisplayLocked: Returning mWaitingForConfig=false, mAppsFreezingScreen=0, mWindowsFreezingScreen=0, mClientFreezingScreen=true, mOpeningApps.size()=0
07-03 20:31:41.214  1423  2680 I WindowManager: >>> OPEN TRANSACTION setFocusedApp
07-03 20:31:41.214  1423  2680 I WindowManager: >>> CLOSE TRANSACTION setFocusedApp
07-03 20:31:41.217  1423  2680 E AAAA    : completeSwitchAndInitialize
07-03 20:31:41.217  1423  2680 E AAAA    : java.lang.Throwable
07-03 20:31:41.217  1423  2680 E AAAA    : 	at com.android.server.am.ActivityManagerService.completeSwitchAndInitialize(ActivityManagerService.java:21352)
07-03 20:31:41.217  1423  2680 E AAAA    : 	at com.android.server.am.ActivityManagerService.onUserInitialized(ActivityManagerService.java:21330)
07-03 20:31:41.217  1423  2680 E AAAA    : 	at com.android.server.am.ActivityManagerService$26.performReceive(ActivityManagerService.java:21156)
07-03 20:31:41.217  1423  2680 E AAAA    : 	at com.android.server.am.BroadcastQueue.performReceiveLocked(BroadcastQueue.java:481)
07-03 20:31:41.217  1423  2680 E AAAA    : 	at com.android.server.am.BroadcastQueue.processNextBroadcast(BroadcastQueue.java:840)
07-03 20:31:41.217  1423  2680 E AAAA    : 	at com.android.server.am.BroadcastQueue.processNextBroadcast(BroadcastQueue.java:697)
07-03 20:31:41.217  1423  2680 E AAAA    : 	at com.android.server.am.ActivityManagerService.finishReceiver(ActivityManagerService.java:18003)
07-03 20:31:41.217  1423  2680 E AAAA    : 	at android.app.ActivityManagerNative.onTransact(ActivityManagerNative.java:499)
07-03 20:31:41.217  1423  2680 E AAAA    : 	at com.android.server.am.ActivityManagerService.onTransact(ActivityManagerService.java:2652)
07-03 20:31:41.217  1423  2680 E AAAA    : 	at android.os.Binder.execTransact(Binder.java:455)
07-03 20:31:41.218  1423  2680 E AAAA    : set user initializing == false
07-03 20:31:41.218  1423  2680 E AAAA    : java.lang.Throwable
07-03 20:31:41.218  1423  2680 E AAAA    : 	at com.android.server.am.ActivityManagerService.completeSwitchAndInitialize(ActivityManagerService.java:21356)
07-03 20:31:41.218  1423  2680 E AAAA    : 	at com.android.server.am.ActivityManagerService.onUserInitialized(ActivityManagerService.java:21330)
07-03 20:31:41.218  1423  2680 E AAAA    : 	at com.android.server.am.ActivityManagerService$26.performReceive(ActivityManagerService.java:21156)
07-03 20:31:41.218  1423  2680 E AAAA    : 	at com.android.server.am.BroadcastQueue.performReceiveLocked(BroadcastQueue.java:481)
07-03 20:31:41.218  1423  2680 E AAAA    : 	at com.android.server.am.BroadcastQueue.processNextBroadcast(BroadcastQueue.java:840)
07-03 20:31:41.218  1423  2680 E AAAA    : 	at com.android.server.am.BroadcastQueue.processNextBroadcast(BroadcastQueue.java:697)
07-03 20:31:41.218  1423  2680 E AAAA    : 	at com.android.server.am.ActivityManagerService.finishReceiver(ActivityManagerService.java:18003)
07-03 20:31:41.218  1423  2680 E AAAA    : 	at android.app.ActivityManagerNative.onTransact(ActivityManagerNative.java:499)
07-03 20:31:41.218  1423  2680 E AAAA    : 	at com.android.server.am.ActivityManagerService.onTransact(ActivityManagerService.java:2652)
07-03 20:31:41.218  1423  2680 E AAAA    : 	at android.os.Binder.execTransact(Binder.java:455)
07-03 20:31:41.218  1423  2680 E AAAA    : stopForzen mClientFreezingScreen=false
07-03 20:31:41.218  1423  2680 E AAAA    : java.lang.Throwable
07-03 20:31:41.218  1423  2680 E AAAA    : 	at com.android.server.wm.WindowManagerService.stopFreezingScreen(WindowManagerService.java:5448)
07-03 20:31:41.218  1423  2680 E AAAA    : 	at com.android.server.am.ActivityManagerService.completeSwitchAndInitialize(ActivityManagerService.java:21364)
07-03 20:31:41.218  1423  2680 E AAAA    : 	at com.android.server.am.ActivityManagerService.onUserInitialized(ActivityManagerService.java:21330)
07-03 20:31:41.218  1423  2680 E AAAA    : 	at com.android.server.am.ActivityManagerService$26.performReceive(ActivityManagerService.java:21156)
07-03 20:31:41.218  1423  2680 E AAAA    : 	at com.android.server.am.BroadcastQueue.performReceiveLocked(BroadcastQueue.java:481)
07-03 20:31:41.218  1423  2680 E AAAA    : 	at com.android.server.am.BroadcastQueue.processNextBroadcast(BroadcastQueue.java:840)
07-03 20:31:41.218  1423  2680 E AAAA    : 	at com.android.server.am.BroadcastQueue.processNextBroadcast(BroadcastQueue.java:697)
07-03 20:31:41.218  1423  2680 E AAAA    : 	at com.android.server.am.ActivityManagerService.finishReceiver(ActivityManagerService.java:18003)
07-03 20:31:41.218  1423  2680 E AAAA    : 	at android.app.ActivityManagerNative.onTransact(ActivityManagerNative.java:499)
07-03 20:31:41.218  1423  2680 E AAAA    : 	at com.android.server.am.ActivityManagerService.onTransact(ActivityManagerService.java:2652)
07-03 20:31:41.218  1423  2680 E AAAA    : 	at android.os.Binder.execTransact(Binder.java:455)
07-03 20:31:41.220  1423  2680 E AAAA    : stopFreezingDisplayLocked
07-03 20:31:41.220  1423  2680 E AAAA    : java.lang.Exception
07-03 20:31:41.220  1423  2680 E AAAA    : 	at com.android.server.wm.WindowManagerService.stopFreezingDisplayLocked(WindowManagerService.java:11072)
07-03 20:31:41.220  1423  2680 E AAAA    : 	at com.android.server.wm.WindowManagerService.stopFreezingScreen(WindowManagerService.java:5452)
07-03 20:31:41.220  1423  2680 E AAAA    : 	at com.android.server.am.ActivityManagerService.completeSwitchAndInitialize(ActivityManagerService.java:21364)
07-03 20:31:41.220  1423  2680 E AAAA    : 	at com.android.server.am.ActivityManagerService.onUserInitialized(ActivityManagerService.java:21330)
07-03 20:31:41.220  1423  2680 E AAAA    : 	at com.android.server.am.ActivityManagerService$26.performReceive(ActivityManagerService.java:21156)
07-03 20:31:41.220  1423  2680 E AAAA    : 	at com.android.server.am.BroadcastQueue.performReceiveLocked(BroadcastQueue.java:481)
07-03 20:31:41.220  1423  2680 E AAAA    : 	at com.android.server.am.BroadcastQueue.processNextBroadcast(BroadcastQueue.java:840)
07-03 20:31:41.220  1423  2680 E AAAA    : 	at com.android.server.am.BroadcastQueue.processNextBroadcast(BroadcastQueue.java:697)
07-03 20:31:41.220  1423  2680 E AAAA    : 	at com.android.server.am.ActivityManagerService.finishReceiver(ActivityManagerService.java:18003)
07-03 20:31:41.220  1423  2680 E AAAA    : 	at android.app.ActivityManagerNative.onTransact(ActivityManagerNative.java:499)
07-03 20:31:41.220  1423  2680 E AAAA    : 	at com.android.server.am.ActivityManagerService.onTransact(ActivityManagerService.java:2652)
07-03 20:31:41.220  1423  2680 E AAAA    : 	at android.os.Binder.execTransact(Binder.java:455)
07-03 20:31:41.220  1423  2680 I WindowManager: Screen frozen for +4s945ms due to client
07-03 20:31:41.221  1423  2680 I WindowManager: **** Dismissing screen rotation animation
07-03 20:31:41.221  1423  2680 V AAAA    : Dismiss!
07-03 20:31:41.222  1423  2680 V AAAA    : Rotation delta: 0 finalWidth=720 finalHeight=1280 origWidth=720 origHeight=1280
07-03 20:31:41.225  1423  2680 I WindowManager: >>> OPEN TRANSACTION ScreenRotationAnimation.startAnimation
07-03 20:31:41.227  1423  2680 I WindowManager:   BLACK Surface(name=BlackSurface): CREATE layer=2000000
07-03 20:31:41.229   431   431 E AAAA    : setUpHWComposer: empty: more  wasEmpty: notEmpty
07-03 20:31:41.231  1423  2680 I WindowManager:   BLACK Surface(name=BlackSurface): CREATE layer=2000000
07-03 20:31:41.233  1423  2680 I WindowManager:   BLACK Surface(name=BlackSurface): CREATE layer=2000000
07-03 20:31:41.234  1423  2680 I WindowManager:   BLACK Surface(name=BlackSurface): CREATE layer=2000000
07-03 20:31:41.235  1423  2680 I WindowManager: <<< CLOSE TRANSACTION ScreenRotationAnimation.startAnimation
07-03 20:31:41.235  1423  2680 V AAAA    : Setting mFinishAnimReady = true
07-03 20:31:41.235  1423  2680 V WindowManager: Skipping AppWindowToken{cabd6c token=Token{3320d40 ActivityRecord{4a0a0c3 u11 com.miui.home/.launcher.Launcher t124}}} -- hidden on top
07-03 20:31:41.236  1423  2680 V WindowManager: Skipping AppWindowToken{ab2b065 token=Token{ccc92a9 ActivityRecord{defa630 u0 com.miui.home/.launcher.Launcher t122}}} -- hidden on top
07-03 20:31:41.236  1423  2680 V WindowManager: Done at AppWindowToken{e60bb70 token=Token{8a169b3 ActivityRecord{c88ab22 u0 com.miui.securitycore/com.miui.securityspace.ui.activity.PrivateSpaceMainActivity t123}}} -- full screen, return 1
07-03 20:31:41.236  1423  2680 E AAAA    : foreground and initialized
07-03 20:31:41.236  1423  1518 I WindowAnimator: >>> OPEN TRANSACTION animateLocked
07-03 20:31:41.236  1423  1518 V AAAA    : Step: starting start, finish, rotate
07-03 20:31:41.236  1423  1518 V AAAA    : Step: finish anim now ready
07-03 20:31:41.236  1423  1518 V AAAA    : Step: finishNow=0
07-03 20:31:41.237  1423  1518 V AAAA    : Stepped rotate exit: Transformation{alpha=1.0 matrix=[1.0, 0.0, 0.0][0.0, 1.0, 0.0][0.0, 0.0, 1.0]}
07-03 20:31:41.237  1423  1518 V AAAA    : Stepped rotate enter: Transformation{alpha=0.0 matrix=[1.0, 0.0, 0.0][0.0, 1.0, 0.0][0.0, 0.0, 1.0]}
07-03 20:31:41.237  1423  1518 V AAAA    : Final exit: Transformation{alpha=1.0 matrix=[1.0, 0.0, 0.0][0.0, 1.0, 0.0][0.0, 0.0, 1.0]}
07-03 20:31:41.237  1423  1518 V AAAA    : Final enter: Transformation{alpha=0.0 matrix=[1.0, 0.0, 0.0][0.0, 1.0, 0.0][0.0, 0.0, 1.0]}
07-03 20:31:41.237  1423  1518 V AAAA    : Step: more=true
07-03 20:31:41.238  1423  1518 V WindowStateAnimator: performShow on WindowStateAnimator{c19f9f6 com.android.systemui.ImageWallpaper}: mDrawState=READY_TO_SHOW readyForDisplay=false starting=false during animation: policyVis=true attHidden=false tok.hiddenRequested=false tok.hidden=false animating=false tok animating=false Callers=com.android.server.wm.WindowAnimator.updateWindowsLocked:440 com.android.server.wm.WindowAnimator.animateLocked:688 com.android.server.wm.WindowAnimator.access$000:53 
07-03 20:31:41.238  1423  1518 I WindowManager:   SURFACE alpha=0.0 layer=161000 matrix=[1.0*1.0,0.0*1.0][0.0*1.0,1.0*1.0]: Window{f239461 u0 StatusBar}
07-03 20:31:41.239  1423  1518 I AAAA    : Original  : (0.0,0.0)-(720.0,1280.0)
07-03 20:31:41.239  1423  1518 I AAAA    : Transformed: (0.0,0.0)-(720.0,1280.0)
07-03 20:31:41.239  1423  1518 I WindowAnimator: <<< CLOSE TRANSACTION animateLocked
07-03 20:31:41.240  1423  1518 I WindowManager: >>> OPEN TRANSACTION performLayoutAndPlaceSurfaces
07-03 20:31:41.240  1423  1518 I WindowStateAnimator: commitFinishDrawingLocked: mDrawState=READY_TO_SHOW Surface(name=com.miui.securitycore/com.miui.securityspace.ui.activity.PrivateSpaceMainActivity)
07-03 20:31:41.240  1423  1518 W WindowStateAnimator: hiding Window{31040f9 u0 com.miui.securitycore/com.miui.securityspace.ui.activity.PrivateSpaceMainActivity}, belonging to 1000
07-03 20:31:41.240  1423  1518 I WindowStateAnimator: commitFinishDrawingLocked: mDrawState=READY_TO_SHOW Surface(name=com.android.systemui.ImageWallpaper)
07-03 20:31:41.241  1423  1518 V WindowStateAnimator: performShow on WindowStateAnimator{c19f9f6 com.android.systemui.ImageWallpaper}: mDrawState=READY_TO_SHOW readyForDisplay=false starting=false during animation: policyVis=true attHidden=false tok.hiddenRequested=false tok.hidden=false animating=false tok animating=false Callers=com.android.server.wm.WindowStateAnimator.commitFinishDrawingLocked:547 com.android.server.wm.WindowManagerService.performLayoutAndPlaceSurfacesLockedInner:10254 com.android.server.wm.WindowManagerService.performLayoutAndPlaceSurfacesLockedLoop:9131 
07-03 20:31:41.241  1423  1518 I WindowManager: <<< CLOSE TRANSACTION performLayoutAndPlaceSurfaces
07-03 20:31:41.245  1423  1518 I WindowAnimator: >>> OPEN TRANSACTION animateLocked
07-03 20:31:41.246   431   431 E AAAA    : setUpHWComposer: empty: hasOne  wasEmpty: notEmpty
07-03 20:31:41.246  1423  1518 V AAAA    : Step: finishNow=17
07-03 20:31:41.246   431   431 E AAAA    : layer name ScreenshotSurface
07-03 20:31:41.246  1423  1518 V AAAA    : Stepped rotate exit: Transformation{alpha=0.9971504 matrix=[1.0, 0.0, 0.0][0.0, 1.0, 0.0][0.0, 0.0, 1.0]}
07-03 20:31:41.246  1423  1518 V AAAA    : Stepped rotate enter: Transformation{alpha=0.0028496087 matrix=[1.0, 0.0, 0.0][0.0, 1.0, 0.0][0.0, 0.0, 1.0]}
07-03 20:31:41.246  1423  1518 V AAAA    : Final exit: Transformation{alpha=0.9971504 matrix=[1.0, 0.0, 0.0][0.0, 1.0, 0.0][0.0, 0.0, 1.0]}
07-03 20:31:41.246  1423  1518 V AAAA    : Final enter: Transformation{alpha=0.0028496087 matrix=[1.0, 0.0, 0.0][0.0, 1.0, 0.0][0.0, 0.0, 1.0]}
07-03 20:31:41.246  1423  1518 V AAAA    : Step: more=true
07-03 20:31:41.247  1423  1518 V WindowStateAnimator: performShow on WindowStateAnimator{c19f9f6 com.android.systemui.ImageWallpaper}: mDrawState=READY_TO_SHOW readyForDisplay=false starting=false during animation: policyVis=true attHidden=false tok.hiddenRequested=false tok.hidden=false animating=false tok animating=false Callers=com.android.server.wm.WindowAnimator.updateWindowsLocked:440 com.android.server.wm.WindowAnimator.animateLocked:688 com.android.server.wm.WindowAnimator.access$000:53 
07-03 20:31:41.247  1423  1518 I WindowManager:   SURFACE alpha=0.0028496087 layer=161000 matrix=[1.0*1.0,0.0*1.0][0.0*1.0,1.0*1.0]: Window{f239461 u0 StatusBar}
07-03 20:31:41.248  1423  1518 I AAAA    : Original  : (0.0,0.0)-(720.0,1280.0)
07-03 20:31:41.248  1423  1518 I AAAA    : Transformed: (0.0,0.0)-(720.0,1280.0)
07-03 20:31:41.248  1423  1518 I WindowAnimator: <<< CLOSE TRANSACTION animateLocked
07-03 20:31:41.262  1423  1518 I WindowAnimator: >>> OPEN TRANSACTION animateLocked
07-03 20:31:41.262   431   431 E AAAA    : setUpHWComposer: empty: more  wasEmpty: notEmpty
07-03 20:31:41.262  1423  1518 V AAAA    : Step: finishNow=34
07-03 20:31:41.263  1423  1518 V AAAA    : Stepped rotate exit: Transformation{alpha=0.9886341 matrix=[1.0, 0.0, 0.0][0.0, 1.0, 0.0][0.0, 0.0, 1.0]}
07-03 20:31:41.263  1423  1518 V AAAA    : Stepped rotate enter: Transformation{alpha=0.01136592 matrix=[1.0, 0.0, 0.0][0.0, 1.0, 0.0][0.0, 0.0, 1.0]}
07-03 20:31:41.263  1423  1518 V AAAA    : Final exit: Transformation{alpha=0.9886341 matrix=[1.0, 0.0, 0.0][0.0, 1.0, 0.0][0.0, 0.0, 1.0]}
07-03 20:31:41.263  1423  1518 V AAAA    : Final enter: Transformation{alpha=0.01136592 matrix=[1.0, 0.0, 0.0][0.0, 1.0, 0.0][0.0, 0.0, 1.0]}
07-03 20:31:41.263  1423  1518 V AAAA    : Step: more=true
07-03 20:31:41.264  1423  1518 V WindowStateAnimator: performShow on WindowStateAnimator{c19f9f6 com.android.systemui.ImageWallpaper}: mDrawState=READY_TO_SHOW readyForDisplay=false starting=false during animation: policyVis=true attHidden=false tok.hiddenRequested=false tok.hidden=false animating=false tok animating=false Callers=com.android.server.wm.WindowAnimator.updateWindowsLocked:440 com.android.server.wm.WindowAnimator.animateLocked:688 com.android.server.wm.WindowAnimator.access$000:53 
07-03 20:31:41.264  1423  1518 I WindowManager:   SURFACE alpha=0.01136592 layer=161000 matrix=[1.0*1.0,0.0*1.0][0.0*1.0,1.0*1.0]: Window{f239461 u0 StatusBar}
07-03 20:31:41.264  1423  1518 I AAAA    : Original  : (0.0,0.0)-(720.0,1280.0)
07-03 20:31:41.265  1423  1518 I AAAA    : Transformed: (0.0,0.0)-(720.0,1280.0)
07-03 20:31:41.265  1423  1518 I WindowAnimator: <<< CLOSE TRANSACTION animateLocked
07-03 20:31:41.279  1423  1518 I WindowAnimator: >>> OPEN TRANSACTION animateLocked
07-03 20:31:41.279   431   431 E AAAA    : setUpHWComposer: empty: more  wasEmpty: notEmpty
07-03 20:31:41.279  1423  1518 V AAAA    : Step: finishNow=50
07-03 20:31:41.279  1423  1518 V AAAA    : Stepped rotate exit: Transformation{alpha=0.97552824 matrix=[1.0, 0.0, 0.0][0.0, 1.0, 0.0][0.0, 0.0, 1.0]}
07-03 20:31:41.279  1423  1518 V AAAA    : Stepped rotate enter: Transformation{alpha=0.02447176 matrix=[1.0, 0.0, 0.0][0.0, 1.0, 0.0][0.0, 0.0, 1.0]}
07-03 20:31:41.280  1423  1518 V AAAA    : Final exit: Transformation{alpha=0.97552824 matrix=[1.0, 0.0, 0.0][0.0, 1.0, 0.0][0.0, 0.0, 1.0]}
07-03 20:31:41.280  1423  1518 V AAAA    : Final enter: Transformation{alpha=0.02447176 matrix=[1.0, 0.0, 0.0][0.0, 1.0, 0.0][0.0, 0.0, 1.0]}
07-03 20:31:41.280  1423  1518 V AAAA    : Step: more=true
07-03 20:31:41.281  1423  1518 V WindowStateAnimator: performShow on WindowStateAnimator{c19f9f6 com.android.systemui.ImageWallpaper}: mDrawState=READY_TO_SHOW readyForDisplay=false starting=false during animation: policyVis=true attHidden=false tok.hiddenRequested=false tok.hidden=false animating=false tok animating=false Callers=com.android.server.wm.WindowAnimator.updateWindowsLocked:440 com.android.server.wm.WindowAnimator.animateLocked:688 com.android.server.wm.WindowAnimator.access$000:53 
07-03 20:31:41.281  1423  1518 I WindowManager:   SURFACE alpha=0.02447176 layer=161000 matrix=[1.0*1.0,0.0*1.0][0.0*1.0,1.0*1.0]: Window{f239461 u0 StatusBar}
07-03 20:31:41.281  1423  1518 I AAAA    : Original  : (0.0,0.0)-(720.0,1280.0)
07-03 20:31:41.281  1423  1518 I AAAA    : Transformed: (0.0,0.0)-(720.0,1280.0)
07-03 20:31:41.284  1423  1518 I WindowAnimator: <<< CLOSE TRANSACTION animateLocked
07-03 20:31:41.297   431   431 E AAAA    : setUpHWComposer: empty: more  wasEmpty: notEmpty
07-03 20:31:41.298  1423  1518 I WindowAnimator: >>> OPEN TRANSACTION animateLocked
07-03 20:31:41.298  1423  1518 V AAAA    : Step: finishNow=67
07-03 20:31:41.298  1423  1518 V AAAA    : Stepped rotate exit: Transformation{alpha=0.9563458 matrix=[1.0, 0.0, 0.0][0.0, 1.0, 0.0][0.0, 0.0, 1.0]}
07-03 20:31:41.298  1423  1518 V AAAA    : Stepped rotate enter: Transformation{alpha=0.043654233 matrix=[1.0, 0.0, 0.0][0.0, 1.0, 0.0][0.0, 0.0, 1.0]}
07-03 20:31:41.298  1423  1518 V AAAA    : Final exit: Transformation{alpha=0.9563458 matrix=[1.0, 0.0, 0.0][0.0, 1.0, 0.0][0.0, 0.0, 1.0]}
07-03 20:31:41.299  1423  1518 V AAAA    : Final enter: Transformation{alpha=0.043654233 matrix=[1.0, 0.0, 0.0][0.0, 1.0, 0.0][0.0, 0.0, 1.0]}
07-03 20:31:41.299  1423  1518 V AAAA    : Step: more=true
07-03 20:31:41.299  1423  1518 V WindowStateAnimator: performShow on WindowStateAnimator{c19f9f6 com.android.systemui.ImageWallpaper}: mDrawState=READY_TO_SHOW readyForDisplay=false starting=false during animation: policyVis=true attHidden=false tok.hiddenRequested=false tok.hidden=false animating=false tok animating=false Callers=com.android.server.wm.WindowAnimator.updateWindowsLocked:440 com.android.server.wm.WindowAnimator.animateLocked:688 com.android.server.wm.WindowAnimator.access$000:53 
07-03 20:31:41.300  1423  1518 I WindowManager:   SURFACE alpha=0.043654233 layer=161000 matrix=[1.0*1.0,0.0*1.0][0.0*1.0,1.0*1.0]: Window{f239461 u0 StatusBar}
07-03 20:31:41.300  1423  1518 I AAAA    : Original  : (0.0,0.0)-(720.0,1280.0)
07-03 20:31:41.300  1423  1518 I AAAA    : Transformed: (0.0,0.0)-(720.0,1280.0)
07-03 20:31:41.312  1423  1518 I WindowAnimator: <<< CLOSE TRANSACTION animateLocked
07-03 20:31:41.314  1423  1518 I WindowAnimator: >>> OPEN TRANSACTION animateLocked
07-03 20:31:41.314   431   431 E AAAA    : setUpHWComposer: empty: more  wasEmpty: notEmpty
07-03 20:31:41.315  1423  1518 V AAAA    : Step: finishNow=84
07-03 20:31:41.315  1423  1518 V AAAA    : Stepped rotate exit: Transformation{alpha=0.9319617 matrix=[1.0, 0.0, 0.0][0.0, 1.0, 0.0][0.0, 0.0, 1.0]}
07-03 20:31:41.315  1423  1518 V AAAA    : Stepped rotate enter: Transformation{alpha=0.068038285 matrix=[1.0, 0.0, 0.0][0.0, 1.0, 0.0][0.0, 0.0, 1.0]}
07-03 20:31:41.315  1423  1518 V AAAA    : Final exit: Transformation{alpha=0.9319617 matrix=[1.0, 0.0, 0.0][0.0, 1.0, 0.0][0.0, 0.0, 1.0]}
07-03 20:31:41.315  1423  1518 V AAAA    : Final enter: Transformation{alpha=0.068038285 matrix=[1.0, 0.0, 0.0][0.0, 1.0, 0.0][0.0, 0.0, 1.0]}
07-03 20:31:41.315  1423  1518 V AAAA    : Step: more=true
07-03 20:31:41.316  1423  1518 V WindowStateAnimator: performShow on WindowStateAnimator{c19f9f6 com.android.systemui.ImageWallpaper}: mDrawState=READY_TO_SHOW readyForDisplay=false starting=false during animation: policyVis=true attHidden=false tok.hiddenRequested=false tok.hidden=false animating=false tok animating=false Callers=com.android.server.wm.WindowAnimator.updateWindowsLocked:440 com.android.server.wm.WindowAnimator.animateLocked:688 com.android.server.wm.WindowAnimator.access$000:53 
07-03 20:31:41.316  1423  1518 I WindowManager:   SURFACE alpha=0.068038285 layer=161000 matrix=[1.0*1.0,0.0*1.0][0.0*1.0,1.0*1.0]: Window{f239461 u0 StatusBar}
07-03 20:31:41.317  1423  1518 I AAAA    : Original  : (0.0,0.0)-(720.0,1280.0)
07-03 20:31:41.317  1423  1518 I AAAA    : Transformed: (0.0,0.0)-(720.0,1280.0)
07-03 20:31:41.318  1423  1518 I WindowAnimator: <<< CLOSE TRANSACTION animateLocked
07-03 20:31:41.329  1423  1518 I WindowAnimator: >>> OPEN TRANSACTION animateLocked
07-03 20:31:41.329   431   431 E AAAA    : setUpHWComposer: empty: more  wasEmpty: notEmpty
07-03 20:31:41.329  1423  1518 V AAAA    : Step: finishNow=101
07-03 20:31:41.329  1423  1518 V AAAA    : Stepped rotate exit: Transformation{alpha=0.90265393 matrix=[1.0, 0.0, 0.0][0.0, 1.0, 0.0][0.0, 0.0, 1.0]}
07-03 20:31:41.329  1423  1518 V AAAA    : Stepped rotate enter: Transformation{alpha=0.09734607 matrix=[1.0, 0.0, 0.0][0.0, 1.0, 0.0][0.0, 0.0, 1.0]}
07-03 20:31:41.330  1423  1518 V AAAA    : Final exit: Transformation{alpha=0.90265393 matrix=[1.0, 0.0, 0.0][0.0, 1.0, 0.0][0.0, 0.0, 1.0]}
07-03 20:31:41.330  1423  1518 V AAAA    : Final enter: Transformation{alpha=0.09734607 matrix=[1.0, 0.0, 0.0][0.0, 1.0, 0.0][0.0, 0.0, 1.0]}
07-03 20:31:41.330  1423  1518 V AAAA    : Step: more=true
07-03 20:31:41.331  1423  1518 V WindowStateAnimator: performShow on WindowStateAnimator{c19f9f6 com.android.systemui.ImageWallpaper}: mDrawState=READY_TO_SHOW readyForDisplay=false starting=false during animation: policyVis=true attHidden=false tok.hiddenRequested=false tok.hidden=false animating=false tok animating=false Callers=com.android.server.wm.WindowAnimator.updateWindowsLocked:440 com.android.server.wm.WindowAnimator.animateLocked:688 com.android.server.wm.WindowAnimator.access$000:53 
07-03 20:31:41.331  1423  1518 I WindowManager:   SURFACE alpha=0.09734607 layer=161000 matrix=[1.0*1.0,0.0*1.0][0.0*1.0,1.0*1.0]: Window{f239461 u0 StatusBar}
07-03 20:31:41.331  1423  1518 I AAAA    : Original  : (0.0,0.0)-(720.0,1280.0)
07-03 20:31:41.331  1423  1518 I AAAA    : Transformed: (0.0,0.0)-(720.0,1280.0)
07-03 20:31:41.332  1423  1518 I WindowAnimator: <<< CLOSE TRANSACTION animateLocked
07-03 20:31:41.346  1423  1518 I WindowAnimator: >>> OPEN TRANSACTION animateLocked
07-03 20:31:41.346   431   431 E AAAA    : setUpHWComposer: empty: more  wasEmpty: notEmpty
07-03 20:31:41.346  1423  1518 V AAAA    : Step: finishNow=117
07-03 20:31:41.346  1423  1518 V AAAA    : Stepped rotate exit: Transformation{alpha=0.87087095 matrix=[1.0, 0.0, 0.0][0.0, 1.0, 0.0][0.0, 0.0, 1.0]}
07-03 20:31:41.346  1423  1518 V AAAA    : Stepped rotate enter: Transformation{alpha=0.12912908 matrix=[1.0, 0.0, 0.0][0.0, 1.0, 0.0][0.0, 0.0, 1.0]}
07-03 20:31:41.346  1423  1518 V AAAA    : Final exit: Transformation{alpha=0.87087095 matrix=[1.0, 0.0, 0.0][0.0, 1.0, 0.0][0.0, 0.0, 1.0]}
07-03 20:31:41.346  1423  1518 V AAAA    : Final enter: Transformation{alpha=0.12912908 matrix=[1.0, 0.0, 0.0][0.0, 1.0, 0.0][0.0, 0.0, 1.0]}
07-03 20:31:41.347  1423  1518 V AAAA    : Step: more=true
07-03 20:31:41.347  1423  1518 V WindowStateAnimator: performShow on WindowStateAnimator{c19f9f6 com.android.systemui.ImageWallpaper}: mDrawState=READY_TO_SHOW readyForDisplay=false starting=false during animation: policyVis=true attHidden=false tok.hiddenRequested=false tok.hidden=false animating=false tok animating=false Callers=com.android.server.wm.WindowAnimator.updateWindowsLocked:440 com.android.server.wm.WindowAnimator.animateLocked:688 com.android.server.wm.WindowAnimator.access$000:53 
07-03 20:31:41.348  1423  1518 I WindowManager:   SURFACE alpha=0.12912908 layer=161000 matrix=[1.0*1.0,0.0*1.0][0.0*1.0,1.0*1.0]: Window{f239461 u0 StatusBar}
07-03 20:31:41.348  1423  1518 I AAAA    : Original  : (0.0,0.0)-(720.0,1280.0)
07-03 20:31:41.348  1423  1518 I AAAA    : Transformed: (0.0,0.0)-(720.0,1280.0)
07-03 20:31:41.349  1423  1518 I WindowAnimator: <<< CLOSE TRANSACTION animateLocked
07-03 20:31:41.362  1423  1518 I WindowAnimator: >>> OPEN TRANSACTION animateLocked
07-03 20:31:41.363   431   431 E AAAA    : setUpHWComposer: empty: more  wasEmpty: notEmpty
07-03 20:31:41.363  1423  1518 V AAAA    : Step: finishNow=134
07-03 20:31:41.363  1423  1518 V AAAA    : Stepped rotate exit: Transformation{alpha=0.8330059 matrix=[1.0, 0.0, 0.0][0.0, 1.0, 0.0][0.0, 0.0, 1.0]}
07-03 20:31:41.363  1423  1518 V AAAA    : Stepped rotate enter: Transformation{alpha=0.16699407 matrix=[1.0, 0.0, 0.0][0.0, 1.0, 0.0][0.0, 0.0, 1.0]}
07-03 20:31:41.363  1423  1518 V AAAA    : Final exit: Transformation{alpha=0.8330059 matrix=[1.0, 0.0, 0.0][0.0, 1.0, 0.0][0.0, 0.0, 1.0]}
07-03 20:31:41.363  1423  1518 V AAAA    : Final enter: Transformation{alpha=0.16699407 matrix=[1.0, 0.0, 0.0][0.0, 1.0, 0.0][0.0, 0.0, 1.0]}
07-03 20:31:41.363  1423  1518 V AAAA    : Step: more=true
07-03 20:31:41.364  1423  1518 V WindowStateAnimator: performShow on WindowStateAnimator{c19f9f6 com.android.systemui.ImageWallpaper}: mDrawState=READY_TO_SHOW readyForDisplay=false starting=false during animation: policyVis=true attHidden=false tok.hiddenRequested=false tok.hidden=false animating=false tok animating=false Callers=com.android.server.wm.WindowAnimator.updateWindowsLocked:440 com.android.server.wm.WindowAnimator.animateLocked:688 com.android.server.wm.WindowAnimator.access$000:53 
07-03 20:31:41.364  1423  1518 I WindowManager:   SURFACE alpha=0.16699407 layer=161000 matrix=[1.0*1.0,0.0*1.0][0.0*1.0,1.0*1.0]: Window{f239461 u0 StatusBar}
07-03 20:31:41.365  1423  1518 I AAAA    : Original  : (0.0,0.0)-(720.0,1280.0)
07-03 20:31:41.365  1423  1518 I AAAA    : Transformed: (0.0,0.0)-(720.0,1280.0)
07-03 20:31:41.365  1423  1518 I WindowAnimator: <<< CLOSE TRANSACTION animateLocked
07-03 20:31:41.379  1423  1518 I WindowAnimator: >>> OPEN TRANSACTION animateLocked
07-03 20:31:41.379   431   431 E AAAA    : setUpHWComposer: empty: more  wasEmpty: notEmpty
07-03 20:31:41.379  1423  1518 V AAAA    : Step: finishNow=151
07-03 20:31:41.380  1423  1518 V AAAA    : Stepped rotate exit: Transformation{alpha=0.7913452 matrix=[1.0, 0.0, 0.0][0.0, 1.0, 0.0][0.0, 0.0, 1.0]}
07-03 20:31:41.380  1423  1518 V AAAA    : Stepped rotate enter: Transformation{alpha=0.20865482 matrix=[1.0, 0.0, 0.0][0.0, 1.0, 0.0][0.0, 0.0, 1.0]}
07-03 20:31:41.380  1423  1518 V AAAA    : Final exit: Transformation{alpha=0.7913452 matrix=[1.0, 0.0, 0.0][0.0, 1.0, 0.0][0.0, 0.0, 1.0]}
07-03 20:31:41.380  1423  1518 V AAAA    : Final enter: Transformation{alpha=0.20865482 matrix=[1.0, 0.0, 0.0][0.0, 1.0, 0.0][0.0, 0.0, 1.0]}
07-03 20:31:41.380  1423  1518 V AAAA    : Step: more=true
07-03 20:31:41.381  1423  1518 V WindowStateAnimator: performShow on WindowStateAnimator{c19f9f6 com.android.systemui.ImageWallpaper}: mDrawState=READY_TO_SHOW readyForDisplay=false starting=false during animation: policyVis=true attHidden=false tok.hiddenRequested=false tok.hidden=false animating=false tok animating=false Callers=com.android.server.wm.WindowAnimator.updateWindowsLocked:440 com.android.server.wm.WindowAnimator.animateLocked:688 com.android.server.wm.WindowAnimator.access$000:53 
07-03 20:31:41.381  1423  1518 I WindowManager:   SURFACE alpha=0.20865482 layer=161000 matrix=[1.0*1.0,0.0*1.0][0.0*1.0,1.0*1.0]: Window{f239461 u0 StatusBar}
07-03 20:31:41.382  1423  1518 I AAAA    : Original  : (0.0,0.0)-(720.0,1280.0)
07-03 20:31:41.382  1423  1518 I AAAA    : Transformed: (0.0,0.0)-(720.0,1280.0)
07-03 20:31:41.382  1423  1518 I WindowAnimator: <<< CLOSE TRANSACTION animateLocked
07-03 20:31:41.396  1423  1518 I WindowAnimator: >>> OPEN TRANSACTION animateLocked
07-03 20:31:41.396  1423  1518 V AAAA    : Step: finishNow=167
07-03 20:31:41.396   431   431 E AAAA    : setUpHWComposer: empty: more  wasEmpty: notEmpty
07-03 20:31:41.396  1423  1518 V AAAA    : Stepped rotate exit: Transformation{alpha=0.7490926 matrix=[1.0, 0.0, 0.0][0.0, 1.0, 0.0][0.0, 0.0, 1.0]}
07-03 20:31:41.396  1423  1518 V AAAA    : Stepped rotate enter: Transformation{alpha=0.25090742 matrix=[1.0, 0.0, 0.0][0.0, 1.0, 0.0][0.0, 0.0, 1.0]}
07-03 20:31:41.396  1423  1518 V AAAA    : Final exit: Transformation{alpha=0.7490926 matrix=[1.0, 0.0, 0.0][0.0, 1.0, 0.0][0.0, 0.0, 1.0]}
07-03 20:31:41.396  1423  1518 V AAAA    : Final enter: Transformation{alpha=0.25090742 matrix=[1.0, 0.0, 0.0][0.0, 1.0, 0.0][0.0, 0.0, 1.0]}
07-03 20:31:41.397  1423  1518 V AAAA    : Step: more=true
07-03 20:31:41.397  1423  1518 V WindowStateAnimator: performShow on WindowStateAnimator{c19f9f6 com.android.systemui.ImageWallpaper}: mDrawState=READY_TO_SHOW readyForDisplay=false starting=false during animation: policyVis=true attHidden=false tok.hiddenRequested=false tok.hidden=false animating=false tok animating=false Callers=com.android.server.wm.WindowAnimator.updateWindowsLocked:440 com.android.server.wm.WindowAnimator.animateLocked:688 com.android.server.wm.WindowAnimator.access$000:53 
07-03 20:31:41.398  1423  1518 I WindowManager:   SURFACE alpha=0.25090742 layer=161000 matrix=[1.0*1.0,0.0*1.0][0.0*1.0,1.0*1.0]: Window{f239461 u0 StatusBar}
07-03 20:31:41.398  1423  1518 I AAAA    : Original  : (0.0,0.0)-(720.0,1280.0)
07-03 20:31:41.398  1423  1518 I AAAA    : Transformed: (0.0,0.0)-(720.0,1280.0)
07-03 20:31:41.399  1423  1518 I WindowAnimator: <<< CLOSE TRANSACTION animateLocked
07-03 20:31:41.406  1423  1724 V WindowManager: Skipping set freeze of Token{3320d40 ActivityRecord{4a0a0c3 u11 com.miui.home/.launcher.Launcher t124}}
07-03 20:31:41.407  1423  1724 V WindowManager: setAppVisibility(Token{3320d40 ActivityRecord{4a0a0c3 u11 com.miui.home/.launcher.Launcher t124}}, visible=true): mNextAppTransition=TRANSIT_TASK_OPEN hidden=true hiddenRequested=true Callers=com.android.server.am.ActivityStackSupervisor.realStartActivityLocked:1268 com.android.server.am.ActivityStackSupervisor.attachApplicationLocked:669 com.android.server.am.ActivityManagerService.attachApplicationLocked:6649 com.android.server.am.ActivityManagerService.attachApplication:6712 android.app.ActivityManagerNative.onTransact:510 com.android.server.am.ActivityManagerService.onTransact:2652 
07-03 20:31:41.407  1423  1724 V WindowManager: Done at AppWindowToken{cabd6c token=Token{3320d40 ActivityRecord{4a0a0c3 u11 com.miui.home/.launcher.Launcher t124}}} -- full screen, return 1
07-03 20:31:41.415  1423  1518 I WindowAnimator: >>> OPEN TRANSACTION animateLocked
07-03 20:31:41.415   431   431 E AAAA    : setUpHWComposer: empty: more  wasEmpty: notEmpty
07-03 20:31:41.415  1423  1518 V AAAA    : Step: finishNow=184
07-03 20:31:41.415  1423  1518 V AAAA    : Stepped rotate exit: Transformation{alpha=0.7014532 matrix=[1.0, 0.0, 0.0][0.0, 1.0, 0.0][0.0, 0.0, 1.0]}
07-03 20:31:41.415  1423  1518 V AAAA    : Stepped rotate enter: Transformation{alpha=0.29854682 matrix=[1.0, 0.0, 0.0][0.0, 1.0, 0.0][0.0, 0.0, 1.0]}
07-03 20:31:41.415  1423  1518 V AAAA    : Final exit: Transformation{alpha=0.7014532 matrix=[1.0, 0.0, 0.0][0.0, 1.0, 0.0][0.0, 0.0, 1.0]}
07-03 20:31:41.416  1423  1518 V AAAA    : Final enter: Transformation{alpha=0.29854682 matrix=[1.0, 0.0, 0.0][0.0, 1.0, 0.0][0.0, 0.0, 1.0]}
07-03 20:31:41.416  1423  1518 V AAAA    : Step: more=true
07-03 20:31:41.416  1423  1518 V WindowStateAnimator: performShow on WindowStateAnimator{c19f9f6 com.android.systemui.ImageWallpaper}: mDrawState=READY_TO_SHOW readyForDisplay=false starting=false during animation: policyVis=true attHidden=false tok.hiddenRequested=false tok.hidden=false animating=false tok animating=false Callers=com.android.server.wm.WindowAnimator.updateWindowsLocked:440 com.android.server.wm.WindowAnimator.animateLocked:688 com.android.server.wm.WindowAnimator.access$000:53 
07-03 20:31:41.417  1423  1518 I WindowManager:   SURFACE alpha=0.29854682 layer=161000 matrix=[1.0*1.0,0.0*1.0][0.0*1.0,1.0*1.0]: Window{f239461 u0 StatusBar}
07-03 20:31:41.417  1423  1518 I AAAA    : Original  : (0.0,0.0)-(720.0,1280.0)
07-03 20:31:41.418  1423  1518 I AAAA    : Transformed: (0.0,0.0)-(720.0,1280.0)
07-03 20:31:41.419  1423  1518 I WindowAnimator: <<< CLOSE TRANSACTION animateLocked
07-03 20:31:41.425  1423  1724 I WindowManager: >>> OPEN TRANSACTION performLayoutAndPlaceSurfaces
07-03 20:31:41.425  1423  1724 I WindowStateAnimator: commitFinishDrawingLocked: mDrawState=READY_TO_SHOW Surface(name=com.miui.securitycore/com.miui.securityspace.ui.activity.PrivateSpaceMainActivity)
07-03 20:31:41.425  1423  1724 W WindowStateAnimator: hiding Window{31040f9 u0 com.miui.securitycore/com.miui.securityspace.ui.activity.PrivateSpaceMainActivity}, belonging to 1000
07-03 20:31:41.426  1423  1724 I WindowStateAnimator: commitFinishDrawingLocked: mDrawState=READY_TO_SHOW Surface(name=com.android.systemui.ImageWallpaper)
