07-03 20:31:43.919  1423  1518 V WindowStateAnimator: applyAnimation: win=WindowStateAnimator{7cddf6a FloatNotificationPanel} anim=0 attr=0x0 a=null transit=1 isEntrance=true Callers com.android.server.wm.WindowStateAnimator.applyEnterAnimationLocked:1827 com.android.server.wm.WindowStateAnimator.performShowLocked:1732 com.android.server.wm.WindowStateAnimator.commitFinishDrawingLocked:547 
07-03 20:31:43.919  1423  1518 V WindowStateAnimator: performShowLocked: mDrawState=HAS_DRAWN in WindowStateAnimator{7cddf6a FloatNotificationPanel}
07-03 20:31:43.920   431   431 E AAAA    : setUpHWComposer: empty: more  wasEmpty: notEmpty
07-03 20:31:43.920  1423  1518 I WindowStateAnimator: commitFinishDrawingLocked: mDrawState=READY_TO_SHOW Surface(name=com.android.systemui.ImageWallpaper)
07-03 20:31:43.920  1423  1518 V WindowStateAnimator: performShow on WindowStateAnimator{5fd2af1 com.android.systemui.ImageWallpaper}: mDrawState=READY_TO_SHOW readyForDisplay=false starting=false during animation: policyVis=true attHidden=false tok.hiddenRequested=false tok.hidden=false animating=false tok animating=false Callers=com.android.server.wm.WindowStateAnimator.commitFinishDrawingLocked:547 com.android.server.wm.WindowManagerService.performLayoutAndPlaceSurfacesLockedInner:10254 com.android.server.wm.WindowManagerService.performLayoutAndPlaceSurfacesLockedLoop:9131 
07-03 20:31:43.921  1423  1518 I WindowManager: <<< CLOSE TRANSACTION performLayoutAndPlaceSurfaces
07-03 20:31:43.936  1423  1518 I WindowAnimator: >>> OPEN TRANSACTION animateLocked
07-03 20:31:43.936  1423  1518 V WindowStateAnimator: performShow on WindowStateAnimator{5fd2af1 com.android.systemui.ImageWallpaper}: mDrawState=READY_TO_SHOW readyForDisplay=false starting=false during animation: policyVis=true attHidden=false tok.hiddenRequested=false tok.hidden=false animating=false tok animating=false Callers=com.android.server.wm.WindowAnimator.updateWindowsLocked:440 com.android.server.wm.WindowAnimator.animateLocked:688 com.android.server.wm.WindowAnimator.access$000:53 
07-03 20:31:43.936   431   431 E AAAA    : setUpHWComposer: empty: more  wasEmpty: notEmpty
07-03 20:31:43.937  1423  1518 I WindowManager:   SURFACE alpha=1.0 layer=171005 matrix=[1.0*1.0,0.0*1.0][0.0*1.0,1.0*1.0]: Window{94a6b5e u0 FloatNotificationPanel}
07-03 20:31:43.937  1423  1518 I WindowManager:   SURFACE SHOW (performLayout): Window{94a6b5e u0 FloatNotificationPanel}
07-03 20:31:43.937  1423  1518 V WindowStateAnimator: Showing Window{94a6b5e u0 FloatNotificationPanel} during relayout
07-03 20:31:43.938  1423  1518 I WindowAnimator: <<< CLOSE TRANSACTION animateLocked
07-03 20:31:43.938  1423  1518 I WindowManager: >>> OPEN TRANSACTION performLayoutAndPlaceSurfaces
07-03 20:31:43.938  1423  1518 I WindowStateAnimator: commitFinishDrawingLocked: mDrawState=READY_TO_SHOW Surface(name=com.android.systemui.ImageWallpaper)
07-03 20:31:43.939  1423  1518 V WindowStateAnimator: performShow on WindowStateAnimator{5fd2af1 com.android.systemui.ImageWallpaper}: mDrawState=READY_TO_SHOW readyForDisplay=false starting=false during animation: policyVis=true attHidden=false tok.hiddenRequested=false tok.hidden=false animating=false tok animating=false Callers=com.android.server.wm.WindowStateAnimator.commitFinishDrawingLocked:547 com.android.server.wm.WindowManagerService.performLayoutAndPlaceSurfacesLockedInner:10254 com.android.server.wm.WindowManagerService.performLayoutAndPlaceSurfacesLockedLoop:9131 
07-03 20:31:43.940  1423  1518 I WindowManager: <<< CLOSE TRANSACTION performLayoutAndPlaceSurfaces
07-03 20:31:43.952  1423  1518 I WindowAnimator: >>> OPEN TRANSACTION animateLocked
07-03 20:31:43.953  1423  1518 V WindowStateAnimator: performShow on WindowStateAnimator{5fd2af1 com.android.systemui.ImageWallpaper}: mDrawState=READY_TO_SHOW readyForDisplay=false starting=false during animation: policyVis=true attHidden=false tok.hiddenRequested=false tok.hidden=false animating=false tok animating=false Callers=com.android.server.wm.WindowAnimator.updateWindowsLocked:440 com.android.server.wm.WindowAnimator.animateLocked:688 com.android.server.wm.WindowAnimator.access$000:53 
07-03 20:31:43.954  1423  1518 I WindowAnimator: <<< CLOSE TRANSACTION animateLocked
07-03 20:31:43.954   431   431 E AAAA    : setUpHWComposer: empty: more  wasEmpty: notEmpty
07-03 20:31:43.969   431   431 E AAAA    : setUpHWComposer: empty: more  wasEmpty: notEmpty
07-03 20:31:43.986   431   431 E AAAA    : setUpHWComposer: empty: more  wasEmpty: notEmpty
07-03 20:31:44.004   431   431 E AAAA    : setUpHWComposer: empty: more  wasEmpty: notEmpty
07-03 20:31:44.020   431   431 E AAAA    : setUpHWComposer: empty: more  wasEmpty: notEmpty
07-03 20:31:44.036   431   431 E AAAA    : setUpHWComposer: empty: more  wasEmpty: notEmpty
07-03 20:31:44.053   431   431 E AAAA    : setUpHWComposer: empty: more  wasEmpty: notEmpty
07-03 20:31:44.070   431   431 E AAAA    : setUpHWComposer: empty: more  wasEmpty: notEmpty
07-03 20:31:44.087   431   431 E AAAA    : setUpHWComposer: empty: more  wasEmpty: notEmpty
07-03 20:31:44.136   431   431 E AAAA    : setUpHWComposer: empty: more  wasEmpty: notEmpty
07-03 20:31:44.153   431   431 E AAAA    : setUpHWComposer: empty: more  wasEmpty: notEmpty
07-03 20:31:44.170   431   431 E AAAA    : setUpHWComposer: empty: more  wasEmpty: notEmpty
07-03 20:31:44.187   431   431 E AAAA    : setUpHWComposer: empty: more  wasEmpty: notEmpty
07-03 20:31:44.204   431   431 E AAAA    : setUpHWComposer: empty: more  wasEmpty: notEmpty
07-03 20:31:44.220   431   431 E AAAA    : setUpHWComposer: empty: more  wasEmpty: notEmpty
07-03 20:31:44.237   431   431 E AAAA    : setUpHWComposer: empty: more  wasEmpty: notEmpty
07-03 20:31:44.254   431   431 E AAAA    : setUpHWComposer: empty: more  wasEmpty: notEmpty
07-03 20:31:44.271   431   431 E AAAA    : setUpHWComposer: empty: more  wasEmpty: notEmpty
07-03 20:31:44.287   431   431 E AAAA    : setUpHWComposer: empty: more  wasEmpty: notEmpty
07-03 20:31:44.304   431   431 E AAAA    : setUpHWComposer: empty: more  wasEmpty: notEmpty
07-03 20:31:44.320   431   431 E AAAA    : setUpHWComposer: empty: more  wasEmpty: notEmpty
07-03 20:31:44.336   431   431 E AAAA    : setUpHWComposer: empty: more  wasEmpty: notEmpty
07-03 20:31:44.353   431   431 E AAAA    : setUpHWComposer: empty: more  wasEmpty: notEmpty
07-03 20:31:44.370   431   431 E AAAA    : setUpHWComposer: empty: more  wasEmpty: notEmpty
07-03 20:31:44.387   431   431 E AAAA    : setUpHWComposer: empty: more  wasEmpty: notEmpty
07-03 20:31:44.404   431   431 E AAAA    : setUpHWComposer: empty: more  wasEmpty: notEmpty
07-03 20:31:44.420   431   431 E AAAA    : setUpHWComposer: empty: more  wasEmpty: notEmpty
07-03 20:31:44.437   431   431 E AAAA    : setUpHWComposer: empty: more  wasEmpty: notEmpty
07-03 20:31:44.520   431   431 E AAAA    : setUpHWComposer: empty: more  wasEmpty: notEmpty
07-03 20:31:47.393  6328  6328 W HardwareRenderer: 	at android.view.WindowManagerGlobal.addView(WindowManagerGlobal.java:313)
07-03 20:31:47.393  6328  6328 W HardwareRenderer: 	at android.view.WindowManagerImpl.addView(WindowManagerImpl.java:86)
07-03 20:31:47.398  1423  2629 I WindowManager:   NEW SURFACE SESSION android.view.SurfaceSession@6299160
07-03 20:31:47.529  1423  2725 I WindowManager: Releasing surface in: Window{1b12163 u11 com.miui.home/com.miui.home.launcher.Launcher}
07-03 20:31:47.529  1423  2725 V WindowManager: Done at AppWindowToken{6cd5e5d token=Token{8524034 ActivityRecord{36eb707 u11 com.miui.securitycore/com.miui.securityspace.ui.activity.GuideStartActivity t125}}} -- full screen, return 1
07-03 20:31:47.529  1423  2725 I WindowManager: >>> OPEN TRANSACTION performLayoutAndPlaceSurfaces
07-03 20:31:47.530  1423  2725 I WindowStateAnimator: commitFinishDrawingLocked: mDrawState=READY_TO_SHOW Surface(name=com.android.systemui.ImageWallpaper)
07-03 20:31:47.530  1423  2725 V WindowStateAnimator: performShow on WindowStateAnimator{5fd2af1 com.android.systemui.ImageWallpaper}: mDrawState=READY_TO_SHOW readyForDisplay=false starting=false during animation: policyVis=true attHidden=false tok.hiddenRequested=false tok.hidden=false animating=false tok animating=false Callers=com.android.server.wm.WindowStateAnimator.commitFinishDrawingLocked:547 com.android.server.wm.WindowManagerService.performLayoutAndPlaceSurfacesLockedInner:10254 com.android.server.wm.WindowManagerService.performLayoutAndPlaceSurfacesLockedLoop:9131 
07-03 20:31:47.531  1423  2725 I WindowManager: <<< CLOSE TRANSACTION performLayoutAndPlaceSurfaces
07-03 20:31:47.533  1423  2725 V WindowManager: Update reported visibility: AppWindowToken{cabd6c token=Token{3320d40 ActivityRecord{4a0a0c3 u11 com.miui.home/.launcher.Launcher t124}}}
07-03 20:31:47.534  1423  2725 V WindowManager: VIS AppWindowToken{cabd6c token=Token{3320d40 ActivityRecord{4a0a0c3 u11 com.miui.home/.launcher.Launcher t124}}}: interesting=0 visible=0
07-03 20:31:47.544  1423  1518 I WindowAnimator: >>> OPEN TRANSACTION animateLocked
07-03 20:31:47.545  1423  1518 V WindowStateAnimator: performShow on WindowStateAnimator{5fd2af1 com.android.systemui.ImageWallpaper}: mDrawState=READY_TO_SHOW readyForDisplay=false starting=false during animation: policyVis=true attHidden=false tok.hiddenRequested=false tok.hidden=false animating=false tok animating=false Callers=com.android.server.wm.WindowAnimator.updateWindowsLocked:440 com.android.server.wm.WindowAnimator.animateLocked:688 com.android.server.wm.WindowAnimator.access$000:53 
07-03 20:31:47.545  1423  1518 I WindowManager:   SURFACE alpha=1.0 layer=21020 matrix=[1.0*1.0,0.0*1.0][0.0*1.0,1.0*1.0]: Window{b173033 u11 com.miui.securitycore/com.miui.securityspace.ui.activity.GuideStartActivity}
07-03 20:31:47.546  1423  1518 I WindowAnimator: <<< CLOSE TRANSACTION animateLocked
07-03 20:31:47.561   431   431 E AAAA    : setUpHWComposer: empty: more  wasEmpty: notEmpty
07-03 20:31:47.628   431   431 E AAAA    : setUpHWComposer: empty: more  wasEmpty: notEmpty
07-03 20:31:48.864   431   431 E AAAA    : setUpHWComposer: empty: more  wasEmpty: notEmpty
07-03 20:31:48.881   431   431 E AAAA    : setUpHWComposer: empty: more  wasEmpty: notEmpty
07-03 20:31:48.898   431   431 E AAAA    : setUpHWComposer: empty: more  wasEmpty: notEmpty
07-03 20:31:48.914   431   431 E AAAA    : setUpHWComposer: empty: more  wasEmpty: notEmpty
07-03 20:31:48.948   431   431 E AAAA    : setUpHWComposer: empty: more  wasEmpty: notEmpty
07-03 20:31:48.965   431   431 E AAAA    : setUpHWComposer: empty: more  wasEmpty: notEmpty
07-03 20:31:48.981   431   431 E AAAA    : setUpHWComposer: empty: more  wasEmpty: notEmpty
07-03 20:31:48.987  1423  2127 I WindowManager: Relayout invis Window{94a6b5e u0 FloatNotificationPanel}: mExiting=false
07-03 20:31:48.988  1423  2127 V WindowStateAnimator: applyAnimation: win=WindowStateAnimator{7cddf6a FloatNotificationPanel} anim=0 attr=0x1 a=null transit=2 isEntrance=false Callers com.android.server.wm.WindowManagerService.relayoutWindow:3351 com.android.server.wm.Session.relayout:208 android.view.IWindowSession$Stub.onTransact:284 
07-03 20:31:48.988  1423  2127 W WindowStateAnimator: Window WindowStateAnimator{7cddf6a FloatNotificationPanel} destroying surface Surface(name=FloatNotificationPanel), session Session{f9ddea1 1865:1000}
07-03 20:31:48.988  1423  2127 I WindowManager:   SURFACE DESTROY: Window{94a6b5e u0 FloatNotificationPanel}
07-03 20:31:48.989  1423  2127 I WindowManager: Releasing surface in: Window{94a6b5e u0 FloatNotificationPanel}
07-03 20:31:48.990  1423  2127 V WindowManager: Done at AppWindowToken{6cd5e5d token=Token{8524034 ActivityRecord{36eb707 u11 com.miui.securitycore/com.miui.securityspace.ui.activity.GuideStartActivity t125}}} -- full screen, return 1
07-03 20:31:48.990  1423  2127 I WindowManager: >>> OPEN TRANSACTION performLayoutAndPlaceSurfaces
07-03 20:31:48.990  1423  2127 I WindowStateAnimator: commitFinishDrawingLocked: mDrawState=READY_TO_SHOW Surface(name=com.android.systemui.ImageWallpaper)
07-03 20:31:48.991  1423  2127 V WindowStateAnimator: performShow on WindowStateAnimator{5fd2af1 com.android.systemui.ImageWallpaper}: mDrawState=READY_TO_SHOW readyForDisplay=false starting=false during animation: policyVis=true attHidden=false tok.hiddenRequested=false tok.hidden=false animating=false tok animating=false Callers=com.android.server.wm.WindowStateAnimator.commitFinishDrawingLocked:547 com.android.server.wm.WindowManagerService.performLayoutAndPlaceSurfacesLockedInner:10254 com.android.server.wm.WindowManagerService.performLayoutAndPlaceSurfacesLockedLoop:9131 
07-03 20:31:48.992  1423  2127 I WindowManager: <<< CLOSE TRANSACTION performLayoutAndPlaceSurfaces
07-03 20:31:48.998  1423  1518 I WindowAnimator: >>> OPEN TRANSACTION animateLocked
07-03 20:31:48.998  1423  1518 V WindowStateAnimator: performShow on WindowStateAnimator{5fd2af1 com.android.systemui.ImageWallpaper}: mDrawState=READY_TO_SHOW readyForDisplay=false starting=false during animation: policyVis=true attHidden=false tok.hiddenRequested=false tok.hidden=false animating=false tok animating=false Callers=com.android.server.wm.WindowAnimator.updateWindowsLocked:440 com.android.server.wm.WindowAnimator.animateLocked:688 com.android.server.wm.WindowAnimator.access$000:53 
07-03 20:31:48.999   431   431 E AAAA    : setUpHWComposer: empty: more  wasEmpty: notEmpty
07-03 20:31:49.000  1423  1518 I WindowAnimator: <<< CLOSE TRANSACTION animateLocked
07-03 20:31:49.065   431   431 E AAAA    : setUpHWComposer: empty: