07-02 21:20:18.094  1458  1520 I WindowAnimator: <<< CLOSE TRANSACTION animateLocked
07-02 21:20:18.104  1458  1520 I WindowAnimator: >>> OPEN TRANSACTION animateLocked
07-02 21:20:18.105  1458  1520 I WindowAnimator: <<< CLOSE TRANSACTION animateLocked
07-02 21:20:18.121  1458  1520 I WindowAnimator: >>> OPEN TRANSACTION animateLocked
07-02 21:20:18.122  1458  1520 I WindowAnimator: <<< CLOSE TRANSACTION animateLocked
07-02 21:20:18.138  1458  1520 I WindowAnimator: >>> OPEN TRANSACTION animateLocked
07-02 21:20:18.139  1458  1520 I WindowAnimator: <<< CLOSE TRANSACTION animateLocked
07-02 21:20:18.154  1458  1520 I WindowAnimator: >>> OPEN TRANSACTION animateLocked
07-02 21:20:18.158  1458  1520 I WindowAnimator: <<< CLOSE TRANSACTION animateLocked
07-02 21:20:18.171  1458  1520 I WindowAnimator: >>> OPEN TRANSACTION animateLocked
07-02 21:20:18.172  1458  1520 I WindowAnimator: <<< CLOSE TRANSACTION animateLocked
07-02 21:20:18.188  1458  1520 I WindowAnimator: >>> OPEN TRANSACTION animateLocked
07-02 21:20:18.189  1458  1520 I WindowAnimator: <<< CLOSE TRANSACTION animateLocked
07-02 21:20:18.204  1458  1520 I WindowAnimator: >>> OPEN TRANSACTION animateLocked
07-02 21:20:18.205  1458  1520 I WindowAnimator: <<< CLOSE TRANSACTION animateLocked
07-02 21:20:18.214  1458  1726 I WindowStateAnimator: createSurface WindowStateAnimator{deb88fe StatusBar}: mDrawState=DRAW_PENDING
07-02 21:20:18.214  1458  1726 V WindowStateAnimator: Creating surface in session android.view.SurfaceSession@4a2ca36 window WindowStateAnimator{deb88fe StatusBar} w=720 h=1 x=0.0 y=0.0 format=-3 flags=4
07-02 21:20:18.216  1458  1726 I WindowStateAnimator:   CREATE SURFACE Surface(name=StatusBar) IN SESSION android.view.SurfaceSession@4a2ca36: pid=1867 format=-3 flags=0x4 / WindowStateAnimator{deb88fe StatusBar}
07-02 21:20:18.216  1458  1726 I WindowStateAnimator: >>> OPEN TRANSACTION createSurfaceLocked
07-02 21:20:18.216  1458  1726 I WindowManager:   SURFACE CREATE pos=(0,0) (720x0), layer=161000 HIDE: Window{109f5e9 u0 StatusBar}
07-02 21:20:18.216  1458  1726 I WindowStateAnimator: <<< CLOSE TRANSACTION createSurfaceLocked
07-02 21:20:18.217  1458  1726 I WindowManager:   OUT SURFACE Surface(name=null)/@0x37ae85f: copied
07-02 21:20:18.217  1458  1726 V WindowManager: Done at AppWindowToken{f3e1208 token=Token{24a1bab ActivityRecord{3ad89fa u10 com.miui.securitycore/com.miui.securityspace.ui.activity.GuideStartActivity t98}}} -- full screen, return 1
07-02 21:20:18.217  1458  1726 I WindowManager: >>> OPEN TRANSACTION performLayoutAndPlaceSurfaces
07-02 21:20:18.217  1458  1726 I WindowManager:   SURFACE SIZE 720x48: Window{109f5e9 u0 StatusBar}
07-02 21:20:18.218  1458  1726 I WindowManager:   SURFACE CROP [0,0][720,48]: Window{109f5e9 u0 StatusBar}
07-02 21:20:18.218  1458  1726 V WindowManager: Resize reasons for w=Window{109f5e9 u0 StatusBar}:  contentInsetsChanged=false [0,0][0,0] visibleInsetsChanged=false [0,0][0,0] stableInsetsChanged=false [0,0][0,0] outsetsChanged=false [0,0][0,0] surfaceResized=true configChanged=true
07-02 21:20:18.218  1458  1726 V WindowManager: Resizing window Window{109f5e9 u0 StatusBar} to 720.0x48.0
07-02 21:20:18.218  1458  1726 V WindowManager: Resize reasons for w=Window{a677c93 u10 com.miui.securitycore/com.miui.securityspace.ui.activity.GuideStartActivity}:  contentInsetsChanged=false [0,48][0,0] visibleInsetsChanged=true [0,48][0,0] stableInsetsChanged=false [0,48][0,0] outsetsChanged=false [0,0][0,0] surfaceResized=false configChanged=false
07-02 21:20:18.218  1458  1726 V WindowManager: Resizing window Window{a677c93 u10 com.miui.securitycore/com.miui.securityspace.ui.activity.GuideStartActivity} to 720.0x1280.0
07-02 21:20:18.221  1458  1726 I WindowManager: <<< CLOSE TRANSACTION performLayoutAndPlaceSurfaces
07-02 21:20:18.226  1458  1726 I WindowManager: >>> OPEN TRANSACTION performLayoutAndPlaceSurfaces
07-02 21:20:18.227  1458  1726 I WindowManager: <<< CLOSE TRANSACTION performLayoutAndPlaceSurfaces
07-02 21:20:18.229  1458  1520 I WindowAnimator: >>> OPEN TRANSACTION animateLocked
07-02 21:20:18.229  1458  1520 I WindowManager:   SURFACE alpha=1.0 layer=161000 matrix=[1.0*1.0,0.0*1.0][0.0*1.0,1.0*1.0]: Window{109f5e9 u0 StatusBar}
07-02 21:20:18.230  1458  1520 I WindowAnimator: <<< CLOSE TRANSACTION animateLocked
07-02 21:20:18.238  1458  1520 I WindowAnimator: >>> OPEN TRANSACTION animateLocked
07-02 21:20:18.238  1458  1520 I WindowManager:   SURFACE alpha=1.0 layer=161000 matrix=[1.0*1.0,0.0*1.0][0.0*1.0,1.0*1.0]: Window{109f5e9 u0 StatusBar}
07-02 21:20:18.240  1458  1520 I WindowAnimator: <<< CLOSE TRANSACTION animateLocked
07-02 21:20:18.253  1458  2289 I WindowManager: Releasing surface in: Window{6dd5 u0 AssistPreviewPanel}
07-02 21:20:18.253  1458  2289 V WindowManager: Done at AppWindowToken{f3e1208 token=Token{24a1bab ActivityRecord{3ad89fa u10 com.miui.securitycore/com.miui.securityspace.ui.activity.GuideStartActivity t98}}} -- full screen, return 1
07-02 21:20:18.253  1458  2289 I WindowManager: >>> OPEN TRANSACTION performLayoutAndPlaceSurfaces
07-02 21:20:18.254  1458  2289 I WindowManager: <<< CLOSE TRANSACTION performLayoutAndPlaceSurfaces
07-02 21:20:18.258  1458  1520 I WindowAnimator: >>> OPEN TRANSACTION animateLocked
07-02 21:20:18.258  1458  1520 I WindowManager:   SURFACE alpha=1.0 layer=161000 matrix=[1.0*1.0,0.0*1.0][0.0*1.0,1.0*1.0]: Window{109f5e9 u0 StatusBar}
07-02 21:20:18.260  1458  1520 I WindowAnimator: <<< CLOSE TRANSACTION animateLocked
07-02 21:20:18.271  1458  1520 I WindowAnimator: >>> OPEN TRANSACTION animateLocked
07-02 21:20:18.272  1458  1520 I WindowManager:   SURFACE alpha=1.0 layer=161000 matrix=[1.0*1.0,0.0*1.0][0.0*1.0,1.0*1.0]: Window{109f5e9 u0 StatusBar}
07-02 21:20:18.273  1458  1520 I WindowAnimator: <<< CLOSE TRANSACTION animateLocked
07-02 21:20:18.288  1458  1520 I WindowAnimator: >>> OPEN TRANSACTION animateLocked
07-02 21:20:18.289  1458  1520 I WindowManager:   SURFACE alpha=1.0 layer=161000 matrix=[1.0*1.0,0.0*1.0][0.0*1.0,1.0*1.0]: Window{109f5e9 u0 StatusBar}
07-02 21:20:18.289  1458  1520 I WindowAnimator: <<< CLOSE TRANSACTION animateLocked
07-02 21:20:18.305  1458  1520 I WindowAnimator: >>> OPEN TRANSACTION animateLocked
07-02 21:20:18.305  1458  1520 I WindowManager:   SURFACE alpha=1.0 layer=161000 matrix=[1.0*1.0,0.0*1.0][0.0*1.0,1.0*1.0]: Window{109f5e9 u0 StatusBar}
07-02 21:20:18.306  1458  1520 I WindowAnimator: <<< CLOSE TRANSACTION animateLocked
07-02 21:20:18.322  1458  1520 I WindowAnimator: >>> OPEN TRANSACTION animateLocked
07-02 21:20:18.322  1458  1520 I WindowManager:   SURFACE alpha=1.0 layer=161000 matrix=[1.0*1.0,0.0*1.0][0.0*1.0,1.0*1.0]: Window{109f5e9 u0 StatusBar}
07-02 21:20:18.323  1458  1520 I WindowAnimator: <<< CLOSE TRANSACTION animateLocked
07-02 21:20:18.338  1458  1520 I WindowAnimator: >>> OPEN TRANSACTION animateLocked
07-02 21:20:18.339  1458  1520 I WindowManager:   SURFACE alpha=1.0 layer=161000 matrix=[1.0*1.0,0.0*1.0][0.0*1.0,1.0*1.0]: Window{109f5e9 u0 StatusBar}
07-02 21:20:18.340  1458  1520 I WindowAnimator: <<< CLOSE TRANSACTION animateLocked
07-02 21:20:18.356  1458  1520 I WindowAnimator: >>> OPEN TRANSACTION animateLocked
07-02 21:20:18.356  1458  1520 I WindowManager:   SURFACE alpha=1.0 layer=161000 matrix=[1.0*1.0,0.0*1.0][0.0*1.0,1.0*1.0]: Window{109f5e9 u0 StatusBar}
07-02 21:20:18.358  1458  1520 I WindowAnimator: <<< CLOSE TRANSACTION animateLocked
07-02 21:20:18.371  1458  1520 I WindowAnimator: >>> OPEN TRANSACTION animateLocked
07-02 21:20:18.372  1458  1520 I WindowManager:   SURFACE alpha=1.0 layer=161000 matrix=[1.0*1.0,0.0*1.0][0.0*1.0,1.0*1.0]: Window{109f5e9 u0 StatusBar}
07-02 21:20:18.373  1458  1520 I WindowAnimator: <<< CLOSE TRANSACTION animateLocked
07-02 21:20:18.390  1458  1520 I WindowAnimator: >>> OPEN TRANSACTION animateLocked
07-02 21:20:18.390  1458  1520 I WindowManager:   SURFACE alpha=1.0 layer=161000 matrix=[1.0*1.0,0.0*1.0][0.0*1.0,1.0*1.0]: Window{109f5e9 u0 StatusBar}
07-02 21:20:18.392  1458  1520 I WindowAnimator: <<< CLOSE TRANSACTION animateLocked
07-02 21:20:18.407  1458  1520 I WindowAnimator: >>> OPEN TRANSACTION animateLocked
07-02 21:20:18.411  1458  1520 I WindowManager:   SURFACE alpha=1.0 layer=161000 matrix=[1.0*1.0,0.0*1.0][0.0*1.0,1.0*1.0]: Window{109f5e9 u0 StatusBar}
07-02 21:20:18.413  1458  1520 I WindowAnimator: <<< CLOSE TRANSACTION animateLocked
07-02 21:20:18.426  1458  2125 V WindowManager: Done at AppWindowToken{f3e1208 token=Token{24a1bab ActivityRecord{3ad89fa u10 com.miui.securitycore/com.miui.securityspace.ui.activity.GuideStartActivity t98}}} -- full screen, return 1
07-02 21:20:18.427  1458  1520 I WindowAnimator: >>> OPEN TRANSACTION animateLocked
07-02 21:20:18.427  1458  1520 I WindowManager:   SURFACE alpha=1.0 layer=161000 matrix=[1.0*1.0,0.0*1.0][0.0*1.0,1.0*1.0]: Window{109f5e9 u0 StatusBar}
07-02 21:20:18.428  1458  1520 I WindowAnimator: <<< CLOSE TRANSACTION animateLocked
07-02 21:20:18.428  1458  1520 I WindowManager: >>> OPEN TRANSACTION performLayoutAndPlaceSurfaces
07-02 21:20:18.429  1458  1520 I WindowManager: <<< CLOSE TRANSACTION performLayoutAndPlaceSurfaces
07-02 21:20:18.431  1458  2290 I WindowStateAnimator: createSurface WindowStateAnimator{80b9d62 com.android.systemui.ImageWallpaper}: mDrawState=DRAW_PENDING
07-02 21:20:18.431  1458  2290 V WindowStateAnimator: Creating surface in session android.view.SurfaceSession@a0e1887 window WindowStateAnimator{80b9d62 com.android.systemui.ImageWallpaper} w=1 h=1 x=0.0 y=0.0 format=2 flags=4
07-02 21:20:18.433  1458  2290 I WindowStateAnimator:   CREATE SURFACE Surface(name=com.android.systemui.ImageWallpaper) IN SESSION android.view.SurfaceSession@a0e1887: pid=5447 format=2 flags=0x404 / WindowStateAnimator{80b9d62 com.android.systemui.ImageWallpaper}
07-02 21:20:18.433  1458  2290 I WindowStateAnimator: >>> OPEN TRANSACTION createSurfaceLocked
07-02 21:20:18.433  1458  2290 I WindowManager:   SURFACE CREATE pos=(0,0) (0x0), layer=21000 HIDE: Window{a57b42d u10 com.android.systemui.ImageWallpaper}
07-02 21:20:18.437  1458  2290 I WindowStateAnimator: <<< CLOSE TRANSACTION createSurfaceLocked
07-02 21:20:18.437  1458  2290 I WindowManager:   OUT SURFACE Surface(name=null)/@0xe8a2dae: copied
07-02 21:20:18.437  1458  2290 V WindowManager: Done at AppWindowToken{f3e1208 token=Token{24a1bab ActivityRecord{3ad89fa u10 com.miui.securitycore/com.miui.securityspace.ui.activity.GuideStartActivity t98}}} -- full screen, return 1
07-02 21:20:18.437  1458  2290 I WindowManager: >>> OPEN TRANSACTION performLayoutAndPlaceSurfaces
07-02 21:20:18.438  1458  2290 I WindowManager:   SURFACE SIZE 720x1280: Window{a57b42d u10 com.android.systemui.ImageWallpaper}
07-02 21:20:18.440  1458  2290 I WindowManager:   SURFACE CROP [0,0][720,1280]: Window{a57b42d u10 com.android.systemui.ImageWallpaper}
07-02 21:20:18.440  1458  2290 V WindowManager: Resize reasons for w=Window{a57b42d u10 com.android.systemui.ImageWallpaper}:  contentInsetsChanged=false [0,0][0,0] visibleInsetsChanged=true [0,48][0,0] stableInsetsChanged=true [0,48][0,0] outsetsChanged=false [0,0][0,0] surfaceResized=true configChanged=true
07-02 21:20:18.440  1458  2290 V WindowManager: Resizing window Window{a57b42d u10 com.android.systemui.ImageWallpaper} to 720.0x1280.0
07-02 21:20:18.456  1458  2290 I WindowManager: <<< CLOSE TRANSACTION performLayoutAndPlaceSurfaces
07-02 21:20:18.458  1458  2290 I WindowManager: >>> OPEN TRANSACTION performLayoutAndPlaceSurfaces
07-02 21:20:18.459  1458  2290 I WindowManager: <<< CLOSE TRANSACTION performLayoutAndPlaceSurfaces
07-02 21:20:18.461  1458  3005 I WindowManager: >>> OPEN TRANSACTION performLayoutAndPlaceSurfaces
07-02 21:20:18.462  1458  3005 I WindowManager: <<< CLOSE TRANSACTION performLayoutAndPlaceSurfaces
07-02 21:20:18.466  1458  1520 I WindowAnimator: >>> OPEN TRANSACTION animateLocked
07-02 21:20:18.466  1458  1520 V WindowStateAnimator: Finished animation in WindowStateAnimator{2e3c3b4 com.android.systemui.ImageWallpaper} @ 70230
07-02 21:20:18.466  1458  1520 V WindowStateAnimator: Animation done in WindowStateAnimator{2e3c3b4 com.android.systemui.ImageWallpaper}: exiting=true, reportedVisible=false
07-02 21:20:18.466  1458  1520 V WindowStateAnimator: finishExit in WindowStateAnimator{2e3c3b4 com.android.systemui.ImageWallpaper}: exiting=true remove=true windowAnimating=false
07-02 21:20:18.467  1458  1520 I WindowManager:   SURFACE HIDE (finishExit): Window{1a40c6 u10 com.android.systemui.ImageWallpaper EXITING}
07-02 21:20:18.467  1458  1520 I WindowManager:   SURFACE alpha=1.0 layer=21020 matrix=[1.0*1.0,0.0*1.0][0.0*1.0,1.0*1.0]: Window{a677c93 u10 com.miui.securitycore/com.miui.securityspace.ui.activity.GuideStartActivity}
07-02 21:20:18.468  1458  1520 I WindowManager:   SURFACE alpha=1.0 layer=161000 matrix=[1.0*1.0,0.0*1.0][0.0*1.0,1.0*1.0]: Window{109f5e9 u0 StatusBar}
07-02 21:20:18.472  1458  1520 I WindowAnimator: <<< CLOSE TRANSACTION animateLocked
07-02 21:20:18.473  1458  1520 I WindowManager: >>> OPEN TRANSACTION performLayoutAndPlaceSurfaces
07-02 21:20:18.474  1458  1520 I WindowManager: <<< CLOSE TRANSACTION performLayoutAndPlaceSurfaces
07-02 21:20:18.474  1458  1520 W WindowStateAnimator: Window WindowStateAnimator{2e3c3b4 com.android.systemui.ImageWallpaper} destroying surface Surface(name=com.android.systemui.ImageWallpaper), session Session{3f0ed1c 5447:u10a1000}
07-02 21:20:18.474  1458  1520 I WindowManager:   SURFACE DESTROY: Window{1a40c6 u10 com.android.systemui.ImageWallpaper}
07-02 21:20:18.477  1458  1520 I WindowManager: >>> OPEN TRANSACTION performLayoutAndPlaceSurfaces
07-02 21:20:18.478  1458  1520 I WindowManager: <<< CLOSE TRANSACTION performLayoutAndPlaceSurfaces
07-02 21:20:18.489  1458  1520 I WindowAnimator: >>> OPEN TRANSACTION animateLocked
07-02 21:20:18.489  1458  1520 I WindowManager:   SURFACE alpha=1.0 layer=21015 matrix=[1.0*1.0,0.0*1.0][0.0*1.0,1.0*1.0]: Window{a677c93 u10 com.miui.securitycore/com.miui.securityspace.ui.activity.GuideStartActivity}
07-02 21:20:18.489  1458  1520 I WindowManager:   SURFACE alpha=1.0 layer=161000 matrix=[1.0*1.0,0.0*1.0][0.0*1.0,1.0*1.0]: Window{109f5e9 u0 StatusBar}
07-02 21:20:18.491  1458  1520 I WindowAnimator: <<< CLOSE TRANSACTION animateLocked
07-02 21:20:18.507  1458  2673 V WindowStateAnimator: finishDrawingLocked: mDrawState=COMMIT_DRAW_PENDING WindowStateAnimator{80b9d62 com.android.systemui.ImageWallpaper} in Surface(name=com.android.systemui.ImageWallpaper)
07-02 21:20:18.508  1458  1520 I WindowManager: >>> OPEN TRANSACTION performLayoutAndPlaceSurfaces
07-02 21:20:18.508  1458  1520 I WindowStateAnimator: commitFinishDrawingLocked: mDrawState=READY_TO_SHOW Surface(name=com.android.systemui.ImageWallpaper)
07-02 21:20:18.509  1458  1520 V WindowStateAnimator: performShow on WindowStateAnimator{80b9d62 com.android.systemui.ImageWallpaper}: mDrawState=READY_TO_SHOW readyForDisplay=false starting=false during animation: policyVis=true attHidden=false tok.hiddenRequested=false tok.hidden=false animating=false tok animating=false Callers=com.android.server.wm.WindowStateAnimator.commitFinishDrawingLocked:547 com.android.server.wm.WindowManagerService.performLayoutAndPlaceSurfacesLockedInner:10254 com.android.server.wm.WindowManagerService.performLayoutAndPlaceSurfacesLockedLoop:9131 
07-02 21:20:18.511  1458  1520 I WindowManager: <<< CLOSE TRANSACTION performLayoutAndPlaceSurfaces
07-02 21:20:18.512  1458  1726 I WindowManager:   OUT SURFACE Surface(name=null)/@0x63b029d: copied
07-02 21:20:18.513  1458  1726 V WindowManager: Done at AppWindowToken{f3e1208 token=Token{24a1bab ActivityRecord{3ad89fa u10 com.miui.securitycore/com.miui.securityspace.ui.activity.GuideStartActivity t98}}} -- full screen, return 1
07-02 21:20:18.513  1458  1726 I WindowManager: >>> OPEN TRANSACTION performLayoutAndPlaceSurfaces
07-02 21:20:18.513  1458  1726 I WindowStateAnimator: commitFinishDrawingLocked: mDrawState=READY_TO_SHOW Surface(name=com.android.systemui.ImageWallpaper)
07-02 21:20:18.514  1458  1726 V WindowStateAnimator: performShow on WindowStateAnimator{80b9d62 com.android.systemui.ImageWallpaper}: mDrawState=READY_TO_SHOW readyForDisplay=false starting=false during animation: policyVis=true attHidden=false tok.hiddenRequested=false tok.hidden=false animating=false tok animating=false Callers=com.android.server.wm.WindowStateAnimator.commitFinishDrawingLocked:547 com.android.server.wm.WindowManagerService.performLayoutAndPlaceSurfacesLockedInner:10254 com.android.server.wm.WindowManagerService.performLayoutAndPlaceSurfacesLockedLoop:9131 
07-02 21:20:18.514  1458  1726 I WindowManager: <<< CLOSE TRANSACTION performLayoutAndPlaceSurfaces
07-02 21:20:18.520  1458  2675 I WindowManager:   OUT SURFACE Surface(name=null)/@0x45a2312: copied
07-02 21:20:18.520  1458  2675 V WindowManager: Done at AppWindowToken{f3e1208 token=Token{24a1bab ActivityRecord{3ad89fa u10 com.miui.securitycore/com.miui.securityspace.ui.activity.GuideStartActivity t98}}} -- full screen, return 1
07-02 21:20:18.520  1458  2675 I WindowManager: >>> OPEN TRANSACTION performLayoutAndPlaceSurfaces
07-02 21:20:18.521  1458  2675 I WindowStateAnimator: commitFinishDrawingLocked: mDrawState=READY_TO_SHOW Surface(name=com.android.systemui.ImageWallpaper)
07-02 21:20:18.522  1458  2675 V WindowStateAnimator: performShow on WindowStateAnimator{80b9d62 com.android.systemui.ImageWallpaper}: mDrawState=READY_TO_SHOW readyForDisplay=false starting=false during animation: policyVis=true attHidden=false tok.hiddenRequested=false tok.hidden=false animating=false tok animating=false Callers=com.android.server.wm.WindowStateAnimator.commitFinishDrawingLocked:547 com.android.server.wm.WindowManagerService.performLayoutAndPlaceSurfacesLockedInner:10254 com.android.server.wm.WindowManagerService.performLayoutAndPlaceSurfacesLockedLoop:9131 
07-02 21:20:18.522  1458  2675 I WindowManager: <<< CLOSE TRANSACTION performLayoutAndPlaceSurfaces
07-02 21:20:18.524  1458  1520 I WindowAnimator: >>> OPEN TRANSACTION animateLocked
07-02 21:20:18.525  1458  1520 V WindowStateAnimator: performShow on WindowStateAnimator{80b9d62 com.android.systemui.ImageWallpaper}: mDrawState=READY_TO_SHOW readyForDisplay=false starting=false during animation: policyVis=true attHidden=false tok.hiddenRequested=false tok.hidden=false animating=false tok animating=false Callers=com.android.server.wm.WindowAnimator.updateWindowsLocked:440 com.android.server.wm.WindowAnimator.animateLocked:688 com.android.server.wm.WindowAnimator.access$000:53 
07-02 21:20:18.525  1458  1520 I WindowManager:   SURFACE alpha=1.0 layer=161000 matrix=[1.0*1.0,0.0*1.0][0.0*1.0,1.0*1.0]: Window{109f5e9 u0 StatusBar}
07-02 21:20:18.526  1458  1520 I WindowAnimator: <<< CLOSE TRANSACTION animateLocked
07-02 21:20:18.547  1458  2697 V WindowStateAnimator: finishDrawingLocked: mDrawState=COMMIT_DRAW_PENDING WindowStateAnimator{deb88fe StatusBar} in Surface(name=StatusBar)
07-02 21:20:18.548  1458  1520 I WindowManager: >>> OPEN TRANSACTION performLayoutAndPlaceSurfaces
07-02 21:20:18.548  1458  1520 I WindowStateAnimator: commitFinishDrawingLocked: mDrawState=READY_TO_SHOW Surface(name=StatusBar)
07-02 21:20:18.549  1458  1520 V WindowStateAnimator: performShow on WindowStateAnimator{deb88fe StatusBar}: mDrawState=READY_TO_SHOW readyForDisplay=true starting=false during animation: policyVis=true attHidden=false tok.hiddenRequested=false tok.hidden=false animating=false tok animating=false Callers=com.android.server.wm.WindowStateAnimator.commitFinishDrawingLocked:547 com.android.server.wm.WindowManagerService.performLayoutAndPlaceSurfacesLockedInner:10254 com.android.server.wm.WindowManagerService.performLayoutAndPlaceSurfacesLockedLoop:9131 
07-02 21:20:18.549  1458  1520 I WindowManager:   SURFACE SHOW (performShowLocked): Window{109f5e9 u0 StatusBar}
07-02 21:20:18.549  1458  1520 V WindowStateAnimator: Showing WindowStateAnimator{deb88fe StatusBar} during animation: policyVis=true attHidden=false tok.hiddenRequested=false tok.hidden=false animating=false tok animating=false
07-02 21:20:18.550  1458  1520 V WindowStateAnimator: applyAnimation: win=WindowStateAnimator{deb88fe StatusBar} anim=17432605 attr=0xffffffff a=android.view.animation.AnimationSet@c4a2b99 transit=1 isEntrance=true Callers com.android.server.wm.WindowStateAnimator.applyEnterAnimationLocked:1827 com.android.server.wm.WindowStateAnimator.performShowLocked:1732 com.android.server.wm.WindowStateAnimator.commitFinishDrawingLocked:547 
07-02 21:20:18.550  1458  1520 V WindowStateAnimator: Loaded animation android.view.animation.AnimationSet@c4a2b99 for WindowStateAnimator{deb88fe StatusBar}
07-02 21:20:18.550  1458  1520 V WindowStateAnimator: performShowLocked: mDrawState=HAS_DRAWN in WindowStateAnimator{deb88fe StatusBar}
07-02 21:20:18.551  1458  1520 I WindowStateAnimator: commitFinishDrawingLocked: mDrawState=READY_TO_SHOW Surface(name=com.android.systemui.ImageWallpaper)
07-02 21:20:18.551  1458  1520 V WindowStateAnimator: performShow on WindowStateAnimator{80b9d62 com.android.systemui.ImageWallpaper}: mDrawState=READY_TO_SHOW readyForDisplay=false starting=false during animation: policyVis=true attHidden=false tok.hiddenRequested=false tok.hidden=false animating=false tok animating=false Callers=com.android.server.wm.WindowStateAnimator.commitFinishDrawingLocked:547 com.android.server.wm.WindowManagerService.performLayoutAndPlaceSurfacesLockedInner:10254 com.android.server.wm.WindowManagerService.performLayoutAndPlaceSurfacesLockedLoop:9131 
07-02 21:20:18.552  1458  1520 I WindowManager: <<< CLOSE TRANSACTION performLayoutAndPlaceSurfaces
07-02 21:20:18.556  1458  1520 I WindowAnimator: >>> OPEN TRANSACTION animateLocked
07-02 21:20:18.556  1458  1520 V WindowStateAnimator: Starting animation in WindowStateAnimator{deb88fe StatusBar} @ 70347: ww=720 wh=48 dw=720 dh=1280 scale=1.0
07-02 21:20:18.557  1458  1520 V WindowStateAnimator: performShow on WindowStateAnimator{80b9d62 com.android.systemui.ImageWallpaper}: mDrawState=READY_TO_SHOW readyForDisplay=false starting=false during animation: policyVis=true attHidden=false tok.hiddenRequested=false tok.hidden=false animating=false tok animating=false Callers=com.android.server.wm.WindowAnimator.updateWindowsLocked:440 com.android.server.wm.WindowAnimator.animateLocked:688 com.android.server.wm.WindowAnimator.access$000:53 
07-02 21:20:18.557  1458  1520 I WindowManager:   SURFACE POS 0.0, -48.0: Window{109f5e9 u0 StatusBar}
07-02 21:20:18.557  1458  1520 I WindowManager:   SURFACE alpha=1.0 layer=161000 matrix=[1.0*1.0,0.0*1.0][0.0*1.0,1.0*1.0]: Window{109f5e9 u0 StatusBar}
07-02 21:20:18.557  1458  1520 I WindowManager:   SURFACE SHOW (performLayout): Window{109f5e9 u0 StatusBar}
07-02 21:20:18.557  1458  1520 V WindowStateAnimator: Showing Window{109f5e9 u0 StatusBar} during relayout
07-02 21:20:18.559  1458  1520 I WindowAnimator: <<< CLOSE TRANSACTION animateLocked
07-02 21:20:18.560  1458  1520 I WindowManager: >>> OPEN TRANSACTION performLayoutAndPlaceSurfaces
07-02 21:20:18.560  1458  1520 I WindowStateAnimator: commitFinishDrawingLocked: mDrawState=READY_TO_SHOW Surface(name=com.android.systemui.ImageWallpaper)
07-02 21:20:18.561  1458  1520 V WindowStateAnimator: performShow on WindowStateAnimator{80b9d62 com.android.systemui.ImageWallpaper}: mDrawState=READY_TO_SHOW readyForDisplay=false starting=false during animation: policyVis=true attHidden=false tok.hiddenRequested=false tok.hidden=false animating=false tok animating=false Callers=com.android.server.wm.WindowStateAnimator.commitFinishDrawingLocked:547 com.android.server.wm.WindowManagerService.performLayoutAndPlaceSurfacesLockedInner:10254 com.android.server.wm.WindowManagerService.performLayoutAndPlaceSurfacesLockedLoop:9131 
07-02 21:20:18.563  1458  1520 I WindowManager: <<< CLOSE TRANSACTION performLayoutAndPlaceSurfaces
07-02 21:20:18.573  1458  1520 I WindowAnimator: >>> OPEN TRANSACTION animateLocked
07-02 21:20:18.574  1458  1520 V WindowStateAnimator: performShow on WindowStateAnimator{80b9d62 com.android.systemui.ImageWallpaper}: mDrawState=READY_TO_SHOW readyForDisplay=false starting=false during animation: policyVis=true attHidden=false tok.hiddenRequested=false tok.hidden=false animating=false tok animating=false Callers=com.android.server.wm.WindowAnimator.updateWindowsLocked:440 com.android.server.wm.WindowAnimator.animateLocked:688 com.android.server.wm.WindowAnimator.access$000:53 
07-02 21:20:18.574  1458  1520 I WindowManager:   SURFACE POS 0.0, -39.36124: Window{109f5e9 u0 StatusBar}
07-02 21:20:18.574  1458  1520 V WindowStateAnimator: prepareSurface: No changes in animation for WindowStateAnimator{deb88fe StatusBar}
07-02 21:20:18.589  1458  1520 I WindowAnimator: <<< CLOSE TRANSACTION animateLocked
07-02 21:20:18.589  1458  1520 I WindowAnimator: >>> OPEN TRANSACTION animateLocked
07-02 21:20:18.590  1458  1520 V WindowStateAnimator: performShow on WindowStateAnimator{80b9d62 com.android.systemui.ImageWallpaper}: mDrawState=READY_TO_SHOW readyForDisplay=false starting=false during animation: policyVis=true attHidden=false tok.hiddenRequested=false tok.hidden=false animating=false tok animating=false Callers=com.android.server.wm.WindowAnimator.updateWindowsLocked:440 com.android.server.wm.WindowAnimator.animateLocked:688 com.android.server.wm.WindowAnimator.access$000:53 
07-02 21:20:18.590  1458  1520 I WindowManager:   SURFACE POS 0.0, -31.39066: Window{109f5e9 u0 StatusBar}
07-02 21:20:18.590  1458  1520 V WindowStateAnimator: prepareSurface: No changes in animation for WindowStateAnimator{deb88fe StatusBar}
07-02 21:20:18.594  1458  1520 I WindowAnimator: <<< CLOSE TRANSACTION animateLocked
07-02 21:20:18.605  1458  1520 I WindowAnimator: >>> OPEN TRANSACTION animateLocked
07-02 21:20:18.606  1458  1520 V WindowStateAnimator: performShow on WindowStateAnimator{80b9d62 com.android.systemui.ImageWallpaper}: mDrawState=READY_TO_SHOW readyForDisplay=false starting=false during animation: policyVis=true attHidden=false tok.hiddenRequested=false tok.hidden=false animating=false tok animating=false Callers=com.android.server.wm.WindowAnimator.updateWindowsLocked:440 com.android.server.wm.WindowAnimator.animateLocked:688 com.android.server.wm.WindowAnimator.access$000:53 
07-02 21:20:18.606  1458  1520 I WindowManager:   SURFACE POS 0.0, -24.576: Window{109f5e9 u0 StatusBar}
07-02 21:20:18.607  1458  1520 V WindowStateAnimator: prepareSurface: No changes in animation for WindowStateAnimator{deb88fe StatusBar}
07-02 21:20:18.607  1458  1520 I WindowAnimator: <<< CLOSE TRANSACTION animateLocked
07-02 21:20:18.622  1458  1520 I WindowAnimator: >>> OPEN TRANSACTION animateLocked
07-02 21:20:18.623  1458  1520 V WindowStateAnimator: performShow on WindowStateAnimator{80b9d62 com.android.systemui.ImageWallpaper}: mDrawState=READY_TO_SHOW readyForDisplay=false starting=false during animation: policyVis=true attHidden=false tok.hiddenRequested=false tok.hidden=false animating=false tok animating=false Callers=com.android.server.wm.WindowAnimator.updateWindowsLocked:440 com.android.server.wm.WindowAnimator.animateLocked:688 com.android.server.wm.WindowAnimator.access$000:53 
07-02 21:20:18.623  1458  1520 I WindowManager:   SURFACE POS 0.0, -19.137035: Window{109f5e9 u0 StatusBar}
07-02 21:20:18.623  1458  1520 V WindowStateAnimator: prepareSurface: No changes in animation for WindowStateAnimator{deb88fe StatusBar}
07-02 21:20:18.623  1458  1520 I WindowAnimator: <<< CLOSE TRANSACTION animateLocked
07-02 21:20:18.639  1458  1520 I WindowAnimator: >>> OPEN TRANSACTION animateLocked
07-02 21:20:18.640  1458  1520 V WindowStateAnimator: performShow on WindowStateAnimator{80b9d62 com.android.systemui.ImageWallpaper}: mDrawState=READY_TO_SHOW readyForDisplay=false starting=false during animation: policyVis=true attHidden=false tok.hiddenRequested=false tok.hidden=false animating=false tok animating=false Callers=com.android.server.wm.WindowAnimator.updateWindowsLocked:440 com.android.server.wm.WindowAnimator.animateLocked:688 com.android.server.wm.WindowAnimator.access$000:53 
07-02 21:20:18.640  1458  1520 I WindowManager:   SURFACE POS 0.0, -14.307724: Window{109f5e9 u0 StatusBar}
07-02 21:20:18.640  1458  1520 V WindowStateAnimator: prepareSurface: No changes in animation for WindowStateAnimator{deb88fe StatusBar}
07-02 21:20:18.641  1458  1520 I WindowAnimator: <<< CLOSE TRANSACTION animateLocked
07-02 21:20:18.656  1458  1520 I WindowAnimator: >>> OPEN TRANSACTION animateLocked
07-02 21:20:18.656  1458  1520 V WindowStateAnimator: performShow on WindowStateAnimator{80b9d62 com.android.systemui.ImageWallpaper}: mDrawState=READY_TO_SHOW readyForDisplay=false starting=false during animation: policyVis=true attHidden=false tok.hiddenRequested=false tok.hidden=false animating=false tok animating=false Callers=com.android.server.wm.WindowAnimator.updateWindowsLocked:440 com.android.server.wm.WindowAnimator.animateLocked:688 com.android.server.wm.WindowAnimator.access$000:53 
07-02 21:20:18.657  1458  1520 I WindowManager:   SURFACE POS 0.0, -10.368: Window{109f5e9 u0 StatusBar}
07-02 21:20:18.657  1458  1520 V WindowStateAnimator: prepareSurface: No changes in animation for WindowStateAnimator{deb88fe StatusBar}
07-02 21:20:18.658  1458  1520 I WindowAnimator: <<< CLOSE TRANSACTION animateLocked
07-02 21:20:18.672  1458  1520 I WindowAnimator: >>> OPEN TRANSACTION animateLocked
07-02 21:20:18.673  1458  1520 V WindowStateAnimator: performShow on WindowStateAnimator{80b9d62 com.android.systemui.ImageWallpaper}: mDrawState=READY_TO_SHOW readyForDisplay=false starting=false during animation: policyVis=true attHidden=false tok.hiddenRequested=false tok.hidden=false animating=false tok animating=false Callers=com.android.server.wm.WindowAnimator.updateWindowsLocked:440 com.android.server.wm.WindowAnimator.animateLocked:688 com.android.server.wm.WindowAnimator.access$000:53 
07-02 21:20:18.673  1458  1520 I WindowManager:   SURFACE POS 0.0, -7.391552: Window{109f5e9 u0 StatusBar}
07-02 21:20:18.673  1458  1520 V WindowStateAnimator: prepareSurface: No changes in animation for WindowStateAnimator{deb88fe StatusBar}
07-02 21:20:18.675  1458  1520 I WindowAnimator: <<< CLOSE TRANSACTION animateLocked
07-02 21:20:18.692  1458  1520 I WindowAnimator: >>> OPEN TRANSACTION animateLocked
07-02 21:20:18.693  1458  1520 V WindowStateAnimator: performShow on WindowStateAnimator{80b9d62 com.android.systemui.ImageWallpaper}: mDrawState=READY_TO_SHOW readyForDisplay=false starting=false during animation: policyVis=true attHidden=false tok.hiddenRequested=false tok.hidden=false animating=false tok animating=false Callers=com.android.server.wm.WindowAnimator.updateWindowsLocked:440 com.android.server.wm.WindowAnimator.animateLocked:688 com.android.server.wm.WindowAnimator.access$000:53 
07-02 21:20:18.693  1458  1520 I WindowManager:   SURFACE POS 0.0, -4.9201546: Window{109f5e9 u0 StatusBar}
07-02 21:20:18.693  1458  1520 V WindowStateAnimator: prepareSurface: No changes in animation for WindowStateAnimator{deb88fe StatusBar}
07-02 21:20:18.694  1458  1520 I WindowAnimator: <<< CLOSE TRANSACTION animateLocked
07-02 21:20:18.706  1458  1520 I WindowAnimator: >>> OPEN TRANSACTION animateLocked
07-02 21:20:18.710  1458  1520 V WindowStateAnimator: performShow on WindowStateAnimator{80b9d62 com.android.systemui.ImageWallpaper}: mDrawState=READY_TO_SHOW readyForDisplay=false starting=false during animation: policyVis=true attHidden=false tok.hiddenRequested=false tok.hidden=false animating=false tok animating=false Callers=com.android.server.wm.WindowAnimator.updateWindowsLocked:440 com.android.server.wm.WindowAnimator.animateLocked:688 com.android.server.wm.WindowAnimator.access$000:53 
07-02 21:20:18.713  1458  1520 I WindowManager:   SURFACE POS 0.0, -3.0719986: Window{109f5e9 u0 StatusBar}
07-02 21:20:18.715  1458  1520 V WindowStateAnimator: prepareSurface: No changes in animation for WindowStateAnimator{deb88fe StatusBar}
07-02 21:20:18.718  1458  1520 I WindowAnimator: <<< CLOSE TRANSACTION animateLocked
07-02 21:20:18.723  1458  1520 I WindowAnimator: >>> OPEN TRANSACTION animateLocked
07-02 21:20:18.727  1458  1520 V WindowStateAnimator: performShow on WindowStateAnimator{80b9d62 com.android.systemui.ImageWallpaper}: mDrawState=READY_TO_SHOW readyForDisplay=false starting=false during animation: policyVis=true attHidden=false tok.hiddenRequested=false tok.hidden=false animating=false tok animating=false Callers=com.android.server.wm.WindowAnimator.updateWindowsLocked:440 com.android.server.wm.WindowAnimator.animateLocked:688 com.android.server.wm.WindowAnimator.access$000:53 
07-02 21:20:18.732  1458  1520 I WindowManager:   SURFACE POS 0.0, -1.7565308: Window{109f5e9 u0 StatusBar}
07-02 21:20:18.734  1458  1520 V WindowStateAnimator: prepareSurface: No changes in animation for WindowStateAnimator{deb88fe StatusBar}
07-02 21:20:18.739  1458  1520 I WindowAnimator: <<< CLOSE TRANSACTION animateLocked
07-02 21:20:18.742  1458  1520 I WindowAnimator: >>> OPEN TRANSACTION animateLocked
07-02 21:20:18.745  1458  1520 V WindowStateAnimator: performShow on WindowStateAnimator{80b9d62 com.android.systemui.ImageWallpaper}: mDrawState=READY_TO_SHOW readyForDisplay=false starting=false during animation: policyVis=true attHidden=false tok.hiddenRequested=false tok.hidden=false animating=false tok animating=false Callers=com.android.server.wm.WindowAnimator.updateWindowsLocked:440 com.android.server.wm.WindowAnimator.animateLocked:688 com.android.server.wm.WindowAnimator.access$000:53 
07-02 21:20:18.748  1458  1520 I WindowManager:   SURFACE POS 0.0, -0.92394257: Window{109f5e9 u0 StatusBar}
07-02 21:20:18.749  1458  1520 V WindowStateAnimator: prepareSurface: No changes in animation for WindowStateAnimator{deb88fe StatusBar}
07-02 21:20:18.752  1458  1520 I WindowAnimator: <<< CLOSE TRANSACTION animateLocked
07-02 21:20:18.758  1458  1520 I WindowAnimator: >>> OPEN TRANSACTION animateLocked
07-02 21:20:18.759  1458  1520 V WindowStateAnimator: performShow on WindowStateAnimator{80b9d62 com.android.systemui.ImageWallpaper}: mDrawState=READY_TO_SHOW readyForDisplay=false starting=false during animation: policyVis=true attHidden=false tok.hiddenRequested=false tok.hidden=false animating=false tok animating=false Callers=com.android.server.wm.WindowAnimator.updateWindowsLocked:440 com.android.server.wm.WindowAnimator.animateLocked:688 com.android.server.wm.WindowAnimator.access$000:53 
07-02 21:20:18.759  1458  1520 I WindowManager:   SURFACE POS 0.0, -0.3840027: Window{109f5e9 u0 StatusBar}
07-02 21:20:18.759  1458  1520 V WindowStateAnimator: prepareSurface: No changes in animation for WindowStateAnimator{deb88fe StatusBar}
07-02 21:20:18.760  1458  1520 I WindowAnimator: <<< CLOSE TRANSACTION animateLocked
07-02 21:20:18.773  1458  1520 I WindowAnimator: >>> OPEN TRANSACTION animateLocked
07-02 21:20:18.774  1458  1520 V WindowStateAnimator: performShow on WindowStateAnimator{80b9d62 com.android.systemui.ImageWallpaper}: mDrawState=READY_TO_SHOW readyForDisplay=false starting=false during animation: policyVis=true attHidden=false tok.hiddenRequested=false tok.hidden=false animating=false tok animating=false Callers=com.android.server.wm.WindowAnimator.updateWindowsLocked:440 com.android.server.wm.WindowAnimator.animateLocked:688 com.android.server.wm.WindowAnimator.access$000:53 
07-02 21:20:18.778  1458  1520 I WindowManager:   SURFACE POS 0.0, -0.11039734: Window{109f5e9 u0 StatusBar}
07-02 21:20:18.778  1458  1520 V WindowStateAnimator: prepareSurface: No changes in animation for WindowStateAnimator{deb88fe StatusBar}
07-02 21:20:18.778  1458  1520 I WindowAnimator: <<< CLOSE TRANSACTION animateLocked
07-02 21:20:18.790  1458  1520 I WindowAnimator: >>> OPEN TRANSACTION animateLocked
07-02 21:20:18.791  1458  1520 V WindowStateAnimator: performShow on WindowStateAnimator{80b9d62 com.android.systemui.ImageWallpaper}: mDrawState=READY_TO_SHOW readyForDisplay=false starting=false during animation: policyVis=true attHidden=false tok.hiddenRequested=false tok.hidden=false animating=false tok animating=false Callers=com.android.server.wm.WindowAnimator.updateWindowsLocked:440 com.android.server.wm.WindowAnimator.animateLocked:688 com.android.server.wm.WindowAnimator.access$000:53 
07-02 21:20:18.791  1458  1520 I WindowManager:   SURFACE POS 0.0, -0.015090942: Window{109f5e9 u0 StatusBar}
07-02 21:20:18.791  1458  1520 V WindowStateAnimator: prepareSurface: No changes in animation for WindowStateAnimator{deb88fe StatusBar}
07-02 21:20:18.792  1458  1520 I WindowAnimator: <<< CLOSE TRANSACTION animateLocked
07-02 21:20:18.796  1458  2697 I WindowStateAnimator: createSurface WindowStateAnimator{2a21b0e FloatNotificationPanel}: mDrawState=DRAW_PENDING
07-02 21:20:18.796  1458  2697 V WindowStateAnimator: Creating surface in session android.view.SurfaceSession@4a2ca36 window WindowStateAnimator{2a21b0e FloatNotificationPanel} w=1 h=1 x=0.0 y=0.0 format=-2 flags=4
07-02 21:20:18.798  1458  2697 I WindowStateAnimator:   CREATE SURFACE Surface(name=FloatNotificationPanel) IN SESSION android.view.SurfaceSession@4a2ca36: pid=1867 format=-2 flags=0x4 / WindowStateAnimator{2a21b0e FloatNotificationPanel}
07-02 21:20:18.798  1458  2697 I WindowStateAnimator: >>> OPEN TRANSACTION createSurfaceLocked
07-02 21:20:18.798  1458  2697 I WindowManager:   SURFACE CREATE pos=(0,0) (0x0), layer=171005 HIDE: Window{341ae10 u0 FloatNotificationPanel}
07-02 21:20:18.798  1458  2697 I WindowStateAnimator: <<< CLOSE TRANSACTION createSurfaceLocked
07-02 21:20:18.799  1458  2697 I WindowManager:   OUT SURFACE Surface(name=null)/@0xe17f92f: copied
07-02 21:20:18.799  1458  2697 V WindowManager: Done at AppWindowToken{f3e1208 token=Token{24a1bab ActivityRecord{3ad89fa u10 com.miui.securitycore/com.miui.securityspace.ui.activity.GuideStartActivity t98}}} -- full screen, return 1
07-02 21:20:18.799  1458  2697 I WindowManager: >>> OPEN TRANSACTION performLayoutAndPlaceSurfaces
07-02 21:20:18.799  1458  2697 I WindowManager:   SURFACE SIZE 720x189: Window{341ae10 u0 FloatNotificationPanel}
07-02 21:20:18.800  1458  2697 I WindowManager:   SURFACE CROP [0,0][720,189]: Window{341ae10 u0 FloatNotificationPanel}
07-02 21:20:18.800  1458  2697 V WindowManager: Resize reasons for w=Window{341ae10 u0 FloatNotificationPanel}:  contentInsetsChanged=false [0,0][0,0] visibleInsetsChanged=false [0,0][0,0] stableInsetsChanged=true [0,48][0,0] outsetsChanged=false [0,0][0,0] surfaceResized=true configChanged=true
07-02 21:20:18.800  1458  2697 V WindowManager: Resizing window Window{341ae10 u0 FloatNotificationPanel} to 720.0x189.0
07-02 21:20:18.800  1458  2697 I WindowStateAnimator: commitFinishDrawingLocked: mDrawState=READY_TO_SHOW Surface(name=com.android.systemui.ImageWallpaper)
07-02 21:20:18.800  1458  2697 V WindowStateAnimator: performShow on WindowStateAnimator{80b9d62 com.android.systemui.ImageWallpaper}: mDrawState=READY_TO_SHOW readyForDisplay=false starting=false during animation: policyVis=true attHidden=false tok.hiddenRequested=false tok.hidden=false animating=false tok animating=false Callers=com.android.server.wm.WindowStateAnimator.commitFinishDrawingLocked:547 com.android.server.wm.WindowManagerService.performLayoutAndPlaceSurfacesLockedInner:10254 com.android.server.wm.WindowManagerService.performLayoutAndPlaceSurfacesLockedLoop:9131 
07-02 21:20:18.806  1458  2697 I WindowManager: <<< CLOSE TRANSACTION performLayoutAndPlaceSurfaces
07-02 21:20:18.808  1458  2697 I WindowManager: >>> OPEN TRANSACTION performLayoutAndPlaceSurfaces
07-02 21:20:18.809  1458  2697 I WindowStateAnimator: commitFinishDrawingLocked: mDrawState=READY_TO_SHOW Surface(name=com.android.systemui.ImageWallpaper)
07-02 21:20:18.809  1458  2697 V WindowStateAnimator: performShow on WindowStateAnimator{80b9d62 com.android.systemui.ImageWallpaper}: mDrawState=READY_TO_SHOW readyForDisplay=false starting=false during animation: policyVis=true attHidden=false tok.hiddenRequested=false tok.hidden=false animating=false tok animating=false Callers=com.android.server.wm.WindowStateAnimator.commitFinishDrawingLocked:547 com.android.server.wm.WindowManagerService.performLayoutAndPlaceSurfacesLockedInner:10254 com.android.server.wm.WindowManagerService.performLayoutAndPlaceSurfacesLockedLoop:9131 
07-02 21:20:18.811  1458  2697 I WindowManager: <<< CLOSE TRANSACTION performLayoutAndPlaceSurfaces
07-02 21:20:18.813  1458  1520 I WindowAnimator: >>> OPEN TRANSACTION animateLocked
07-02 21:20:18.814  1458  1520 V WindowStateAnimator: performShow on WindowStateAnimator{80b9d62 com.android.systemui.ImageWallpaper}: mDrawState=READY_TO_SHOW readyForDisplay=false starting=false during animation: policyVis=true attHidden=false tok.hiddenRequested=false tok.hidden=false animating=false tok animating=false Callers=com.android.server.wm.WindowAnimator.updateWindowsLocked:440 com.android.server.wm.WindowAnimator.animateLocked:688 com.android.server.wm.WindowAnimator.access$000:53 
07-02 21:20:18.814  1458  1520 I WindowManager:   SURFACE POS 0.0, 0.0: Window{109f5e9 u0 StatusBar}
07-02 21:20:18.814  1458  1520 V WindowStateAnimator: prepareSurface: No changes in animation for WindowStateAnimator{deb88fe StatusBar}
07-02 21:20:18.814  1458  1520 I WindowManager:   SURFACE alpha=1.0 layer=171005 matrix=[1.0*1.0,0.0*1.0][0.0*1.0,1.0*1.0]: Window{341ae10 u0 FloatNotificationPanel}
07-02 21:20:18.815  1458  1520 I WindowAnimator: <<< CLOSE TRANSACTION animateLocked
07-02 21:20:18.823  1458  1520 I WindowAnimator: >>> OPEN TRANSACTION animateLocked
07-02 21:20:18.825  1458  1520 V WindowStateAnimator: Finished animation in WindowStateAnimator{deb88fe StatusBar} @ 70614
07-02 21:20:18.825  1458  1520 V WindowStateAnimator: Animation done in WindowStateAnimator{deb88fe StatusBar}: exiting=false, reportedVisible=false
07-02 21:20:18.825  1458  1520 V WindowStateAnimator: finishExit in WindowStateAnimator{deb88fe StatusBar}: exiting=false remove=false windowAnimating=false
07-02 21:20:18.826  1458  1520 V WindowStateAnimator: performShow on WindowStateAnimator{80b9d62 com.android.systemui.ImageWallpaper}: mDrawState=READY_TO_SHOW readyForDisplay=false starting=false during animation: policyVis=true attHidden=false tok.hiddenRequested=false tok.hidden=false animating=false tok animating=false Callers=com.android.server.wm.WindowAnimator.updateWindowsLocked:440 com.android.server.wm.WindowAnimator.animateLocked:688 com.android.server.wm.WindowAnimator.access$000:53 
07-02 21:20:18.826  1458  1520 I WindowManager:   SURFACE alpha=1.0 layer=171005 matrix=[1.0*1.0,0.0*1.0][0.0*1.0,1.0*1.0]: Window{341ae10 u0 FloatNotificationPanel}
07-02 21:20:18.827  1458  1520 I WindowAnimator: <<< CLOSE TRANSACTION animateLocked
07-02 21:20:18.827  1458  2677 V WindowStateAnimator: finishDrawingLocked: mDrawState=COMMIT_DRAW_PENDING WindowStateAnimator{2a21b0e FloatNotificationPanel} in Surface(name=FloatNotificationPanel)
07-02 21:20:18.827  1458  1520 I WindowManager: >>> OPEN TRANSACTION performLayoutAndPlaceSurfaces
07-02 21:20:18.828  1458  1520 I WindowStateAnimator: commitFinishDrawingLocked: mDrawState=READY_TO_SHOW Surface(name=FloatNotificationPanel)
07-02 21:20:18.829  1458  1520 V WindowStateAnimator: performShow on WindowStateAnimator{2a21b0e FloatNotificationPanel}: mDrawState=READY_TO_SHOW readyForDisplay=true starting=false during animation: policyVis=true attHidden=false tok.hiddenRequested=false tok.hidden=false animating=false tok animating=false Callers=com.android.server.wm.WindowStateAnimator.commitFinishDrawingLocked:547 com.android.server.wm.WindowManagerService.performLayoutAndPlaceSurfacesLockedInner:10254 com.android.server.wm.WindowManagerService.performLayoutAndPlaceSurfacesLockedLoop:9131 
07-02 21:20:18.829  1458  1520 I WindowManager:   SURFACE SHOW (performShowLocked): Window{341ae10 u0 FloatNotificationPanel}
07-02 21:20:18.829  1458  1520 V WindowStateAnimator: Showing WindowStateAnimator{2a21b0e FloatNotificationPanel} during animation: policyVis=true attHidden=false tok.hiddenRequested=false tok.hidden=false animating=false tok animating=false
07-02 21:20:18.830  1458  1520 V WindowStateAnimator: applyAnimation: win=WindowStateAnimator{2a21b0e FloatNotificationPanel} anim=0 attr=0x0 a=null transit=1 isEntrance=true Callers com.android.server.wm.WindowStateAnimator.applyEnterAnimationLocked:1827 com.android.server.wm.WindowStateAnimator.performShowLocked:1732 com.android.server.wm.WindowStateAnimator.commitFinishDrawingLocked:547 
07-02 21:20:18.830  1458  1520 V WindowStateAnimator: performShowLocked: mDrawState=HAS_DRAWN in WindowStateAnimator{2a21b0e FloatNotificationPanel}
07-02 21:20:18.830  1458  1520 I WindowStateAnimator: commitFinishDrawingLocked: mDrawState=READY_TO_SHOW Surface(name=com.android.systemui.ImageWallpaper)
07-02 21:20:18.831  1458  1520 V WindowStateAnimator: performShow on WindowStateAnimator{80b9d62 com.android.systemui.ImageWallpaper}: mDrawState=READY_TO_SHOW readyForDisplay=false starting=false during animation: policyVis=true attHidden=false tok.hiddenRequested=false tok.hidden=false animating=false tok animating=false Callers=com.android.server.wm.WindowStateAnimator.commitFinishDrawingLocked:547 com.android.server.wm.WindowManagerService.performLayoutAndPlaceSurfacesLockedInner:10254 com.android.server.wm.WindowManagerService.performLayoutAndPlaceSurfacesLockedLoop:9131 
07-02 21:20:18.831  1458  1520 I WindowManager: <<< CLOSE TRANSACTION performLayoutAndPlaceSurfaces
07-02 21:20:18.839  1458  1520 I WindowAnimator: >>> OPEN TRANSACTION animateLocked
07-02 21:20:18.841  1458  1520 V WindowStateAnimator: performShow on WindowStateAnimator{80b9d62 com.android.systemui.ImageWallpaper}: mDrawState=READY_TO_SHOW readyForDisplay=false starting=false during animation: policyVis=true attHidden=false tok.hiddenRequested=false tok.hidden=false animating=false tok animating=false Callers=com.android.server.wm.WindowAnimator.updateWindowsLocked:440 com.android.server.wm.WindowAnimator.animateLocked:688 com.android.server.wm.WindowAnimator.access$000:53 
07-02 21:20:18.841  1458  1520 I WindowManager:   SURFACE alpha=1.0 layer=171005 matrix=[1.0*1.0,0.0*1.0][0.0*1.0,1.0*1.0]: Window{341ae10 u0 FloatNotificationPanel}
07-02 21:20:18.842  1458  1520 I WindowManager:   SURFACE SHOW (performLayout): Window{341ae10 u0 FloatNotificationPanel}
07-02 21:20:18.842  1458  1520 V WindowStateAnimator: Showing Window{341ae10 u0 FloatNotificationPanel} during relayout
07-02 21:20:18.842  1458  1520 I WindowAnimator: <<< CLOSE TRANSACTION animateLocked
07-02 21:20:18.842  1458  1520 I WindowManager: >>> OPEN TRANSACTION performLayoutAndPlaceSurfaces
07-02 21:20:18.843  1458  1520 I WindowStateAnimator: commitFinishDrawingLocked: mDrawState=READY_TO_SHOW Surface(name=com.android.systemui.ImageWallpaper)
07-02 21:20:18.843  1458  1520 V WindowStateAnimator: performShow on WindowStateAnimator{80b9d62 com.android.systemui.ImageWallpaper}: mDrawState=READY_TO_SHOW readyForDisplay=false starting=false during animation: policyVis=true attHidden=false tok.hiddenRequested=false tok.hidden=false animating=false tok animating=false Callers=com.android.server.wm.WindowStateAnimator.commitFinishDrawingLocked:547 com.android.server.wm.WindowManagerService.performLayoutAndPlaceSurfacesLockedInner:10254 com.android.server.wm.WindowManagerService.performLayoutAndPlaceSurfacesLockedLoop:9131 
07-02 21:20:18.844  1458  1520 I WindowManager: <<< CLOSE TRANSACTION performLayoutAndPlaceSurfaces
07-02 21:20:18.856  1458  1520 I WindowAnimator: >>> OPEN TRANSACTION animateLocked
07-02 21:20:18.858  1458  1520 V WindowStateAnimator: performShow on WindowStateAnimator{80b9d62 com.android.systemui.ImageWallpaper}: mDrawState=READY_TO_SHOW readyForDisplay=false starting=false during animation: policyVis=true attHidden=false tok.hiddenRequested=false tok.hidden=false animating=false tok animating=false Callers=com.android.server.wm.WindowAnimator.updateWindowsLocked:440 com.android.server.wm.WindowAnimator.animateLocked:688 com.android.server.wm.WindowAnimator.access$000:53 
07-02 21:20:18.859  1458  1520 I WindowAnimator: <<< CLOSE TRANSACTION animateLocked
07-02 21:20:19.154  5968  5968 W HardwareRenderer: 	at android.view.WindowManagerGlobal.addView(WindowManagerGlobal.java:313)
07-02 21:20:19.154  5968  5968 W HardwareRenderer: 	at android.view.WindowManagerImpl.addView(WindowManagerImpl.java:86)
07-02 21:20:19.159  1458  1726 I WindowManager:   NEW SURFACE SESSION android.view.SurfaceSession@d09848a
07-02 21:20:19.211  1458  3005 I WindowManager: Releasing surface in: Window{19d9ef5 u10 com.miui.home/com.miui.home.launcher.Launcher}
07-02 21:20:19.212  1458  3005 V WindowManager: Done at AppWindowToken{f3e1208 token=Token{24a1bab ActivityRecord{3ad89fa u10 com.miui.securitycore/com.miui.securityspace.ui.activity.GuideStartActivity t98}}} -- full screen, return 1
07-02 21:20:19.212  1458  3005 I WindowManager: >>> OPEN TRANSACTION performLayoutAndPlaceSurfaces
07-02 21:20:19.212  1458  3005 I WindowStateAnimator: commitFinishDrawingLocked: mDrawState=READY_TO_SHOW Surface(name=com.android.systemui.ImageWallpaper)
07-02 21:20:19.213  1458  3005 V WindowStateAnimator: performShow on WindowStateAnimator{80b9d62 com.android.systemui.ImageWallpaper}: mDrawState=READY_TO_SHOW readyForDisplay=false starting=false during animation: policyVis=true attHidden=false tok.hiddenRequested=false tok.hidden=false animating=false tok animating=false Callers=com.android.server.wm.WindowStateAnimator.commitFinishDrawingLocked:547 com.android.server.wm.WindowManagerService.performLayoutAndPlaceSurfacesLockedInner:10254 com.android.server.wm.WindowManagerService.performLayoutAndPlaceSurfacesLockedLoop:9131 
07-02 21:20:19.213  1458  3005 I WindowManager: <<< CLOSE TRANSACTION performLayoutAndPlaceSurfaces
