04-13 10:47:34.628  1576  1671 I WindowManager: >>> OPEN TRANSACTION animateLocked
04-13 10:47:34.628   549   549 E AAAA    : setUpHWComposer: empty: more  wasEmpty: notEmpty
04-13 10:47:34.628  1576  1671 V WindowManager: Step: starting start, finish, rotate
04-13 10:47:34.628  1576  1671 V WindowManager: Step: finish anim now ready
04-13 10:47:34.628  1576  1671 V WindowManager: Step: finishNow=0
04-13 10:47:34.628  1576  1671 V WindowManager: Stepped rotate exit: Transformation{alpha=1.0 matrix=[1.0, 0.0, 0.0][0.0, 1.0, 0.0][0.0, 0.0, 1.0]}
04-13 10:47:34.629  1576  1671 V WindowManager: Stepped rotate enter: Transformation{alpha=0.0 matrix=[1.0, 0.0, 0.0][0.0, 1.0, 0.0][0.0, 0.0, 1.0]}
04-13 10:47:34.629  1576  1671 V WindowManager: Final exit: Transformation{alpha=1.0 matrix=[1.0, 0.0, 0.0][0.0, 1.0, 0.0][0.0, 0.0, 1.0]}
04-13 10:47:34.629  1576  1671 V WindowManager: Final enter: Transformation{alpha=0.0 matrix=[1.0, 0.0, 0.0][0.0, 1.0, 0.0][0.0, 0.0, 1.0]}
04-13 10:47:34.629  1576  1671 V WindowManager: Step: more=true
04-13 10:47:34.629  1576  1671 I WindowManager:   SURFACE Surface(name=com.miui.securitycore/com.miui.securityspace.ui.activity.GuideStartActivity)---MATRIX [1.0,0.0,0.0,1.0]: com.miui.securitycore/com.miui.securityspace.ui.activity.GuideStartActivity
04-13 10:47:34.629  1576  1671 I WindowManager:   SURFACE controller=Surface(name=com.miui.securitycore/com.miui.securityspace.ui.activity.GuideStartActivity)alpha=0.0 layer=21010 matrix=[1.0*1.0,0.0*1.0][0.0*1.0,1.0*1.0]: Window{122ba83 u10 com.miui.securitycore/com.miui.securityspace.ui.activity.GuideStartActivity}
04-13 10:47:34.629  1576  1671 I WindowManager: Original  : (0.0,0.0)-(1080.0,1920.0)
04-13 10:47:34.629  1576  1671 I WindowManager: Transformed: (0.0,0.0)-(1080.0,1920.0)
04-13 10:47:34.630  1576  1671 I WindowManager: <<< CLOSE TRANSACTION animateLocked
04-13 10:47:34.645   549   549 E AAAA    : setUpHWComposer: empty: hasOne  wasEmpty: notEmpty
04-13 10:47:34.645  1576  1671 I WindowManager: >>> OPEN TRANSACTION animateLocked
04-13 10:47:34.645   549   549 E AAAA    : layer name ScreenshotSurface
04-13 10:47:34.646  1576  1671 V WindowManager: Step: finishNow=16
04-13 10:47:34.646  1576  1671 V WindowManager: Stepped rotate exit: Transformation{alpha=0.9974755 matrix=[1.0, 0.0, 0.0][0.0, 1.0, 0.0][0.0, 0.0, 1.0]}
04-13 10:47:34.646  1576  1671 V WindowManager: Stepped rotate enter: Transformation{alpha=0.0025244951 matrix=[1.0, 0.0, 0.0][0.0, 1.0, 0.0][0.0, 0.0, 1.0]}
04-13 10:47:34.646  1576  1671 V WindowManager: Final exit: Transformation{alpha=0.9974755 matrix=[1.0, 0.0, 0.0][0.0, 1.0, 0.0][0.0, 0.0, 1.0]}
04-13 10:47:34.646  1576  1671 V WindowManager: Final enter: Transformation{alpha=0.0025244951 matrix=[1.0, 0.0, 0.0][0.0, 1.0, 0.0][0.0, 0.0, 1.0]}
04-13 10:47:34.646  1576  1671 V WindowManager: Step: more=true
04-13 10:47:34.646  1576  1671 I WindowManager:   SURFACE Surface(name=com.miui.securitycore/com.miui.securityspace.ui.activity.GuideStartActivity)---MATRIX [1.0,0.0,0.0,1.0]: com.miui.securitycore/com.miui.securityspace.ui.activity.GuideStartActivity
04-13 10:47:34.647  1576  1671 I WindowManager:   SURFACE controller=Surface(name=com.miui.securitycore/com.miui.securityspace.ui.activity.GuideStartActivity)alpha=0.0025244951 layer=21010 matrix=[1.0*1.0,0.0*1.0][0.0*1.0,1.0*1.0]: Window{122ba83 u10 com.miui.securitycore/com.miui.securityspace.ui.activity.GuideStartActivity}
04-13 10:47:34.647  1576  1671 I WindowManager: Original  : (0.0,0.0)-(1080.0,1920.0)
04-13 10:47:34.647  1576  1671 I WindowManager: Transformed: (0.0,0.0)-(1080.0,1920.0)
04-13 10:47:34.648  1576  1671 I WindowManager: <<< CLOSE TRANSACTION animateLocked
04-13 10:47:34.661  1576  1671 I WindowManager: >>> OPEN TRANSACTION animateLocked
04-13 10:47:34.662   549   549 E AAAA    : setUpHWComposer: empty: more  wasEmpty: notEmpty
04-13 10:47:34.662  1576  1671 V WindowManager: Step: finishNow=33
04-13 10:47:34.662  1576  1671 V WindowManager: Stepped rotate exit: Transformation{alpha=0.9892905 matrix=[1.0, 0.0, 0.0][0.0, 1.0, 0.0][0.0, 0.0, 1.0]}
04-13 10:47:34.662  1576  1671 V WindowManager: Stepped rotate enter: Transformation{alpha=0.010709554 matrix=[1.0, 0.0, 0.0][0.0, 1.0, 0.0][0.0, 0.0, 1.0]}
04-13 10:47:34.662  1576  1671 V WindowManager: Final exit: Transformation{alpha=0.9892905 matrix=[1.0, 0.0, 0.0][0.0, 1.0, 0.0][0.0, 0.0, 1.0]}
04-13 10:47:34.662  1576  1671 V WindowManager: Final enter: Transformation{alpha=0.010709554 matrix=[1.0, 0.0, 0.0][0.0, 1.0, 0.0][0.0, 0.0, 1.0]}
04-13 10:47:34.662  1576  1671 V WindowManager: Step: more=true
04-13 10:47:34.662  1576  1671 I WindowManager:   SURFACE Surface(name=com.miui.securitycore/com.miui.securityspace.ui.activity.GuideStartActivity)---MATRIX [1.0,0.0,0.0,1.0]: com.miui.securitycore/com.miui.securityspace.ui.activity.GuideStartActivity
04-13 10:47:34.662  1576  1671 I WindowManager:   SURFACE controller=Surface(name=com.miui.securitycore/com.miui.securityspace.ui.activity.GuideStartActivity)alpha=0.010709554 layer=21010 matrix=[1.0*1.0,0.0*1.0][0.0*1.0,1.0*1.0]: Window{122ba83 u10 com.miui.securitycore/com.miui.securityspace.ui.activity.GuideStartActivity}
04-13 10:47:34.663  1576  1671 I WindowManager: Original  : (0.0,0.0)-(1080.0,1920.0)
04-13 10:47:34.663  1576  1671 I WindowManager: Transformed: (0.0,0.0)-(1080.0,1920.0)
04-13 10:47:34.665  1576  1671 I WindowManager: <<< CLOSE TRANSACTION animateLocked
04-13 10:47:34.680  1576  1671 I WindowManager: >>> OPEN TRANSACTION animateLocked
04-13 10:47:34.680  1576  1671 V WindowManager: Step: finishNow=50
04-13 10:47:34.680   549   549 E AAAA    : setUpHWComposer: empty: more  wasEmpty: notEmpty
04-13 10:47:34.682  1576  1671 V WindowManager: Stepped rotate exit: Transformation{alpha=0.97552824 matrix=[1.0, 0.0, 0.0][0.0, 1.0, 0.0][0.0, 0.0, 1.0]}
04-13 10:47:34.682  1576  1671 V WindowManager: Stepped rotate enter: Transformation{alpha=0.02447176 matrix=[1.0, 0.0, 0.0][0.0, 1.0, 0.0][0.0, 0.0, 1.0]}
04-13 10:47:34.682  1576  1671 V WindowManager: Final exit: Transformation{alpha=0.97552824 matrix=[1.0, 0.0, 0.0][0.0, 1.0, 0.0][0.0, 0.0, 1.0]}
04-13 10:47:34.682  1576  1671 V WindowManager: Final enter: Transformation{alpha=0.02447176 matrix=[1.0, 0.0, 0.0][0.0, 1.0, 0.0][0.0, 0.0, 1.0]}
04-13 10:47:34.682  1576  1671 V WindowManager: Step: more=true
04-13 10:47:34.682  1576  1671 I WindowManager:   SURFACE Surface(name=com.miui.securitycore/com.miui.securityspace.ui.activity.GuideStartActivity)---MATRIX [1.0,0.0,0.0,1.0]: com.miui.securitycore/com.miui.securityspace.ui.activity.GuideStartActivity
04-13 10:47:34.682  1576  1671 I WindowManager:   SURFACE controller=Surface(name=com.miui.securitycore/com.miui.securityspace.ui.activity.GuideStartActivity)alpha=0.02447176 layer=21010 matrix=[1.0*1.0,0.0*1.0][0.0*1.0,1.0*1.0]: Window{122ba83 u10 com.miui.securitycore/com.miui.securityspace.ui.activity.GuideStartActivity}
04-13 10:47:34.682  1576  1671 I WindowManager: Original  : (0.0,0.0)-(1080.0,1920.0)
04-13 10:47:34.682  1576  1671 I WindowManager: Transformed: (0.0,0.0)-(1080.0,1920.0)
04-13 10:47:34.683  1576  1671 I WindowManager: <<< CLOSE TRANSACTION animateLocked
04-13 10:47:34.694  1576  7492 V WindowManager: Remove Window{4e9395d u0 DockedStackDivider}: mSurfaceController=null mAnimatingExit=false mRemoveOnExit=false mHasSurface=false surfaceShowing=false isAnimationSet=false app-animation=null mWillReplaceWindow=false inPendingTransaction=false mDisplayFrozen=false callers=com.android.server.wm.WindowManagerService.removeWindowLocked:2439 com.android.server.wm.WindowManagerService.removeWindow:2434 com.android.server.wm.Session.remove:202 android.view.IWindowSession$Stub.onTransact:242 com.android.server.wm.Session.onTransact:145 android.os.Binder.execTransact:567 
04-13 10:47:34.695  1576  7492 I WindowManager: >>> OPEN TRANSACTION performLayoutAndPlaceSurfaces
04-13 10:47:34.695   549   549 E AAAA    : setUpHWComposer: empty: more  wasEmpty: notEmpty
04-13 10:47:34.695  1576  7492 I WindowManager:   SURFACE Surface(name=com.miui.securitycore/com.miui.securityspace.ui.activity.GuideStartActivity)---MATRIX [1.0,0.0,0.0,1.0]: com.miui.securitycore/com.miui.securityspace.ui.activity.GuideStartActivity
04-13 10:47:34.701  1576  7492 I WindowManager: <<< CLOSE TRANSACTION performLayoutAndPlaceSurfaces
04-13 10:47:34.703  1576  1671 I WindowManager: >>> OPEN TRANSACTION animateLocked
04-13 10:47:34.703  1576  1671 V WindowManager: Step: finishNow=66
04-13 10:47:34.703  1576  1671 V WindowManager: Stepped rotate exit: Transformation{alpha=0.9576206 matrix=[1.0, 0.0, 0.0][0.0, 1.0, 0.0][0.0, 0.0, 1.0]}
04-13 10:47:34.703  1576  1671 V WindowManager: Stepped rotate enter: Transformation{alpha=0.04237941 matrix=[1.0, 0.0, 0.0][0.0, 1.0, 0.0][0.0, 0.0, 1.0]}
04-13 10:47:34.703  1576  1671 V WindowManager: Final exit: Transformation{alpha=0.9576206 matrix=[1.0, 0.0, 0.0][0.0, 1.0, 0.0][0.0, 0.0, 1.0]}
04-13 10:47:34.703  1576  1671 V WindowManager: Final enter: Transformation{alpha=0.04237941 matrix=[1.0, 0.0, 0.0][0.0, 1.0, 0.0][0.0, 0.0, 1.0]}
04-13 10:47:34.703  1576  1671 V WindowManager: Step: more=true
04-13 10:47:34.703  1576  1671 I WindowManager:   SURFACE Surface(name=com.miui.securitycore/com.miui.securityspace.ui.activity.GuideStartActivity)---MATRIX [1.0,0.0,0.0,1.0]: com.miui.securitycore/com.miui.securityspace.ui.activity.GuideStartActivity
04-13 10:47:34.704  1576  1671 I WindowManager:   SURFACE controller=Surface(name=com.miui.securitycore/com.miui.securityspace.ui.activity.GuideStartActivity)alpha=0.04237941 layer=21010 matrix=[1.0*1.0,0.0*1.0][0.0*1.0,1.0*1.0]: Window{122ba83 u10 com.miui.securitycore/com.miui.securityspace.ui.activity.GuideStartActivity}
04-13 10:47:34.704  1576  1671 I WindowManager: Original  : (0.0,0.0)-(1080.0,1920.0)
04-13 10:47:34.704  1576  1671 I WindowManager: Transformed: (0.0,0.0)-(1080.0,1920.0)
04-13 10:47:34.705  1576  1671 I WindowManager: <<< CLOSE TRANSACTION animateLocked
04-13 10:47:34.712  1576  1671 I WindowManager: >>> OPEN TRANSACTION animateLocked
04-13 10:47:34.712  1576  1671 V WindowManager: Step: finishNow=83
04-13 10:47:34.712  1576  1671 V WindowManager: Stepped rotate exit: Transformation{alpha=0.93353534 matrix=[1.0, 0.0, 0.0][0.0, 1.0, 0.0][0.0, 0.0, 1.0]}
04-13 10:47:34.712  1576  1671 V WindowManager: Stepped rotate enter: Transformation{alpha=0.06646466 matrix=[1.0, 0.0, 0.0][0.0, 1.0, 0.0][0.0, 0.0, 1.0]}
04-13 10:47:34.712  1576  1671 V WindowManager: Final exit: Transformation{alpha=0.93353534 matrix=[1.0, 0.0, 0.0][0.0, 1.0, 0.0][0.0, 0.0, 1.0]}
04-13 10:47:34.712  1576  1671 V WindowManager: Final enter: Transformation{alpha=0.06646466 matrix=[1.0, 0.0, 0.0][0.0, 1.0, 0.0][0.0, 0.0, 1.0]}
04-13 10:47:34.712  1576  1671 V WindowManager: Step: more=true
04-13 10:47:34.712   549   549 E AAAA    : setUpHWComposer: empty: more  wasEmpty: notEmpty
04-13 10:47:34.712  1576  1671 I WindowManager:   SURFACE Surface(name=com.miui.securitycore/com.miui.securityspace.ui.activity.GuideStartActivity)---MATRIX [1.0,0.0,0.0,1.0]: com.miui.securitycore/com.miui.securityspace.ui.activity.GuideStartActivity
04-13 10:47:34.712  1576  1671 I WindowManager:   SURFACE controller=Surface(name=com.miui.securitycore/com.miui.securityspace.ui.activity.GuideStartActivity)alpha=0.06646466 layer=21010 matrix=[1.0*1.0,0.0*1.0][0.0*1.0,1.0*1.0]: Window{122ba83 u10 com.miui.securitycore/com.miui.securityspace.ui.activity.GuideStartActivity}
04-13 10:47:34.712  1576  1671 I WindowManager: Original  : (0.0,0.0)-(1080.0,1920.0)
04-13 10:47:34.712  1576  1671 I WindowManager: Transformed: (0.0,0.0)-(1080.0,1920.0)
04-13 10:47:34.716  1576  1671 I WindowManager: <<< CLOSE TRANSACTION animateLocked
04-13 10:47:34.728   549   549 E AAAA    : setUpHWComposer: empty: more  wasEmpty: notEmpty
04-13 10:47:34.728  1576  1671 I WindowManager: >>> OPEN TRANSACTION animateLocked
04-13 10:47:34.728  1576  1671 V WindowManager: Step: finishNow=100
04-13 10:47:34.728  1576  1671 V WindowManager: Stepped rotate exit: Transformation{alpha=0.9045085 matrix=[1.0, 0.0, 0.0][0.0, 1.0, 0.0][0.0, 0.0, 1.0]}
04-13 10:47:34.729  1576  1671 V WindowManager: Stepped rotate enter: Transformation{alpha=0.09549156 matrix=[1.0, 0.0, 0.0][0.0, 1.0, 0.0][0.0, 0.0, 1.0]}
04-13 10:47:34.729  1576  1671 V WindowManager: Final exit: Transformation{alpha=0.9045085 matrix=[1.0, 0.0, 0.0][0.0, 1.0, 0.0][0.0, 0.0, 1.0]}
04-13 10:47:34.729  1576  1671 V WindowManager: Final enter: Transformation{alpha=0.09549156 matrix=[1.0, 0.0, 0.0][0.0, 1.0, 0.0][0.0, 0.0, 1.0]}
04-13 10:47:34.729  1576  1671 V WindowManager: Step: more=true
04-13 10:47:34.729  1576  1671 I WindowManager:   SURFACE Surface(name=com.miui.securitycore/com.miui.securityspace.ui.activity.GuideStartActivity)---MATRIX [1.0,0.0,0.0,1.0]: com.miui.securitycore/com.miui.securityspace.ui.activity.GuideStartActivity
04-13 10:47:34.729  1576  1671 I WindowManager:   SURFACE controller=Surface(name=com.miui.securitycore/com.miui.securityspace.ui.activity.GuideStartActivity)alpha=0.09549156 layer=21010 matrix=[1.0*1.0,0.0*1.0][0.0*1.0,1.0*1.0]: Window{122ba83 u10 com.miui.securitycore/com.miui.securityspace.ui.activity.GuideStartActivity}
04-13 10:47:34.729  1576  1671 I WindowManager: Original  : (0.0,0.0)-(1080.0,1920.0)
04-13 10:47:34.729  1576  1671 I WindowManager: Transformed: (0.0,0.0)-(1080.0,1920.0)
04-13 10:47:34.729  1576  1671 I WindowManager: <<< CLOSE TRANSACTION animateLocked
04-13 10:47:34.737  1576  2165 V WindowManager: Remove Window{89864de u0 RecentsPanel}: mSurfaceController=null mAnimatingExit=false mRemoveOnExit=false mHasSurface=false surfaceShowing=false isAnimationSet=false app-animation=null mWillReplaceWindow=false inPendingTransaction=false mDisplayFrozen=false callers=com.android.server.wm.WindowManagerService.removeWindowLocked:2439 com.android.server.wm.WindowManagerService.removeWindow:2434 com.android.server.wm.Session.remove:202 android.view.IWindowSession$Stub.onTransact:242 com.android.server.wm.Session.onTransact:145 android.os.Binder.execTransact:567 
04-13 10:47:34.737  1576  2165 I WindowManager: >>> OPEN TRANSACTION performLayoutAndPlaceSurfaces
04-13 10:47:34.738  1576  2165 I WindowManager:   SURFACE Surface(name=com.miui.securitycore/com.miui.securityspace.ui.activity.GuideStartActivity)---MATRIX [1.0,0.0,0.0,1.0]: com.miui.securitycore/com.miui.securityspace.ui.activity.GuideStartActivity
04-13 10:47:34.739  1576  2165 I WindowManager: <<< CLOSE TRANSACTION performLayoutAndPlaceSurfaces
04-13 10:47:34.748  1576  1671 I WindowManager: >>> OPEN TRANSACTION animateLocked
04-13 10:47:34.748   549   549 E AAAA    : setUpHWComposer: empty: more  wasEmpty: notEmpty
04-13 10:47:34.749  1576  1671 V WindowManager: Step: finishNow=116
04-13 10:47:34.749  1576  1671 V WindowManager: Stepped rotate exit: Transformation{alpha=0.8729706 matrix=[1.0, 0.0, 0.0][0.0, 1.0, 0.0][0.0, 0.0, 1.0]}
04-13 10:47:34.749  1576  1671 V WindowManager: Stepped rotate enter: Transformation{alpha=0.12702942 matrix=[1.0, 0.0, 0.0][0.0, 1.0, 0.0][0.0, 0.0, 1.0]}
04-13 10:47:34.749  1576  1671 V WindowManager: Final exit: Transformation{alpha=0.8729706 matrix=[1.0, 0.0, 0.0][0.0, 1.0, 0.0][0.0, 0.0, 1.0]}
04-13 10:47:34.749  1576  1671 V WindowManager: Final enter: Transformation{alpha=0.12702942 matrix=[1.0, 0.0, 0.0][0.0, 1.0, 0.0][0.0, 0.0, 1.0]}
04-13 10:47:34.749  1576  1671 V WindowManager: Step: more=true
04-13 10:47:34.749  1576  1671 I WindowManager:   SURFACE Surface(name=com.miui.securitycore/com.miui.securityspace.ui.activity.GuideStartActivity)---MATRIX [1.0,0.0,0.0,1.0]: com.miui.securitycore/com.miui.securityspace.ui.activity.GuideStartActivity
04-13 10:47:34.749  1576  1671 I WindowManager:   SURFACE controller=Surface(name=com.miui.securitycore/com.miui.securityspace.ui.activity.GuideStartActivity)alpha=0.12702942 layer=21010 matrix=[1.0*1.0,0.0*1.0][0.0*1.0,1.0*1.0]: Window{122ba83 u10 com.miui.securitycore/com.miui.securityspace.ui.activity.GuideStartActivity}
04-13 10:47:34.749  1576  1671 I WindowManager: Original  : (0.0,0.0)-(1080.0,1920.0)
04-13 10:47:34.749  1576  1671 I WindowManager: Transformed: (0.0,0.0)-(1080.0,1920.0)
04-13 10:47:34.750  1576  1671 I WindowManager: <<< CLOSE TRANSACTION animateLocked
04-13 10:47:34.761  1576  1671 I WindowManager: >>> OPEN TRANSACTION animateLocked
04-13 10:47:34.762   549   549 E AAAA    : setUpHWComposer: empty: more  wasEmpty: notEmpty
04-13 10:47:34.762  1576  1671 V WindowManager: Step: finishNow=133
04-13 10:47:34.762  1576  1671 V WindowManager: Stepped rotate exit: Transformation{alpha=0.83534276 matrix=[1.0, 0.0, 0.0][0.0, 1.0, 0.0][0.0, 0.0, 1.0]}
04-13 10:47:34.762  1576  1671 V WindowManager: Stepped rotate enter: Transformation{alpha=0.16465724 matrix=[1.0, 0.0, 0.0][0.0, 1.0, 0.0][0.0, 0.0, 1.0]}
04-13 10:47:34.762  1576  1671 V WindowManager: Final exit: Transformation{alpha=0.83534276 matrix=[1.0, 0.0, 0.0][0.0, 1.0, 0.0][0.0, 0.0, 1.0]}
04-13 10:47:34.762  1576  1671 V WindowManager: Final enter: Transformation{alpha=0.16465724 matrix=[1.0, 0.0, 0.0][0.0, 1.0, 0.0][0.0, 0.0, 1.0]}
04-13 10:47:34.762  1576  1671 V WindowManager: Step: more=true
04-13 10:47:34.762  1576  1671 I WindowManager:   SURFACE Surface(name=com.miui.securitycore/com.miui.securityspace.ui.activity.GuideStartActivity)---MATRIX [1.0,0.0,0.0,1.0]: com.miui.securitycore/com.miui.securityspace.ui.activity.GuideStartActivity
04-13 10:47:34.762  1576  1671 I WindowManager:   SURFACE controller=Surface(name=com.miui.securitycore/com.miui.securityspace.ui.activity.GuideStartActivity)alpha=0.16465724 layer=21010 matrix=[1.0*1.0,0.0*1.0][0.0*1.0,1.0*1.0]: Window{122ba83 u10 com.miui.securitycore/com.miui.securityspace.ui.activity.GuideStartActivity}
04-13 10:47:34.762  1576  1671 I WindowManager: Original  : (0.0,0.0)-(1080.0,1920.0)
04-13 10:47:34.762  1576  1671 I WindowManager: Transformed: (0.0,0.0)-(1080.0,1920.0)
04-13 10:47:34.763  1576  1671 I WindowManager: <<< CLOSE TRANSACTION animateLocked
04-13 10:47:34.778   549   549 E AAAA    : setUpHWComposer: empty: more  wasEmpty: notEmpty
04-13 10:47:34.779  1576  1671 I WindowManager: >>> OPEN TRANSACTION animateLocked
04-13 10:47:34.779  1576  1671 V WindowManager: Step: finishNow=150
04-13 10:47:34.779  1576  1671 V WindowManager: Stepped rotate exit: Transformation{alpha=0.7938927 matrix=[1.0, 0.0, 0.0][0.0, 1.0, 0.0][0.0, 0.0, 1.0]}
04-13 10:47:34.779  1576  1671 V WindowManager: Stepped rotate enter: Transformation{alpha=0.20610732 matrix=[1.0, 0.0, 0.0][0.0, 1.0, 0.0][0.0, 0.0, 1.0]}
04-13 10:47:34.779  1576  1671 V WindowManager: Final exit: Transformation{alpha=0.7938927 matrix=[1.0, 0.0, 0.0][0.0, 1.0, 0.0][0.0, 0.0, 1.0]}
04-13 10:47:34.779  1576  1671 V WindowManager: Final enter: Transformation{alpha=0.20610732 matrix=[1.0, 0.0, 0.0][0.0, 1.0, 0.0][0.0, 0.0, 1.0]}
04-13 10:47:34.779  1576  1671 V WindowManager: Step: more=true
04-13 10:47:34.779  1576  1671 I WindowManager:   SURFACE Surface(name=com.miui.securitycore/com.miui.securityspace.ui.activity.GuideStartActivity)---MATRIX [1.0,0.0,0.0,1.0]: com.miui.securitycore/com.miui.securityspace.ui.activity.GuideStartActivity
04-13 10:47:34.779  1576  1671 I WindowManager:   SURFACE controller=Surface(name=com.miui.securitycore/com.miui.securityspace.ui.activity.GuideStartActivity)alpha=0.20610732 layer=21010 matrix=[1.0*1.0,0.0*1.0][0.0*1.0,1.0*1.0]: Window{122ba83 u10 com.miui.securitycore/com.miui.securityspace.ui.activity.GuideStartActivity}
04-13 10:47:34.779  1576  1671 I WindowManager: Original  : (0.0,0.0)-(1080.0,1920.0)
04-13 10:47:34.779  1576  1671 I WindowManager: Transformed: (0.0,0.0)-(1080.0,1920.0)
04-13 10:47:34.781  1576  1671 I WindowManager: <<< CLOSE TRANSACTION animateLocked
04-13 10:47:34.795  1576  1671 I WindowManager: >>> OPEN TRANSACTION animateLocked
04-13 10:47:34.795   549   549 E AAAA    : setUpHWComposer: empty: more  wasEmpty: notEmpty
04-13 10:47:34.795  1576  1671 V WindowManager: Step: finishNow=166
04-13 10:47:34.795  1576  1671 V WindowManager: Stepped rotate exit: Transformation{alpha=0.75181156 matrix=[1.0, 0.0, 0.0][0.0, 1.0, 0.0][0.0, 0.0, 1.0]}
04-13 10:47:34.795  1576  1671 V WindowManager: Stepped rotate enter: Transformation{alpha=0.24818844 matrix=[1.0, 0.0, 0.0][0.0, 1.0, 0.0][0.0, 0.0, 1.0]}
04-13 10:47:34.795  1576  1671 V WindowManager: Final exit: Transformation{alpha=0.75181156 matrix=[1.0, 0.0, 0.0][0.0, 1.0, 0.0][0.0, 0.0, 1.0]}
04-13 10:47:34.795  1576  1671 V WindowManager: Final enter: Transformation{alpha=0.24818844 matrix=[1.0, 0.0, 0.0][0.0, 1.0, 0.0][0.0, 0.0, 1.0]}
04-13 10:47:34.795  1576  1671 V WindowManager: Step: more=true
04-13 10:47:34.795  1576  1671 I WindowManager:   SURFACE Surface(name=com.miui.securitycore/com.miui.securityspace.ui.activity.GuideStartActivity)---MATRIX [1.0,0.0,0.0,1.0]: com.miui.securitycore/com.miui.securityspace.ui.activity.GuideStartActivity
04-13 10:47:34.795  1576  1671 I WindowManager:   SURFACE controller=Surface(name=com.miui.securitycore/com.miui.securityspace.ui.activity.GuideStartActivity)alpha=0.24818844 layer=21010 matrix=[1.0*1.0,0.0*1.0][0.0*1.0,1.0*1.0]: Window{122ba83 u10 com.miui.securitycore/com.miui.securityspace.ui.activity.GuideStartActivity}
04-13 10:47:34.796  1576  1671 I WindowManager: Original  : (0.0,0.0)-(1080.0,1920.0)
04-13 10:47:34.796  1576  1671 I WindowManager: Transformed: (0.0,0.0)-(1080.0,1920.0)
04-13 10:47:34.798  1576  1671 I WindowManager: <<< CLOSE TRANSACTION animateLocked
04-13 10:47:34.812  1576  1671 I WindowManager: >>> OPEN TRANSACTION animateLocked
04-13 10:47:34.812   549   549 E AAAA    : setUpHWComposer: empty: more  wasEmpty: notEmpty
04-13 10:47:34.812  1576  1671 V WindowManager: Step: finishNow=183
04-13 10:47:34.812  1576  1671 V WindowManager: Stepped rotate exit: Transformation{alpha=0.7043246 matrix=[1.0, 0.0, 0.0][0.0, 1.0, 0.0][0.0, 0.0, 1.0]}
04-13 10:47:34.812  1576  1671 V WindowManager: Stepped rotate enter: Transformation{alpha=0.29567537 matrix=[1.0, 0.0, 0.0][0.0, 1.0, 0.0][0.0, 0.0, 1.0]}
04-13 10:47:34.812  1576  1671 V WindowManager: Final exit: Transformation{alpha=0.7043246 matrix=[1.0, 0.0, 0.0][0.0, 1.0, 0.0][0.0, 0.0, 1.0]}
04-13 10:47:34.812  1576  1671 V WindowManager: Final enter: Transformation{alpha=0.29567537 matrix=[1.0, 0.0, 0.0][0.0, 1.0, 0.0][0.0, 0.0, 1.0]}
04-13 10:47:34.812  1576  1671 V WindowManager: Step: more=true
04-13 10:47:34.813  1576  1671 I WindowManager:   SURFACE Surface(name=com.miui.securitycore/com.miui.securityspace.ui.activity.GuideStartActivity)---MATRIX [1.0,0.0,0.0,1.0]: com.miui.securitycore/com.miui.securityspace.ui.activity.GuideStartActivity
04-13 10:47:34.813  1576  1671 I WindowManager:   SURFACE controller=Surface(name=com.miui.securitycore/com.miui.securityspace.ui.activity.GuideStartActivity)alpha=0.29567537 layer=21010 matrix=[1.0*1.0,0.0*1.0][0.0*1.0,1.0*1.0]: Window{122ba83 u10 com.miui.securitycore/com.miui.securityspace.ui.activity.GuideStartActivity}
04-13 10:47:34.813  1576  1671 I WindowManager: Original  : (0.0,0.0)-(1080.0,1920.0)
04-13 10:47:34.813  1576  1671 I WindowManager: Transformed: (0.0,0.0)-(1080.0,1920.0)
04-13 10:47:34.814  1576  1671 I WindowManager: <<< CLOSE TRANSACTION animateLocked
04-13 10:47:34.828  1576  1671 I WindowManager: >>> OPEN TRANSACTION animateLocked
04-13 10:47:34.829  1576  1671 V WindowManager: Step: finishNow=200
04-13 10:47:34.829   549   549 E AAAA    : setUpHWComposer: empty: more  wasEmpty: notEmpty
04-13 10:47:34.829  1576  1671 V WindowManager: Stepped rotate exit: Transformation{alpha=0.65450853 matrix=[1.0, 0.0, 0.0][0.0, 1.0, 0.0][0.0, 0.0, 1.0]}
04-13 10:47:34.829  1576  1671 V WindowManager: Stepped rotate enter: Transformation{alpha=0.34549147 matrix=[1.0, 0.0, 0.0][0.0, 1.0, 0.0][0.0, 0.0, 1.0]}
04-13 10:47:34.829  1576  1671 V WindowManager: Final exit: Transformation{alpha=0.65450853 matrix=[1.0, 0.0, 0.0][0.0, 1.0, 0.0][0.0, 0.0, 1.0]}
04-13 10:47:34.829  1576  1671 V WindowManager: Final enter: Transformation{alpha=0.34549147 matrix=[1.0, 0.0, 0.0][0.0, 1.0, 0.0][0.0, 0.0, 1.0]}
04-13 10:47:34.829  1576  1671 V WindowManager: Step: more=true
04-13 10:47:34.829  1576  1671 I WindowManager:   SURFACE Surface(name=com.miui.securitycore/com.miui.securityspace.ui.activity.GuideStartActivity)---MATRIX [1.0,0.0,0.0,1.0]: com.miui.securitycore/com.miui.securityspace.ui.activity.GuideStartActivity
04-13 10:47:34.829  1576  1671 I WindowManager:   SURFACE controller=Surface(name=com.miui.securitycore/com.miui.securityspace.ui.activity.GuideStartActivity)alpha=0.34549147 layer=21010 matrix=[1.0*1.0,0.0*1.0][0.0*1.0,1.0*1.0]: Window{122ba83 u10 com.miui.securitycore/com.miui.securityspace.ui.activity.GuideStartActivity}
04-13 10:47:34.830  1576  1671 I WindowManager: Original  : (0.0,0.0)-(1080.0,1920.0)
04-13 10:47:34.830  1576  1671 I WindowManager: Transformed: (0.0,0.0)-(1080.0,1920.0)
04-13 10:47:34.830  1576  1671 I WindowManager: <<< CLOSE TRANSACTION animateLocked
04-13 10:47:34.845  1576  1671 I WindowManager: >>> OPEN TRANSACTION animateLocked
04-13 10:47:34.845   549   549 E AAAA    : setUpHWComposer: empty: more  wasEmpty: notEmpty
04-13 10:47:34.845  1576  1671 V WindowManager: Step: finishNow=216
04-13 10:47:34.845  1576  1671 V WindowManager: Stepped rotate exit: Transformation{alpha=0.6060035 matrix=[1.0, 0.0, 0.0][0.0, 1.0, 0.0][0.0, 0.0, 1.0]}
04-13 10:47:34.845  1576  1671 V WindowManager: Stepped rotate enter: Transformation{alpha=0.3939965 matrix=[1.0, 0.0, 0.0][0.0, 1.0, 0.0][0.0, 0.0, 1.0]}
04-13 10:47:34.845  1576  1671 V WindowManager: Final exit: Transformation{alpha=0.6060035 matrix=[1.0, 0.0, 0.0][0.0, 1.0, 0.0][0.0, 0.0, 1.0]}
04-13 10:47:34.845  1576  1671 V WindowManager: Final enter: Transformation{alpha=0.3939965 matrix=[1.0, 0.0, 0.0][0.0, 1.0, 0.0][0.0, 0.0, 1.0]}
04-13 10:47:34.845  1576  1671 V WindowManager: Step: more=true
04-13 10:47:34.845  1576  1671 I WindowManager:   SURFACE Surface(name=com.miui.securitycore/com.miui.securityspace.ui.activity.GuideStartActivity)---MATRIX [1.0,0.0,0.0,1.0]: com.miui.securitycore/com.miui.securityspace.ui.activity.GuideStartActivity
04-13 10:47:34.845  1576  1671 I WindowManager:   SURFACE controller=Surface(name=com.miui.securitycore/com.miui.securityspace.ui.activity.GuideStartActivity)alpha=0.3939965 layer=21010 matrix=[1.0*1.0,0.0*1.0][0.0*1.0,1.0*1.0]: Window{122ba83 u10 com.miui.securitycore/com.miui.securityspace.ui.activity.GuideStartActivity}
04-13 10:47:34.846  1576  1671 I WindowManager: Original  : (0.0,0.0)-(1080.0,1920.0)
04-13 10:47:34.846  1576  1671 I WindowManager: Transformed: (0.0,0.0)-(1080.0,1920.0)
04-13 10:47:34.846  1576  1671 I WindowManager: <<< CLOSE TRANSACTION animateLocked
04-13 10:47:34.862   549   549 E AAAA    : setUpHWComposer: empty: more  wasEmpty: notEmpty
04-13 10:47:34.862  1576  1671 I WindowManager: >>> OPEN TRANSACTION animateLocked
04-13 10:47:34.862  1576  1671 V WindowManager: Step: finishNow=233
04-13 10:47:34.862  1576  1671 V WindowManager: Stepped rotate exit: Transformation{alpha=0.5533056 matrix=[1.0, 0.0, 0.0][0.0, 1.0, 0.0][0.0, 0.0, 1.0]}
04-13 10:47:34.862  1576  1671 V WindowManager: Stepped rotate enter: Transformation{alpha=0.44669437 matrix=[1.0, 0.0, 0.0][0.0, 1.0, 0.0][0.0, 0.0, 1.0]}
04-13 10:47:34.862  1576  1671 V WindowManager: Final exit: Transformation{alpha=0.5533056 matrix=[1.0, 0.0, 0.0][0.0, 1.0, 0.0][0.0, 0.0, 1.0]}
04-13 10:47:34.862  1576  1671 V WindowManager: Final enter: Transformation{alpha=0.44669437 matrix=[1.0, 0.0, 0.0][0.0, 1.0, 0.0][0.0, 0.0, 1.0]}
04-13 10:47:34.862  1576  1671 V WindowManager: Step: more=true
04-13 10:47:34.862  1576  1671 I WindowManager:   SURFACE Surface(name=com.miui.securitycore/com.miui.securityspace.ui.activity.GuideStartActivity)---MATRIX [1.0,0.0,0.0,1.0]: com.miui.securitycore/com.miui.securityspace.ui.activity.GuideStartActivity
04-13 10:47:34.862  1576  1671 I WindowManager:   SURFACE controller=Surface(name=com.miui.securitycore/com.miui.securityspace.ui.activity.GuideStartActivity)alpha=0.44669437 layer=21010 matrix=[1.0*1.0,0.0*1.0][0.0*1.0,1.0*1.0]: Window{122ba83 u10 com.miui.securitycore/com.miui.securityspace.ui.activity.GuideStartActivity}
04-13 10:47:34.862  1576  1671 I WindowManager: Original  : (0.0,0.0)-(1080.0,1920.0)
04-13 10:47:34.863  1576  1671 I WindowManager: Transformed: (0.0,0.0)-(1080.0,1920.0)
04-13 10:47:34.863  1576  1671 I WindowManager: <<< CLOSE TRANSACTION animateLocked
04-13 10:47:34.878   549   549 E AAAA    : setUpHWComposer: empty: more  wasEmpty: notEmpty
04-13 10:47:34.879  1576  1671 I WindowManager: >>> OPEN TRANSACTION animateLocked
04-13 10:47:34.879  1576  1671 V WindowManager: Step: finishNow=250
04-13 10:47:34.879  1576  1671 V WindowManager: Stepped rotate exit: Transformation{alpha=0.5 matrix=[1.0, 0.0, 0.0][0.0, 1.0, 0.0][0.0, 0.0, 1.0]}
04-13 10:47:34.879  1576  1671 V WindowManager: Stepped rotate enter: Transformation{alpha=0.5 matrix=[1.0, 0.0, 0.0][0.0, 1.0, 0.0][0.0, 0.0, 1.0]}
04-13 10:47:34.879  1576  1671 V WindowManager: Final exit: Transformation{alpha=0.5 matrix=[1.0, 0.0, 0.0][0.0, 1.0, 0.0][0.0, 0.0, 1.0]}
04-13 10:47:34.879  1576  1671 V WindowManager: Final enter: Transformation{alpha=0.5 matrix=[1.0, 0.0, 0.0][0.0, 1.0, 0.0][0.0, 0.0, 1.0]}
04-13 10:47:34.879  1576  1671 V WindowManager: Step: more=true
04-13 10:47:34.879  1576  1671 I WindowManager:   SURFACE Surface(name=com.miui.securitycore/com.miui.securityspace.ui.activity.GuideStartActivity)---MATRIX [1.0,0.0,0.0,1.0]: com.miui.securitycore/com.miui.securityspace.ui.activity.GuideStartActivity
04-13 10:47:34.879  1576  1671 I WindowManager:   SURFACE controller=Surface(name=com.miui.securitycore/com.miui.securityspace.ui.activity.GuideStartActivity)alpha=0.5 layer=21010 matrix=[1.0*1.0,0.0*1.0][0.0*1.0,1.0*1.0]: Window{122ba83 u10 com.miui.securitycore/com.miui.securityspace.ui.activity.GuideStartActivity}
04-13 10:47:34.879  1576  1671 I WindowManager: Original  : (0.0,0.0)-(1080.0,1920.0)
04-13 10:47:34.879  1576  1671 I WindowManager: Transformed: (0.0,0.0)-(1080.0,1920.0)
04-13 10:47:34.880  1576  1671 I WindowManager: <<< CLOSE TRANSACTION animateLocked
04-13 10:47:34.895   549   549 E AAAA    : setUpHWComposer: empty: more  wasEmpty: notEmpty
04-13 10:47:34.895  1576  1671 I WindowManager: >>> OPEN TRANSACTION animateLocked
04-13 10:47:34.895  1576  1671 V WindowManager: Step: finishNow=266
04-13 10:47:34.895  1576  1671 V WindowManager: Stepped rotate exit: Transformation{alpha=0.44981903 matrix=[1.0, 0.0, 0.0][0.0, 1.0, 0.0][0.0, 0.0, 1.0]}
04-13 10:47:34.895  1576  1671 V WindowManager: Stepped rotate enter: Transformation{alpha=0.550181 matrix=[1.0, 0.0, 0.0][0.0, 1.0, 0.0][0.0, 0.0, 1.0]}
04-13 10:47:34.895  1576  1671 V WindowManager: Final exit: Transformation{alpha=0.44981903 matrix=[1.0, 0.0, 0.0][0.0, 1.0, 0.0][0.0, 0.0, 1.0]}
04-13 10:47:34.895  1576  1671 V WindowManager: Final enter: Transformation{alpha=0.550181 matrix=[1.0, 0.0, 0.0][0.0, 1.0, 0.0][0.0, 0.0, 1.0]}
04-13 10:47:34.895  1576  1671 V WindowManager: Step: more=true
04-13 10:47:34.896  1576  1671 I WindowManager:   SURFACE Surface(name=com.miui.securitycore/com.miui.securityspace.ui.activity.GuideStartActivity)---MATRIX [1.0,0.0,0.0,1.0]: com.miui.securitycore/com.miui.securityspace.ui.activity.GuideStartActivity
04-13 10:47:34.896  1576  1671 I WindowManager:   SURFACE controller=Surface(name=com.miui.securitycore/com.miui.securityspace.ui.activity.GuideStartActivity)alpha=0.550181 layer=21010 matrix=[1.0*1.0,0.0*1.0][0.0*1.0,1.0*1.0]: Window{122ba83 u10 com.miui.securitycore/com.miui.securityspace.ui.activity.GuideStartActivity}
04-13 10:47:34.896  1576  1671 I WindowManager: Original  : (0.0,0.0)-(1080.0,1920.0)
04-13 10:47:34.896  1576  1671 I WindowManager: Transformed: (0.0,0.0)-(1080.0,1920.0)
04-13 10:47:34.897  1576  1671 I WindowManager: <<< CLOSE TRANSACTION animateLocked
04-13 10:47:34.912   549   549 E AAAA    : setUpHWComposer: empty: more  wasEmpty: notEmpty
04-13 10:47:34.912  1576  1671 I WindowManager: >>> OPEN TRANSACTION animateLocked
04-13 10:47:34.912  1576  1671 V WindowManager: Step: finishNow=283
04-13 10:47:34.912  1576  1671 V WindowManager: Stepped rotate exit: Transformation{alpha=0.39706874 matrix=[1.0, 0.0, 0.0][0.0, 1.0, 0.0][0.0, 0.0, 1.0]}
04-13 10:47:34.912  1576  1671 V WindowManager: Stepped rotate enter: Transformation{alpha=0.60293126 matrix=[1.0, 0.0, 0.0][0.0, 1.0, 0.0][0.0, 0.0, 1.0]}
04-13 10:47:34.912  1576  1671 V WindowManager: Final exit: Transformation{alpha=0.39706874 matrix=[1.0, 0.0, 0.0][0.0, 1.0, 0.0][0.0, 0.0, 1.0]}
04-13 10:47:34.912  1576  1671 V WindowManager: Final enter: Transformation{alpha=0.60293126 matrix=[1.0, 0.0, 0.0][0.0, 1.0, 0.0][0.0, 0.0, 1.0]}
04-13 10:47:34.912  1576  1671 V WindowManager: Step: more=true
04-13 10:47:34.912  1576  1671 I WindowManager:   SURFACE Surface(name=com.miui.securitycore/com.miui.securityspace.ui.activity.GuideStartActivity)---MATRIX [1.0,0.0,0.0,1.0]: com.miui.securitycore/com.miui.securityspace.ui.activity.GuideStartActivity
04-13 10:47:34.912  1576  1671 I WindowManager:   SURFACE controller=Surface(name=com.miui.securitycore/com.miui.securityspace.ui.activity.GuideStartActivity)alpha=0.60293126 layer=21010 matrix=[1.0*1.0,0.0*1.0][0.0*1.0,1.0*1.0]: Window{122ba83 u10 com.miui.securitycore/com.miui.securityspace.ui.activity.GuideStartActivity}
04-13 10:47:34.912  1576  1671 I WindowManager: Original  : (0.0,0.0)-(1080.0,1920.0)
04-13 10:47:34.912  1576  1671 I WindowManager: Transformed: (0.0,0.0)-(1080.0,1920.0)
04-13 10:47:34.913  1576  1671 I WindowManager: <<< CLOSE TRANSACTION animateLocked
04-13 10:47:34.928  1576  1671 I WindowManager: >>> OPEN TRANSACTION animateLocked
04-13 10:47:34.928   549   549 E AAAA    : setUpHWComposer: empty: more  wasEmpty: notEmpty
04-13 10:47:34.929  1576  1671 V WindowManager: Step: finishNow=300
04-13 10:47:34.933  1576  1671 V WindowManager: Stepped rotate exit: Transformation{alpha=0.34549147 matrix=[1.0, 0.0, 0.0][0.0, 1.0, 0.0][0.0, 0.0, 1.0]}
04-13 10:47:34.934  1576  1671 V WindowManager: Stepped rotate enter: Transformation{alpha=0.65450853 matrix=[1.0, 0.0, 0.0][0.0, 1.0, 0.0][0.0, 0.0, 1.0]}
04-13 10:47:34.934  1576  1671 V WindowManager: Final exit: Transformation{alpha=0.34549147 matrix=[1.0, 0.0, 0.0][0.0, 1.0, 0.0][0.0, 0.0, 1.0]}
04-13 10:47:34.934  1576  1671 V WindowManager: Final enter: Transformation{alpha=0.65450853 matrix=[1.0, 0.0, 0.0][0.0, 1.0, 0.0][0.0, 0.0, 1.0]}
04-13 10:47:34.934  1576  1671 V WindowManager: Step: more=true
04-13 10:47:34.934  1576  1671 I WindowManager:   SURFACE Surface(name=com.miui.securitycore/com.miui.securityspace.ui.activity.GuideStartActivity)---MATRIX [1.0,0.0,0.0,1.0]: com.miui.securitycore/com.miui.securityspace.ui.activity.GuideStartActivity
04-13 10:47:34.935  1576  1671 I WindowManager:   SURFACE controller=Surface(name=com.miui.securitycore/com.miui.securityspace.ui.activity.GuideStartActivity)alpha=0.65450853 layer=21010 matrix=[1.0*1.0,0.0*1.0][0.0*1.0,1.0*1.0]: Window{122ba83 u10 com.miui.securitycore/com.miui.securityspace.ui.activity.GuideStartActivity}
04-13 10:47:34.935  1576  1671 I WindowManager: Original  : (0.0,0.0)-(1080.0,1920.0)
04-13 10:47:34.935  1576  1671 I WindowManager: Transformed: (0.0,0.0)-(1080.0,1920.0)
04-13 10:47:34.935  1576  1671 I WindowManager: <<< CLOSE TRANSACTION animateLocked
04-13 10:47:34.945  1576  1671 I WindowManager: >>> OPEN TRANSACTION animateLocked
04-13 10:47:34.945   549   549 E AAAA    : setUpHWComposer: empty: more  wasEmpty: notEmpty
04-13 10:47:34.945  1576  1671 V WindowManager: Step: finishNow=316
04-13 10:47:34.945  1576  1671 V WindowManager: Stepped rotate exit: Transformation{alpha=0.2985468 matrix=[1.0, 0.0, 0.0][0.0, 1.0, 0.0][0.0, 0.0, 1.0]}
04-13 10:47:34.946  1576  1671 V WindowManager: Stepped rotate enter: Transformation{alpha=0.7014532 matrix=[1.0, 0.0, 0.0][0.0, 1.0, 0.0][0.0, 0.0, 1.0]}
04-13 10:47:34.946  1576  1671 V WindowManager: Final exit: Transformation{alpha=0.2985468 matrix=[1.0, 0.0, 0.0][0.0, 1.0, 0.0][0.0, 0.0, 1.0]}
04-13 10:47:34.946  1576  1671 V WindowManager: Final enter: Transformation{alpha=0.7014532 matrix=[1.0, 0.0, 0.0][0.0, 1.0, 0.0][0.0, 0.0, 1.0]}
04-13 10:47:34.946  1576  1671 V WindowManager: Step: more=true
04-13 10:47:34.946  1576  1671 I WindowManager:   SURFACE Surface(name=com.miui.securitycore/com.miui.securityspace.ui.activity.GuideStartActivity)---MATRIX [1.0,0.0,0.0,1.0]: com.miui.securitycore/com.miui.securityspace.ui.activity.GuideStartActivity
04-13 10:47:34.946  1576  1671 I WindowManager:   SURFACE controller=Surface(name=com.miui.securitycore/com.miui.securityspace.ui.activity.GuideStartActivity)alpha=0.7014532 layer=21010 matrix=[1.0*1.0,0.0*1.0][0.0*1.0,1.0*1.0]: Window{122ba83 u10 com.miui.securitycore/com.miui.securityspace.ui.activity.GuideStartActivity}
04-13 10:47:34.946  1576  1671 I WindowManager: Original  : (0.0,0.0)-(1080.0,1920.0)
04-13 10:47:34.946  1576  1671 I WindowManager: Transformed: (0.0,0.0)-(1080.0,1920.0)
04-13 10:47:34.947  1576  1671 I WindowManager: <<< CLOSE TRANSACTION animateLocked
04-13 10:47:34.962   549   549 E AAAA    : setUpHWComposer: empty: more  wasEmpty: notEmpty
04-13 10:47:34.962  1576  1671 I WindowManager: >>> OPEN TRANSACTION animateLocked
04-13 10:47:34.962  1576  1671 V WindowManager: Step: finishNow=333
04-13 10:47:34.962  1576  1671 V WindowManager: Stepped rotate exit: Transformation{alpha=0.25090742 matrix=[1.0, 0.0, 0.0][0.0, 1.0, 0.0][0.0, 0.0, 1.0]}
04-13 10:47:34.962  1576  1671 V WindowManager: Stepped rotate enter: Transformation{alpha=0.7490926 matrix=[1.0, 0.0, 0.0][0.0, 1.0, 0.0][0.0, 0.0, 1.0]}
04-13 10:47:34.962  1576  1671 V WindowManager: Final exit: Transformation{alpha=0.25090742 matrix=[1.0, 0.0, 0.0][0.0, 1.0, 0.0][0.0, 0.0, 1.0]}
04-13 10:47:34.963  1576  1671 V WindowManager: Final enter: Transformation{alpha=0.7490926 matrix=[1.0, 0.0, 0.0][0.0, 1.0, 0.0][0.0, 0.0, 1.0]}
04-13 10:47:34.963  1576  1671 V WindowManager: Step: more=true
04-13 10:47:34.963  1576  1671 I WindowManager:   SURFACE Surface(name=com.miui.securitycore/com.miui.securityspace.ui.activity.GuideStartActivity)---MATRIX [1.0,0.0,0.0,1.0]: com.miui.securitycore/com.miui.securityspace.ui.activity.GuideStartActivity
04-13 10:47:34.963  1576  1671 I WindowManager:   SURFACE controller=Surface(name=com.miui.securitycore/com.miui.securityspace.ui.activity.GuideStartActivity)alpha=0.7490926 layer=21010 matrix=[1.0*1.0,0.0*1.0][0.0*1.0,1.0*1.0]: Window{122ba83 u10 com.miui.securitycore/com.miui.securityspace.ui.activity.GuideStartActivity}
04-13 10:47:34.963  1576  1671 I WindowManager: Original  : (0.0,0.0)-(1080.0,1920.0)
04-13 10:47:34.963  1576  1671 I WindowManager: Transformed: (0.0,0.0)-(1080.0,1920.0)
04-13 10:47:34.964  1576  1671 I WindowManager: <<< CLOSE TRANSACTION animateLocked
04-13 10:47:34.978  1576  1671 I WindowManager: >>> OPEN TRANSACTION animateLocked
04-13 10:47:34.978   549   549 E AAAA    : setUpHWComposer: empty: more  wasEmpty: notEmpty
04-13 10:47:34.978  1576  1671 V WindowManager: Step: finishNow=350
04-13 10:47:34.979  1576  1671 V WindowManager: Stepped rotate exit: Transformation{alpha=0.20610732 matrix=[1.0, 0.0, 0.0][0.0, 1.0, 0.0][0.0, 0.0, 1.0]}
04-13 10:47:34.979  1576  1671 V WindowManager: Stepped rotate enter: Transformation{alpha=0.7938927 matrix=[1.0, 0.0, 0.0][0.0, 1.0, 0.0][0.0, 0.0, 1.0]}
04-13 10:47:34.979  1576  1671 V WindowManager: Final exit: Transformation{alpha=0.20610732 matrix=[1.0, 0.0, 0.0][0.0, 1.0, 0.0][0.0, 0.0, 1.0]}
04-13 10:47:34.979  1576  1671 V WindowManager: Final enter: Transformation{alpha=0.7938927 matrix=[1.0, 0.0, 0.0][0.0, 1.0, 0.0][0.0, 0.0, 1.0]}
04-13 10:47:34.979  1576  1671 V WindowManager: Step: more=true
04-13 10:47:34.979  1576  1671 I WindowManager:   SURFACE Surface(name=com.miui.securitycore/com.miui.securityspace.ui.activity.GuideStartActivity)---MATRIX [1.0,0.0,0.0,1.0]: com.miui.securitycore/com.miui.securityspace.ui.activity.GuideStartActivity
04-13 10:47:34.979  1576  1671 I WindowManager:   SURFACE controller=Surface(name=com.miui.securitycore/com.miui.securityspace.ui.activity.GuideStartActivity)alpha=0.7938927 layer=21010 matrix=[1.0*1.0,0.0*1.0][0.0*1.0,1.0*1.0]: Window{122ba83 u10 com.miui.securitycore/com.miui.securityspace.ui.activity.GuideStartActivity}
04-13 10:47:34.979  1576  1671 I WindowManager: Original  : (0.0,0.0)-(1080.0,1920.0)
04-13 10:47:34.979  1576  1671 I WindowManager: Transformed: (0.0,0.0)-(1080.0,1920.0)
04-13 10:47:34.980  1576  1671 I WindowManager: <<< CLOSE TRANSACTION animateLocked
04-13 10:47:34.995  1576  1671 I WindowManager: >>> OPEN TRANSACTION animateLocked
04-13 10:47:34.995  1576  1671 V WindowManager: Step: finishNow=366
04-13 10:47:34.995   549   549 E AAAA    : setUpHWComposer: empty: more  wasEmpty: notEmpty
04-13 10:47:34.995  1576  1671 V WindowManager: Stepped rotate exit: Transformation{alpha=0.1669941 matrix=[1.0, 0.0, 0.0][0.0, 1.0, 0.0][0.0, 0.0, 1.0]}
04-13 10:47:34.995  1576  1671 V WindowManager: Stepped rotate enter: Transformation{alpha=0.8330059 matrix=[1.0, 0.0, 0.0][0.0, 1.0, 0.0][0.0, 0.0, 1.0]}
04-13 10:47:34.995  1576  1671 V WindowManager: Final exit: Transformation{alpha=0.1669941 matrix=[1.0, 0.0, 0.0][0.0, 1.0, 0.0][0.0, 0.0, 1.0]}
04-13 10:47:34.995  1576  1671 V WindowManager: Final enter: Transformation{alpha=0.8330059 matrix=[1.0, 0.0, 0.0][0.0, 1.0, 0.0][0.0, 0.0, 1.0]}
04-13 10:47:34.995  1576  1671 V WindowManager: Step: more=true
04-13 10:47:34.995  1576  1671 I WindowManager:   SURFACE Surface(name=com.miui.securitycore/com.miui.securityspace.ui.activity.GuideStartActivity)---MATRIX [1.0,0.0,0.0,1.0]: com.miui.securitycore/com.miui.securityspace.ui.activity.GuideStartActivity
04-13 10:47:34.995  1576  1671 I WindowManager:   SURFACE controller=Surface(name=com.miui.securitycore/com.miui.securityspace.ui.activity.GuideStartActivity)alpha=0.8330059 layer=21010 matrix=[1.0*1.0,0.0*1.0][0.0*1.0,1.0*1.0]: Window{122ba83 u10 com.miui.securitycore/com.miui.securityspace.ui.activity.GuideStartActivity}
04-13 10:47:34.996  1576  1671 I WindowManager: Original  : (0.0,0.0)-(1080.0,1920.0)
04-13 10:47:34.996  1576  1671 I WindowManager: Transformed: (0.0,0.0)-(1080.0,1920.0)
04-13 10:47:35.001  1576  1671 I WindowManager: <<< CLOSE TRANSACTION animateLocked
04-13 10:47:35.012   549   549 E AAAA    : setUpHWComposer: empty: more  wasEmpty: notEmpty
04-13 10:47:35.012  1576  1671 I WindowManager: >>> OPEN TRANSACTION animateLocked
04-13 10:47:35.012  1576  1671 V WindowManager: Step: finishNow=383
04-13 10:47:35.012  1576  1671 V WindowManager: Stepped rotate exit: Transformation{alpha=0.12912905 matrix=[1.0, 0.0, 0.0][0.0, 1.0, 0.0][0.0, 0.0, 1.0]}
04-13 10:47:35.012  1576  1671 V WindowManager: Stepped rotate enter: Transformation{alpha=0.87087095 matrix=[1.0, 0.0, 0.0][0.0, 1.0, 0.0][0.0, 0.0, 1.0]}
04-13 10:47:35.012  1576  1671 V WindowManager: Final exit: Transformation{alpha=0.12912905 matrix=[1.0, 0.0, 0.0][0.0, 1.0, 0.0][0.0, 0.0, 1.0]}
04-13 10:47:35.012  1576  1671 V WindowManager: Final enter: Transformation{alpha=0.87087095 matrix=[1.0, 0.0, 0.0][0.0, 1.0, 0.0][0.0, 0.0, 1.0]}
04-13 10:47:35.012  1576  1671 V WindowManager: Step: more=true
04-13 10:47:35.013  1576  1671 I WindowManager:   SURFACE Surface(name=com.miui.securitycore/com.miui.securityspace.ui.activity.GuideStartActivity)---MATRIX [1.0,0.0,0.0,1.0]: com.miui.securitycore/com.miui.securityspace.ui.activity.GuideStartActivity
04-13 10:47:35.013  1576  1671 I WindowManager:   SURFACE controller=Surface(name=com.miui.securitycore/com.miui.securityspace.ui.activity.GuideStartActivity)alpha=0.87087095 layer=21010 matrix=[1.0*1.0,0.0*1.0][0.0*1.0,1.0*1.0]: Window{122ba83 u10 com.miui.securitycore/com.miui.securityspace.ui.activity.GuideStartActivity}
04-13 10:47:35.013  1576  1671 I WindowManager: Original  : (0.0,0.0)-(1080.0,1920.0)
04-13 10:47:35.013  1576  1671 I WindowManager: Transformed: (0.0,0.0)-(1080.0,1920.0)
04-13 10:47:35.023  1576  1671 I WindowManager: <<< CLOSE TRANSACTION animateLocked
04-13 10:47:35.029  1576  1671 I WindowManager: >>> OPEN TRANSACTION animateLocked
04-13 10:47:35.029  1576  1671 V WindowManager: Step: finishNow=400
04-13 10:47:35.029   549   549 E AAAA    : setUpHWComposer: empty: more  wasEmpty: notEmpty
04-13 10:47:35.029  1576  1671 V WindowManager: Stepped rotate exit: Transformation{alpha=0.09549153 matrix=[1.0, 0.0, 0.0][0.0, 1.0, 0.0][0.0, 0.0, 1.0]}
04-13 10:47:35.029  1576  1671 V WindowManager: Stepped rotate enter: Transformation{alpha=0.9045085 matrix=[1.0, 0.0, 0.0][0.0, 1.0, 0.0][0.0, 0.0, 1.0]}
04-13 10:47:35.029  1576  1671 V WindowManager: Final exit: Transformation{alpha=0.09549153 matrix=[1.0, 0.0, 0.0][0.0, 1.0, 0.0][0.0, 0.0, 1.0]}
04-13 10:47:35.029  1576  1671 V WindowManager: Final enter: Transformation{alpha=0.9045085 matrix=[1.0, 0.0, 0.0][0.0, 1.0, 0.0][0.0, 0.0, 1.0]}
04-13 10:47:35.029  1576  1671 V WindowManager: Step: more=true
04-13 10:47:35.029  1576  1671 I WindowManager:   SURFACE Surface(name=com.miui.securitycore/com.miui.securityspace.ui.activity.GuideStartActivity)---MATRIX [1.0,0.0,0.0,1.0]: com.miui.securitycore/com.miui.securityspace.ui.activity.GuideStartActivity
04-13 10:47:35.029  1576  1671 I WindowManager:   SURFACE controller=Surface(name=com.miui.securitycore/com.miui.securityspace.ui.activity.GuideStartActivity)alpha=0.9045085 layer=21010 matrix=[1.0*1.0,0.0*1.0][0.0*1.0,1.0*1.0]: Window{122ba83 u10 com.miui.securitycore/com.miui.securityspace.ui.activity.GuideStartActivity}
04-13 10:47:35.029  1576  1671 I WindowManager: Original  : (0.0,0.0)-(1080.0,1920.0)
04-13 10:47:35.029  1576  1671 I WindowManager: Transformed: (0.0,0.0)-(1080.0,1920.0)
04-13 10:47:35.030  1576  1671 I WindowManager: <<< CLOSE TRANSACTION animateLocked
04-13 10:47:35.045  1576  1671 I WindowManager: >>> OPEN TRANSACTION animateLocked
04-13 10:47:35.045   549   549 E AAAA    : setUpHWComposer: empty: more  wasEmpty: notEmpty
04-13 10:47:35.045  1576  1671 V WindowManager: Step: finishNow=416
04-13 10:47:35.045  1576  1671 V WindowManager: Stepped rotate exit: Transformation{alpha=0.068038285 matrix=[1.0, 0.0, 0.0][0.0, 1.0, 0.0][0.0, 0.0, 1.0]}
04-13 10:47:35.045  1576  1671 V WindowManager: Stepped rotate enter: Transformation{alpha=0.9319617 matrix=[1.0, 0.0, 0.0][0.0, 1.0, 0.0][0.0, 0.0, 1.0]}
04-13 10:47:35.045  1576  1671 V WindowManager: Final exit: Transformation{alpha=0.068038285 matrix=[1.0, 0.0, 0.0][0.0, 1.0, 0.0][0.0, 0.0, 1.0]}
04-13 10:47:35.045  1576  1671 V WindowManager: Final enter: Transformation{alpha=0.9319617 matrix=[1.0, 0.0, 0.0][0.0, 1.0, 0.0][0.0, 0.0, 1.0]}
04-13 10:47:35.045  1576  1671 V WindowManager: Step: more=true
04-13 10:47:35.048  1576  1671 I WindowManager:   SURFACE Surface(name=com.miui.securitycore/com.miui.securityspace.ui.activity.GuideStartActivity)---MATRIX [1.0,0.0,0.0,1.0]: com.miui.securitycore/com.miui.securityspace.ui.activity.GuideStartActivity
04-13 10:47:35.048  1576  1671 I WindowManager:   SURFACE controller=Surface(name=com.miui.securitycore/com.miui.securityspace.ui.activity.GuideStartActivity)alpha=0.9319617 layer=21010 matrix=[1.0*1.0,0.0*1.0][0.0*1.0,1.0*1.0]: Window{122ba83 u10 com.miui.securitycore/com.miui.securityspace.ui.activity.GuideStartActivity}
04-13 10:47:35.048  1576  1671 I WindowManager: Original  : (0.0,0.0)-(1080.0,1920.0)
04-13 10:47:35.048  1576  1671 I WindowManager: Transformed: (0.0,0.0)-(1080.0,1920.0)
04-13 10:47:35.050  1576  1671 I WindowManager: <<< CLOSE TRANSACTION animateLocked
04-13 10:47:35.063  1576  1671 I WindowManager: >>> OPEN TRANSACTION animateLocked
04-13 10:47:35.063  1576  1671 V WindowManager: Step: finishNow=433
04-13 10:47:35.064  1576  1671 V WindowManager: Stepped rotate exit: Transformation{alpha=0.043654203 matrix=[1.0, 0.0, 0.0][0.0, 1.0, 0.0][0.0, 0.0, 1.0]}
04-13 10:47:35.064  1576  1671 V WindowManager: Stepped rotate enter: Transformation{alpha=0.9563458 matrix=[1.0, 0.0, 0.0][0.0, 1.0, 0.0][0.0, 0.0, 1.0]}
04-13 10:47:35.064   549   549 E AAAA    : setUpHWComposer: empty: more  wasEmpty: notEmpty
04-13 10:47:35.064  1576  1671 V WindowManager: Final exit: Transformation{alpha=0.043654203 matrix=[1.0, 0.0, 0.0][0.0, 1.0, 0.0][0.0, 0.0, 1.0]}
04-13 10:47:35.064  1576  1671 V WindowManager: Final enter: Transformation{alpha=0.9563458 matrix=[1.0, 0.0, 0.0][0.0, 1.0, 0.0][0.0, 0.0, 1.0]}
04-13 10:47:35.064  1576  1671 V WindowManager: Step: more=true
04-13 10:47:35.064  1576  1671 I WindowManager:   SURFACE Surface(name=com.miui.securitycore/com.miui.securityspace.ui.activity.GuideStartActivity)---MATRIX [1.0,0.0,0.0,1.0]: com.miui.securitycore/com.miui.securityspace.ui.activity.GuideStartActivity
04-13 10:47:35.064  1576  1671 I WindowManager:   SURFACE controller=Surface(name=com.miui.securitycore/com.miui.securityspace.ui.activity.GuideStartActivity)alpha=0.9563458 layer=21010 matrix=[1.0*1.0,0.0*1.0][0.0*1.0,1.0*1.0]: Window{122ba83 u10 com.miui.securitycore/com.miui.securityspace.ui.activity.GuideStartActivity}
04-13 10:47:35.064  1576  1671 I WindowManager: Original  : (0.0,0.0)-(1080.0,1920.0)
04-13 10:47:35.064  1576  1671 I WindowManager: Transformed: (0.0,0.0)-(1080.0,1920.0)
04-13 10:47:35.065  1576  1671 I WindowManager: <<< CLOSE TRANSACTION animateLocked
04-13 10:47:35.078   549   549 E AAAA    : setUpHWComposer: empty: more  wasEmpty: notEmpty
04-13 10:47:35.078  1576  1671 I WindowManager: >>> OPEN TRANSACTION animateLocked
04-13 10:47:35.078  1576  1671 V WindowManager: Step: finishNow=450
04-13 10:47:35.079  1576  1671 V WindowManager: Stepped rotate exit: Transformation{alpha=0.02447176 matrix=[1.0, 0.0, 0.0][0.0, 1.0, 0.0][0.0, 0.0, 1.0]}
04-13 10:47:35.079  1576  1671 V WindowManager: Stepped rotate enter: Transformation{alpha=0.97552824 matrix=[1.0, 0.0, 0.0][0.0, 1.0, 0.0][0.0, 0.0, 1.0]}
