04-13 09:37:32.811  1590  1656 V WindowManager: Step: finishNow=300
04-13 09:37:32.811  1590  1656 V WindowManager: Stepped rotate exit: Transformation{alpha=0.34549147 matrix=[1.0, 0.0, 0.0][0.0, 1.0, 0.0][0.0, 0.0, 1.0]}
04-13 09:37:32.811  1590  1656 V WindowManager: Stepped rotate enter: Transformation{alpha=0.65450853 matrix=[1.0, 0.0, 0.0][0.0, 1.0, 0.0][0.0, 0.0, 1.0]}
04-13 09:37:32.811  1590  1656 V WindowManager: Final exit: Transformation{alpha=0.34549147 matrix=[1.0, 0.0, 0.0][0.0, 1.0, 0.0][0.0, 0.0, 1.0]}
04-13 09:37:32.811  1590  1656 V WindowManager: Final enter: Transformation{alpha=0.65450853 matrix=[1.0, 0.0, 0.0][0.0, 1.0, 0.0][0.0, 0.0, 1.0]}
04-13 09:37:32.811  1590  1656 V WindowManager: Step: more=true
04-13 09:37:32.811  1590  1656 I WindowManager:   SURFACE Surface(name=com.miui.securitycore/com.miui.securityspace.ui.activity.GuideStartActivity)---MATRIX [1.0,0.0,0.0,1.0]: com.miui.securitycore/com.miui.securityspace.ui.activity.GuideStartActivity
04-13 09:37:32.811  1590  1656 I WindowManager:   SURFACE controller=Surface(name=com.miui.securitycore/com.miui.securityspace.ui.activity.GuideStartActivity)alpha=0.65450853 layer=21010 matrix=[1.0*1.0,0.0*1.0][0.0*1.0,1.0*1.0]: Window{967cd7b u11 com.miui.securitycore/com.miui.securityspace.ui.activity.GuideStartActivity}
04-13 09:37:32.812  1590  1656 I WindowManager:   SURFACE Surface(name=com.android.systemui.ImageWallpaper)---MATRIX [1.0,0.0,0.0,1.0]: com.android.systemui.ImageWallpaper
04-13 09:37:32.812  1590  1656 I WindowManager: Original  : (0.0,0.0)-(1080.0,1920.0)
04-13 09:37:32.812  1590  1656 I WindowManager: Transformed: (0.0,0.0)-(1080.0,1920.0)
04-13 09:37:32.812   544   544 E AAAA    : setUpHWComposer: empty: more  wasEmpty: notEmpty
04-13 09:37:32.815  1590  1656 I WindowManager: <<< CLOSE TRANSACTION animateLocked
04-13 09:37:32.827  1590  1656 I WindowManager: >>> OPEN TRANSACTION animateLocked
04-13 09:37:32.827  1590  1656 V WindowManager: Step: finishNow=316
04-13 09:37:32.827  1590  1656 V WindowManager: Stepped rotate exit: Transformation{alpha=0.2985468 matrix=[1.0, 0.0, 0.0][0.0, 1.0, 0.0][0.0, 0.0, 1.0]}
04-13 09:37:32.828  1590  1656 V WindowManager: Stepped rotate enter: Transformation{alpha=0.7014532 matrix=[1.0, 0.0, 0.0][0.0, 1.0, 0.0][0.0, 0.0, 1.0]}
04-13 09:37:32.828  1590  1656 V WindowManager: Final exit: Transformation{alpha=0.2985468 matrix=[1.0, 0.0, 0.0][0.0, 1.0, 0.0][0.0, 0.0, 1.0]}
04-13 09:37:32.828  1590  1656 V WindowManager: Final enter: Transformation{alpha=0.7014532 matrix=[1.0, 0.0, 0.0][0.0, 1.0, 0.0][0.0, 0.0, 1.0]}
04-13 09:37:32.828  1590  1656 V WindowManager: Step: more=true
04-13 09:37:32.828  1590  1656 I WindowManager:   SURFACE Surface(name=com.miui.securitycore/com.miui.securityspace.ui.activity.GuideStartActivity)---MATRIX [1.0,0.0,0.0,1.0]: com.miui.securitycore/com.miui.securityspace.ui.activity.GuideStartActivity
04-13 09:37:32.828  1590  1656 I WindowManager:   SURFACE controller=Surface(name=com.miui.securitycore/com.miui.securityspace.ui.activity.GuideStartActivity)alpha=0.7014532 layer=21010 matrix=[1.0*1.0,0.0*1.0][0.0*1.0,1.0*1.0]: Window{967cd7b u11 com.miui.securitycore/com.miui.securityspace.ui.activity.GuideStartActivity}
04-13 09:37:32.828  1590  1656 I WindowManager:   SURFACE Surface(name=com.android.systemui.ImageWallpaper)---MATRIX [1.0,0.0,0.0,1.0]: com.android.systemui.ImageWallpaper
04-13 09:37:32.828  1590  1656 I WindowManager: Original  : (0.0,0.0)-(1080.0,1920.0)
04-13 09:37:32.828  1590  1656 I WindowManager: Transformed: (0.0,0.0)-(1080.0,1920.0)
04-13 09:37:32.829   544   544 E AAAA    : setUpHWComposer: empty: more  wasEmpty: notEmpty
04-13 09:37:32.831  1590  1656 I WindowManager: <<< CLOSE TRANSACTION animateLocked
04-13 09:37:32.844  1590  1656 I WindowManager: >>> OPEN TRANSACTION animateLocked
04-13 09:37:32.844  1590  1656 V WindowManager: Step: finishNow=333
04-13 09:37:32.844  1590  1656 V WindowManager: Stepped rotate exit: Transformation{alpha=0.25090742 matrix=[1.0, 0.0, 0.0][0.0, 1.0, 0.0][0.0, 0.0, 1.0]}
04-13 09:37:32.844  1590  1656 V WindowManager: Stepped rotate enter: Transformation{alpha=0.7490926 matrix=[1.0, 0.0, 0.0][0.0, 1.0, 0.0][0.0, 0.0, 1.0]}
04-13 09:37:32.844  1590  1656 V WindowManager: Final exit: Transformation{alpha=0.25090742 matrix=[1.0, 0.0, 0.0][0.0, 1.0, 0.0][0.0, 0.0, 1.0]}
04-13 09:37:32.844  1590  1656 V WindowManager: Final enter: Transformation{alpha=0.7490926 matrix=[1.0, 0.0, 0.0][0.0, 1.0, 0.0][0.0, 0.0, 1.0]}
04-13 09:37:32.844  1590  1656 V WindowManager: Step: more=true
04-13 09:37:32.845  1590  1656 I WindowManager:   SURFACE Surface(name=com.miui.securitycore/com.miui.securityspace.ui.activity.GuideStartActivity)---MATRIX [1.0,0.0,0.0,1.0]: com.miui.securitycore/com.miui.securityspace.ui.activity.GuideStartActivity
04-13 09:37:32.845  1590  1656 I WindowManager:   SURFACE controller=Surface(name=com.miui.securitycore/com.miui.securityspace.ui.activity.GuideStartActivity)alpha=0.7490926 layer=21010 matrix=[1.0*1.0,0.0*1.0][0.0*1.0,1.0*1.0]: Window{967cd7b u11 com.miui.securitycore/com.miui.securityspace.ui.activity.GuideStartActivity}
04-13 09:37:32.845  1590  1656 I WindowManager:   SURFACE Surface(name=com.android.systemui.ImageWallpaper)---MATRIX [1.0,0.0,0.0,1.0]: com.android.systemui.ImageWallpaper
04-13 09:37:32.845  1590  1656 I WindowManager: Original  : (0.0,0.0)-(1080.0,1920.0)
04-13 09:37:32.845  1590  1656 I WindowManager: Transformed: (0.0,0.0)-(1080.0,1920.0)
04-13 09:37:32.846   544   544 E AAAA    : setUpHWComposer: empty: more  wasEmpty: notEmpty
04-13 09:37:32.848  1590  1656 I WindowManager: <<< CLOSE TRANSACTION animateLocked
04-13 09:37:32.861  1590  1656 I WindowManager: >>> OPEN TRANSACTION animateLocked
04-13 09:37:32.861  1590  1656 V WindowManager: Step: finishNow=350
04-13 09:37:32.861  1590  1656 V WindowManager: Stepped rotate exit: Transformation{alpha=0.20610732 matrix=[1.0, 0.0, 0.0][0.0, 1.0, 0.0][0.0, 0.0, 1.0]}
04-13 09:37:32.861  1590  1656 V WindowManager: Stepped rotate enter: Transformation{alpha=0.7938927 matrix=[1.0, 0.0, 0.0][0.0, 1.0, 0.0][0.0, 0.0, 1.0]}
04-13 09:37:32.861  1590  1656 V WindowManager: Final exit: Transformation{alpha=0.20610732 matrix=[1.0, 0.0, 0.0][0.0, 1.0, 0.0][0.0, 0.0, 1.0]}
04-13 09:37:32.861  1590  1656 V WindowManager: Final enter: Transformation{alpha=0.7938927 matrix=[1.0, 0.0, 0.0][0.0, 1.0, 0.0][0.0, 0.0, 1.0]}
04-13 09:37:32.861  1590  1656 V WindowManager: Step: more=true
04-13 09:37:32.861  1590  1656 I WindowManager:   SURFACE Surface(name=com.miui.securitycore/com.miui.securityspace.ui.activity.GuideStartActivity)---MATRIX [1.0,0.0,0.0,1.0]: com.miui.securitycore/com.miui.securityspace.ui.activity.GuideStartActivity
04-13 09:37:32.861  1590  1656 I WindowManager:   SURFACE controller=Surface(name=com.miui.securitycore/com.miui.securityspace.ui.activity.GuideStartActivity)alpha=0.7938927 layer=21010 matrix=[1.0*1.0,0.0*1.0][0.0*1.0,1.0*1.0]: Window{967cd7b u11 com.miui.securitycore/com.miui.securityspace.ui.activity.GuideStartActivity}
04-13 09:37:32.862  1590  1656 I WindowManager:   SURFACE Surface(name=com.android.systemui.ImageWallpaper)---MATRIX [1.0,0.0,0.0,1.0]: com.android.systemui.ImageWallpaper
04-13 09:37:32.862  1590  1656 I WindowManager: Original  : (0.0,0.0)-(1080.0,1920.0)
04-13 09:37:32.862  1590  1656 I WindowManager: Transformed: (0.0,0.0)-(1080.0,1920.0)
04-13 09:37:32.863   544   544 E AAAA    : setUpHWComposer: empty: more  wasEmpty: notEmpty
04-13 09:37:32.864  1590  1656 I WindowManager: <<< CLOSE TRANSACTION animateLocked
04-13 09:37:32.877  1590  1656 I WindowManager: >>> OPEN TRANSACTION animateLocked
04-13 09:37:32.877   544   544 E AAAA    : setUpHWComposer: empty: more  wasEmpty: notEmpty
04-13 09:37:32.877  1590  1656 V WindowManager: Step: finishNow=366
04-13 09:37:32.878  1590  1656 V WindowManager: Stepped rotate exit: Transformation{alpha=0.1669941 matrix=[1.0, 0.0, 0.0][0.0, 1.0, 0.0][0.0, 0.0, 1.0]}
04-13 09:37:32.878  1590  1656 V WindowManager: Stepped rotate enter: Transformation{alpha=0.8330059 matrix=[1.0, 0.0, 0.0][0.0, 1.0, 0.0][0.0, 0.0, 1.0]}
04-13 09:37:32.878  1590  1656 V WindowManager: Final exit: Transformation{alpha=0.1669941 matrix=[1.0, 0.0, 0.0][0.0, 1.0, 0.0][0.0, 0.0, 1.0]}
04-13 09:37:32.878  1590  1656 V WindowManager: Final enter: Transformation{alpha=0.8330059 matrix=[1.0, 0.0, 0.0][0.0, 1.0, 0.0][0.0, 0.0, 1.0]}
04-13 09:37:32.878  1590  1656 V WindowManager: Step: more=true
04-13 09:37:32.878  1590  1656 I WindowManager:   SURFACE Surface(name=com.miui.securitycore/com.miui.securityspace.ui.activity.GuideStartActivity)---MATRIX [1.0,0.0,0.0,1.0]: com.miui.securitycore/com.miui.securityspace.ui.activity.GuideStartActivity
04-13 09:37:32.878  1590  1656 I WindowManager:   SURFACE controller=Surface(name=com.miui.securitycore/com.miui.securityspace.ui.activity.GuideStartActivity)alpha=0.8330059 layer=21010 matrix=[1.0*1.0,0.0*1.0][0.0*1.0,1.0*1.0]: Window{967cd7b u11 com.miui.securitycore/com.miui.securityspace.ui.activity.GuideStartActivity}
04-13 09:37:32.878  1590  1656 I WindowManager:   SURFACE Surface(name=com.android.systemui.ImageWallpaper)---MATRIX [1.0,0.0,0.0,1.0]: com.android.systemui.ImageWallpaper
04-13 09:37:32.878  1590  1656 I WindowManager: Original  : (0.0,0.0)-(1080.0,1920.0)
04-13 09:37:32.878  1590  1656 I WindowManager: Transformed: (0.0,0.0)-(1080.0,1920.0)
04-13 09:37:32.879  1590  1656 I WindowManager: <<< CLOSE TRANSACTION animateLocked
04-13 09:37:32.894   544   544 E AAAA    : setUpHWComposer: empty: more  wasEmpty: notEmpty
04-13 09:37:32.895  1590  1656 I WindowManager: >>> OPEN TRANSACTION animateLocked
04-13 09:37:32.895  1590  1656 V WindowManager: Step: finishNow=383
04-13 09:37:32.896  1590  1656 V WindowManager: Stepped rotate exit: Transformation{alpha=0.12912905 matrix=[1.0, 0.0, 0.0][0.0, 1.0, 0.0][0.0, 0.0, 1.0]}
04-13 09:37:32.896  1590  1656 V WindowManager: Stepped rotate enter: Transformation{alpha=0.87087095 matrix=[1.0, 0.0, 0.0][0.0, 1.0, 0.0][0.0, 0.0, 1.0]}
04-13 09:37:32.896  1590  1656 V WindowManager: Final exit: Transformation{alpha=0.12912905 matrix=[1.0, 0.0, 0.0][0.0, 1.0, 0.0][0.0, 0.0, 1.0]}
04-13 09:37:32.896  1590  1656 V WindowManager: Final enter: Transformation{alpha=0.87087095 matrix=[1.0, 0.0, 0.0][0.0, 1.0, 0.0][0.0, 0.0, 1.0]}
04-13 09:37:32.896  1590  1656 V WindowManager: Step: more=true
04-13 09:37:32.896  1590  1656 I WindowManager:   SURFACE Surface(name=com.miui.securitycore/com.miui.securityspace.ui.activity.GuideStartActivity)---MATRIX [1.0,0.0,0.0,1.0]: com.miui.securitycore/com.miui.securityspace.ui.activity.GuideStartActivity
04-13 09:37:32.896  1590  1656 I WindowManager:   SURFACE controller=Surface(name=com.miui.securitycore/com.miui.securityspace.ui.activity.GuideStartActivity)alpha=0.87087095 layer=21010 matrix=[1.0*1.0,0.0*1.0][0.0*1.0,1.0*1.0]: Window{967cd7b u11 com.miui.securitycore/com.miui.securityspace.ui.activity.GuideStartActivity}
04-13 09:37:32.896  1590  1656 I WindowManager:   SURFACE Surface(name=com.android.systemui.ImageWallpaper)---MATRIX [1.0,0.0,0.0,1.0]: com.android.systemui.ImageWallpaper
04-13 09:37:32.896  1590  1656 I WindowManager: Original  : (0.0,0.0)-(1080.0,1920.0)
04-13 09:37:32.896  1590  1656 I WindowManager: Transformed: (0.0,0.0)-(1080.0,1920.0)
04-13 09:37:32.898  1590  1656 I WindowManager: <<< CLOSE TRANSACTION animateLocked
04-13 09:37:32.911   544   544 E AAAA    : setUpHWComposer: empty: more  wasEmpty: notEmpty
04-13 09:37:32.922  1590  1656 I WindowManager: >>> OPEN TRANSACTION animateLocked
04-13 09:37:32.922  1590  1656 V WindowManager: Step: finishNow=400
04-13 09:37:32.922  1590  1656 V WindowManager: Stepped rotate exit: Transformation{alpha=0.09549153 matrix=[1.0, 0.0, 0.0][0.0, 1.0, 0.0][0.0, 0.0, 1.0]}
04-13 09:37:32.922  1590  1656 V WindowManager: Stepped rotate enter: Transformation{alpha=0.9045085 matrix=[1.0, 0.0, 0.0][0.0, 1.0, 0.0][0.0, 0.0, 1.0]}
04-13 09:37:32.922  1590  1656 V WindowManager: Final exit: Transformation{alpha=0.09549153 matrix=[1.0, 0.0, 0.0][0.0, 1.0, 0.0][0.0, 0.0, 1.0]}
04-13 09:37:32.922  1590  1656 V WindowManager: Final enter: Transformation{alpha=0.9045085 matrix=[1.0, 0.0, 0.0][0.0, 1.0, 0.0][0.0, 0.0, 1.0]}
04-13 09:37:32.922  1590  1656 V WindowManager: Step: more=true
04-13 09:37:32.922  1590  1656 I WindowManager:   SURFACE Surface(name=com.miui.securitycore/com.miui.securityspace.ui.activity.GuideStartActivity)---MATRIX [1.0,0.0,0.0,1.0]: com.miui.securitycore/com.miui.securityspace.ui.activity.GuideStartActivity
04-13 09:37:32.923  1590  1656 I WindowManager:   SURFACE controller=Surface(name=com.miui.securitycore/com.miui.securityspace.ui.activity.GuideStartActivity)alpha=0.9045085 layer=21010 matrix=[1.0*1.0,0.0*1.0][0.0*1.0,1.0*1.0]: Window{967cd7b u11 com.miui.securitycore/com.miui.securityspace.ui.activity.GuideStartActivity}
04-13 09:37:32.923  1590  1656 I WindowManager:   SURFACE Surface(name=com.android.systemui.ImageWallpaper)---MATRIX [1.0,0.0,0.0,1.0]: com.android.systemui.ImageWallpaper
04-13 09:37:32.923  1590  1656 I WindowManager: Original  : (0.0,0.0)-(1080.0,1920.0)
04-13 09:37:32.923  1590  1656 I WindowManager: Transformed: (0.0,0.0)-(1080.0,1920.0)
04-13 09:37:32.928   544   544 E AAAA    : setUpHWComposer: empty: more  wasEmpty: notEmpty
04-13 09:37:32.931  1590  1656 I WindowManager: <<< CLOSE TRANSACTION animateLocked
04-13 09:37:32.932  1590  1656 I WindowManager: >>> OPEN TRANSACTION animateLocked
04-13 09:37:32.932  1590  1656 V WindowManager: Step: finishNow=417
04-13 09:37:32.932  1590  1656 V WindowManager: Stepped rotate exit: Transformation{alpha=0.06646466 matrix=[1.0, 0.0, 0.0][0.0, 1.0, 0.0][0.0, 0.0, 1.0]}
04-13 09:37:32.932  1590  1656 V WindowManager: Stepped rotate enter: Transformation{alpha=0.93353534 matrix=[1.0, 0.0, 0.0][0.0, 1.0, 0.0][0.0, 0.0, 1.0]}
04-13 09:37:32.932  1590  1656 V WindowManager: Final exit: Transformation{alpha=0.06646466 matrix=[1.0, 0.0, 0.0][0.0, 1.0, 0.0][0.0, 0.0, 1.0]}
04-13 09:37:32.932  1590  1656 V WindowManager: Final enter: Transformation{alpha=0.93353534 matrix=[1.0, 0.0, 0.0][0.0, 1.0, 0.0][0.0, 0.0, 1.0]}
04-13 09:37:32.932  1590  1656 V WindowManager: Step: more=true
04-13 09:37:32.932  1590  1656 I WindowManager:   SURFACE Surface(name=com.miui.securitycore/com.miui.securityspace.ui.activity.GuideStartActivity)---MATRIX [1.0,0.0,0.0,1.0]: com.miui.securitycore/com.miui.securityspace.ui.activity.GuideStartActivity
04-13 09:37:32.932  1590  1656 I WindowManager:   SURFACE controller=Surface(name=com.miui.securitycore/com.miui.securityspace.ui.activity.GuideStartActivity)alpha=0.93353534 layer=21010 matrix=[1.0*1.0,0.0*1.0][0.0*1.0,1.0*1.0]: Window{967cd7b u11 com.miui.securitycore/com.miui.securityspace.ui.activity.GuideStartActivity}
04-13 09:37:32.933  1590  1656 I WindowManager:   SURFACE Surface(name=com.android.systemui.ImageWallpaper)---MATRIX [1.0,0.0,0.0,1.0]: com.android.systemui.ImageWallpaper
04-13 09:37:32.933  1590  1656 I WindowManager: Original  : (0.0,0.0)-(1080.0,1920.0)
04-13 09:37:32.933  1590  1656 I WindowManager: Transformed: (0.0,0.0)-(1080.0,1920.0)
04-13 09:37:32.940  1590  1656 I WindowManager: <<< CLOSE TRANSACTION animateLocked
04-13 09:37:32.944  1590  1656 I WindowManager: >>> OPEN TRANSACTION animateLocked
04-13 09:37:32.944  1590  1656 V WindowManager: Step: finishNow=433
04-13 09:37:32.944   544   544 E AAAA    : setUpHWComposer: empty: more  wasEmpty: notEmpty
04-13 09:37:32.944  1590  1656 V WindowManager: Stepped rotate exit: Transformation{alpha=0.043654203 matrix=[1.0, 0.0, 0.0][0.0, 1.0, 0.0][0.0, 0.0, 1.0]}
04-13 09:37:32.944  1590  1656 V WindowManager: Stepped rotate enter: Transformation{alpha=0.9563458 matrix=[1.0, 0.0, 0.0][0.0, 1.0, 0.0][0.0, 0.0, 1.0]}
04-13 09:37:32.944  1590  1656 V WindowManager: Final exit: Transformation{alpha=0.043654203 matrix=[1.0, 0.0, 0.0][0.0, 1.0, 0.0][0.0, 0.0, 1.0]}
04-13 09:37:32.944  1590  1656 V WindowManager: Final enter: Transformation{alpha=0.9563458 matrix=[1.0, 0.0, 0.0][0.0, 1.0, 0.0][0.0, 0.0, 1.0]}
04-13 09:37:32.944  1590  1656 V WindowManager: Step: more=true
04-13 09:37:32.945  1590  1656 I WindowManager:   SURFACE Surface(name=com.miui.securitycore/com.miui.securityspace.ui.activity.GuideStartActivity)---MATRIX [1.0,0.0,0.0,1.0]: com.miui.securitycore/com.miui.securityspace.ui.activity.GuideStartActivity
04-13 09:37:32.945  1590  1656 I WindowManager:   SURFACE controller=Surface(name=com.miui.securitycore/com.miui.securityspace.ui.activity.GuideStartActivity)alpha=0.9563458 layer=21010 matrix=[1.0*1.0,0.0*1.0][0.0*1.0,1.0*1.0]: Window{967cd7b u11 com.miui.securitycore/com.miui.securityspace.ui.activity.GuideStartActivity}
04-13 09:37:32.945  1590  1656 I WindowManager:   SURFACE Surface(name=com.android.systemui.ImageWallpaper)---MATRIX [1.0,0.0,0.0,1.0]: com.android.systemui.ImageWallpaper
04-13 09:37:32.945  1590  1656 I WindowManager: Original  : (0.0,0.0)-(1080.0,1920.0)
04-13 09:37:32.945  1590  1656 I WindowManager: Transformed: (0.0,0.0)-(1080.0,1920.0)
04-13 09:37:32.945  1590  1656 I WindowManager: <<< CLOSE TRANSACTION animateLocked
04-13 09:37:32.961  1590  1656 I WindowManager: >>> OPEN TRANSACTION animateLocked
04-13 09:37:32.961  1590  1656 V WindowManager: Step: finishNow=450
04-13 09:37:32.961   544   544 E AAAA    : setUpHWComposer: empty: more  wasEmpty: notEmpty
04-13 09:37:32.961  1590  1656 V WindowManager: Stepped rotate exit: Transformation{alpha=0.02447176 matrix=[1.0, 0.0, 0.0][0.0, 1.0, 0.0][0.0, 0.0, 1.0]}
04-13 09:37:32.961  1590  1656 V WindowManager: Stepped rotate enter: Transformation{alpha=0.97552824 matrix=[1.0, 0.0, 0.0][0.0, 1.0, 0.0][0.0, 0.0, 1.0]}
04-13 09:37:32.961  1590  1656 V WindowManager: Final exit: Transformation{alpha=0.02447176 matrix=[1.0, 0.0, 0.0][0.0, 1.0, 0.0][0.0, 0.0, 1.0]}
04-13 09:37:32.961  1590  1656 V WindowManager: Final enter: Transformation{alpha=0.97552824 matrix=[1.0, 0.0, 0.0][0.0, 1.0, 0.0][0.0, 0.0, 1.0]}
04-13 09:37:32.961  1590  1656 V WindowManager: Step: more=true
04-13 09:37:32.961  1590  1656 I WindowManager:   SURFACE Surface(name=com.miui.securitycore/com.miui.securityspace.ui.activity.GuideStartActivity)---MATRIX [1.0,0.0,0.0,1.0]: com.miui.securitycore/com.miui.securityspace.ui.activity.GuideStartActivity
04-13 09:37:32.962  1590  1656 I WindowManager:   SURFACE controller=Surface(name=com.miui.securitycore/com.miui.securityspace.ui.activity.GuideStartActivity)alpha=0.97552824 layer=21010 matrix=[1.0*1.0,0.0*1.0][0.0*1.0,1.0*1.0]: Window{967cd7b u11 com.miui.securitycore/com.miui.securityspace.ui.activity.GuideStartActivity}
04-13 09:37:32.962  1590  1656 I WindowManager:   SURFACE Surface(name=com.android.systemui.ImageWallpaper)---MATRIX [1.0,0.0,0.0,1.0]: com.android.systemui.ImageWallpaper
04-13 09:37:32.962  1590  1656 I WindowManager: Original  : (0.0,0.0)-(1080.0,1920.0)
04-13 09:37:32.962  1590  1656 I WindowManager: Transformed: (0.0,0.0)-(1080.0,1920.0)
04-13 09:37:32.963  1590  1656 I WindowManager: <<< CLOSE TRANSACTION animateLocked
04-13 09:37:32.973  1590  2838 I WindowManager:   NEW SURFACE SESSION android.view.SurfaceSession@5695743
04-13 09:37:32.977  1590  1656 I WindowManager: >>> OPEN TRANSACTION animateLocked
04-13 09:37:32.978  1590  1656 V WindowManager: Step: finishNow=467
04-13 09:37:32.978   544   544 E AAAA    : setUpHWComposer: empty: more  wasEmpty: notEmpty
04-13 09:37:32.978  1590  1656 V WindowManager: Stepped rotate exit: Transformation{alpha=0.010709524 matrix=[1.0, 0.0, 0.0][0.0, 1.0, 0.0][0.0, 0.0, 1.0]}
04-13 09:37:32.978  1590  1656 V WindowManager: Stepped rotate enter: Transformation{alpha=0.9892905 matrix=[1.0, 0.0, 0.0][0.0, 1.0, 0.0][0.0, 0.0, 1.0]}
04-13 09:37:32.978  1590  1656 V WindowManager: Final exit: Transformation{alpha=0.010709524 matrix=[1.0, 0.0, 0.0][0.0, 1.0, 0.0][0.0, 0.0, 1.0]}
04-13 09:37:32.978  1590  1656 V WindowManager: Final enter: Transformation{alpha=0.9892905 matrix=[1.0, 0.0, 0.0][0.0, 1.0, 0.0][0.0, 0.0, 1.0]}
04-13 09:37:32.978  1590  1656 V WindowManager: Step: more=true
04-13 09:37:32.978  1590  1656 I WindowManager:   SURFACE Surface(name=com.miui.securitycore/com.miui.securityspace.ui.activity.GuideStartActivity)---MATRIX [1.0,0.0,0.0,1.0]: com.miui.securitycore/com.miui.securityspace.ui.activity.GuideStartActivity
04-13 09:37:32.978  1590  1656 I WindowManager:   SURFACE controller=Surface(name=com.miui.securitycore/com.miui.securityspace.ui.activity.GuideStartActivity)alpha=0.9892905 layer=21015 matrix=[1.0*1.0,0.0*1.0][0.0*1.0,1.0*1.0]: Window{967cd7b u11 com.miui.securitycore/com.miui.securityspace.ui.activity.GuideStartActivity}
04-13 09:37:32.978  1590  1656 I WindowManager:   SURFACE Surface(name=com.android.systemui.ImageWallpaper)---MATRIX [1.0,0.0,0.0,1.0]: com.android.systemui.ImageWallpaper
04-13 09:37:32.978  1590  1656 I WindowManager: Original  : (0.0,0.0)-(1080.0,1920.0)
04-13 09:37:32.978  1590  1656 I WindowManager: Transformed: (0.0,0.0)-(1080.0,1920.0)
04-13 09:37:32.979  1590  1656 I WindowManager: <<< CLOSE TRANSACTION animateLocked
04-13 09:37:32.979  1590  1656 I WindowManager: >>> OPEN TRANSACTION performLayoutAndPlaceSurfaces
04-13 09:37:32.980  1590  1656 I WindowManager:   SURFACE Surface(name=com.android.systemui.ImageWallpaper)---MATRIX [1.0,0.0,0.0,1.0]: com.android.systemui.ImageWallpaper
04-13 09:37:32.980  1590  1656 I WindowManager:   SURFACE Surface(name=com.miui.securitycore/com.miui.securityspace.ui.activity.GuideStartActivity)---MATRIX [1.0,0.0,0.0,1.0]: com.miui.securitycore/com.miui.securityspace.ui.activity.GuideStartActivity
04-13 09:37:32.980  1590  1656 V WindowManager: Eval win Window{b8c94f2 u11 com.miui.home/com.miui.home.launcher.Launcher}: isDrawn=false, isAnimationSet=false
04-13 09:37:32.980  1590  1656 V WindowManager: Not displayed: s=null pv=true mDrawState=NO_SURFACE ah=false th=true a=false
04-13 09:37:32.981  1590  1656 I WindowManager: <<< CLOSE TRANSACTION performLayoutAndPlaceSurfaces
04-13 09:37:32.984  1590  1622 V WindowManager: Remove Window{ec2bf73 u11 com.android.systemui.ImageWallpaper}: mSurfaceController=Surface(name=com.android.systemui.ImageWallpaper) mAnimatingExit=false mRemoveOnExit=false mHasSurface=true surfaceShowing=false isAnimationSet=true app-animation=null mWillReplaceWindow=false inPendingTransaction=false mDisplayFrozen=false callers=com.android.server.wm.WindowManagerService.removeWindowLocked:2439 com.android.server.wm.WindowManagerService.removeWindow:2434 com.android.server.wm.Session.remove:202 android.view.IWindowSession$Stub.onTransact:242 com.android.server.wm.Session.onTransact:145 android.os.Binder.execTransact:567 
04-13 09:37:32.984  1590  1622 I WindowManager:   SURFACE DESTROY: Window{ec2bf73 u11 com.android.systemui.ImageWallpaper}
04-13 09:37:32.984  1590  1622 I WindowManager: Destroying surface Surface(name=com.android.systemui.ImageWallpaper) called by com.android.server.wm.WindowStateAnimator.destroySurface:2043 com.android.server.wm.WindowStateAnimator.destroySurfaceLocked:895 com.android.server.wm.WindowState.removeLocked:1458 com.android.server.wm.WindowManagerService.removeWindowInnerLocked:2612 com.android.server.wm.WindowManagerService.removeWindowLocked:2570 com.android.server.wm.WindowManagerService.removeWindowLocked:2439 com.android.server.wm.WindowManagerService.removeWindow:2434 com.android.server.wm.Session.remove:202 
04-13 09:37:32.985  1590  1622 I WindowManager: >>> OPEN TRANSACTION performLayoutAndPlaceSurfaces
04-13 09:37:32.986  1590  1622 I WindowManager:   SURFACE Surface(name=com.miui.securitycore/com.miui.securityspace.ui.activity.GuideStartActivity)---MATRIX [1.0,0.0,0.0,1.0]: com.miui.securitycore/com.miui.securityspace.ui.activity.GuideStartActivity
04-13 09:37:32.986  1590  1622 V WindowManager: Eval win Window{b8c94f2 u11 com.miui.home/com.miui.home.launcher.Launcher}: isDrawn=false, isAnimationSet=false
04-13 09:37:32.986  1590  1622 V WindowManager: Not displayed: s=null pv=true mDrawState=NO_SURFACE ah=false th=true a=false
04-13 09:37:32.986  1590  1622 I WindowManager: <<< CLOSE TRANSACTION performLayoutAndPlaceSurfaces
04-13 09:37:32.995  1590  1656 I WindowManager: >>> OPEN TRANSACTION animateLocked
04-13 09:37:32.995   544   544 E AAAA    : setUpHWComposer: empty: more  wasEmpty: notEmpty
04-13 09:37:32.996  1590  1656 V WindowManager: Step: finishNow=483
04-13 09:37:32.996  1590  1656 V WindowManager: Stepped rotate exit: Transformation{alpha=0.0028495789 matrix=[1.0, 0.0, 0.0][0.0, 1.0, 0.0][0.0, 0.0, 1.0]}
04-13 09:37:32.996  1590  1656 V WindowManager: Stepped rotate enter: Transformation{alpha=0.9971504 matrix=[1.0, 0.0, 0.0][0.0, 1.0, 0.0][0.0, 0.0, 1.0]}
04-13 09:37:32.996  1590  1656 V WindowManager: Final exit: Transformation{alpha=0.0028495789 matrix=[1.0, 0.0, 0.0][0.0, 1.0, 0.0][0.0, 0.0, 1.0]}
04-13 09:37:32.996  1590  1656 V WindowManager: Final enter: Transformation{alpha=0.9971504 matrix=[1.0, 0.0, 0.0][0.0, 1.0, 0.0][0.0, 0.0, 1.0]}
04-13 09:37:32.996  1590  1656 V WindowManager: Step: more=true
04-13 09:37:32.996  1590  1656 I WindowManager:   SURFACE Surface(name=com.miui.securitycore/com.miui.securityspace.ui.activity.GuideStartActivity)---MATRIX [1.0,0.0,0.0,1.0]: com.miui.securitycore/com.miui.securityspace.ui.activity.GuideStartActivity
04-13 09:37:32.996  1590  1656 I WindowManager:   SURFACE controller=Surface(name=com.miui.securitycore/com.miui.securityspace.ui.activity.GuideStartActivity)alpha=0.9971504 layer=21015 matrix=[1.0*1.0,0.0*1.0][0.0*1.0,1.0*1.0]: Window{967cd7b u11 com.miui.securitycore/com.miui.securityspace.ui.activity.GuideStartActivity}
04-13 09:37:32.996  1590  1656 I WindowManager: Original  : (0.0,0.0)-(1080.0,1920.0)
04-13 09:37:32.996  1590  1656 I WindowManager: Transformed: (0.0,0.0)-(1080.0,1920.0)
04-13 09:37:33.003  1590  1656 I WindowManager: <<< CLOSE TRANSACTION animateLocked
04-13 09:37:33.007  1590  2950 V WindowManager: Done at AppWindowToken{9ed53c8 token=Token{8105ba ActivityRecord{f0aa6e5 u11 com.miui.securitycore/com.miui.securityspace.ui.activity.GuideStartActivity t1100001}}} -- full screen, return 1
04-13 09:37:33.011   544   544 E AAAA    : setUpHWComposer: empty: more  wasEmpty: notEmpty
04-13 09:37:33.011  1590  2950 I WindowManager: Sending new config to window Window{b07da84 u11 com.android.systemui.ImageWallpaper}:  / mergedConfig={1.0 ?mcc?mnc [zh_CN] ldltr sw360dp w360dp h620dp 480dpi nrml long port finger -keyb/v/h -nav/h s.5 themeChanged=0 themeChangedFlags=0}
04-13 09:37:33.011  1590  2950 I WindowManager: createSurface WindowStateAnimator{d04726d com.android.systemui.ImageWallpaper}: mDrawState=DRAW_PENDING
04-13 09:37:33.013  1590  2950 I WindowManager:   CREATE SURFACE Surface(name=com.android.systemui.ImageWallpaper) IN SESSION android.view.SurfaceSession@4ffdfcf: pid=8733 format=2 flags=0x404 / WindowStateAnimator{d04726d com.android.systemui.ImageWallpaper}
04-13 09:37:33.013  1590  2950 I WindowManager: >>> OPEN TRANSACTION createSurfaceLocked
04-13 09:37:33.013  1590  2950 I WindowManager:   SURFACE CREATE pos=(0,0) (1x1), layer=21025 HIDE: Window{b07da84 u11 com.android.systemui.ImageWallpaper}
04-13 09:37:33.013  1590  2950 I WindowManager:   SURFACE Surface(name=com.android.systemui.ImageWallpaper)---POS (setPositionAndLayer) @ (0.0,0.0): com.android.systemui.ImageWallpaper
04-13 09:37:33.014  1590  2950 I WindowManager: <<< CLOSE TRANSACTION setPositionAndLayer
04-13 09:37:33.014  1590  2950 I WindowManager:   OUT SURFACE Surface(name=null)/@0x3101ea2: copied
04-13 09:37:33.014  1590  2950 V WindowManager: Done at AppWindowToken{9ed53c8 token=Token{8105ba ActivityRecord{f0aa6e5 u11 com.miui.securitycore/com.miui.securityspace.ui.activity.GuideStartActivity t1100001}}} -- full screen, return 1
04-13 09:37:33.014  1590  2950 I WindowManager: >>> OPEN TRANSACTION performLayoutAndPlaceSurfaces
04-13 09:37:33.015  1590  2950 I WindowManager:   SURFACE Surface(name=com.android.systemui.ImageWallpaper)---SIZE 1080x1920: com.android.systemui.ImageWallpaper
04-13 09:37:33.015  1590  2950 I WindowManager:   SURFACE Surface(name=com.android.systemui.ImageWallpaper)---CROP [0,0][1080,1920]: com.android.systemui.ImageWallpaper
04-13 09:37:33.015  1590  2950 I WindowManager:   SURFACE Surface(name=com.android.systemui.ImageWallpaper)---MATRIX [1.0,0.0,0.0,1.0]: com.android.systemui.ImageWallpaper
04-13 09:37:33.015  1590  2950 I WindowManager:   SURFACE Surface(name=com.miui.securitycore/com.miui.securityspace.ui.activity.GuideStartActivity)---MATRIX [1.0,0.0,0.0,1.0]: com.miui.securitycore/com.miui.securityspace.ui.activity.GuideStartActivity
04-13 09:37:33.015  1590  2950 V WindowManager: Eval win Window{b8c94f2 u11 com.miui.home/com.miui.home.launcher.Launcher}: isDrawn=false, isAnimationSet=false
04-13 09:37:33.015  1590  2950 V WindowManager: Not displayed: s=null pv=true mDrawState=NO_SURFACE ah=false th=true a=false
04-13 09:37:33.027   544   544 E AAAA    : setUpHWComposer: empty: more  wasEmpty: notEmpty
04-13 09:37:33.028  1590  2950 I WindowManager: <<< CLOSE TRANSACTION performLayoutAndPlaceSurfaces
04-13 09:37:33.028  1590  2950 I WindowManager: >>> OPEN TRANSACTION performLayoutAndPlaceSurfaces
04-13 09:37:33.029  1590  2950 I WindowManager:   SURFACE Surface(name=com.android.systemui.ImageWallpaper)---MATRIX [1.0,0.0,0.0,1.0]: com.android.systemui.ImageWallpaper
04-13 09:37:33.029  1590  2950 I WindowManager:   SURFACE Surface(name=com.miui.securitycore/com.miui.securityspace.ui.activity.GuideStartActivity)---MATRIX [1.0,0.0,0.0,1.0]: com.miui.securitycore/com.miui.securityspace.ui.activity.GuideStartActivity
04-13 09:37:33.029  1590  2950 V WindowManager: Eval win Window{b8c94f2 u11 com.miui.home/com.miui.home.launcher.Launcher}: isDrawn=false, isAnimationSet=false
04-13 09:37:33.029  1590  2950 V WindowManager: Not displayed: s=null pv=true mDrawState=NO_SURFACE ah=false th=true a=false
04-13 09:37:33.030  1590  2950 I WindowManager: <<< CLOSE TRANSACTION performLayoutAndPlaceSurfaces
04-13 09:37:33.031  1590  1656 I WindowManager: >>> OPEN TRANSACTION animateLocked
04-13 09:37:33.031  1590  1656 V WindowManager: Step: finishNow=500
04-13 09:37:33.031  1590  1656 V WindowManager: Stepped rotate exit: Transformation{alpha=0.0 matrix=[1.0, 0.0, 0.0][0.0, 1.0, 0.0][0.0, 0.0, 1.0]}
04-13 09:37:33.031  1590  1656 V WindowManager: Stepped rotate enter: Transformation{alpha=1.0 matrix=[1.0, 0.0, 0.0][0.0, 1.0, 0.0][0.0, 0.0, 1.0]}
04-13 09:37:33.031  1590  1656 V WindowManager: Final exit: Transformation{alpha=0.0 matrix=[1.0, 0.0, 0.0][0.0, 1.0, 0.0][0.0, 0.0, 1.0]}
04-13 09:37:33.031  1590  1656 V WindowManager: Final enter: Transformation{alpha=1.0 matrix=[1.0, 0.0, 0.0][0.0, 1.0, 0.0][0.0, 0.0, 1.0]}
04-13 09:37:33.031  1590  1656 V WindowManager: Step: more=true
04-13 09:37:33.032  1590  1656 I WindowManager:   SURFACE Surface(name=com.miui.securitycore/com.miui.securityspace.ui.activity.GuideStartActivity)---MATRIX [1.0,0.0,0.0,1.0]: com.miui.securitycore/com.miui.securityspace.ui.activity.GuideStartActivity
04-13 09:37:33.032  1590  1656 I WindowManager:   SURFACE controller=Surface(name=com.miui.securitycore/com.miui.securityspace.ui.activity.GuideStartActivity)alpha=1.0 layer=21015 matrix=[1.0*1.0,0.0*1.0][0.0*1.0,1.0*1.0]: Window{967cd7b u11 com.miui.securitycore/com.miui.securityspace.ui.activity.GuideStartActivity}
04-13 09:37:33.032  1590  1656 I WindowManager:   SURFACE Surface(name=com.android.systemui.ImageWallpaper)---MATRIX [1.0,0.0,0.0,1.0]: com.android.systemui.ImageWallpaper
04-13 09:37:33.032  1590  1656 I WindowManager: Original  : (0.0,0.0)-(1080.0,1920.0)
04-13 09:37:33.032  1590  1656 I WindowManager: Transformed: (0.0,0.0)-(1080.0,1920.0)
04-13 09:37:33.033  1590  1656 I WindowManager: <<< CLOSE TRANSACTION animateLocked
04-13 09:37:33.037  1590  3015 V WindowManager: finishDrawingLocked: mDrawState=COMMIT_DRAW_PENDING Window{b07da84 u11 com.android.systemui.ImageWallpaper} in Surface(name=com.android.systemui.ImageWallpaper)
04-13 09:37:33.037  1590  1656 I WindowManager: >>> OPEN TRANSACTION performLayoutAndPlaceSurfaces
04-13 09:37:33.038  1590  1656 I WindowManager: commitFinishDrawingLocked: mDrawState=READY_TO_SHOW Surface(name=com.android.systemui.ImageWallpaper)
04-13 09:37:33.038  1590  1656 I WindowManager:   SURFACE Surface(name=com.android.systemui.ImageWallpaper)---MATRIX [1.0,0.0,0.0,1.0]: com.android.systemui.ImageWallpaper
04-13 09:37:33.038  1590  1656 I WindowManager:   SURFACE Surface(name=com.miui.securitycore/com.miui.securityspace.ui.activity.GuideStartActivity)---MATRIX [1.0,0.0,0.0,1.0]: com.miui.securitycore/com.miui.securityspace.ui.activity.GuideStartActivity
04-13 09:37:33.038  1590  1656 V WindowManager: Eval win Window{b8c94f2 u11 com.miui.home/com.miui.home.launcher.Launcher}: isDrawn=false, isAnimationSet=false
04-13 09:37:33.038  1590  1656 V WindowManager: Not displayed: s=null pv=true mDrawState=NO_SURFACE ah=false th=true a=false
04-13 09:37:33.038  1590  1656 I WindowManager: <<< CLOSE TRANSACTION performLayoutAndPlaceSurfaces
04-13 09:37:33.044   544   544 E AAAA    : setUpHWComposer: empty: hasOne  wasEmpty: notEmpty
04-13 09:37:33.044   544   544 E AAAA    : layer name com.miui.securitycore/com.miui.securityspace.ui.activity.GuideStartActivity
04-13 09:37:33.047  1590  1656 I WindowManager: >>> OPEN TRANSACTION animateLocked
04-13 09:37:33.047  1590  1656 V WindowManager: Step: finishNow=533
04-13 09:37:33.047  1590  1656 V WindowManager: Stepped rotate exit: Transformation{alpha=0.0 matrix=[1.0, 0.0, 0.0][0.0, 1.0, 0.0][0.0, 0.0, 1.0]}
04-13 09:37:33.047  1590  1656 V WindowManager: Stepped rotate enter: Transformation{alpha=1.0 matrix=[1.0, 0.0, 0.0][0.0, 1.0, 0.0][0.0, 0.0, 1.0]}
04-13 09:37:33.047  1590  1656 V WindowManager: Exit animations done, clearing rotate exit anim!
04-13 09:37:33.047  1590  1656 V WindowManager: Enter animations done, clearing rotate enter anim!
04-13 09:37:33.047  1590  1656 V WindowManager: Final exit: Transformation{alpha=1.0 matrix=[1.0, 0.0, 0.0][0.0, 1.0, 0.0][0.0, 0.0, 1.0]}
04-13 09:37:33.047  1590  1656 V WindowManager: Final enter: Transformation{alpha=1.0 matrix=[1.0, 0.0, 0.0][0.0, 1.0, 0.0][0.0, 0.0, 1.0]}
04-13 09:37:33.047  1590  1656 V WindowManager: Step: more=false
04-13 09:37:33.047  1590  1656 V WindowManager: Kill!
04-13 09:37:33.047  1590  1656 I WindowManager:   FREEZE Surface(name=ScreenshotSurface): DESTROY
04-13 09:37:33.048  1590  1656 I WindowManager:   BLACK Surface(name=BlackSurface): DESTROY
04-13 09:37:33.048  1590  1656 I WindowManager:   BLACK Surface(name=BlackSurface): DESTROY
04-13 09:37:33.048  1590  1656 I WindowManager:   BLACK Surface(name=BlackSurface): DESTROY
04-13 09:37:33.048  1590  1656 I WindowManager:   BLACK Surface(name=BlackSurface): DESTROY
04-13 09:37:33.049  1590  1656 I WindowManager:   SURFACE Surface(name=com.miui.securitycore/com.miui.securityspace.ui.activity.GuideStartActivity)---MATRIX [1.0,0.0,0.0,1.0]: com.miui.securitycore/com.miui.securityspace.ui.activity.GuideStartActivity
04-13 09:37:33.049  1590  1656 I WindowManager:   SURFACE Surface(name=com.android.systemui.ImageWallpaper)---MATRIX [1.0,0.0,0.0,1.0]: com.android.systemui.ImageWallpaper
04-13 09:37:33.049  1590  1656 I WindowManager: <<< CLOSE TRANSACTION animateLocked
04-13 09:37:33.049  1590  1656 I WindowManager: >>> OPEN TRANSACTION performLayoutAndPlaceSurfaces
04-13 09:37:33.049  1590  1656 I WindowManager: commitFinishDrawingLocked: mDrawState=READY_TO_SHOW Surface(name=com.android.systemui.ImageWallpaper)
04-13 09:37:33.049  1590  1656 I WindowManager:   SURFACE Surface(name=com.android.systemui.ImageWallpaper)---MATRIX [1.0,0.0,0.0,1.0]: com.android.systemui.ImageWallpaper
04-13 09:37:33.049  1590  1656 I WindowManager:   SURFACE Surface(name=com.miui.securitycore/com.miui.securityspace.ui.activity.GuideStartActivity)---MATRIX [1.0,0.0,0.0,1.0]: com.miui.securitycore/com.miui.securityspace.ui.activity.GuideStartActivity
04-13 09:37:33.050  1590  1656 V WindowManager: Eval win Window{b8c94f2 u11 com.miui.home/com.miui.home.launcher.Launcher}: isDrawn=false, isAnimationSet=false
04-13 09:37:33.050  1590  1656 V WindowManager: Not displayed: s=null pv=true mDrawState=NO_SURFACE ah=false th=true a=false
04-13 09:37:33.051  1590  1656 I WindowManager: <<< CLOSE TRANSACTION performLayoutAndPlaceSurfaces
04-13 09:37:33.051  1590  1656 D WindowManager: Performing post-rotate rotation
04-13 09:37:33.051  1590  1656 V WindowManager: Application requested orientation 1, got rotation 0 which has compatible metrics
04-13 09:37:33.062  1590  1656 I WindowManager: >>> OPEN TRANSACTION animateLocked
04-13 09:37:33.062   544   544 E AAAA    : setUpHWComposer: empty: hasOne  wasEmpty: notEmpty
04-13 09:37:33.062   544   544 E AAAA    : layer name com.miui.securitycore/com.miui.securityspace.ui.activity.GuideStartActivity
04-13 09:37:33.062  1590  1656 I WindowManager:   SURFACE Surface(name=com.miui.securitycore/com.miui.securityspace.ui.activity.GuideStartActivity)---MATRIX [1.0,0.0,0.0,1.0]: com.miui.securitycore/com.miui.securityspace.ui.activity.GuideStartActivity
04-13 09:37:33.062  1590  1656 I WindowManager:   SURFACE Surface(name=com.android.systemui.ImageWallpaper)---MATRIX [1.0,0.0,0.0,1.0]: com.android.systemui.ImageWallpaper
04-13 09:37:33.063  1590  1656 I WindowManager: <<< CLOSE TRANSACTION animateLocked
04-13 09:37:33.078   544   544 E AAAA    : setUpHWComposer: empty: hasOne  wasEmpty: notEmpty
04-13 09:37:33.078   544   544 E AAAA    : layer name com.miui.securitycore/com.miui.securityspace.ui.activity.GuideStartActivity
04-13 09:37:33.085  1590  3015 V WindowManager: Loading animations: layout params pkg=com.android.systemui resId=0x10302f2
04-13 09:37:33.085  1590  3015 V WindowManager: Loading animations: picked package=android
04-13 09:37:33.085  1590  3015 V WindowManager: applyAnimation: win=WindowStateAnimator{d04726d com.android.systemui.ImageWallpaper} anim=0 attr=0x0 a=android.view.animation.AnimationSet@12bb9ab transit=1 isEntrance=true Callers com.android.server.wm.WindowStateAnimator.applyEnterAnimationLocked:1840 com.android.server.wm.WindowState.prepareWindowToDisplayDuringRelayout:1738 com.android.server.wm.WindowManagerService.relayoutVisibleWindow:3201 
04-13 09:37:33.085  1590  3015 I WindowManager: Loaded animation android.view.animation.AnimationSet@12bb9ab for WindowStateAnimator{d04726d com.android.systemui.ImageWallpaper}
04-13 09:37:33.086  1590  3015 I WindowManager:   OUT SURFACE Surface(name=null)/@0x7725808: copied
04-13 09:37:33.086  1590  3015 V WindowManager: Done at AppWindowToken{9ed53c8 token=Token{8105ba ActivityRecord{f0aa6e5 u11 com.miui.securitycore/com.miui.securityspace.ui.activity.GuideStartActivity t1100001}}} -- full screen, return 1
04-13 09:37:33.086  1590  3015 I WindowManager: >>> OPEN TRANSACTION performLayoutAndPlaceSurfaces
04-13 09:37:33.086  1590  3015 I WindowManager: commitFinishDrawingLocked: mDrawState=READY_TO_SHOW Surface(name=com.android.systemui.ImageWallpaper)
04-13 09:37:33.086  1590  3015 V WindowManager: Loading animations: layout params pkg=com.android.systemui resId=0x10302f2
04-13 09:37:33.086  1590  3015 V WindowManager: Loading animations: picked package=android
04-13 09:37:33.086  1590  3015 V WindowManager: applyAnimation: win=WindowStateAnimator{d04726d com.android.systemui.ImageWallpaper} anim=0 attr=0x2 a=null transit=3 isEntrance=true Callers com.android.server.wm.WindowStateAnimator.applyEnterAnimationLocked:1840 com.android.server.wm.WindowStateAnimator.performShowLocked:1756 com.android.server.wm.WindowStateAnimator.commitFinishDrawingLocked:631 
04-13 09:37:33.086  1590  3015 V WindowManager: performShowLocked: mDrawState=HAS_DRAWN in Window{b07da84 u11 com.android.systemui.ImageWallpaper}
04-13 09:37:33.087  1590  3015 I WindowManager:   SURFACE Surface(name=com.android.systemui.ImageWallpaper)---MATRIX [1.0,0.0,0.0,1.0]: com.android.systemui.ImageWallpaper
04-13 09:37:33.087  1590  3015 I WindowManager:   SURFACE Surface(name=com.miui.securitycore/com.miui.securityspace.ui.activity.GuideStartActivity)---MATRIX [1.0,0.0,0.0,1.0]: com.miui.securitycore/com.miui.securityspace.ui.activity.GuideStartActivity
04-13 09:37:33.087  1590  3015 V WindowManager: Eval win Window{b8c94f2 u11 com.miui.home/com.miui.home.launcher.Launcher}: isDrawn=false, isAnimationSet=false
04-13 09:37:33.087  1590  3015 V WindowManager: Not displayed: s=null pv=true mDrawState=NO_SURFACE ah=false th=true a=false
04-13 09:37:33.093  1590  3015 I WindowManager: <<< CLOSE TRANSACTION performLayoutAndPlaceSurfaces
04-13 09:37:33.094   544   544 E AAAA    : setUpHWComposer: empty: hasOne  wasEmpty: notEmpty
04-13 09:37:33.094   544   544 E AAAA    : layer name com.miui.securitycore/com.miui.securityspace.ui.activity.GuideStartActivity
04-13 09:37:33.097  1590  5294 V WindowManager: Done at AppWindowToken{9ed53c8 token=Token{8105ba ActivityRecord{f0aa6e5 u11 com.miui.securitycore/com.miui.securityspace.ui.activity.GuideStartActivity t1100001}}} -- full screen, return 1
04-13 09:37:33.097  1590  5294 I WindowManager: >>> OPEN TRANSACTION performLayoutAndPlaceSurfaces
04-13 09:37:33.098  1590  5294 I WindowManager:   SURFACE Surface(name=com.android.systemui.ImageWallpaper)---MATRIX [1.0,0.0,0.0,1.0]: com.android.systemui.ImageWallpaper
04-13 09:37:33.098  1590  5294 I WindowManager:   SURFACE Surface(name=com.miui.securitycore/com.miui.securityspace.ui.activity.GuideStartActivity)---MATRIX [1.0,0.0,0.0,1.0]: com.miui.securitycore/com.miui.securityspace.ui.activity.GuideStartActivity
04-13 09:37:33.098  1590  5294 V WindowManager: Eval win Window{b8c94f2 u11 com.miui.home/com.miui.home.launcher.Launcher}: isDrawn=false, isAnimationSet=false
04-13 09:37:33.098  1590  5294 V WindowManager: Not displayed: s=null pv=true mDrawState=NO_SURFACE ah=false th=true a=false
04-13 09:37:33.098  1590  5294 I WindowManager: <<< CLOSE TRANSACTION performLayoutAndPlaceSurfaces
04-13 09:37:33.111   544   544 E AAAA    : setUpHWComposer: empty: hasOne  wasEmpty: notEmpty
04-13 09:37:33.111   544   544 E AAAA    : layer name com.miui.securitycore/com.miui.securityspace.ui.activity.GuideStartActivity
04-13 09:37:33.111  1590  1656 I WindowManager: >>> OPEN TRANSACTION animateLocked
04-13 09:37:33.111  1590  1656 V WindowManager: Starting animation in WindowStateAnimator{d04726d com.android.systemui.ImageWallpaper} @ 343740: ww=1080 wh=1920 dx=1080 dy=1920 scale=1.0
04-13 09:37:33.111  1590  1656 I WindowManager:   SURFACE Surface(name=com.miui.securitycore/com.miui.securityspace.ui.activity.GuideStartActivity)---MATRIX [1.0,0.0,0.0,1.0]: com.miui.securitycore/com.miui.securityspace.ui.activity.GuideStartActivity
04-13 09:37:33.111  1590  1656 I WindowManager:   SURFACE Surface(name=com.android.systemui.ImageWallpaper)---MATRIX [1.0,0.0,0.0,1.0]: com.android.systemui.ImageWallpaper
04-13 09:37:33.112  1590  1656 I WindowManager: <<< CLOSE TRANSACTION animateLocked
04-13 09:37:33.127   544   544 E AAAA    : setUpHWComposer: empty: hasOne  wasEmpty: notEmpty
04-13 09:37:33.128   544   544 E AAAA    : layer name com.miui.securitycore/com.miui.securityspace.ui.activity.GuideStartActivity
04-13 09:37:33.128  1590  1656 I WindowManager: >>> OPEN TRANSACTION animateLocked
04-13 09:37:33.128  1590  1656 I WindowManager:   SURFACE Surface(name=com.miui.securitycore/com.miui.securityspace.ui.activity.GuideStartActivity)---MATRIX [1.0,0.0,0.0,1.0]: com.miui.securitycore/com.miui.securityspace.ui.activity.GuideStartActivity
04-13 09:37:33.128  1590  1656 I WindowManager:   SURFACE Surface(name=com.android.systemui.ImageWallpaper)---MATRIX [1.0,0.0,0.0,1.0]: com.android.systemui.ImageWallpaper
04-13 09:37:33.128  1590  1656 I WindowManager: <<< CLOSE TRANSACTION animateLocked
04-13 09:37:33.144   544   544 E AAAA    : setUpHWComposer: empty: hasOne  wasEmpty: notEmpty
04-13 09:37:33.144   544   544 E AAAA    : layer name com.miui.securitycore/com.miui.securityspace.ui.activity.GuideStartActivity
04-13 09:37:33.144  1590  1656 I WindowManager: >>> OPEN TRANSACTION animateLocked
04-13 09:37:33.144  1590  1656 I WindowManager:   SURFACE Surface(name=com.miui.securitycore/com.miui.securityspace.ui.activity.GuideStartActivity)---MATRIX [1.0,0.0,0.0,1.0]: com.miui.securitycore/com.miui.securityspace.ui.activity.GuideStartActivity
04-13 09:37:33.144  1590  1656 I WindowManager:   SURFACE Surface(name=com.android.systemui.ImageWallpaper)---MATRIX [1.0,0.0,0.0,1.0]: com.android.systemui.ImageWallpaper
04-13 09:37:33.145  1590  1656 I WindowManager: <<< CLOSE TRANSACTION animateLocked
04-13 09:37:33.161   544   544 E AAAA    : setUpHWComposer: empty: hasOne  wasEmpty: notEmpty
04-13 09:37:33.161   544   544 E AAAA    : layer name com.miui.securitycore/com.miui.securityspace.ui.activity.GuideStartActivity
04-13 09:37:33.161  1590  1656 I WindowManager: >>> OPEN TRANSACTION animateLocked
04-13 09:37:33.161  1590  1656 I WindowManager:   SURFACE Surface(name=com.miui.securitycore/com.miui.securityspace.ui.activity.GuideStartActivity)---MATRIX [1.0,0.0,0.0,1.0]: com.miui.securitycore/com.miui.securityspace.ui.activity.GuideStartActivity
04-13 09:37:33.161  1590  1656 I WindowManager:   SURFACE Surface(name=com.android.systemui.ImageWallpaper)---MATRIX [1.0,0.0,0.0,1.0]: com.android.systemui.ImageWallpaper
04-13 09:37:33.162  1590  1656 I WindowManager: <<< CLOSE TRANSACTION animateLocked
04-13 09:37:33.178   544   544 E AAAA    : setUpHWComposer: empty: hasOne  wasEmpty: notEmpty
04-13 09:37:33.178   544   544 E AAAA    : layer name com.miui.securitycore/com.miui.securityspace.ui.activity.GuideStartActivity
04-13 09:37:33.178  1590  1656 I WindowManager: >>> OPEN TRANSACTION animateLocked
04-13 09:37:33.178  1590  1656 I WindowManager:   SURFACE Surface(name=com.miui.securitycore/com.miui.securityspace.ui.activity.GuideStartActivity)---MATRIX [1.0,0.0,0.0,1.0]: com.miui.securitycore/com.miui.securityspace.ui.activity.GuideStartActivity
04-13 09:37:33.179  1590  1656 I WindowManager:   SURFACE Surface(name=com.android.systemui.ImageWallpaper)---MATRIX [1.0,0.0,0.0,1.0]: com.android.systemui.ImageWallpaper
04-13 09:37:33.179  1590  1656 I WindowManager: <<< CLOSE TRANSACTION animateLocked
04-13 09:37:33.194   544   544 E AAAA    : setUpHWComposer: empty: hasOne  wasEmpty: notEmpty
04-13 09:37:33.194   544   544 E AAAA    : layer name com.miui.securitycore/com.miui.securityspace.ui.activity.GuideStartActivity
04-13 09:37:33.194  1590  1656 I WindowManager: >>> OPEN TRANSACTION animateLocked
04-13 09:37:33.194  1590  1656 I WindowManager:   SURFACE Surface(name=com.miui.securitycore/com.miui.securityspace.ui.activity.GuideStartActivity)---MATRIX [1.0,0.0,0.0,1.0]: com.miui.securitycore/com.miui.securityspace.ui.activity.GuideStartActivity
04-13 09:37:33.194  1590  1656 I WindowManager:   SURFACE Surface(name=com.android.systemui.ImageWallpaper)---MATRIX [1.0,0.0,0.0,1.0]: com.android.systemui.ImageWallpaper
04-13 09:37:33.195  1590  1656 I WindowManager: <<< CLOSE TRANSACTION animateLocked
04-13 09:37:33.211   544   544 E AAAA    : setUpHWComposer: empty: hasOne  wasEmpty: notEmpty
04-13 09:37:33.211   544   544 E AAAA    : layer name com.miui.securitycore/com.miui.securityspace.ui.activity.GuideStartActivity
04-13 09:37:33.211  1590  1656 I WindowManager: >>> OPEN TRANSACTION animateLocked
04-13 09:37:33.213  1590  1656 I WindowManager:   SURFACE Surface(name=com.miui.securitycore/com.miui.securityspace.ui.activity.GuideStartActivity)---MATRIX [1.0,0.0,0.0,1.0]: com.miui.securitycore/com.miui.securityspace.ui.activity.GuideStartActivity
04-13 09:37:33.213  1590  1656 I WindowManager:   SURFACE Surface(name=com.android.systemui.ImageWallpaper)---MATRIX [1.0,0.0,0.0,1.0]: com.android.systemui.ImageWallpaper
04-13 09:37:33.215  1590  1656 I WindowManager: <<< CLOSE TRANSACTION animateLocked
04-13 09:37:33.227   544   544 E AAAA    : setUpHWComposer: empty: hasOne  wasEmpty: notEmpty
04-13 09:37:33.227  1590  1656 I WindowManager: >>> OPEN TRANSACTION animateLocked
04-13 09:37:33.227   544   544 E AAAA    : layer name com.miui.securitycore/com.miui.securityspace.ui.activity.GuideStartActivity
04-13 09:37:33.228  1590  1656 I WindowManager:   SURFACE Surface(name=com.miui.securitycore/com.miui.securityspace.ui.activity.GuideStartActivity)---MATRIX [1.0,0.0,0.0,1.0]: com.miui.securitycore/com.miui.securityspace.ui.activity.GuideStartActivity
04-13 09:37:33.228  1590  1656 I WindowManager:   SURFACE Surface(name=com.android.systemui.ImageWallpaper)---MATRIX [1.0,0.0,0.0,1.0]: com.android.systemui.ImageWallpaper
04-13 09:37:33.229  1590  1656 I WindowManager: <<< CLOSE TRANSACTION animateLocked
04-13 09:37:33.244   544   544 E AAAA    : setUpHWComposer: empty: hasOne  wasEmpty: notEmpty
04-13 09:37:33.244   544   544 E AAAA    : layer name com.miui.securitycore/com.miui.securityspace.ui.activity.GuideStartActivity
04-13 09:37:33.244  1590  1656 I WindowManager: >>> OPEN TRANSACTION animateLocked
04-13 09:37:33.245  1590  1656 I WindowManager:   SURFACE Surface(name=com.miui.securitycore/com.miui.securityspace.ui.activity.GuideStartActivity)---MATRIX [1.0,0.0,0.0,1.0]: com.miui.securitycore/com.miui.securityspace.ui.activity.GuideStartActivity
04-13 09:37:33.245  1590  1656 I WindowManager:   SURFACE Surface(name=com.android.systemui.ImageWallpaper)---MATRIX [1.0,0.0,0.0,1.0]: com.android.systemui.ImageWallpaper
04-13 09:37:33.245  1590  1656 I WindowManager: <<< CLOSE TRANSACTION animateLocked
04-13 09:37:33.261   544   544 E AAAA    : setUpHWComposer: empty: hasOne  wasEmpty: notEmpty
04-13 09:37:33.261   544   544 E AAAA    : layer name com.miui.securitycore/com.miui.securityspace.ui.activity.GuideStartActivity
04-13 09:37:33.261  1590  1656 I WindowManager: >>> OPEN TRANSACTION animateLocked
