07-02 20:22:41.658  1451  1514 V WindowStateAnimator: performShow on WindowStateAnimator{66be3fe com.android.systemui.ImageWallpaper}: mDrawState=READY_TO_SHOW readyForDisplay=false starting=false during animation: policyVis=true attHidden=false tok.hiddenRequested=false tok.hidden=false animating=false tok animating=false Callers=com.android.server.wm.WindowAnimator.updateWindowsLocked:440 com.android.server.wm.WindowAnimator.animateLocked:688 com.android.server.wm.WindowAnimator.access$000:53 
07-02 20:22:41.658  1451  1514 I WindowManager:   SURFACE alpha=0.7987891 layer=21020 matrix=[1.0*1.0,0.0*1.0][0.0*1.0,1.0*1.0]: Window{3e4fe00 u0 Starting com.miui.securitycore EXITING}
07-02 20:22:41.660  1451  1514 I WindowAnimator: <<< CLOSE TRANSACTION animateLocked
07-02 20:22:41.672  1451  1514 I WindowAnimator: >>> OPEN TRANSACTION animateLocked
07-02 20:22:41.673  1451  1514 V WindowStateAnimator: performShow on WindowStateAnimator{66be3fe com.android.systemui.ImageWallpaper}: mDrawState=READY_TO_SHOW readyForDisplay=false starting=false during animation: policyVis=true attHidden=false tok.hiddenRequested=false tok.hidden=false animating=false tok animating=false Callers=com.android.server.wm.WindowAnimator.updateWindowsLocked:440 com.android.server.wm.WindowAnimator.animateLocked:688 com.android.server.wm.WindowAnimator.access$000:53 
07-02 20:22:41.673  1451  1514 I WindowManager:   SURFACE alpha=0.6201563 layer=21020 matrix=[1.0*1.0,0.0*1.0][0.0*1.0,1.0*1.0]: Window{3e4fe00 u0 Starting com.miui.securitycore EXITING}
07-02 20:22:41.676  1451  1514 I WindowAnimator: <<< CLOSE TRANSACTION animateLocked
07-02 20:22:41.689  1451  1514 I WindowAnimator: >>> OPEN TRANSACTION animateLocked
07-02 20:22:41.690  1451  1514 V WindowStateAnimator: performShow on WindowStateAnimator{66be3fe com.android.systemui.ImageWallpaper}: mDrawState=READY_TO_SHOW readyForDisplay=false starting=false during animation: policyVis=true attHidden=false tok.hiddenRequested=false tok.hidden=false animating=false tok animating=false Callers=com.android.server.wm.WindowAnimator.updateWindowsLocked:440 com.android.server.wm.WindowAnimator.animateLocked:688 com.android.server.wm.WindowAnimator.access$000:53 
07-02 20:22:41.697  1451  1514 I WindowManager:   SURFACE alpha=0.47265625 layer=21020 matrix=[1.0*1.0,0.0*1.0][0.0*1.0,1.0*1.0]: Window{3e4fe00 u0 Starting com.miui.securitycore EXITING}
07-02 20:22:41.698  1451  1514 I WindowAnimator: <<< CLOSE TRANSACTION animateLocked
07-02 20:22:41.707  1451  1514 I WindowAnimator: >>> OPEN TRANSACTION animateLocked
07-02 20:22:41.708  1451  1514 V WindowStateAnimator: performShow on WindowStateAnimator{66be3fe com.android.systemui.ImageWallpaper}: mDrawState=READY_TO_SHOW readyForDisplay=false starting=false during animation: policyVis=true attHidden=false tok.hiddenRequested=false tok.hidden=false animating=false tok animating=false Callers=com.android.server.wm.WindowAnimator.updateWindowsLocked:440 com.android.server.wm.WindowAnimator.animateLocked:688 com.android.server.wm.WindowAnimator.access$000:53 
07-02 20:22:41.708  1451  1514 I WindowManager:   SURFACE alpha=0.33785158 layer=21020 matrix=[1.0*1.0,0.0*1.0][0.0*1.0,1.0*1.0]: Window{3e4fe00 u0 Starting com.miui.securitycore EXITING}
07-02 20:22:41.709  1451  1514 I WindowAnimator: <<< CLOSE TRANSACTION animateLocked
07-02 20:22:41.723  1451  1514 I WindowAnimator: >>> OPEN TRANSACTION animateLocked
07-02 20:22:41.723  1451  1514 V WindowStateAnimator: performShow on WindowStateAnimator{66be3fe com.android.systemui.ImageWallpaper}: mDrawState=READY_TO_SHOW readyForDisplay=false starting=false during animation: policyVis=true attHidden=false tok.hiddenRequested=false tok.hidden=false animating=false tok animating=false Callers=com.android.server.wm.WindowAnimator.updateWindowsLocked:440 com.android.server.wm.WindowAnimator.animateLocked:688 com.android.server.wm.WindowAnimator.access$000:53 
07-02 20:22:41.724  1451  1514 I WindowManager:   SURFACE alpha=0.22562504 layer=21020 matrix=[1.0*1.0,0.0*1.0][0.0*1.0,1.0*1.0]: Window{3e4fe00 u0 Starting com.miui.securitycore EXITING}
07-02 20:22:41.724  1451  1514 I WindowAnimator: <<< CLOSE TRANSACTION animateLocked
07-02 20:22:41.739  1451  1514 I WindowAnimator: >>> OPEN TRANSACTION animateLocked
07-02 20:22:41.740  1451  1514 V WindowStateAnimator: performShow on WindowStateAnimator{66be3fe com.android.systemui.ImageWallpaper}: mDrawState=READY_TO_SHOW readyForDisplay=false starting=false during animation: policyVis=true attHidden=false tok.hiddenRequested=false tok.hidden=false animating=false tok animating=false Callers=com.android.server.wm.WindowAnimator.updateWindowsLocked:440 com.android.server.wm.WindowAnimator.animateLocked:688 com.android.server.wm.WindowAnimator.access$000:53 
07-02 20:22:41.740  1451  1514 I WindowManager:   SURFACE alpha=0.140625 layer=21020 matrix=[1.0*1.0,0.0*1.0][0.0*1.0,1.0*1.0]: Window{3e4fe00 u0 Starting com.miui.securitycore EXITING}
07-02 20:22:41.741  1451  1514 I WindowAnimator: <<< CLOSE TRANSACTION animateLocked
07-02 20:22:41.756  1451  1514 I WindowAnimator: >>> OPEN TRANSACTION animateLocked
07-02 20:22:41.757  1451  1514 V WindowStateAnimator: performShow on WindowStateAnimator{66be3fe com.android.systemui.ImageWallpaper}: mDrawState=READY_TO_SHOW readyForDisplay=false starting=false during animation: policyVis=true attHidden=false tok.hiddenRequested=false tok.hidden=false animating=false tok animating=false Callers=com.android.server.wm.WindowAnimator.updateWindowsLocked:440 com.android.server.wm.WindowAnimator.animateLocked:688 com.android.server.wm.WindowAnimator.access$000:53 
07-02 20:22:41.757  1451  1514 I WindowManager:   SURFACE alpha=0.072226584 layer=21020 matrix=[1.0*1.0,0.0*1.0][0.0*1.0,1.0*1.0]: Window{3e4fe00 u0 Starting com.miui.securitycore EXITING}
07-02 20:22:41.763  1451  1514 I WindowAnimator: <<< CLOSE TRANSACTION animateLocked
07-02 20:22:41.772  1451  1514 I WindowAnimator: >>> OPEN TRANSACTION animateLocked
07-02 20:22:41.773  1451  1514 V WindowStateAnimator: performShow on WindowStateAnimator{66be3fe com.android.systemui.ImageWallpaper}: mDrawState=READY_TO_SHOW readyForDisplay=false starting=false during animation: policyVis=true attHidden=false tok.hiddenRequested=false tok.hidden=false animating=false tok animating=false Callers=com.android.server.wm.WindowAnimator.updateWindowsLocked:440 com.android.server.wm.WindowAnimator.animateLocked:688 com.android.server.wm.WindowAnimator.access$000:53 
07-02 20:22:41.774  1451  1514 I WindowManager:   SURFACE alpha=0.026406288 layer=21020 matrix=[1.0*1.0,0.0*1.0][0.0*1.0,1.0*1.0]: Window{3e4fe00 u0 Starting com.miui.securitycore EXITING}
07-02 20:22:41.775  1451  1514 I WindowAnimator: <<< CLOSE TRANSACTION animateLocked
07-02 20:22:41.789  1451  1514 I WindowAnimator: >>> OPEN TRANSACTION animateLocked
07-02 20:22:41.790  1451  1514 V WindowStateAnimator: performShow on WindowStateAnimator{66be3fe com.android.systemui.ImageWallpaper}: mDrawState=READY_TO_SHOW readyForDisplay=false starting=false during animation: policyVis=true attHidden=false tok.hiddenRequested=false tok.hidden=false animating=false tok animating=false Callers=com.android.server.wm.WindowAnimator.updateWindowsLocked:440 com.android.server.wm.WindowAnimator.animateLocked:688 com.android.server.wm.WindowAnimator.access$000:53 
07-02 20:22:41.792  1451  1514 I WindowManager:   SURFACE alpha=0.003164053 layer=21020 matrix=[1.0*1.0,0.0*1.0][0.0*1.0,1.0*1.0]: Window{3e4fe00 u0 Starting com.miui.securitycore EXITING}
07-02 20:22:41.797  1451  1514 I WindowAnimator: <<< CLOSE TRANSACTION animateLocked
07-02 20:22:41.806  1451  1514 I WindowAnimator: >>> OPEN TRANSACTION animateLocked
07-02 20:22:41.807  1451  1514 V WindowStateAnimator: performShow on WindowStateAnimator{66be3fe com.android.systemui.ImageWallpaper}: mDrawState=READY_TO_SHOW readyForDisplay=false starting=false during animation: policyVis=true attHidden=false tok.hiddenRequested=false tok.hidden=false animating=false tok animating=false Callers=com.android.server.wm.WindowAnimator.updateWindowsLocked:440 com.android.server.wm.WindowAnimator.animateLocked:688 com.android.server.wm.WindowAnimator.access$000:53 
07-02 20:22:41.807  1451  1514 I WindowManager:   SURFACE alpha=0.0 layer=21020 matrix=[1.0*1.0,0.0*1.0][0.0*1.0,1.0*1.0]: Window{3e4fe00 u0 Starting com.miui.securitycore EXITING}
07-02 20:22:41.808  1451  1514 I WindowAnimator: <<< CLOSE TRANSACTION animateLocked
07-02 20:22:41.824  1451  1514 I WindowAnimator: >>> OPEN TRANSACTION animateLocked
07-02 20:22:41.824  1451  1514 V WindowStateAnimator: Finished animation in WindowStateAnimator{1e45639 Starting com.miui.securitycore} @ 86588
07-02 20:22:41.824  1451  1514 V WindowStateAnimator: Animation done in WindowStateAnimator{1e45639 Starting com.miui.securitycore}: exiting=true, reportedVisible=true
07-02 20:22:41.824  1451  1514 V WindowStateAnimator: finishExit in WindowStateAnimator{1e45639 Starting com.miui.securitycore}: exiting=true remove=true windowAnimating=false
07-02 20:22:41.824  1451  1514 I WindowManager:   SURFACE HIDE (finishExit): Window{3e4fe00 u0 Starting com.miui.securitycore EXITING}
07-02 20:22:41.825  1451  1514 I WindowManager:   SURFACE HIDE (performLayout): Window{3e4fe00 u0 Starting com.miui.securitycore EXITING}
07-02 20:22:41.825  1451  1514 V WindowManager: Update reported visibility: AppWindowToken{5dca8c9 token=Token{345a893 ActivityRecord{f5f0ccd u10 com.miui.securitycore/com.miui.securityspace.ui.activity.GuideStartActivity t94}}}
07-02 20:22:41.825  1451  1514 V WindowManager: Win Window{244b16f u10 com.miui.securitycore/com.miui.securityspace.ui.activity.GuideStartActivity}: isDrawn=true, isAnimating=false
07-02 20:22:41.825  1451  1514 V WindowManager: VIS AppWindowToken{5dca8c9 token=Token{345a893 ActivityRecord{f5f0ccd u10 com.miui.securitycore/com.miui.securityspace.ui.activity.GuideStartActivity t94}}}: interesting=1 visible=1
07-02 20:22:41.825  1451  1514 V WindowStateAnimator: performShow on WindowStateAnimator{66be3fe com.android.systemui.ImageWallpaper}: mDrawState=READY_TO_SHOW readyForDisplay=false starting=false during animation: policyVis=true attHidden=false tok.hiddenRequested=false tok.hidden=false animating=false tok animating=false Callers=com.android.server.wm.WindowAnimator.updateWindowsLocked:440 com.android.server.wm.WindowAnimator.animateLocked:688 com.android.server.wm.WindowAnimator.access$000:53 
07-02 20:22:41.826  1451  1514 I WindowAnimator: <<< CLOSE TRANSACTION animateLocked
07-02 20:22:41.826  1451  1514 I WindowManager: >>> OPEN TRANSACTION performLayoutAndPlaceSurfaces
07-02 20:22:41.827  1451  1514 I WindowStateAnimator: commitFinishDrawingLocked: mDrawState=READY_TO_SHOW Surface(name=com.android.systemui.ImageWallpaper)
07-02 20:22:41.827  1451  1514 V WindowStateAnimator: performShow on WindowStateAnimator{66be3fe com.android.systemui.ImageWallpaper}: mDrawState=READY_TO_SHOW readyForDisplay=false starting=false during animation: policyVis=true attHidden=false tok.hiddenRequested=false tok.hidden=false animating=false tok animating=false Callers=com.android.server.wm.WindowStateAnimator.commitFinishDrawingLocked:547 com.android.server.wm.WindowManagerService.performLayoutAndPlaceSurfacesLockedInner:10254 com.android.server.wm.WindowManagerService.performLayoutAndPlaceSurfacesLockedLoop:9131 
07-02 20:22:41.828  1451  1514 I WindowManager: <<< CLOSE TRANSACTION performLayoutAndPlaceSurfaces
07-02 20:22:41.828  1451  1514 W WindowStateAnimator: Window WindowStateAnimator{1e45639 Starting com.miui.securitycore} destroying surface Surface(name=Starting com.miui.securitycore), session Session{8e7a76a 1451:1000}
07-02 20:22:41.828  1451  1514 I WindowManager:   SURFACE DESTROY: Window{3e4fe00 u0 Starting com.miui.securitycore}
07-02 20:22:41.836  1451  1514 I WindowManager: >>> OPEN TRANSACTION performLayoutAndPlaceSurfaces
07-02 20:22:41.837  1451  1514 I WindowStateAnimator: commitFinishDrawingLocked: mDrawState=READY_TO_SHOW Surface(name=com.android.systemui.ImageWallpaper)
07-02 20:22:41.837  1451  1514 V WindowStateAnimator: performShow on WindowStateAnimator{66be3fe com.android.systemui.ImageWallpaper}: mDrawState=READY_TO_SHOW readyForDisplay=false starting=false during animation: policyVis=true attHidden=false tok.hiddenRequested=false tok.hidden=false animating=false tok animating=false Callers=com.android.server.wm.WindowStateAnimator.commitFinishDrawingLocked:547 com.android.server.wm.WindowManagerService.performLayoutAndPlaceSurfacesLockedInner:10254 com.android.server.wm.WindowManagerService.performLayoutAndPlaceSurfacesLockedLoop:9131 
07-02 20:22:41.855  1451  1514 I WindowManager: <<< CLOSE TRANSACTION performLayoutAndPlaceSurfaces
07-02 20:22:41.881  1451  1514 I WindowAnimator: >>> OPEN TRANSACTION animateLocked
07-02 20:22:41.884  1451  1514 V WindowStateAnimator: performShow on WindowStateAnimator{66be3fe com.android.systemui.ImageWallpaper}: mDrawState=READY_TO_SHOW readyForDisplay=false starting=false during animation: policyVis=true attHidden=false tok.hiddenRequested=false tok.hidden=false animating=false tok animating=false Callers=com.android.server.wm.WindowAnimator.updateWindowsLocked:440 com.android.server.wm.WindowAnimator.animateLocked:688 com.android.server.wm.WindowAnimator.access$000:53 
07-02 20:22:41.895  1451  1514 I WindowAnimator: <<< CLOSE TRANSACTION animateLocked
07-02 20:22:41.899  1451  2108 V WindowStateAnimator: applyAnimation: win=WindowStateAnimator{66be3fe com.android.systemui.ImageWallpaper} anim=0 attr=0x1 a=android.view.animation.AnimationSet@b066a10 transit=2 isEntrance=false Callers com.android.server.wm.WindowManagerService.removeWindowLocked:2788 com.android.server.wm.WindowManagerService.removeWindow:2742 com.android.server.wm.Session.remove:197 
07-02 20:22:41.900  1451  2108 V WindowStateAnimator: Loaded animation android.view.animation.AnimationSet@b066a10 for WindowStateAnimator{66be3fe com.android.systemui.ImageWallpaper}
07-02 20:22:41.900  1451  2108 I WindowManager: >>> OPEN TRANSACTION performLayoutAndPlaceSurfaces
07-02 20:22:41.900  1451  2108 I WindowStateAnimator: commitFinishDrawingLocked: mDrawState=READY_TO_SHOW Surface(name=com.android.systemui.ImageWallpaper)
07-02 20:22:41.900  1451  2108 V WindowStateAnimator: performShow on WindowStateAnimator{66be3fe com.android.systemui.ImageWallpaper}: mDrawState=READY_TO_SHOW readyForDisplay=true starting=false during animation: policyVis=true attHidden=false tok.hiddenRequested=false tok.hidden=false animating=false tok animating=false Callers=com.android.server.wm.WindowStateAnimator.commitFinishDrawingLocked:547 com.android.server.wm.WindowManagerService.performLayoutAndPlaceSurfacesLockedInner:10254 com.android.server.wm.WindowManagerService.performLayoutAndPlaceSurfacesLockedLoop:9131 
07-02 20:22:41.901  1451  2108 I WindowManager:   SURFACE SHOW (performShowLocked): Window{80b180 u10 com.android.systemui.ImageWallpaper EXITING}
07-02 20:22:41.901  1451  2108 V WindowStateAnimator: Showing WindowStateAnimator{66be3fe com.android.systemui.ImageWallpaper} during animation: policyVis=true attHidden=false tok.hiddenRequested=false tok.hidden=false animating=false tok animating=false
07-02 20:22:41.902  1451  2108 V WindowStateAnimator: applyAnimation: win=WindowStateAnimator{66be3fe com.android.systemui.ImageWallpaper} anim=0 attr=0x0 a=android.view.animation.AnimationSet@36b370e transit=1 isEntrance=true Callers com.android.server.wm.WindowStateAnimator.applyEnterAnimationLocked:1827 com.android.server.wm.WindowStateAnimator.performShowLocked:1732 com.android.server.wm.WindowStateAnimator.commitFinishDrawingLocked:547 
07-02 20:22:41.902  1451  2108 V WindowStateAnimator: Loaded animation android.view.animation.AnimationSet@36b370e for WindowStateAnimator{66be3fe com.android.systemui.ImageWallpaper}
07-02 20:22:41.902  1451  2108 V WindowStateAnimator: performShowLocked: mDrawState=HAS_DRAWN in WindowStateAnimator{66be3fe com.android.systemui.ImageWallpaper}
07-02 20:22:41.906  1451  1514 I WindowAnimator: >>> OPEN TRANSACTION animateLocked
07-02 20:22:41.906  1451  1514 V WindowStateAnimator: Starting animation in WindowStateAnimator{66be3fe com.android.systemui.ImageWallpaper} @ 86671: ww=720 wh=1280 dw=720 dh=1280 scale=1.0
07-02 20:22:41.910  1451  1514 I WindowAnimator: <<< CLOSE TRANSACTION animateLocked
07-02 20:22:41.924  1451  1514 I WindowAnimator: >>> OPEN TRANSACTION animateLocked
07-02 20:22:41.925  1451  1514 I WindowAnimator: <<< CLOSE TRANSACTION animateLocked
07-02 20:22:41.939  1451  1514 I WindowAnimator: >>> OPEN TRANSACTION animateLocked
07-02 20:22:41.943  1451  1514 I WindowAnimator: <<< CLOSE TRANSACTION animateLocked
07-02 20:22:41.953  1451  1488 V WindowManager: updateRotationUnchecked(alwaysSendConfiguration=false)
07-02 20:22:41.953  1451  1488 V WindowManager: Application requested orientation 1, got rotation 0 which has compatible metrics
07-02 20:22:41.953  1451  1488 I WindowManager: >>> OPEN TRANSACTION performLayoutAndPlaceSurfaces
07-02 20:22:41.955  1451  1488 I WindowManager: <<< CLOSE TRANSACTION performLayoutAndPlaceSurfaces
07-02 20:22:41.959  1451  1514 I WindowAnimator: >>> OPEN TRANSACTION animateLocked
07-02 20:22:41.960  1451  1514 I WindowAnimator: <<< CLOSE TRANSACTION animateLocked
07-02 20:22:41.964  1451  1469 V WindowManager: Done at AppWindowToken{5dca8c9 token=Token{345a893 ActivityRecord{f5f0ccd u10 com.miui.securitycore/com.miui.securityspace.ui.activity.GuideStartActivity t94}}} -- full screen, return 1
07-02 20:22:41.965  1451  2134 I WindowStateAnimator: createSurface WindowStateAnimator{c2e4c17 com.android.systemui.ImageWallpaper}: mDrawState=DRAW_PENDING
07-02 20:22:41.966  1451  2134 V WindowStateAnimator: Creating surface in session android.view.SurfaceSession@5e0c3b9 window WindowStateAnimator{c2e4c17 com.android.systemui.ImageWallpaper} w=1 h=1 x=0.0 y=0.0 format=2 flags=4
07-02 20:22:41.967  1451  2134 I WindowStateAnimator:   CREATE SURFACE Surface(name=com.android.systemui.ImageWallpaper) IN SESSION android.view.SurfaceSession@5e0c3b9: pid=6135 format=2 flags=0x404 / WindowStateAnimator{c2e4c17 com.android.systemui.ImageWallpaper}
07-02 20:22:41.967  1451  2134 I WindowStateAnimator: >>> OPEN TRANSACTION createSurfaceLocked
07-02 20:22:41.967  1451  2134 I WindowManager:   SURFACE CREATE pos=(0,0) (0x0), layer=21020 HIDE: Window{933c896 u10 com.android.systemui.ImageWallpaper}
07-02 20:22:41.968  1451  2134 I WindowStateAnimator: <<< CLOSE TRANSACTION createSurfaceLocked
07-02 20:22:41.968  1451  2134 I WindowManager:   OUT SURFACE Surface(name=null)/@0xbaf9804: copied
07-02 20:22:41.968  1451  2134 V WindowManager: Done at AppWindowToken{5dca8c9 token=Token{345a893 ActivityRecord{f5f0ccd u10 com.miui.securitycore/com.miui.securityspace.ui.activity.GuideStartActivity t94}}} -- full screen, return 1
07-02 20:22:41.968  1451  2134 I WindowManager: >>> OPEN TRANSACTION performLayoutAndPlaceSurfaces
07-02 20:22:41.969  1451  2134 I WindowManager:   SURFACE SIZE 720x1280: Window{933c896 u10 com.android.systemui.ImageWallpaper}
07-02 20:22:41.969  1451  2134 I WindowManager:   SURFACE CROP [0,0][720,1280]: Window{933c896 u10 com.android.systemui.ImageWallpaper}
07-02 20:22:41.969  1451  2134 V WindowManager: Resize reasons for w=Window{933c896 u10 com.android.systemui.ImageWallpaper}:  contentInsetsChanged=false [0,0][0,0] visibleInsetsChanged=false [0,0][0,0] stableInsetsChanged=false [0,0][0,0] outsetsChanged=false [0,0][0,0] surfaceResized=true configChanged=true
07-02 20:22:41.969  1451  2134 V WindowManager: Resizing window Window{933c896 u10 com.android.systemui.ImageWallpaper} to 720.0x1280.0
07-02 20:22:41.973  1451  2134 I WindowManager: <<< CLOSE TRANSACTION performLayoutAndPlaceSurfaces
07-02 20:22:41.975  1451  2134 I WindowManager: >>> OPEN TRANSACTION performLayoutAndPlaceSurfaces
07-02 20:22:41.976  1451  2134 I WindowManager: <<< CLOSE TRANSACTION performLayoutAndPlaceSurfaces
07-02 20:22:41.981  1451  1514 I WindowAnimator: >>> OPEN TRANSACTION animateLocked
07-02 20:22:41.981  1451  1514 I WindowManager:   SURFACE alpha=1.0 layer=21020 matrix=[1.0*1.0,0.0*1.0][0.0*1.0,1.0*1.0]: Window{244b16f u10 com.miui.securitycore/com.miui.securityspace.ui.activity.GuideStartActivity}
07-02 20:22:41.982  1451  1514 I WindowAnimator: <<< CLOSE TRANSACTION animateLocked
07-02 20:22:41.984  1451  2690 V WindowStateAnimator: finishDrawingLocked: mDrawState=COMMIT_DRAW_PENDING WindowStateAnimator{c2e4c17 com.android.systemui.ImageWallpaper} in Surface(name=com.android.systemui.ImageWallpaper)
07-02 20:22:41.984  1451  1514 I WindowManager: >>> OPEN TRANSACTION performLayoutAndPlaceSurfaces
07-02 20:22:41.985  1451  1514 I WindowStateAnimator: commitFinishDrawingLocked: mDrawState=READY_TO_SHOW Surface(name=com.android.systemui.ImageWallpaper)
07-02 20:22:41.985  1451  1514 V WindowStateAnimator: performShow on WindowStateAnimator{c2e4c17 com.android.systemui.ImageWallpaper}: mDrawState=READY_TO_SHOW readyForDisplay=false starting=false during animation: policyVis=true attHidden=false tok.hiddenRequested=false tok.hidden=false animating=false tok animating=false Callers=com.android.server.wm.WindowStateAnimator.commitFinishDrawingLocked:547 com.android.server.wm.WindowManagerService.performLayoutAndPlaceSurfacesLockedInner:10254 com.android.server.wm.WindowManagerService.performLayoutAndPlaceSurfacesLockedLoop:9131 
07-02 20:22:41.986  1451  1514 I WindowManager: <<< CLOSE TRANSACTION performLayoutAndPlaceSurfaces
07-02 20:22:41.988  1451  2636 I WindowManager:   OUT SURFACE Surface(name=null)/@0xfc6efe9: copied
07-02 20:22:41.988  1451  2636 V WindowManager: Done at AppWindowToken{5dca8c9 token=Token{345a893 ActivityRecord{f5f0ccd u10 com.miui.securitycore/com.miui.securityspace.ui.activity.GuideStartActivity t94}}} -- full screen, return 1
07-02 20:22:41.988  1451  2636 I WindowManager: >>> OPEN TRANSACTION performLayoutAndPlaceSurfaces
07-02 20:22:41.988  1451  2636 I WindowStateAnimator: commitFinishDrawingLocked: mDrawState=READY_TO_SHOW Surface(name=com.android.systemui.ImageWallpaper)
07-02 20:22:41.989  1451  2636 V WindowStateAnimator: performShow on WindowStateAnimator{c2e4c17 com.android.systemui.ImageWallpaper}: mDrawState=READY_TO_SHOW readyForDisplay=false starting=false during animation: policyVis=true attHidden=false tok.hiddenRequested=false tok.hidden=false animating=false tok animating=false Callers=com.android.server.wm.WindowStateAnimator.commitFinishDrawingLocked:547 com.android.server.wm.WindowManagerService.performLayoutAndPlaceSurfacesLockedInner:10254 com.android.server.wm.WindowManagerService.performLayoutAndPlaceSurfacesLockedLoop:9131 
07-02 20:22:41.990  1451  2636 I WindowManager: <<< CLOSE TRANSACTION performLayoutAndPlaceSurfaces
07-02 20:22:41.991  1451  1514 I WindowAnimator: >>> OPEN TRANSACTION animateLocked
07-02 20:22:41.992  1451  1514 V WindowStateAnimator: performShow on WindowStateAnimator{c2e4c17 com.android.systemui.ImageWallpaper}: mDrawState=READY_TO_SHOW readyForDisplay=false starting=false during animation: policyVis=true attHidden=false tok.hiddenRequested=false tok.hidden=false animating=false tok animating=false Callers=com.android.server.wm.WindowAnimator.updateWindowsLocked:440 com.android.server.wm.WindowAnimator.animateLocked:688 com.android.server.wm.WindowAnimator.access$000:53 
07-02 20:22:41.992  1451  1514 I WindowAnimator: <<< CLOSE TRANSACTION animateLocked
07-02 20:22:41.993  1451  2133 I WindowManager:   OUT SURFACE Surface(name=null)/@0xc03546e: copied
07-02 20:22:41.993  1451  2133 V WindowManager: Done at AppWindowToken{5dca8c9 token=Token{345a893 ActivityRecord{f5f0ccd u10 com.miui.securitycore/com.miui.securityspace.ui.activity.GuideStartActivity t94}}} -- full screen, return 1
07-02 20:22:41.993  1451  2133 I WindowManager: >>> OPEN TRANSACTION performLayoutAndPlaceSurfaces
07-02 20:22:41.993  1451  2133 I WindowStateAnimator: commitFinishDrawingLocked: mDrawState=READY_TO_SHOW Surface(name=com.android.systemui.ImageWallpaper)
07-02 20:22:41.994  1451  2133 V WindowStateAnimator: performShow on WindowStateAnimator{c2e4c17 com.android.systemui.ImageWallpaper}: mDrawState=READY_TO_SHOW readyForDisplay=false starting=false during animation: policyVis=true attHidden=false tok.hiddenRequested=false tok.hidden=false animating=false tok animating=false Callers=com.android.server.wm.WindowStateAnimator.commitFinishDrawingLocked:547 com.android.server.wm.WindowManagerService.performLayoutAndPlaceSurfacesLockedInner:10254 com.android.server.wm.WindowManagerService.performLayoutAndPlaceSurfacesLockedLoop:9131 
07-02 20:22:41.995  1451  2133 I WindowManager: <<< CLOSE TRANSACTION performLayoutAndPlaceSurfaces
07-02 20:22:42.007  1451  1514 I WindowAnimator: >>> OPEN TRANSACTION animateLocked
07-02 20:22:42.007  1451  1514 V WindowStateAnimator: performShow on WindowStateAnimator{c2e4c17 com.android.systemui.ImageWallpaper}: mDrawState=READY_TO_SHOW readyForDisplay=false starting=false during animation: policyVis=true attHidden=false tok.hiddenRequested=false tok.hidden=false animating=false tok animating=false Callers=com.android.server.wm.WindowAnimator.updateWindowsLocked:440 com.android.server.wm.WindowAnimator.animateLocked:688 com.android.server.wm.WindowAnimator.access$000:53 
07-02 20:22:42.008  1451  1514 I WindowAnimator: <<< CLOSE TRANSACTION animateLocked
07-02 20:22:42.023  1451  1514 I WindowAnimator: >>> OPEN TRANSACTION animateLocked
07-02 20:22:42.026  1451  1514 V WindowStateAnimator: performShow on WindowStateAnimator{c2e4c17 com.android.systemui.ImageWallpaper}: mDrawState=READY_TO_SHOW readyForDisplay=false starting=false during animation: policyVis=true attHidden=false tok.hiddenRequested=false tok.hidden=false animating=false tok animating=false Callers=com.android.server.wm.WindowAnimator.updateWindowsLocked:440 com.android.server.wm.WindowAnimator.animateLocked:688 com.android.server.wm.WindowAnimator.access$000:53 
07-02 20:22:42.030  1451  1514 I WindowAnimator: <<< CLOSE TRANSACTION animateLocked
07-02 20:22:42.040  1451  1514 I WindowAnimator: >>> OPEN TRANSACTION animateLocked
07-02 20:22:42.041  1451  1514 V WindowStateAnimator: performShow on WindowStateAnimator{c2e4c17 com.android.systemui.ImageWallpaper}: mDrawState=READY_TO_SHOW readyForDisplay=false starting=false during animation: policyVis=true attHidden=false tok.hiddenRequested=false tok.hidden=false animating=false tok animating=false Callers=com.android.server.wm.WindowAnimator.updateWindowsLocked:440 com.android.server.wm.WindowAnimator.animateLocked:688 com.android.server.wm.WindowAnimator.access$000:53 
07-02 20:22:42.042  1451  1514 I WindowAnimator: <<< CLOSE TRANSACTION animateLocked
07-02 20:22:42.057  1451  1514 I WindowAnimator: >>> OPEN TRANSACTION animateLocked
07-02 20:22:42.057  1451  1514 V WindowStateAnimator: performShow on WindowStateAnimator{c2e4c17 com.android.systemui.ImageWallpaper}: mDrawState=READY_TO_SHOW readyForDisplay=false starting=false during animation: policyVis=true attHidden=false tok.hiddenRequested=false tok.hidden=false animating=false tok animating=false Callers=com.android.server.wm.WindowAnimator.updateWindowsLocked:440 com.android.server.wm.WindowAnimator.animateLocked:688 com.android.server.wm.WindowAnimator.access$000:53 
07-02 20:22:42.058  1451  1514 I WindowAnimator: <<< CLOSE TRANSACTION animateLocked
07-02 20:22:42.073  1451  1514 I WindowAnimator: >>> OPEN TRANSACTION animateLocked
07-02 20:22:42.074  1451  1514 V WindowStateAnimator: performShow on WindowStateAnimator{c2e4c17 com.android.systemui.ImageWallpaper}: mDrawState=READY_TO_SHOW readyForDisplay=false starting=false during animation: policyVis=true attHidden=false tok.hiddenRequested=false tok.hidden=false animating=false tok animating=false Callers=com.android.server.wm.WindowAnimator.updateWindowsLocked:440 com.android.server.wm.WindowAnimator.animateLocked:688 com.android.server.wm.WindowAnimator.access$000:53 
07-02 20:22:42.075  1451  1514 I WindowAnimator: <<< CLOSE TRANSACTION animateLocked
07-02 20:22:42.090  1451  1514 I WindowAnimator: >>> OPEN TRANSACTION animateLocked
07-02 20:22:42.091  1451  1514 V WindowStateAnimator: performShow on WindowStateAnimator{c2e4c17 com.android.systemui.ImageWallpaper}: mDrawState=READY_TO_SHOW readyForDisplay=false starting=false during animation: policyVis=true attHidden=false tok.hiddenRequested=false tok.hidden=false animating=false tok animating=false Callers=com.android.server.wm.WindowAnimator.updateWindowsLocked:440 com.android.server.wm.WindowAnimator.animateLocked:688 com.android.server.wm.WindowAnimator.access$000:53 
07-02 20:22:42.092  1451  1514 I WindowAnimator: <<< CLOSE TRANSACTION animateLocked
07-02 20:22:42.107  1451  1514 I WindowAnimator: >>> OPEN TRANSACTION animateLocked
07-02 20:22:42.107  1451  1514 V WindowStateAnimator: performShow on WindowStateAnimator{c2e4c17 com.android.systemui.ImageWallpaper}: mDrawState=READY_TO_SHOW readyForDisplay=false starting=false during animation: policyVis=true attHidden=false tok.hiddenRequested=false tok.hidden=false animating=false tok animating=false Callers=com.android.server.wm.WindowAnimator.updateWindowsLocked:440 com.android.server.wm.WindowAnimator.animateLocked:688 com.android.server.wm.WindowAnimator.access$000:53 
07-02 20:22:42.108  1451  1514 I WindowAnimator: <<< CLOSE TRANSACTION animateLocked
07-02 20:22:42.123  1451  1514 I WindowAnimator: >>> OPEN TRANSACTION animateLocked
07-02 20:22:42.125  1451  1514 V WindowStateAnimator: performShow on WindowStateAnimator{c2e4c17 com.android.systemui.ImageWallpaper}: mDrawState=READY_TO_SHOW readyForDisplay=false starting=false during animation: policyVis=true attHidden=false tok.hiddenRequested=false tok.hidden=false animating=false tok animating=false Callers=com.android.server.wm.WindowAnimator.updateWindowsLocked:440 com.android.server.wm.WindowAnimator.animateLocked:688 com.android.server.wm.WindowAnimator.access$000:53 
07-02 20:22:42.125  1451  1514 I WindowAnimator: <<< CLOSE TRANSACTION animateLocked
07-02 20:22:42.140  1451  1514 I WindowAnimator: >>> OPEN TRANSACTION animateLocked
07-02 20:22:42.141  1451  1514 V WindowStateAnimator: performShow on WindowStateAnimator{c2e4c17 com.android.systemui.ImageWallpaper}: mDrawState=READY_TO_SHOW readyForDisplay=false starting=false during animation: policyVis=true attHidden=false tok.hiddenRequested=false tok.hidden=false animating=false tok animating=false Callers=com.android.server.wm.WindowAnimator.updateWindowsLocked:440 com.android.server.wm.WindowAnimator.animateLocked:688 com.android.server.wm.WindowAnimator.access$000:53 
07-02 20:22:42.142  1451  1514 I WindowAnimator: <<< CLOSE TRANSACTION animateLocked
07-02 20:22:42.157  1451  1514 I WindowAnimator: >>> OPEN TRANSACTION animateLocked
07-02 20:22:42.157  1451  1514 V WindowStateAnimator: performShow on WindowStateAnimator{c2e4c17 com.android.systemui.ImageWallpaper}: mDrawState=READY_TO_SHOW readyForDisplay=false starting=false during animation: policyVis=true attHidden=false tok.hiddenRequested=false tok.hidden=false animating=false tok animating=false Callers=com.android.server.wm.WindowAnimator.updateWindowsLocked:440 com.android.server.wm.WindowAnimator.animateLocked:688 com.android.server.wm.WindowAnimator.access$000:53 
07-02 20:22:42.158  1451  1514 I WindowAnimator: <<< CLOSE TRANSACTION animateLocked
07-02 20:22:42.175  1451  1514 I WindowAnimator: >>> OPEN TRANSACTION animateLocked
07-02 20:22:42.176  1451  1514 V WindowStateAnimator: performShow on WindowStateAnimator{c2e4c17 com.android.systemui.ImageWallpaper}: mDrawState=READY_TO_SHOW readyForDisplay=false starting=false during animation: policyVis=true attHidden=false tok.hiddenRequested=false tok.hidden=false animating=false tok animating=false Callers=com.android.server.wm.WindowAnimator.updateWindowsLocked:440 com.android.server.wm.WindowAnimator.animateLocked:688 com.android.server.wm.WindowAnimator.access$000:53 
07-02 20:22:42.245  1451  1514 I WindowAnimator: <<< CLOSE TRANSACTION animateLocked
07-02 20:22:42.258  1451  1514 I WindowAnimator: >>> OPEN TRANSACTION animateLocked
07-02 20:22:42.259  1451  1514 V WindowStateAnimator: performShow on WindowStateAnimator{c2e4c17 com.android.systemui.ImageWallpaper}: mDrawState=READY_TO_SHOW readyForDisplay=false starting=false during animation: policyVis=true attHidden=false tok.hiddenRequested=false tok.hidden=false animating=false tok animating=false Callers=com.android.server.wm.WindowAnimator.updateWindowsLocked:440 com.android.server.wm.WindowAnimator.animateLocked:688 com.android.server.wm.WindowAnimator.access$000:53 
07-02 20:22:42.260  1451  1514 I WindowAnimator: <<< CLOSE TRANSACTION animateLocked
07-02 20:22:42.274  1451  1514 I WindowAnimator: >>> OPEN TRANSACTION animateLocked
07-02 20:22:42.275  1451  1514 V WindowStateAnimator: performShow on WindowStateAnimator{c2e4c17 com.android.systemui.ImageWallpaper}: mDrawState=READY_TO_SHOW readyForDisplay=false starting=false during animation: policyVis=true attHidden=false tok.hiddenRequested=false tok.hidden=false animating=false tok animating=false Callers=com.android.server.wm.WindowAnimator.updateWindowsLocked:440 com.android.server.wm.WindowAnimator.animateLocked:688 com.android.server.wm.WindowAnimator.access$000:53 
07-02 20:22:42.279  1451  1514 I WindowAnimator: <<< CLOSE TRANSACTION animateLocked
07-02 20:22:42.292  1451  1514 I WindowAnimator: >>> OPEN TRANSACTION animateLocked
07-02 20:22:42.292  1451  1514 V WindowStateAnimator: performShow on WindowStateAnimator{c2e4c17 com.android.systemui.ImageWallpaper}: mDrawState=READY_TO_SHOW readyForDisplay=false starting=false during animation: policyVis=true attHidden=false tok.hiddenRequested=false tok.hidden=false animating=false tok animating=false Callers=com.android.server.wm.WindowAnimator.updateWindowsLocked:440 com.android.server.wm.WindowAnimator.animateLocked:688 com.android.server.wm.WindowAnimator.access$000:53 
07-02 20:22:42.293  1451  1514 I WindowAnimator: <<< CLOSE TRANSACTION animateLocked
07-02 20:22:42.309  1451  1514 I WindowAnimator: >>> OPEN TRANSACTION animateLocked
07-02 20:22:42.310  1451  1514 V WindowStateAnimator: performShow on WindowStateAnimator{c2e4c17 com.android.systemui.ImageWallpaper}: mDrawState=READY_TO_SHOW readyForDisplay=false starting=false during animation: policyVis=true attHidden=false tok.hiddenRequested=false tok.hidden=false animating=false tok animating=false Callers=com.android.server.wm.WindowAnimator.updateWindowsLocked:440 com.android.server.wm.WindowAnimator.animateLocked:688 com.android.server.wm.WindowAnimator.access$000:53 
07-02 20:22:42.310  1451  1514 I WindowAnimator: <<< CLOSE TRANSACTION animateLocked
07-02 20:22:42.314  1451  2729 V WindowManager: Done at AppWindowToken{5dca8c9 token=Token{345a893 ActivityRecord{f5f0ccd u10 com.miui.securitycore/com.miui.securityspace.ui.activity.GuideStartActivity t94}}} -- full screen, return 1
07-02 20:22:42.325  1451  1514 I WindowAnimator: >>> OPEN TRANSACTION animateLocked
07-02 20:22:42.326  1451  1514 V WindowStateAnimator: performShow on WindowStateAnimator{c2e4c17 com.android.systemui.ImageWallpaper}: mDrawState=READY_TO_SHOW readyForDisplay=false starting=false during animation: policyVis=true attHidden=false tok.hiddenRequested=false tok.hidden=false animating=false tok animating=false Callers=com.android.server.wm.WindowAnimator.updateWindowsLocked:440 com.android.server.wm.WindowAnimator.animateLocked:688 com.android.server.wm.WindowAnimator.access$000:53 
07-02 20:22:42.327  1451  1514 I WindowAnimator: <<< CLOSE TRANSACTION animateLocked
07-02 20:22:42.341  1451  1514 I WindowAnimator: >>> OPEN TRANSACTION animateLocked
07-02 20:22:42.342  1451  1514 V WindowStateAnimator: performShow on WindowStateAnimator{c2e4c17 com.android.systemui.ImageWallpaper}: mDrawState=READY_TO_SHOW readyForDisplay=false starting=false during animation: policyVis=true attHidden=false tok.hiddenRequested=false tok.hidden=false animating=false tok animating=false Callers=com.android.server.wm.WindowAnimator.updateWindowsLocked:440 com.android.server.wm.WindowAnimator.animateLocked:688 com.android.server.wm.WindowAnimator.access$000:53 
07-02 20:22:42.343  1451  1514 I WindowAnimator: <<< CLOSE TRANSACTION animateLocked
07-02 20:22:42.357  1451  1514 I WindowAnimator: >>> OPEN TRANSACTION animateLocked
07-02 20:22:42.358  1451  1514 V WindowStateAnimator: performShow on WindowStateAnimator{c2e4c17 com.android.systemui.ImageWallpaper}: mDrawState=READY_TO_SHOW readyForDisplay=false starting=false during animation: policyVis=true attHidden=false tok.hiddenRequested=false tok.hidden=false animating=false tok animating=false Callers=com.android.server.wm.WindowAnimator.updateWindowsLocked:440 com.android.server.wm.WindowAnimator.animateLocked:688 com.android.server.wm.WindowAnimator.access$000:53 
07-02 20:22:42.359  1451  1514 I WindowAnimator: <<< CLOSE TRANSACTION animateLocked
07-02 20:22:42.374  1451  1514 I WindowAnimator: >>> OPEN TRANSACTION animateLocked
07-02 20:22:42.375  1451  1514 V WindowStateAnimator: performShow on WindowStateAnimator{c2e4c17 com.android.systemui.ImageWallpaper}: mDrawState=READY_TO_SHOW readyForDisplay=false starting=false during animation: policyVis=true attHidden=false tok.hiddenRequested=false tok.hidden=false animating=false tok animating=false Callers=com.android.server.wm.WindowAnimator.updateWindowsLocked:440 com.android.server.wm.WindowAnimator.animateLocked:688 com.android.server.wm.WindowAnimator.access$000:53 
07-02 20:22:42.375  1451  1514 I WindowAnimator: <<< CLOSE TRANSACTION animateLocked
07-02 20:22:42.391  1451  1514 I WindowAnimator: >>> OPEN TRANSACTION animateLocked
07-02 20:22:42.392  1451  1514 V WindowStateAnimator: performShow on WindowStateAnimator{c2e4c17 com.android.systemui.ImageWallpaper}: mDrawState=READY_TO_SHOW readyForDisplay=false starting=false during animation: policyVis=true attHidden=false tok.hiddenRequested=false tok.hidden=false animating=false tok animating=false Callers=com.android.server.wm.WindowAnimator.updateWindowsLocked:440 com.android.server.wm.WindowAnimator.animateLocked:688 com.android.server.wm.WindowAnimator.access$000:53 
07-02 20:22:42.394  1451  1514 I WindowAnimator: <<< CLOSE TRANSACTION animateLocked
07-02 20:22:42.409  1451  1514 I WindowAnimator: >>> OPEN TRANSACTION animateLocked
07-02 20:22:42.410  1451  1514 V WindowStateAnimator: performShow on WindowStateAnimator{c2e4c17 com.android.systemui.ImageWallpaper}: mDrawState=READY_TO_SHOW readyForDisplay=false starting=false during animation: policyVis=true attHidden=false tok.hiddenRequested=false tok.hidden=false animating=false tok animating=false Callers=com.android.server.wm.WindowAnimator.updateWindowsLocked:440 com.android.server.wm.WindowAnimator.animateLocked:688 com.android.server.wm.WindowAnimator.access$000:53 
07-02 20:22:42.412  1451  1514 I WindowAnimator: <<< CLOSE TRANSACTION animateLocked
07-02 20:22:42.424  1451  1514 I WindowAnimator: >>> OPEN TRANSACTION animateLocked
07-02 20:22:42.425  1451  1514 V WindowStateAnimator: Finished animation in WindowStateAnimator{66be3fe com.android.systemui.ImageWallpaper} @ 87189
07-02 20:22:42.425  1451  1514 V WindowStateAnimator: Animation done in WindowStateAnimator{66be3fe com.android.systemui.ImageWallpaper}: exiting=true, reportedVisible=false
07-02 20:22:42.425  1451  1514 V WindowStateAnimator: finishExit in WindowStateAnimator{66be3fe com.android.systemui.ImageWallpaper}: exiting=true remove=true windowAnimating=false
07-02 20:22:42.425  1451  1514 I WindowManager:   SURFACE HIDE (finishExit): Window{80b180 u10 com.android.systemui.ImageWallpaper EXITING}
07-02 20:22:42.426  1451  1514 V WindowStateAnimator: performShow on WindowStateAnimator{c2e4c17 com.android.systemui.ImageWallpaper}: mDrawState=READY_TO_SHOW readyForDisplay=false starting=false during animation: policyVis=true attHidden=false tok.hiddenRequested=false tok.hidden=false animating=false tok animating=false Callers=com.android.server.wm.WindowAnimator.updateWindowsLocked:440 com.android.server.wm.WindowAnimator.animateLocked:688 com.android.server.wm.WindowAnimator.access$000:53 
07-02 20:22:42.426  1451  1514 I WindowAnimator: <<< CLOSE TRANSACTION animateLocked
07-02 20:22:42.426  1451  1514 I WindowManager: >>> OPEN TRANSACTION performLayoutAndPlaceSurfaces
07-02 20:22:42.427  1451  1514 V WindowManager: Resize reasons for w=Window{244b16f u10 com.miui.securitycore/com.miui.securityspace.ui.activity.GuideStartActivity}:  contentInsetsChanged=true [0,48][0,0] visibleInsetsChanged=false [0,0][0,0] stableInsetsChanged=true [0,48][0,0] outsetsChanged=false [0,0][0,0] surfaceResized=false configChanged=false
07-02 20:22:42.427  1451  1514 V WindowManager: Resizing window Window{244b16f u10 com.miui.securitycore/com.miui.securityspace.ui.activity.GuideStartActivity} to 720.0x1280.0
07-02 20:22:42.427  1451  1514 I WindowStateAnimator: commitFinishDrawingLocked: mDrawState=READY_TO_SHOW Surface(name=com.android.systemui.ImageWallpaper)
07-02 20:22:42.428  1451  1514 V WindowStateAnimator: performShow on WindowStateAnimator{c2e4c17 com.android.systemui.ImageWallpaper}: mDrawState=READY_TO_SHOW readyForDisplay=false starting=false during animation: policyVis=true attHidden=false tok.hiddenRequested=false tok.hidden=false animating=false tok animating=false Callers=com.android.server.wm.WindowStateAnimator.commitFinishDrawingLocked:547 com.android.server.wm.WindowManagerService.performLayoutAndPlaceSurfacesLockedInner:10254 com.android.server.wm.WindowManagerService.performLayoutAndPlaceSurfacesLockedLoop:9131 
07-02 20:22:42.429  1451  1514 I WindowManager: <<< CLOSE TRANSACTION performLayoutAndPlaceSurfaces
07-02 20:22:42.429  1451  1514 W WindowStateAnimator: Window WindowStateAnimator{66be3fe com.android.systemui.ImageWallpaper} destroying surface Surface(name=com.android.systemui.ImageWallpaper), session Session{d8e3626 6135:u10a1000}
07-02 20:22:42.429  1451  1514 I WindowManager:   SURFACE DESTROY: Window{80b180 u10 com.android.systemui.ImageWallpaper}
07-02 20:22:42.436  1451  1514 I WindowManager: >>> OPEN TRANSACTION performLayoutAndPlaceSurfaces
07-02 20:22:42.437  1451  1514 I WindowStateAnimator: commitFinishDrawingLocked: mDrawState=READY_TO_SHOW Surface(name=com.android.systemui.ImageWallpaper)
07-02 20:22:42.437  1451  1514 V WindowStateAnimator: performShow on WindowStateAnimator{c2e4c17 com.android.systemui.ImageWallpaper}: mDrawState=READY_TO_SHOW readyForDisplay=false starting=false during animation: policyVis=true attHidden=false tok.hiddenRequested=false tok.hidden=false animating=false tok animating=false Callers=com.android.server.wm.WindowStateAnimator.commitFinishDrawingLocked:547 com.android.server.wm.WindowManagerService.performLayoutAndPlaceSurfacesLockedInner:10254 com.android.server.wm.WindowManagerService.performLayoutAndPlaceSurfacesLockedLoop:9131 
07-02 20:22:42.439  1451  1514 I WindowManager: <<< CLOSE TRANSACTION performLayoutAndPlaceSurfaces
07-02 20:22:42.442  1451  1514 I WindowAnimator: >>> OPEN TRANSACTION animateLocked
07-02 20:22:42.446  1451  1514 V WindowStateAnimator: performShow on WindowStateAnimator{c2e4c17 com.android.systemui.ImageWallpaper}: mDrawState=READY_TO_SHOW readyForDisplay=false starting=false during animation: policyVis=true attHidden=false tok.hiddenRequested=false tok.hidden=false animating=false tok animating=false Callers=com.android.server.wm.WindowAnimator.updateWindowsLocked:440 com.android.server.wm.WindowAnimator.animateLocked:688 com.android.server.wm.WindowAnimator.access$000:53 
07-02 20:22:42.447  1451  1514 I WindowManager:   SURFACE alpha=1.0 layer=21015 matrix=[1.0*1.0,0.0*1.0][0.0*1.0,1.0*1.0]: Window{244b16f u10 com.miui.securitycore/com.miui.securityspace.ui.activity.GuideStartActivity}
07-02 20:22:42.448  1451  1514 I WindowAnimator: <<< CLOSE TRANSACTION animateLocked
07-02 20:22:42.448  1451  2133 I WindowManager:   OUT SURFACE Surface(name=null)/@0x6d01ca6: copied
07-02 20:22:42.448  1451  2133 V WindowManager: Done at AppWindowToken{5dca8c9 token=Token{345a893 ActivityRecord{f5f0ccd u10 com.miui.securitycore/com.miui.securityspace.ui.activity.GuideStartActivity t94}}} -- full screen, return 1
07-02 20:22:42.449  1451  2133 I WindowManager: >>> OPEN TRANSACTION performLayoutAndPlaceSurfaces
07-02 20:22:42.449  1451  2133 I WindowStateAnimator: commitFinishDrawingLocked: mDrawState=READY_TO_SHOW Surface(name=com.android.systemui.ImageWallpaper)
07-02 20:22:42.450  1451  2133 V WindowStateAnimator: performShow on WindowStateAnimator{c2e4c17 com.android.systemui.ImageWallpaper}: mDrawState=READY_TO_SHOW readyForDisplay=false starting=false during animation: policyVis=true attHidden=false tok.hiddenRequested=false tok.hidden=false animating=false tok animating=false Callers=com.android.server.wm.WindowStateAnimator.commitFinishDrawingLocked:547 com.android.server.wm.WindowManagerService.performLayoutAndPlaceSurfacesLockedInner:10254 com.android.server.wm.WindowManagerService.performLayoutAndPlaceSurfacesLockedLoop:9131 
07-02 20:22:42.450  1451  2133 I WindowManager: <<< CLOSE TRANSACTION performLayoutAndPlaceSurfaces
07-02 20:22:42.451  1451  2133 V WindowManager: Update reported visibility: AppWindowToken{5dca8c9 token=Token{345a893 ActivityRecord{f5f0ccd u10 com.miui.securitycore/com.miui.securityspace.ui.activity.GuideStartActivity t94}}}
07-02 20:22:42.452  1451  2133 V WindowManager: Win Window{244b16f u10 com.miui.securitycore/com.miui.securityspace.ui.activity.GuideStartActivity}: isDrawn=true, isAnimating=false
07-02 20:22:42.452  1451  2133 V WindowManager: VIS AppWindowToken{5dca8c9 token=Token{345a893 ActivityRecord{f5f0ccd u10 com.miui.securitycore/com.miui.securityspace.ui.activity.GuideStartActivity t94}}}: interesting=1 visible=1
07-02 20:22:42.458  1451  1514 I WindowAnimator: >>> OPEN TRANSACTION animateLocked
07-02 20:22:42.458  1451  1514 V WindowStateAnimator: performShow on WindowStateAnimator{c2e4c17 com.android.systemui.ImageWallpaper}: mDrawState=READY_TO_SHOW readyForDisplay=false starting=false during animation: policyVis=true attHidden=false tok.hiddenRequested=false tok.hidden=false animating=false tok animating=false Callers=com.android.server.wm.WindowAnimator.updateWindowsLocked:440 com.android.server.wm.WindowAnimator.animateLocked:688 com.android.server.wm.WindowAnimator.access$000:53 
07-02 20:22:42.459  1451  1514 I WindowAnimator: <<< CLOSE TRANSACTION animateLocked
07-02 20:22:42.641  1451  2636 I WindowManager: >>> OPEN TRANSACTION performLayoutAndPlaceSurfaces
07-02 20:22:42.642  1451  2636 I WindowStateAnimator: commitFinishDrawingLocked: mDrawState=READY_TO_SHOW Surface(name=com.android.systemui.ImageWallpaper)
07-02 20:22:42.642  1451  2636 V WindowStateAnimator: performShow on WindowStateAnimator{c2e4c17 com.android.systemui.ImageWallpaper}: mDrawState=READY_TO_SHOW readyForDisplay=false starting=false during animation: policyVis=true attHidden=false tok.hiddenRequested=false tok.hidden=false animating=false tok animating=false Callers=com.android.server.wm.WindowStateAnimator.commitFinishDrawingLocked:547 com.android.server.wm.WindowManagerService.performLayoutAndPlaceSurfacesLockedInner:10254 com.android.server.wm.WindowManagerService.performLayoutAndPlaceSurfacesLockedLoop:9131 
07-02 20:22:42.644  1451  2636 I WindowManager: <<< CLOSE TRANSACTION performLayoutAndPlaceSurfaces
07-02 20:22:42.652  1451  2741 I WindowManager: Releasing surface in: Window{d62a52b u0 RecentsPanel}
07-02 20:22:42.653  1451  2741 V WindowManager: Done at AppWindowToken{5dca8c9 token=Token{345a893 ActivityRecord{f5f0ccd u10 com.miui.securitycore/com.miui.securityspace.ui.activity.GuideStartActivity t94}}} -- full screen, return 1
07-02 20:22:42.653  1451  2741 I WindowManager: >>> OPEN TRANSACTION performLayoutAndPlaceSurfaces
07-02 20:22:42.653  1451  2741 I WindowStateAnimator: commitFinishDrawingLocked: mDrawState=READY_TO_SHOW Surface(name=com.android.systemui.ImageWallpaper)
07-02 20:22:42.654  1451  2741 V WindowStateAnimator: performShow on WindowStateAnimator{c2e4c17 com.android.systemui.ImageWallpaper}: mDrawState=READY_TO_SHOW readyForDisplay=false starting=false during animation: policyVis=true attHidden=false tok.hiddenRequested=false tok.hidden=false animating=false tok animating=false Callers=com.android.server.wm.WindowStateAnimator.commitFinishDrawingLocked:547 com.android.server.wm.WindowManagerService.performLayoutAndPlaceSurfacesLockedInner:10254 com.android.server.wm.WindowManagerService.performLayoutAndPlaceSurfacesLockedLoop:9131 
07-02 20:22:42.654  1451  2741 I WindowManager: <<< CLOSE TRANSACTION performLayoutAndPlaceSurfaces
07-02 20:22:42.662  1451  1514 I WindowAnimator: >>> OPEN TRANSACTION animateLocked
07-02 20:22:42.663  1451  1514 V WindowStateAnimator: performShow on WindowStateAnimator{c2e4c17 com.android.systemui.ImageWallpaper}: mDrawState=READY_TO_SHOW readyForDisplay=false starting=false during animation: policyVis=true attHidden=false tok.hiddenRequested=false tok.hidden=false animating=false tok animating=false Callers=com.android.server.wm.WindowAnimator.updateWindowsLocked:440 com.android.server.wm.WindowAnimator.animateLocked:688 com.android.server.wm.WindowAnimator.access$000:53 
07-02 20:22:42.674  1451  1514 I WindowAnimator: <<< CLOSE TRANSACTION animateLocked
07-02 20:22:43.013  1451  2108 I WindowStateAnimator: createSurface WindowStateAnimator{f5da390 StatusBar}: mDrawState=DRAW_PENDING
07-02 20:22:43.014  1451  2108 V WindowStateAnimator: Creating surface in session android.view.SurfaceSession@5368876 window WindowStateAnimator{f5da390 StatusBar} w=720 h=1 x=0.0 y=0.0 format=-3 flags=4
