04-12 11:31:51.548  1591  1669 I WindowManager:   SURFACE Surface(name=com.miui.securitycore/com.miui.securityspace.ui.activity.GuideStartActivity)---MATRIX [1.0,0.0,0.0,1.0]: com.miui.securitycore/com.miui.securityspace.ui.activity.GuideStartActivity
04-12 11:31:51.548  1591  1669 I WindowManager:   SURFACE Surface(name=com.android.systemui.ImageWallpaper)---MATRIX [1.0,0.0,0.0,1.0]: com.android.systemui.ImageWallpaper
04-12 11:31:51.548  1591  1669 I WindowManager: <<< CLOSE TRANSACTION animateLocked
04-12 11:31:51.563  1591  1669 I WindowManager: >>> OPEN TRANSACTION animateLocked
04-12 11:31:51.568  1591  1669 I WindowManager:   SURFACE Surface(name=com.miui.securitycore/com.miui.securityspace.ui.activity.GuideStartActivity)---MATRIX [1.0,0.0,0.0,1.0]: com.miui.securitycore/com.miui.securityspace.ui.activity.GuideStartActivity
04-12 11:31:51.568  1591  1669 I WindowManager:   SURFACE Surface(name=com.android.systemui.ImageWallpaper)---MATRIX [1.0,0.0,0.0,1.0]: com.android.systemui.ImageWallpaper
04-12 11:31:51.572  1591  1669 I WindowManager: <<< CLOSE TRANSACTION animateLocked
04-12 11:31:51.582  1591  1669 I WindowManager: >>> OPEN TRANSACTION animateLocked
04-12 11:31:51.583  1591  1669 I WindowManager:   SURFACE Surface(name=com.miui.securitycore/com.miui.securityspace.ui.activity.GuideStartActivity)---MATRIX [1.0,0.0,0.0,1.0]: com.miui.securitycore/com.miui.securityspace.ui.activity.GuideStartActivity
04-12 11:31:51.583  1591  1669 I WindowManager:   SURFACE Surface(name=com.android.systemui.ImageWallpaper)---MATRIX [1.0,0.0,0.0,1.0]: com.android.systemui.ImageWallpaper
04-12 11:31:51.584  1591  1669 I WindowManager: <<< CLOSE TRANSACTION animateLocked
04-12 11:31:51.596  1591  1669 I WindowManager: >>> OPEN TRANSACTION animateLocked
04-12 11:31:51.597  1591  1669 I WindowManager:   SURFACE Surface(name=com.miui.securitycore/com.miui.securityspace.ui.activity.GuideStartActivity)---MATRIX [1.0,0.0,0.0,1.0]: com.miui.securitycore/com.miui.securityspace.ui.activity.GuideStartActivity
04-12 11:31:51.597  1591  1669 I WindowManager:   SURFACE Surface(name=com.android.systemui.ImageWallpaper)---MATRIX [1.0,0.0,0.0,1.0]: com.android.systemui.ImageWallpaper
04-12 11:31:51.597  1591  1669 I WindowManager: <<< CLOSE TRANSACTION animateLocked
04-12 11:31:51.613  1591  1669 I WindowManager: >>> OPEN TRANSACTION animateLocked
04-12 11:31:51.613  1591  1669 I WindowManager:   SURFACE Surface(name=com.miui.securitycore/com.miui.securityspace.ui.activity.GuideStartActivity)---MATRIX [1.0,0.0,0.0,1.0]: com.miui.securitycore/com.miui.securityspace.ui.activity.GuideStartActivity
04-12 11:31:51.613  1591  1669 I WindowManager:   SURFACE Surface(name=com.android.systemui.ImageWallpaper)---MATRIX [1.0,0.0,0.0,1.0]: com.android.systemui.ImageWallpaper
04-12 11:31:51.614  1591  1669 I WindowManager: <<< CLOSE TRANSACTION animateLocked
04-12 11:31:51.630  1591  1669 I WindowManager: >>> OPEN TRANSACTION animateLocked
04-12 11:31:51.630  1591  1669 I WindowManager:   SURFACE Surface(name=com.miui.securitycore/com.miui.securityspace.ui.activity.GuideStartActivity)---MATRIX [1.0,0.0,0.0,1.0]: com.miui.securitycore/com.miui.securityspace.ui.activity.GuideStartActivity
04-12 11:31:51.630  1591  1669 I WindowManager:   SURFACE Surface(name=com.android.systemui.ImageWallpaper)---MATRIX [1.0,0.0,0.0,1.0]: com.android.systemui.ImageWallpaper
04-12 11:31:51.645  1591  1669 I WindowManager: <<< CLOSE TRANSACTION animateLocked
04-12 11:31:51.647  1591  1669 I WindowManager: >>> OPEN TRANSACTION animateLocked
04-12 11:31:51.647  1591  1669 I WindowManager:   SURFACE Surface(name=com.miui.securitycore/com.miui.securityspace.ui.activity.GuideStartActivity)---MATRIX [1.0,0.0,0.0,1.0]: com.miui.securitycore/com.miui.securityspace.ui.activity.GuideStartActivity
04-12 11:31:51.648  1591  1669 I WindowManager:   SURFACE Surface(name=com.android.systemui.ImageWallpaper)---MATRIX [1.0,0.0,0.0,1.0]: com.android.systemui.ImageWallpaper
04-12 11:31:51.648  1591  1669 I WindowManager: <<< CLOSE TRANSACTION animateLocked
04-12 11:31:51.663  1591  1669 I WindowManager: >>> OPEN TRANSACTION animateLocked
04-12 11:31:51.663  1591  1669 I WindowManager:   SURFACE Surface(name=com.miui.securitycore/com.miui.securityspace.ui.activity.GuideStartActivity)---MATRIX [1.0,0.0,0.0,1.0]: com.miui.securitycore/com.miui.securityspace.ui.activity.GuideStartActivity
04-12 11:31:51.663  1591  1669 I WindowManager:   SURFACE Surface(name=com.android.systemui.ImageWallpaper)---MATRIX [1.0,0.0,0.0,1.0]: com.android.systemui.ImageWallpaper
04-12 11:31:51.664  1591  1669 I WindowManager: <<< CLOSE TRANSACTION animateLocked
04-12 11:31:51.679  1591  1669 I WindowManager: >>> OPEN TRANSACTION animateLocked
04-12 11:31:51.680  1591  1669 I WindowManager:   SURFACE Surface(name=com.miui.securitycore/com.miui.securityspace.ui.activity.GuideStartActivity)---MATRIX [1.0,0.0,0.0,1.0]: com.miui.securitycore/com.miui.securityspace.ui.activity.GuideStartActivity
04-12 11:31:51.680  1591  1669 I WindowManager:   SURFACE Surface(name=com.android.systemui.ImageWallpaper)---MATRIX [1.0,0.0,0.0,1.0]: com.android.systemui.ImageWallpaper
04-12 11:31:51.681  1591  1669 I WindowManager: <<< CLOSE TRANSACTION animateLocked
04-12 11:31:51.696  1591  1669 I WindowManager: >>> OPEN TRANSACTION animateLocked
04-12 11:31:51.697  1591  1669 I WindowManager:   SURFACE Surface(name=com.miui.securitycore/com.miui.securityspace.ui.activity.GuideStartActivity)---MATRIX [1.0,0.0,0.0,1.0]: com.miui.securitycore/com.miui.securityspace.ui.activity.GuideStartActivity
04-12 11:31:51.697  1591  1669 I WindowManager:   SURFACE Surface(name=com.android.systemui.ImageWallpaper)---MATRIX [1.0,0.0,0.0,1.0]: com.android.systemui.ImageWallpaper
04-12 11:31:51.697  1591  1669 I WindowManager: <<< CLOSE TRANSACTION animateLocked
04-12 11:31:51.713  1591  1669 I WindowManager: >>> OPEN TRANSACTION animateLocked
04-12 11:31:51.713  1591  1669 I WindowManager:   SURFACE Surface(name=com.miui.securitycore/com.miui.securityspace.ui.activity.GuideStartActivity)---MATRIX [1.0,0.0,0.0,1.0]: com.miui.securitycore/com.miui.securityspace.ui.activity.GuideStartActivity
04-12 11:31:51.713  1591  1669 I WindowManager:   SURFACE Surface(name=com.android.systemui.ImageWallpaper)---MATRIX [1.0,0.0,0.0,1.0]: com.android.systemui.ImageWallpaper
04-12 11:31:51.714  1591  1669 I WindowManager: <<< CLOSE TRANSACTION animateLocked
04-12 11:31:51.729  1591  1669 I WindowManager: >>> OPEN TRANSACTION animateLocked
04-12 11:31:51.730  1591  1669 I WindowManager:   SURFACE Surface(name=com.miui.securitycore/com.miui.securityspace.ui.activity.GuideStartActivity)---MATRIX [1.0,0.0,0.0,1.0]: com.miui.securitycore/com.miui.securityspace.ui.activity.GuideStartActivity
04-12 11:31:51.730  1591  1669 I WindowManager:   SURFACE Surface(name=com.android.systemui.ImageWallpaper)---MATRIX [1.0,0.0,0.0,1.0]: com.android.systemui.ImageWallpaper
04-12 11:31:51.744  1591  1669 I WindowManager: <<< CLOSE TRANSACTION animateLocked
04-12 11:31:51.746  1591  1669 I WindowManager: >>> OPEN TRANSACTION animateLocked
04-12 11:31:51.746  1591  1669 I WindowManager:   SURFACE Surface(name=com.miui.securitycore/com.miui.securityspace.ui.activity.GuideStartActivity)---MATRIX [1.0,0.0,0.0,1.0]: com.miui.securitycore/com.miui.securityspace.ui.activity.GuideStartActivity
04-12 11:31:51.747  1591  1669 I WindowManager:   SURFACE Surface(name=com.android.systemui.ImageWallpaper)---MATRIX [1.0,0.0,0.0,1.0]: com.android.systemui.ImageWallpaper
04-12 11:31:51.747  1591  1669 I WindowManager: <<< CLOSE TRANSACTION animateLocked
04-12 11:31:51.763  1591  1669 I WindowManager: >>> OPEN TRANSACTION animateLocked
04-12 11:31:51.763  1591  1669 I WindowManager:   SURFACE Surface(name=com.miui.securitycore/com.miui.securityspace.ui.activity.GuideStartActivity)---MATRIX [1.0,0.0,0.0,1.0]: com.miui.securitycore/com.miui.securityspace.ui.activity.GuideStartActivity
04-12 11:31:51.763  1591  1669 I WindowManager:   SURFACE Surface(name=com.android.systemui.ImageWallpaper)---MATRIX [1.0,0.0,0.0,1.0]: com.android.systemui.ImageWallpaper
04-12 11:31:51.764  1591  1669 I WindowManager: <<< CLOSE TRANSACTION animateLocked
04-12 11:31:51.781  1591  1669 I WindowManager: >>> OPEN TRANSACTION animateLocked
04-12 11:31:51.781  1591  1669 I WindowManager:   SURFACE Surface(name=com.miui.securitycore/com.miui.securityspace.ui.activity.GuideStartActivity)---MATRIX [1.0,0.0,0.0,1.0]: com.miui.securitycore/com.miui.securityspace.ui.activity.GuideStartActivity
04-12 11:31:51.782  1591  1669 I WindowManager:   SURFACE Surface(name=com.android.systemui.ImageWallpaper)---MATRIX [1.0,0.0,0.0,1.0]: com.android.systemui.ImageWallpaper
04-12 11:31:51.782  1591  1669 I WindowManager: <<< CLOSE TRANSACTION animateLocked
04-12 11:31:51.796  1591  1669 I WindowManager: >>> OPEN TRANSACTION animateLocked
04-12 11:31:51.797  1591  1669 I WindowManager:   SURFACE Surface(name=com.miui.securitycore/com.miui.securityspace.ui.activity.GuideStartActivity)---MATRIX [1.0,0.0,0.0,1.0]: com.miui.securitycore/com.miui.securityspace.ui.activity.GuideStartActivity
04-12 11:31:51.797  1591  1669 I WindowManager:   SURFACE Surface(name=com.android.systemui.ImageWallpaper)---MATRIX [1.0,0.0,0.0,1.0]: com.android.systemui.ImageWallpaper
04-12 11:31:51.798  1591  1669 I WindowManager: <<< CLOSE TRANSACTION animateLocked
04-12 11:31:51.813  1591  1669 I WindowManager: >>> OPEN TRANSACTION animateLocked
04-12 11:31:51.814  1591  1669 I WindowManager:   SURFACE Surface(name=com.miui.securitycore/com.miui.securityspace.ui.activity.GuideStartActivity)---MATRIX [1.0,0.0,0.0,1.0]: com.miui.securitycore/com.miui.securityspace.ui.activity.GuideStartActivity
04-12 11:31:51.814  1591  1669 I WindowManager:   SURFACE Surface(name=com.android.systemui.ImageWallpaper)---MATRIX [1.0,0.0,0.0,1.0]: com.android.systemui.ImageWallpaper
04-12 11:31:51.814  1591  1669 I WindowManager: <<< CLOSE TRANSACTION animateLocked
04-12 11:31:51.829  1591  1669 I WindowManager: >>> OPEN TRANSACTION animateLocked
04-12 11:31:51.830  1591  1669 V WindowManager: Finished animation in WindowStateAnimator{a1bc203 com.android.systemui.ImageWallpaper} @ 357005
04-12 11:31:51.830  1591  1669 V WindowManager: Animation done in WindowStateAnimator{a1bc203 com.android.systemui.ImageWallpaper}: exiting=false, reportedVisible=false
04-12 11:31:51.830  1591  1669 V WindowManager: finishExit in WindowStateAnimator{a1bc203 com.android.systemui.ImageWallpaper}: exiting=false remove=false windowAnimating=false
04-12 11:31:51.830  1591  1669 I WindowManager:   SURFACE Surface(name=com.miui.securitycore/com.miui.securityspace.ui.activity.GuideStartActivity)---MATRIX [1.0,0.0,0.0,1.0]: com.miui.securitycore/com.miui.securityspace.ui.activity.GuideStartActivity
04-12 11:31:51.830  1591  1669 I WindowManager:   SURFACE Surface(name=com.android.systemui.ImageWallpaper)---MATRIX [1.0,0.0,0.0,1.0]: com.android.systemui.ImageWallpaper
04-12 11:31:51.830  1591  1669 I WindowManager: <<< CLOSE TRANSACTION animateLocked
04-12 11:31:51.831  1591  1669 I WindowManager: >>> OPEN TRANSACTION performLayoutAndPlaceSurfaces
04-12 11:31:51.831  1591  1669 I WindowManager:   SURFACE Surface(name=com.android.systemui.ImageWallpaper)---MATRIX [1.0,0.0,0.0,1.0]: com.android.systemui.ImageWallpaper
04-12 11:31:51.831  1591  1669 I WindowManager:   SURFACE Surface(name=com.miui.securitycore/com.miui.securityspace.ui.activity.GuideStartActivity)---MATRIX [1.0,0.0,0.0,1.0]: com.miui.securitycore/com.miui.securityspace.ui.activity.GuideStartActivity
04-12 11:31:51.832  1591  1669 I WindowManager: <<< CLOSE TRANSACTION performLayoutAndPlaceSurfaces
04-12 11:31:51.846  1591  1669 I WindowManager: >>> OPEN TRANSACTION animateLocked
04-12 11:31:51.846  1591  1669 I WindowManager:   SURFACE Surface(name=com.miui.securitycore/com.miui.securityspace.ui.activity.GuideStartActivity)---MATRIX [1.0,0.0,0.0,1.0]: com.miui.securitycore/com.miui.securityspace.ui.activity.GuideStartActivity
04-12 11:31:51.847  1591  1669 I WindowManager:   SURFACE Surface(name=com.android.systemui.ImageWallpaper)---MATRIX [1.0,0.0,0.0,1.0]: com.android.systemui.ImageWallpaper
04-12 11:31:51.847  1591  1669 I WindowManager: <<< CLOSE TRANSACTION animateLocked
04-12 11:31:52.305  1591  1663 I WindowManager: >>> OPEN TRANSACTION performLayoutAndPlaceSurfaces
04-12 11:31:52.305  1591  1663 I WindowManager:   SURFACE Surface(name=com.android.systemui.ImageWallpaper)---MATRIX [1.0,0.0,0.0,1.0]: com.android.systemui.ImageWallpaper
04-12 11:31:52.306  1591  1663 I WindowManager:   SURFACE Surface(name=com.miui.securitycore/com.miui.securityspace.ui.activity.GuideStartActivity)---MATRIX [1.0,0.0,0.0,1.0]: com.miui.securitycore/com.miui.securityspace.ui.activity.GuideStartActivity
04-12 11:31:52.307  1591  1663 I WindowManager: <<< CLOSE TRANSACTION performLayoutAndPlaceSurfaces
04-12 11:31:52.316  1591  2159 I WindowManager:   OUT SURFACE Surface(name=null)/@0x33a4e90: copied
04-12 11:31:52.316  1591  2159 I WindowManager: >>> OPEN TRANSACTION performLayoutAndPlaceSurfaces
04-12 11:31:52.317  1591  2159 I WindowManager:   SURFACE Surface(name=com.android.systemui.ImageWallpaper)---MATRIX [1.0,0.0,0.0,1.0]: com.android.systemui.ImageWallpaper
04-12 11:31:52.317  1591  2159 I WindowManager:   SURFACE Surface(name=com.miui.securitycore/com.miui.securityspace.ui.activity.GuideStartActivity)---MATRIX [1.0,0.0,0.0,1.0]: com.miui.securitycore/com.miui.securityspace.ui.activity.GuideStartActivity
04-12 11:31:52.317  1591  2159 I WindowManager: <<< CLOSE TRANSACTION performLayoutAndPlaceSurfaces
04-12 11:31:52.330  1591  1669 I WindowManager: >>> OPEN TRANSACTION animateLocked
04-12 11:31:52.330  1591  1669 I WindowManager:   SURFACE Surface(name=com.miui.securitycore/com.miui.securityspace.ui.activity.GuideStartActivity)---MATRIX [1.0,0.0,0.0,1.0]: com.miui.securitycore/com.miui.securityspace.ui.activity.GuideStartActivity
04-12 11:31:52.330  1591  1669 I WindowManager:   SURFACE Surface(name=com.android.systemui.ImageWallpaper)---MATRIX [1.0,0.0,0.0,1.0]: com.android.systemui.ImageWallpaper
04-12 11:31:52.334  1591  1669 I WindowManager: <<< CLOSE TRANSACTION animateLocked
04-12 11:31:52.460  1591  2160 V WindowManager: Remove Window{c9430ff u0 RecentsPanel}: mSurfaceController=null mAnimatingExit=false mRemoveOnExit=false mHasSurface=false surfaceShowing=false isAnimationSet=false app-animation=null mWillReplaceWindow=false inPendingTransaction=false mDisplayFrozen=false callers=com.android.server.wm.WindowManagerService.removeWindowLocked:2439 com.android.server.wm.WindowManagerService.removeWindow:2434 com.android.server.wm.Session.remove:202 android.view.IWindowSession$Stub.onTransact:242 com.android.server.wm.Session.onTransact:145 android.os.Binder.execTransact:567 
04-12 11:31:52.460  1591  2160 I WindowManager: >>> OPEN TRANSACTION performLayoutAndPlaceSurfaces
04-12 11:31:52.461  1591  2160 I WindowManager:   SURFACE Surface(name=com.android.systemui.ImageWallpaper)---MATRIX [1.0,0.0,0.0,1.0]: com.android.systemui.ImageWallpaper
04-12 11:31:52.461  1591  2160 I WindowManager:   SURFACE Surface(name=com.miui.securitycore/com.miui.securityspace.ui.activity.GuideStartActivity)---MATRIX [1.0,0.0,0.0,1.0]: com.miui.securitycore/com.miui.securityspace.ui.activity.GuideStartActivity
04-12 11:31:52.462  1591  2160 I WindowManager: <<< CLOSE TRANSACTION performLayoutAndPlaceSurfaces
04-12 11:31:52.479  1591  1669 I WindowManager: >>> OPEN TRANSACTION animateLocked
04-12 11:31:52.480  1591  1669 I WindowManager:   SURFACE Surface(name=com.miui.securitycore/com.miui.securityspace.ui.activity.GuideStartActivity)---MATRIX [1.0,0.0,0.0,1.0]: com.miui.securitycore/com.miui.securityspace.ui.activity.GuideStartActivity
04-12 11:31:52.480  1591  1669 I WindowManager:   SURFACE Surface(name=com.android.systemui.ImageWallpaper)---MATRIX [1.0,0.0,0.0,1.0]: com.android.systemui.ImageWallpaper
04-12 11:31:52.480  1591  1669 I WindowManager: <<< CLOSE TRANSACTION animateLocked
04-12 11:31:52.485  1591  2160 I WindowManager: >>> OPEN TRANSACTION performLayoutAndPlaceSurfaces
04-12 11:31:52.488  1591  2160 I WindowManager:   SURFACE Surface(name=com.android.systemui.ImageWallpaper)---MATRIX [1.0,0.0,0.0,1.0]: com.android.systemui.ImageWallpaper
04-12 11:31:52.488  1591  2160 I WindowManager:   SURFACE Surface(name=com.miui.securitycore/com.miui.securityspace.ui.activity.GuideStartActivity)---MATRIX [1.0,0.0,0.0,1.0]: com.miui.securitycore/com.miui.securityspace.ui.activity.GuideStartActivity
04-12 11:31:52.488  1591  2160 I WindowManager: <<< CLOSE TRANSACTION performLayoutAndPlaceSurfaces
04-12 11:31:52.496  1591  1669 I WindowManager: >>> OPEN TRANSACTION animateLocked
04-12 11:31:52.497  1591  1669 I WindowManager:   SURFACE Surface(name=com.miui.securitycore/com.miui.securityspace.ui.activity.GuideStartActivity)---MATRIX [1.0,0.0,0.0,1.0]: com.miui.securitycore/com.miui.securityspace.ui.activity.GuideStartActivity
04-12 11:31:52.497  1591  1669 I WindowManager:   SURFACE Surface(name=com.android.systemui.ImageWallpaper)---MATRIX [1.0,0.0,0.0,1.0]: com.android.systemui.ImageWallpaper
04-12 11:31:52.497  1591  1669 I WindowManager: <<< CLOSE TRANSACTION animateLocked
04-12 11:31:52.848  1591  3171 I WindowManager: createSurface WindowStateAnimator{8d3054e StatusBar}: mDrawState=DRAW_PENDING
04-12 11:31:52.849  1591  3171 I WindowManager:   CREATE SURFACE Surface(name=StatusBar) IN SESSION android.view.SurfaceSession@288347e: pid=1859 format=-3 flags=0x4 / WindowStateAnimator{8d3054e StatusBar}
04-12 11:31:52.849  1591  3171 I WindowManager: >>> OPEN TRANSACTION createSurfaceLocked
04-12 11:31:52.849  1591  3171 I WindowManager:   SURFACE CREATE pos=(0,0) (1080x1), layer=161000 HIDE: Window{c28cd60 u0 StatusBar}
04-12 11:31:52.849  1591  3171 I WindowManager:   SURFACE Surface(name=StatusBar)---POS (setPositionAndLayer) @ (0.0,0.0): StatusBar
04-12 11:31:52.850  1591  3171 I WindowManager: <<< CLOSE TRANSACTION setPositionAndLayer
04-12 11:31:52.850  1591  3171 I WindowManager:   OUT SURFACE Surface(name=null)/@0x5cb366f: copied
04-12 11:31:52.850  1591  3171 I WindowManager: >>> OPEN TRANSACTION performLayoutAndPlaceSurfaces
04-12 11:31:52.850  1591  3171 I WindowManager:   SURFACE Surface(name=StatusBar)---SIZE 1080x60: StatusBar
04-12 11:31:52.850  1591  3171 I WindowManager:   SURFACE Surface(name=StatusBar)---CROP [0,0][1080,60]: StatusBar
04-12 11:31:52.850  1591  3171 I WindowManager:   SURFACE Surface(name=StatusBar)---MATRIX [1.0,0.0,0.0,1.0]: StatusBar
04-12 11:31:52.851  1591  3171 I WindowManager:   SURFACE Surface(name=com.android.systemui.ImageWallpaper)---MATRIX [1.0,0.0,0.0,1.0]: com.android.systemui.ImageWallpaper
04-12 11:31:52.851  1591  3171 I WindowManager:   SURFACE Surface(name=com.miui.securitycore/com.miui.securityspace.ui.activity.GuideStartActivity)---MATRIX [1.0,0.0,0.0,1.0]: com.miui.securitycore/com.miui.securityspace.ui.activity.GuideStartActivity
04-12 11:31:52.885  1591  3171 I WindowManager: <<< CLOSE TRANSACTION performLayoutAndPlaceSurfaces
04-12 11:31:52.890  1591  3171 I WindowManager: >>> OPEN TRANSACTION performLayoutAndPlaceSurfaces
04-12 11:31:52.890  1591  3171 I WindowManager:   SURFACE Surface(name=StatusBar)---MATRIX [1.0,0.0,0.0,1.0]: StatusBar
04-12 11:31:52.890  1591  3171 I WindowManager:   SURFACE Surface(name=com.android.systemui.ImageWallpaper)---MATRIX [1.0,0.0,0.0,1.0]: com.android.systemui.ImageWallpaper
04-12 11:31:52.891  1591  3171 I WindowManager:   SURFACE Surface(name=com.miui.securitycore/com.miui.securityspace.ui.activity.GuideStartActivity)---MATRIX [1.0,0.0,0.0,1.0]: com.miui.securitycore/com.miui.securityspace.ui.activity.GuideStartActivity
04-12 11:31:52.891  1591  3171 I WindowManager: <<< CLOSE TRANSACTION performLayoutAndPlaceSurfaces
04-12 11:31:52.897  1591  1669 I WindowManager: >>> OPEN TRANSACTION animateLocked
04-12 11:31:52.897  1591  1669 I WindowManager:   SURFACE Surface(name=com.miui.securitycore/com.miui.securityspace.ui.activity.GuideStartActivity)---MATRIX [1.0,0.0,0.0,1.0]: com.miui.securitycore/com.miui.securityspace.ui.activity.GuideStartActivity
04-12 11:31:52.897  1591  1669 I WindowManager:   SURFACE Surface(name=com.android.systemui.ImageWallpaper)---MATRIX [1.0,0.0,0.0,1.0]: com.android.systemui.ImageWallpaper
04-12 11:31:52.897  1591  1669 I WindowManager:   SURFACE Surface(name=StatusBar)---MATRIX [1.0,0.0,0.0,1.0]: StatusBar
04-12 11:31:52.898  1591  1669 I WindowManager:   SURFACE controller=Surface(name=StatusBar)alpha=1.0 layer=161000 matrix=[1.0*1.0,0.0*1.0][0.0*1.0,1.0*1.0]: Window{c28cd60 u0 StatusBar}
04-12 11:31:52.898  1591  1669 I WindowManager: <<< CLOSE TRANSACTION animateLocked
04-12 11:31:52.966  1591  2942 I WindowManager: >>> OPEN TRANSACTION performLayoutAndPlaceSurfaces
04-12 11:31:52.967  1591  2942 I WindowManager:   SURFACE Surface(name=StatusBar)---MATRIX [1.0,0.0,0.0,1.0]: StatusBar
04-12 11:31:52.967  1591  2942 I WindowManager:   SURFACE Surface(name=com.android.systemui.ImageWallpaper)---MATRIX [1.0,0.0,0.0,1.0]: com.android.systemui.ImageWallpaper
04-12 11:31:52.967  1591  2942 I WindowManager:   SURFACE Surface(name=com.miui.securitycore/com.miui.securityspace.ui.activity.GuideStartActivity)---MATRIX [1.0,0.0,0.0,1.0]: com.miui.securitycore/com.miui.securityspace.ui.activity.GuideStartActivity
04-12 11:31:52.969  1591  2942 I WindowManager: <<< CLOSE TRANSACTION performLayoutAndPlaceSurfaces
04-12 11:31:52.980  1591  1669 I WindowManager: >>> OPEN TRANSACTION animateLocked
04-12 11:31:52.980  1591  1669 I WindowManager:   SURFACE Surface(name=com.miui.securitycore/com.miui.securityspace.ui.activity.GuideStartActivity)---MATRIX [1.0,0.0,0.0,1.0]: com.miui.securitycore/com.miui.securityspace.ui.activity.GuideStartActivity
04-12 11:31:52.981  1591  1669 I WindowManager:   SURFACE Surface(name=com.android.systemui.ImageWallpaper)---MATRIX [1.0,0.0,0.0,1.0]: com.android.systemui.ImageWallpaper
04-12 11:31:52.981  1591  1669 I WindowManager:   SURFACE Surface(name=StatusBar)---MATRIX [1.0,0.0,0.0,1.0]: StatusBar
04-12 11:31:52.981  1591  1669 I WindowManager:   SURFACE controller=Surface(name=StatusBar)alpha=1.0 layer=161000 matrix=[1.0*1.0,0.0*1.0][0.0*1.0,1.0*1.0]: Window{c28cd60 u0 StatusBar}
04-12 11:31:52.982  1591  1669 I WindowManager: <<< CLOSE TRANSACTION animateLocked
04-12 11:31:53.067  1591  1795 V WindowManager: Remove Window{5e78c59 u0 AssistPreviewPanel}: mSurfaceController=null mAnimatingExit=false mRemoveOnExit=false mHasSurface=false surfaceShowing=false isAnimationSet=false app-animation=null mWillReplaceWindow=false inPendingTransaction=false mDisplayFrozen=false callers=com.android.server.wm.WindowManagerService.removeWindowLocked:2439 com.android.server.wm.WindowManagerService.removeWindow:2434 com.android.server.wm.Session.remove:202 android.view.IWindowSession$Stub.onTransact:242 com.android.server.wm.Session.onTransact:145 android.os.Binder.execTransact:567 
04-12 11:31:53.067  1591  1795 I WindowManager: >>> OPEN TRANSACTION performLayoutAndPlaceSurfaces
04-12 11:31:53.067  1591  1795 I WindowManager:   SURFACE Surface(name=StatusBar)---MATRIX [1.0,0.0,0.0,1.0]: StatusBar
04-12 11:31:53.067  1591  1795 I WindowManager:   SURFACE Surface(name=com.android.systemui.ImageWallpaper)---MATRIX [1.0,0.0,0.0,1.0]: com.android.systemui.ImageWallpaper
04-12 11:31:53.067  1591  1795 I WindowManager:   SURFACE Surface(name=com.miui.securitycore/com.miui.securityspace.ui.activity.GuideStartActivity)---MATRIX [1.0,0.0,0.0,1.0]: com.miui.securitycore/com.miui.securityspace.ui.activity.GuideStartActivity
04-12 11:31:53.068  1591  1795 I WindowManager: <<< CLOSE TRANSACTION performLayoutAndPlaceSurfaces
04-12 11:31:53.079  1591  1669 I WindowManager: >>> OPEN TRANSACTION animateLocked
04-12 11:31:53.080  1591  1669 I WindowManager:   SURFACE Surface(name=com.miui.securitycore/com.miui.securityspace.ui.activity.GuideStartActivity)---MATRIX [1.0,0.0,0.0,1.0]: com.miui.securitycore/com.miui.securityspace.ui.activity.GuideStartActivity
04-12 11:31:53.080  1591  1669 I WindowManager:   SURFACE Surface(name=com.android.systemui.ImageWallpaper)---MATRIX [1.0,0.0,0.0,1.0]: com.android.systemui.ImageWallpaper
04-12 11:31:53.080  1591  1669 I WindowManager:   SURFACE Surface(name=StatusBar)---MATRIX [1.0,0.0,0.0,1.0]: StatusBar
04-12 11:31:53.080  1591  1669 I WindowManager:   SURFACE controller=Surface(name=StatusBar)alpha=1.0 layer=161000 matrix=[1.0*1.0,0.0*1.0][0.0*1.0,1.0*1.0]: Window{c28cd60 u0 StatusBar}
04-12 11:31:53.080  1591  1669 I WindowManager: <<< CLOSE TRANSACTION animateLocked
04-12 11:31:53.205  1591  3254 V WindowManager: finishDrawingLocked: mDrawState=COMMIT_DRAW_PENDING Window{c28cd60 u0 StatusBar} in Surface(name=StatusBar)
04-12 11:31:53.206  1591  1669 I WindowManager: >>> OPEN TRANSACTION performLayoutAndPlaceSurfaces
04-12 11:31:53.207  1591  1669 I WindowManager: commitFinishDrawingLocked: mDrawState=READY_TO_SHOW Surface(name=StatusBar)
04-12 11:31:53.208  1591  1669 V WindowManager: applyAnimation: win=WindowStateAnimator{8d3054e StatusBar} anim=17432617 attr=0xffffffff a=android.view.animation.AnimationSet@51b6c7b transit=1 isEntrance=true Callers com.android.server.wm.WindowStateAnimator.applyEnterAnimationLocked:1840 com.android.server.wm.WindowStateAnimator.performShowLocked:1756 com.android.server.wm.WindowStateAnimator.commitFinishDrawingLocked:631 
04-12 11:31:53.208  1591  1669 I WindowManager: Loaded animation android.view.animation.AnimationSet@51b6c7b for WindowStateAnimator{8d3054e StatusBar}
04-12 11:31:53.208  1591  1669 V WindowManager: performShowLocked: mDrawState=HAS_DRAWN in Window{c28cd60 u0 StatusBar}
04-12 11:31:53.208  1591  1669 I WindowManager:   SURFACE Surface(name=StatusBar)---MATRIX [1.0,0.0,0.0,1.0]: StatusBar
04-12 11:31:53.210  1591  1669 I WindowManager:   SURFACE Surface(name=com.android.systemui.ImageWallpaper)---MATRIX [1.0,0.0,0.0,1.0]: com.android.systemui.ImageWallpaper
04-12 11:31:53.210  1591  1669 I WindowManager:   SURFACE Surface(name=com.miui.securitycore/com.miui.securityspace.ui.activity.GuideStartActivity)---MATRIX [1.0,0.0,0.0,1.0]: com.miui.securitycore/com.miui.securityspace.ui.activity.GuideStartActivity
04-12 11:31:53.212  1591  1669 I WindowManager: <<< CLOSE TRANSACTION performLayoutAndPlaceSurfaces
04-12 11:31:53.213  1591  1669 I WindowManager: >>> OPEN TRANSACTION animateLocked
04-12 11:31:53.213  1591  1669 V WindowManager: Starting animation in WindowStateAnimator{8d3054e StatusBar} @ 358388: ww=1080 wh=60 dx=1080 dy=1920 scale=1.0
04-12 11:31:53.214  1591  1669 I WindowManager:   SURFACE Surface(name=com.miui.securitycore/com.miui.securityspace.ui.activity.GuideStartActivity)---MATRIX [1.0,0.0,0.0,1.0]: com.miui.securitycore/com.miui.securityspace.ui.activity.GuideStartActivity
04-12 11:31:53.214  1591  1669 I WindowManager:   SURFACE Surface(name=com.android.systemui.ImageWallpaper)---MATRIX [1.0,0.0,0.0,1.0]: com.android.systemui.ImageWallpaper
04-12 11:31:53.214  1591  1669 I WindowManager:   SURFACE Surface(name=StatusBar)---POS (setPositionInTransaction) @ (0.0,-60.0): StatusBar
04-12 11:31:53.214  1591  1669 I WindowManager:   SURFACE Surface(name=StatusBar)---MATRIX [1.0,0.0,0.0,1.0]: StatusBar
04-12 11:31:53.214  1591  1669 I WindowManager:   SURFACE controller=Surface(name=StatusBar)alpha=1.0 layer=161000 matrix=[1.0*1.0,0.0*1.0][0.0*1.0,1.0*1.0]: Window{c28cd60 u0 StatusBar}
04-12 11:31:53.214  1591  1669 I WindowManager:   SURFACE Surface(name=StatusBar)---SHOW (performLayout): StatusBar
04-12 11:31:53.215  1591  1669 I WindowManager: <<< CLOSE TRANSACTION animateLocked
04-12 11:31:53.215  1591  1669 I WindowManager: >>> OPEN TRANSACTION removeReplacedWindows
04-12 11:31:53.219  1591  1669 I WindowManager: <<< CLOSE TRANSACTION removeReplacedWindows
04-12 11:31:53.219  1591  1669 I WindowManager: >>> OPEN TRANSACTION performLayoutAndPlaceSurfaces
04-12 11:31:53.219  1591  1669 I WindowManager:   SURFACE Surface(name=StatusBar)---MATRIX [1.0,0.0,0.0,1.0]: StatusBar
04-12 11:31:53.219  1591  1669 I WindowManager:   SURFACE Surface(name=com.android.systemui.ImageWallpaper)---MATRIX [1.0,0.0,0.0,1.0]: com.android.systemui.ImageWallpaper
04-12 11:31:53.220  1591  1669 I WindowManager:   SURFACE Surface(name=com.miui.securitycore/com.miui.securityspace.ui.activity.GuideStartActivity)---MATRIX [1.0,0.0,0.0,1.0]: com.miui.securitycore/com.miui.securityspace.ui.activity.GuideStartActivity
04-12 11:31:53.220  1591  1669 I WindowManager: <<< CLOSE TRANSACTION performLayoutAndPlaceSurfaces
04-12 11:31:53.230  1591  1669 I WindowManager: >>> OPEN TRANSACTION animateLocked
04-12 11:31:53.230  1591  1669 I WindowManager:   SURFACE Surface(name=com.miui.securitycore/com.miui.securityspace.ui.activity.GuideStartActivity)---MATRIX [1.0,0.0,0.0,1.0]: com.miui.securitycore/com.miui.securityspace.ui.activity.GuideStartActivity
04-12 11:31:53.230  1591  1669 I WindowManager:   SURFACE Surface(name=com.android.systemui.ImageWallpaper)---MATRIX [1.0,0.0,0.0,1.0]: com.android.systemui.ImageWallpaper
04-12 11:31:53.230  1591  1669 I WindowManager:   SURFACE Surface(name=StatusBar)---POS (setPositionInTransaction) @ (0.0,-49.0): StatusBar
04-12 11:31:53.230  1591  1669 I WindowManager:   SURFACE Surface(name=StatusBar)---MATRIX [1.0,0.0,0.0,1.0]: StatusBar
04-12 11:31:53.230  1591  1669 V WindowManager: prepareSurface: No changes in animation for WindowStateAnimator{8d3054e StatusBar}
04-12 11:31:53.231  1591  1669 I WindowManager: <<< CLOSE TRANSACTION animateLocked
04-12 11:31:53.246  1591  1669 I WindowManager: >>> OPEN TRANSACTION animateLocked
04-12 11:31:53.246  1591  1669 I WindowManager:   SURFACE Surface(name=com.miui.securitycore/com.miui.securityspace.ui.activity.GuideStartActivity)---MATRIX [1.0,0.0,0.0,1.0]: com.miui.securitycore/com.miui.securityspace.ui.activity.GuideStartActivity
04-12 11:31:53.246  1591  1669 I WindowManager:   SURFACE Surface(name=com.android.systemui.ImageWallpaper)---MATRIX [1.0,0.0,0.0,1.0]: com.android.systemui.ImageWallpaper
04-12 11:31:53.246  1591  1669 I WindowManager:   SURFACE Surface(name=StatusBar)---POS (setPositionInTransaction) @ (0.0,-39.0): StatusBar
04-12 11:31:53.246  1591  1669 I WindowManager:   SURFACE Surface(name=StatusBar)---MATRIX [1.0,0.0,0.0,1.0]: StatusBar
04-12 11:31:53.247  1591  1669 V WindowManager: prepareSurface: No changes in animation for WindowStateAnimator{8d3054e StatusBar}
04-12 11:31:53.255  1591  1669 I WindowManager: <<< CLOSE TRANSACTION animateLocked
04-12 11:31:53.263  1591  1669 I WindowManager: >>> OPEN TRANSACTION animateLocked
04-12 11:31:53.263  1591  1669 I WindowManager:   SURFACE Surface(name=com.miui.securitycore/com.miui.securityspace.ui.activity.GuideStartActivity)---MATRIX [1.0,0.0,0.0,1.0]: com.miui.securitycore/com.miui.securityspace.ui.activity.GuideStartActivity
04-12 11:31:53.263  1591  1669 I WindowManager:   SURFACE Surface(name=com.android.systemui.ImageWallpaper)---MATRIX [1.0,0.0,0.0,1.0]: com.android.systemui.ImageWallpaper
04-12 11:31:53.263  1591  1669 I WindowManager:   SURFACE Surface(name=StatusBar)---POS (setPositionInTransaction) @ (0.0,-31.0): StatusBar
04-12 11:31:53.264  1591  1669 I WindowManager:   SURFACE Surface(name=StatusBar)---MATRIX [1.0,0.0,0.0,1.0]: StatusBar
04-12 11:31:53.264  1591  1669 V WindowManager: prepareSurface: No changes in animation for WindowStateAnimator{8d3054e StatusBar}
04-12 11:31:53.264  1591  1669 I WindowManager: <<< CLOSE TRANSACTION animateLocked
04-12 11:31:53.279  1591  1669 I WindowManager: >>> OPEN TRANSACTION animateLocked
04-12 11:31:53.280  1591  1669 I WindowManager:   SURFACE Surface(name=com.miui.securitycore/com.miui.securityspace.ui.activity.GuideStartActivity)---MATRIX [1.0,0.0,0.0,1.0]: com.miui.securitycore/com.miui.securityspace.ui.activity.GuideStartActivity
04-12 11:31:53.280  1591  1669 I WindowManager:   SURFACE Surface(name=com.android.systemui.ImageWallpaper)---MATRIX [1.0,0.0,0.0,1.0]: com.android.systemui.ImageWallpaper
04-12 11:31:53.280  1591  1669 I WindowManager:   SURFACE Surface(name=StatusBar)---POS (setPositionInTransaction) @ (0.0,-24.0): StatusBar
04-12 11:31:53.280  1591  1669 I WindowManager:   SURFACE Surface(name=StatusBar)---MATRIX [1.0,0.0,0.0,1.0]: StatusBar
04-12 11:31:53.280  1591  1669 V WindowManager: prepareSurface: No changes in animation for WindowStateAnimator{8d3054e StatusBar}
04-12 11:31:53.280  1591  1669 I WindowManager: <<< CLOSE TRANSACTION animateLocked
04-12 11:31:53.299  1591  1669 I WindowManager: >>> OPEN TRANSACTION animateLocked
04-12 11:31:53.299  1591  1669 I WindowManager:   SURFACE Surface(name=com.miui.securitycore/com.miui.securityspace.ui.activity.GuideStartActivity)---MATRIX [1.0,0.0,0.0,1.0]: com.miui.securitycore/com.miui.securityspace.ui.activity.GuideStartActivity
04-12 11:31:53.299  1591  1669 I WindowManager:   SURFACE Surface(name=com.android.systemui.ImageWallpaper)---MATRIX [1.0,0.0,0.0,1.0]: com.android.systemui.ImageWallpaper
04-12 11:31:53.299  1591  1669 I WindowManager:   SURFACE Surface(name=StatusBar)---POS (setPositionInTransaction) @ (0.0,-18.0): StatusBar
04-12 11:31:53.299  1591  1669 I WindowManager:   SURFACE Surface(name=StatusBar)---MATRIX [1.0,0.0,0.0,1.0]: StatusBar
04-12 11:31:53.299  1591  1669 V WindowManager: prepareSurface: No changes in animation for WindowStateAnimator{8d3054e StatusBar}
04-12 11:31:53.300  1591  1669 I WindowManager: <<< CLOSE TRANSACTION animateLocked
04-12 11:31:53.314  1591  1669 I WindowManager: >>> OPEN TRANSACTION animateLocked
04-12 11:31:53.315  1591  1669 I WindowManager:   SURFACE Surface(name=com.miui.securitycore/com.miui.securityspace.ui.activity.GuideStartActivity)---MATRIX [1.0,0.0,0.0,1.0]: com.miui.securitycore/com.miui.securityspace.ui.activity.GuideStartActivity
04-12 11:31:53.315  1591  1669 I WindowManager:   SURFACE Surface(name=com.android.systemui.ImageWallpaper)---MATRIX [1.0,0.0,0.0,1.0]: com.android.systemui.ImageWallpaper
04-12 11:31:53.315  1591  1669 I WindowManager:   SURFACE Surface(name=StatusBar)---POS (setPositionInTransaction) @ (0.0,-13.0): StatusBar
04-12 11:31:53.315  1591  1669 I WindowManager:   SURFACE Surface(name=StatusBar)---MATRIX [1.0,0.0,0.0,1.0]: StatusBar
04-12 11:31:53.315  1591  1669 V WindowManager: prepareSurface: No changes in animation for WindowStateAnimator{8d3054e StatusBar}
04-12 11:31:53.315  1591  1669 I WindowManager: <<< CLOSE TRANSACTION animateLocked
04-12 11:31:53.329  1591  1669 I WindowManager: >>> OPEN TRANSACTION animateLocked
04-12 11:31:53.330  1591  1669 I WindowManager:   SURFACE Surface(name=com.miui.securitycore/com.miui.securityspace.ui.activity.GuideStartActivity)---MATRIX [1.0,0.0,0.0,1.0]: com.miui.securitycore/com.miui.securityspace.ui.activity.GuideStartActivity
04-12 11:31:53.330  1591  1669 I WindowManager:   SURFACE Surface(name=com.android.systemui.ImageWallpaper)---MATRIX [1.0,0.0,0.0,1.0]: com.android.systemui.ImageWallpaper
04-12 11:31:53.330  1591  1669 I WindowManager:   SURFACE Surface(name=StatusBar)---POS (setPositionInTransaction) @ (0.0,-9.0): StatusBar
04-12 11:31:53.330  1591  1669 I WindowManager:   SURFACE Surface(name=StatusBar)---MATRIX [1.0,0.0,0.0,1.0]: StatusBar
04-12 11:31:53.330  1591  1669 V WindowManager: prepareSurface: No changes in animation for WindowStateAnimator{8d3054e StatusBar}
04-12 11:31:53.331  1591  1669 I WindowManager: <<< CLOSE TRANSACTION animateLocked
04-12 11:31:53.346  1591  1669 I WindowManager: >>> OPEN TRANSACTION animateLocked
04-12 11:31:53.346  1591  1669 I WindowManager:   SURFACE Surface(name=com.miui.securitycore/com.miui.securityspace.ui.activity.GuideStartActivity)---MATRIX [1.0,0.0,0.0,1.0]: com.miui.securitycore/com.miui.securityspace.ui.activity.GuideStartActivity
04-12 11:31:53.347  1591  1669 I WindowManager:   SURFACE Surface(name=com.android.systemui.ImageWallpaper)---MATRIX [1.0,0.0,0.0,1.0]: com.android.systemui.ImageWallpaper
04-12 11:31:53.347  1591  1669 I WindowManager:   SURFACE Surface(name=StatusBar)---POS (setPositionInTransaction) @ (0.0,-6.0): StatusBar
04-12 11:31:53.347  1591  1669 I WindowManager:   SURFACE Surface(name=StatusBar)---MATRIX [1.0,0.0,0.0,1.0]: StatusBar
04-12 11:31:53.347  1591  1669 V WindowManager: prepareSurface: No changes in animation for WindowStateAnimator{8d3054e StatusBar}
04-12 11:31:53.350  1591  1669 I WindowManager: <<< CLOSE TRANSACTION animateLocked
04-12 11:31:53.363  1591  1669 I WindowManager: >>> OPEN TRANSACTION animateLocked
04-12 11:31:53.363  1591  1669 I WindowManager:   SURFACE Surface(name=com.miui.securitycore/com.miui.securityspace.ui.activity.GuideStartActivity)---MATRIX [1.0,0.0,0.0,1.0]: com.miui.securitycore/com.miui.securityspace.ui.activity.GuideStartActivity
04-12 11:31:53.363  1591  1669 I WindowManager:   SURFACE Surface(name=com.android.systemui.ImageWallpaper)---MATRIX [1.0,0.0,0.0,1.0]: com.android.systemui.ImageWallpaper
04-12 11:31:53.364  1591  1669 I WindowManager:   SURFACE Surface(name=StatusBar)---POS (setPositionInTransaction) @ (0.0,-4.0): StatusBar
04-12 11:31:53.364  1591  1669 I WindowManager:   SURFACE Surface(name=StatusBar)---MATRIX [1.0,0.0,0.0,1.0]: StatusBar
04-12 11:31:53.364  1591  1669 V WindowManager: prepareSurface: No changes in animation for WindowStateAnimator{8d3054e StatusBar}
04-12 11:31:53.364  1591  1669 I WindowManager: <<< CLOSE TRANSACTION animateLocked
04-12 11:31:53.380  1591  1669 I WindowManager: >>> OPEN TRANSACTION animateLocked
04-12 11:31:53.380  1591  1669 I WindowManager:   SURFACE Surface(name=com.miui.securitycore/com.miui.securityspace.ui.activity.GuideStartActivity)---MATRIX [1.0,0.0,0.0,1.0]: com.miui.securitycore/com.miui.securityspace.ui.activity.GuideStartActivity
04-12 11:31:53.380  1591  1669 I WindowManager:   SURFACE Surface(name=com.android.systemui.ImageWallpaper)---MATRIX [1.0,0.0,0.0,1.0]: com.android.systemui.ImageWallpaper
04-12 11:31:53.380  1591  1669 I WindowManager:   SURFACE Surface(name=StatusBar)---POS (setPositionInTransaction) @ (0.0,-2.0): StatusBar
04-12 11:31:53.380  1591  1669 I WindowManager:   SURFACE Surface(name=StatusBar)---MATRIX [1.0,0.0,0.0,1.0]: StatusBar
04-12 11:31:53.380  1591  1669 V WindowManager: prepareSurface: No changes in animation for WindowStateAnimator{8d3054e StatusBar}
04-12 11:31:53.381  1591  1669 I WindowManager: <<< CLOSE TRANSACTION animateLocked
04-12 11:31:53.396  1591  1669 I WindowManager: >>> OPEN TRANSACTION animateLocked
04-12 11:31:53.397  1591  1669 I WindowManager:   SURFACE Surface(name=com.miui.securitycore/com.miui.securityspace.ui.activity.GuideStartActivity)---MATRIX [1.0,0.0,0.0,1.0]: com.miui.securitycore/com.miui.securityspace.ui.activity.GuideStartActivity
04-12 11:31:53.397  1591  1669 I WindowManager:   SURFACE Surface(name=com.android.systemui.ImageWallpaper)---MATRIX [1.0,0.0,0.0,1.0]: com.android.systemui.ImageWallpaper
04-12 11:31:53.397  1591  1669 I WindowManager:   SURFACE Surface(name=StatusBar)---POS (setPositionInTransaction) @ (0.0,-1.0): StatusBar
04-12 11:31:53.397  1591  1669 I WindowManager:   SURFACE Surface(name=StatusBar)---MATRIX [1.0,0.0,0.0,1.0]: StatusBar
04-12 11:31:53.397  1591  1669 V WindowManager: prepareSurface: No changes in animation for WindowStateAnimator{8d3054e StatusBar}
04-12 11:31:53.397  1591  1669 I WindowManager: <<< CLOSE TRANSACTION animateLocked
04-12 11:31:53.413  1591  1669 I WindowManager: >>> OPEN TRANSACTION animateLocked
04-12 11:31:53.413  1591  1669 I WindowManager:   SURFACE Surface(name=com.miui.securitycore/com.miui.securityspace.ui.activity.GuideStartActivity)---MATRIX [1.0,0.0,0.0,1.0]: com.miui.securitycore/com.miui.securityspace.ui.activity.GuideStartActivity
04-12 11:31:53.413  1591  1669 I WindowManager:   SURFACE Surface(name=com.android.systemui.ImageWallpaper)---MATRIX [1.0,0.0,0.0,1.0]: com.android.systemui.ImageWallpaper
04-12 11:31:53.413  1591  1669 I WindowManager:   SURFACE Surface(name=StatusBar)---POS (setPositionInTransaction) @ (0.0,0.0): StatusBar
04-12 11:31:53.413  1591  1669 I WindowManager:   SURFACE Surface(name=StatusBar)---MATRIX [1.0,0.0,0.0,1.0]: StatusBar
04-12 11:31:53.413  1591  1669 V WindowManager: prepareSurface: No changes in animation for WindowStateAnimator{8d3054e StatusBar}
04-12 11:31:53.414  1591  1669 I WindowManager: <<< CLOSE TRANSACTION animateLocked
04-12 11:31:53.431  1591  1669 I WindowManager: >>> OPEN TRANSACTION animateLocked
04-12 11:31:53.431  1591  1669 I WindowManager:   SURFACE Surface(name=com.miui.securitycore/com.miui.securityspace.ui.activity.GuideStartActivity)---MATRIX [1.0,0.0,0.0,1.0]: com.miui.securitycore/com.miui.securityspace.ui.activity.GuideStartActivity
04-12 11:31:53.431  1591  1669 I WindowManager:   SURFACE Surface(name=com.android.systemui.ImageWallpaper)---MATRIX [1.0,0.0,0.0,1.0]: com.android.systemui.ImageWallpaper
04-12 11:31:53.431  1591  1669 I WindowManager:   SURFACE Surface(name=StatusBar)---MATRIX [1.0,0.0,0.0,1.0]: StatusBar
04-12 11:31:53.431  1591  1669 V WindowManager: prepareSurface: No changes in animation for WindowStateAnimator{8d3054e StatusBar}
04-12 11:31:53.432  1591  1669 I WindowManager: <<< CLOSE TRANSACTION animateLocked
04-12 11:31:53.446  1591  1669 I WindowManager: >>> OPEN TRANSACTION animateLocked
04-12 11:31:53.447  1591  1669 I WindowManager:   SURFACE Surface(name=com.miui.securitycore/com.miui.securityspace.ui.activity.GuideStartActivity)---MATRIX [1.0,0.0,0.0,1.0]: com.miui.securitycore/com.miui.securityspace.ui.activity.GuideStartActivity
04-12 11:31:53.447  1591  1669 I WindowManager:   SURFACE Surface(name=com.android.systemui.ImageWallpaper)---MATRIX [1.0,0.0,0.0,1.0]: com.android.systemui.ImageWallpaper
04-12 11:31:53.447  1591  1669 I WindowManager:   SURFACE Surface(name=StatusBar)---MATRIX [1.0,0.0,0.0,1.0]: StatusBar
04-12 11:31:53.447  1591  1669 V WindowManager: prepareSurface: No changes in animation for WindowStateAnimator{8d3054e StatusBar}
04-12 11:31:53.447  1591  1669 I WindowManager: <<< CLOSE TRANSACTION animateLocked
04-12 11:31:53.463  1591  1669 I WindowManager: >>> OPEN TRANSACTION animateLocked
04-12 11:31:53.463  1591  1669 I WindowManager:   SURFACE Surface(name=com.miui.securitycore/com.miui.securityspace.ui.activity.GuideStartActivity)---MATRIX [1.0,0.0,0.0,1.0]: com.miui.securitycore/com.miui.securityspace.ui.activity.GuideStartActivity
04-12 11:31:53.463  1591  1669 I WindowManager:   SURFACE Surface(name=com.android.systemui.ImageWallpaper)---MATRIX [1.0,0.0,0.0,1.0]: com.android.systemui.ImageWallpaper
04-12 11:31:53.463  1591  1669 I WindowManager:   SURFACE Surface(name=StatusBar)---MATRIX [1.0,0.0,0.0,1.0]: StatusBar
04-12 11:31:53.464  1591  1669 V WindowManager: prepareSurface: No changes in animation for WindowStateAnimator{8d3054e StatusBar}
04-12 11:31:53.465  1591  1669 I WindowManager: <<< CLOSE TRANSACTION animateLocked
04-12 11:31:53.481  1591  1669 I WindowManager: >>> OPEN TRANSACTION animateLocked
04-12 11:31:53.481  1591  1669 V WindowManager: Finished animation in WindowStateAnimator{8d3054e StatusBar} @ 358655
04-12 11:31:53.481  1591  1669 V WindowManager: Animation done in WindowStateAnimator{8d3054e StatusBar}: exiting=false, reportedVisible=false
04-12 11:31:53.481  1591  1669 V WindowManager: finishExit in WindowStateAnimator{8d3054e StatusBar}: exiting=false remove=false windowAnimating=false
04-12 11:31:53.481  1591  1669 I WindowManager:   SURFACE Surface(name=com.miui.securitycore/com.miui.securityspace.ui.activity.GuideStartActivity)---MATRIX [1.0,0.0,0.0,1.0]: com.miui.securitycore/com.miui.securityspace.ui.activity.GuideStartActivity
04-12 11:31:53.481  1591  1669 I WindowManager:   SURFACE Surface(name=com.android.systemui.ImageWallpaper)---MATRIX [1.0,0.0,0.0,1.0]: com.android.systemui.ImageWallpaper
04-12 11:31:53.481  1591  1669 I WindowManager:   SURFACE Surface(name=StatusBar)---MATRIX [1.0,0.0,0.0,1.0]: StatusBar
04-12 11:31:53.482  1591  1669 I WindowManager: <<< CLOSE TRANSACTION animateLocked
04-12 11:31:53.483  1591  1669 I WindowManager: >>> OPEN TRANSACTION performLayoutAndPlaceSurfaces
04-12 11:31:53.484  1591  1669 I WindowManager:   SURFACE Surface(name=StatusBar)---MATRIX [1.0,0.0,0.0,1.0]: StatusBar
04-12 11:31:53.484  1591  1669 I WindowManager:   SURFACE Surface(name=com.android.systemui.ImageWallpaper)---MATRIX [1.0,0.0,0.0,1.0]: com.android.systemui.ImageWallpaper
04-12 11:31:53.484  1591  1669 I WindowManager:   SURFACE Surface(name=com.miui.securitycore/com.miui.securityspace.ui.activity.GuideStartActivity)---MATRIX [1.0,0.0,0.0,1.0]: com.miui.securitycore/com.miui.securityspace.ui.activity.GuideStartActivity
04-12 11:31:53.485  1591  1669 I WindowManager: <<< CLOSE TRANSACTION performLayoutAndPlaceSurfaces
04-12 11:31:53.496  1591  1669 I WindowManager: >>> OPEN TRANSACTION animateLocked
04-12 11:31:53.496  1591  1669 I WindowManager:   SURFACE Surface(name=com.miui.securitycore/com.miui.securityspace.ui.activity.GuideStartActivity)---MATRIX [1.0,0.0,0.0,1.0]: com.miui.securitycore/com.miui.securityspace.ui.activity.GuideStartActivity
04-12 11:31:53.497  1591  1669 I WindowManager:   SURFACE Surface(name=com.android.systemui.ImageWallpaper)---MATRIX [1.0,0.0,0.0,1.0]: com.android.systemui.ImageWallpaper
04-12 11:31:53.497  1591  1669 I WindowManager:   SURFACE Surface(name=StatusBar)---MATRIX [1.0,0.0,0.0,1.0]: StatusBar
04-12 11:31:53.497  1591  1669 I WindowManager: <<< CLOSE TRANSACTION animateLocked
04-12 11:31:53.945  1591  3202 I WindowManager: createSurface WindowStateAnimator{1889b93 FloatNotificationPanel}: mDrawState=DRAW_PENDING
04-12 11:31:53.946  1591  3202 I WindowManager:   CREATE SURFACE Surface(name=FloatNotificationPanel) IN SESSION android.view.SurfaceSession@288347e: pid=1859 format=-2 flags=0x4 / WindowStateAnimator{1889b93 FloatNotificationPanel}
04-12 11:31:53.946  1591  3202 I WindowManager: >>> OPEN TRANSACTION createSurfaceLocked
04-12 11:31:53.946  1591  3202 I WindowManager:   SURFACE CREATE pos=(0,0) (1x1), layer=171005 HIDE: Window{3cee964 u0 FloatNotificationPanel}
04-12 11:31:53.946  1591  3202 I WindowManager:   SURFACE Surface(name=FloatNotificationPanel)---POS (setPositionAndLayer) @ (0.0,0.0): FloatNotificationPanel
04-12 11:31:53.947  1591  3202 I WindowManager: <<< CLOSE TRANSACTION setPositionAndLayer
04-12 11:31:53.947  1591  3202 I WindowManager:   OUT SURFACE Surface(name=null)/@0xd4337d0: copied
04-12 11:31:53.947  1591  3202 I WindowManager: >>> OPEN TRANSACTION performLayoutAndPlaceSurfaces
04-12 11:31:53.947  1591  3202 I WindowManager:   SURFACE Surface(name=FloatNotificationPanel)---SIZE 1080x276: FloatNotificationPanel
04-12 11:31:53.947  1591  3202 I WindowManager:   SURFACE Surface(name=FloatNotificationPanel)---CROP [0,0][1080,276]: FloatNotificationPanel
04-12 11:31:53.947  1591  3202 I WindowManager:   SURFACE Surface(name=FloatNotificationPanel)---MATRIX [1.0,0.0,0.0,1.0]: FloatNotificationPanel
04-12 11:31:53.947  1591  3202 I WindowManager:   SURFACE Surface(name=StatusBar)---MATRIX [1.0,0.0,0.0,1.0]: StatusBar
04-12 11:31:53.948  1591  3202 I WindowManager:   SURFACE Surface(name=com.android.systemui.ImageWallpaper)---MATRIX [1.0,0.0,0.0,1.0]: com.android.systemui.ImageWallpaper
04-12 11:31:53.948  1591  3202 I WindowManager:   SURFACE Surface(name=com.miui.securitycore/com.miui.securityspace.ui.activity.GuideStartActivity)---MATRIX [1.0,0.0,0.0,1.0]: com.miui.securitycore/com.miui.securityspace.ui.activity.GuideStartActivity
04-12 11:31:53.963  1591  3202 I WindowManager: <<< CLOSE TRANSACTION performLayoutAndPlaceSurfaces
04-12 11:31:53.964  1591  3202 I WindowManager: >>> OPEN TRANSACTION performLayoutAndPlaceSurfaces
04-12 11:31:53.964  1591  3202 I WindowManager:   SURFACE Surface(name=FloatNotificationPanel)---MATRIX [1.0,0.0,0.0,1.0]: FloatNotificationPanel
04-12 11:31:53.964  1591  3202 I WindowManager:   SURFACE Surface(name=StatusBar)---MATRIX [1.0,0.0,0.0,1.0]: StatusBar
04-12 11:31:53.964  1591  3202 I WindowManager:   SURFACE Surface(name=com.android.systemui.ImageWallpaper)---MATRIX [1.0,0.0,0.0,1.0]: com.android.systemui.ImageWallpaper
04-12 11:31:53.965  1591  3202 I WindowManager:   SURFACE Surface(name=com.miui.securitycore/com.miui.securityspace.ui.activity.GuideStartActivity)---MATRIX [1.0,0.0,0.0,1.0]: com.miui.securitycore/com.miui.securityspace.ui.activity.GuideStartActivity
04-12 11:31:53.965  1591  3202 I WindowManager: <<< CLOSE TRANSACTION performLayoutAndPlaceSurfaces
04-12 11:31:53.980  1591  1669 I WindowManager: >>> OPEN TRANSACTION animateLocked
04-12 11:31:53.980  1591  1669 I WindowManager:   SURFACE Surface(name=com.miui.securitycore/com.miui.securityspace.ui.activity.GuideStartActivity)---MATRIX [1.0,0.0,0.0,1.0]: com.miui.securitycore/com.miui.securityspace.ui.activity.GuideStartActivity
04-12 11:31:53.980  1591  1669 I WindowManager:   SURFACE Surface(name=com.android.systemui.ImageWallpaper)---MATRIX [1.0,0.0,0.0,1.0]: com.android.systemui.ImageWallpaper
04-12 11:31:53.980  1591  1669 I WindowManager:   SURFACE Surface(name=StatusBar)---MATRIX [1.0,0.0,0.0,1.0]: StatusBar
04-12 11:31:53.980  1591  1669 I WindowManager:   SURFACE Surface(name=FloatNotificationPanel)---MATRIX [1.0,0.0,0.0,1.0]: FloatNotificationPanel
04-12 11:31:53.980  1591  1669 I WindowManager:   SURFACE controller=Surface(name=FloatNotificationPanel)alpha=1.0 layer=171005 matrix=[1.0*1.0,0.0*1.0][0.0*1.0,1.0*1.0]: Window{3cee964 u0 FloatNotificationPanel}
04-12 11:31:53.981  1591  1669 I WindowManager: <<< CLOSE TRANSACTION animateLocked
04-12 11:31:53.984  1591  3040 V WindowManager: finishDrawingLocked: mDrawState=COMMIT_DRAW_PENDING Window{3cee964 u0 FloatNotificationPanel} in Surface(name=FloatNotificationPanel)
04-12 11:31:53.984  1591  1669 I WindowManager: >>> OPEN TRANSACTION performLayoutAndPlaceSurfaces
04-12 11:31:53.985  1591  1669 I WindowManager: commitFinishDrawingLocked: mDrawState=READY_TO_SHOW Surface(name=FloatNotificationPanel)
