04-13 11:42:03.348  1626  1662 I WindowManager: Failed to capture screenshot of Token{cc530b0 ActivityRecord{9256bf3 u0 com.miui.securitycore/com.miui.securityspace.ui.activity.PrivateSpaceMainActivity t139}} appWin=Window{4bbaaed u0 com.miui.securitycore/com.miui.securityspace.ui.activity.PrivateSpaceMainActivity} drawState=4
04-13 11:42:03.349  1626  1662 V WindowManager: Clear freezing of Token{cc530b0 ActivityRecord{9256bf3 u0 com.miui.securitycore/com.miui.securityspace.ui.activity.PrivateSpaceMainActivity t139}}: hidden=false freezing=false
04-13 11:42:03.350  1626  1662 V WindowManager: setAppVisibility(Token{54b3d1b ActivityRecord{6c18b2a u11 com.miui.home/.launcher.Launcher t1100000}}, visible=true): mNextAppTransition=TRANSIT_TASK_OPEN hidden=true hiddenRequested=true Callers=com.android.server.am.ActivityStack.setVisible:1499 com.android.server.am.ActivityStack.makeVisibleAndRestartIfNeeded:1937 com.android.server.am.ActivityStack.ensureActivitiesVisibleLocked:1805 com.android.server.am.ActivityStackSupervisor.ensureActivitiesVisibleLocked:3187 com.android.server.am.ActivityStack.completePauseLocked:1419 com.android.server.am.ActivityStack.startPausingLocked:1211 
04-13 11:42:03.350  1626  1662 V WindowManager: Changing app AppWindowToken{3906491 token=Token{54b3d1b ActivityRecord{6c18b2a u11 com.miui.home/.launcher.Launcher t1100000}}} hidden=true performLayout=true
04-13 11:42:03.350  1626  1662 V WindowManager: setTokenVisibilityLocked: AppWindowToken{3906491 token=Token{54b3d1b ActivityRecord{6c18b2a u11 com.miui.home/.launcher.Launcher t1100000}}}: hidden=false hiddenRequested=false
04-13 11:42:03.350   549   549 E AAAA    : setUpHWComposer: empty: more  wasEmpty: notEmpty
04-13 11:42:03.363  1626  1662 I WindowManager: Failed to capture screenshot of Token{cc530b0 ActivityRecord{9256bf3 u0 com.miui.securitycore/com.miui.securityspace.ui.activity.PrivateSpaceMainActivity t139}} appWin=Window{4bbaaed u0 com.miui.securitycore/com.miui.securityspace.ui.activity.PrivateSpaceMainActivity} drawState=4
04-13 11:42:03.363  1626  1662 V WindowManager: setAppVisibility(Token{cc530b0 ActivityRecord{9256bf3 u0 com.miui.securitycore/com.miui.securityspace.ui.activity.PrivateSpaceMainActivity t139}}, visible=false): mNextAppTransition=TRANSIT_TASK_OPEN hidden=false hiddenRequested=false Callers=com.android.server.am.ActivityStack.setVisible:1499 com.android.server.am.ActivityStack.makeInvisible:1956 com.android.server.am.ActivityStack.ensureActivitiesVisibleLocked:1838 com.android.server.am.ActivityStackSupervisor.ensureActivitiesVisibleLocked:3187 com.android.server.am.ActivityStack.completePauseLocked:1419 com.android.server.am.ActivityStack.startPausingLocked:1211 
04-13 11:42:03.364  1626  1662 V WindowManager: Changing app AppWindowToken{ceb8b29 token=Token{cc530b0 ActivityRecord{9256bf3 u0 com.miui.securitycore/com.miui.securityspace.ui.activity.PrivateSpaceMainActivity t139}}} hidden=false performLayout=true
04-13 11:42:03.364  1626  1662 V WindowManager: setTokenVisibilityLocked: AppWindowToken{ceb8b29 token=Token{cc530b0 ActivityRecord{9256bf3 u0 com.miui.securitycore/com.miui.securityspace.ui.activity.PrivateSpaceMainActivity t139}}}: hidden=true hiddenRequested=true
04-13 11:42:03.364  1626  1662 V WindowManager: Prepare app transition: transit=TRANSIT_ACTIVITY_OPEN mNextAppTransition=TRANSIT_TASK_OPEN alwaysKeepCurrent=false Callers=com.android.server.wm.WindowManagerService.prepareAppTransition:4074 com.android.server.am.ActivityStack.resumeTopActivityInnerLocked:2463 com.android.server.am.ActivityStack.resumeTopActivityUncheckedLocked:2174 
04-13 11:42:03.365  1626  1662 I WindowManager: >>> OPEN TRANSACTION performLayoutAndPlaceSurfaces
04-13 11:42:03.365  1626  1662 I WindowManager:   SURFACE Surface(name=)---MATRIX [1.0,0.0,0.0,1.0]: 
04-13 11:42:03.365  1626  1662 I WindowManager:   SURFACE Surface(name=StatusBar)---MATRIX [1.0,0.0,0.0,1.0]: StatusBar
04-13 11:42:03.365  1626  1662 I WindowManager:   SURFACE Surface(name=com.miui.securitycore/com.miui.securityspace.ui.activity.PrivateSpaceMainActivity)---MATRIX [1.0,0.0,0.0,1.0]: com.miui.securitycore/com.miui.securityspace.ui.activity.PrivateSpaceMainActivity
04-13 11:42:03.365  1626  1662 I WindowManager:   SURFACE Surface(name=com.android.systemui.ImageWallpaper)---MATRIX [1.0,0.0,0.0,1.0]: com.android.systemui.ImageWallpaper
04-13 11:42:03.366  1626  1662 I WindowManager: <<< CLOSE TRANSACTION performLayoutAndPlaceSurfaces
04-13 11:42:03.366  1626  1662 V WindowManager: With display frozen, orientationChangeComplete=true
04-13 11:42:03.366  1626  1662 D WindowManager: stopFreezingDisplayLocked: Returning mWaitingForConfig=false, mAppsFreezingScreen=0, mWindowsFreezingScreen=0, mClientFreezingScreen=true, mOpeningApps.size()=0
04-13 11:42:03.366   549   549 E AAAA    : setUpHWComposer: empty: more  wasEmpty: notEmpty
04-13 11:42:03.370  1626  3743 V WindowManager: Saving surface: Window{4bbaaed u0 com.miui.securitycore/com.miui.securityspace.ui.activity.PrivateSpaceMainActivity}
04-13 11:42:03.370  1626  3743 I WindowManager:   SURFACE transparentRegionHint=SkRegion(): Window{4bbaaed u0 com.miui.securitycore/com.miui.securityspace.ui.activity.PrivateSpaceMainActivity}
04-13 11:42:03.370  1626  3743 I WindowManager: >>> OPEN TRANSACTION setTransparentRegion
04-13 11:42:03.370  1626  3743 I WindowManager: <<< CLOSE TRANSACTION setTransparentRegion
04-13 11:42:03.370  1626  3743 I WindowManager:   SURFACE Surface(name=com.miui.securitycore/com.miui.securityspace.ui.activity.PrivateSpaceMainActivity)---HIDE ( saved surface ): com.miui.securitycore/com.miui.securityspace.ui.activity.PrivateSpaceMainActivity
04-13 11:42:03.370  1626  3743 I WindowManager: Disconnecting client: Surface(name=com.miui.securitycore/com.miui.securityspace.ui.activity.PrivateSpaceMainActivity)
04-13 11:42:03.372  1626  3743 V WindowManager: Done at AppWindowToken{3906491 token=Token{54b3d1b ActivityRecord{6c18b2a u11 com.miui.home/.launcher.Launcher t1100000}}} -- full screen, return 1
04-13 11:42:03.372  1626  3743 I WindowManager: >>> OPEN TRANSACTION performLayoutAndPlaceSurfaces
04-13 11:42:03.372  1626  3743 I WindowManager:   SURFACE Surface(name=)---MATRIX [1.0,0.0,0.0,1.0]: 
04-13 11:42:03.372  1626  3743 I WindowManager:   SURFACE Surface(name=StatusBar)---MATRIX [1.0,0.0,0.0,1.0]: StatusBar
04-13 11:42:03.372  1626  3743 I WindowManager:   SURFACE Surface(name=com.android.systemui.ImageWallpaper)---MATRIX [1.0,0.0,0.0,1.0]: com.android.systemui.ImageWallpaper
04-13 11:42:03.373  1626  3743 I WindowManager: <<< CLOSE TRANSACTION performLayoutAndPlaceSurfaces
04-13 11:42:03.373  1626  3743 V WindowManager: With display frozen, orientationChangeComplete=true
04-13 11:42:03.373  1626  3743 D WindowManager: stopFreezingDisplayLocked: Returning mWaitingForConfig=false, mAppsFreezingScreen=0, mWindowsFreezingScreen=0, mClientFreezingScreen=true, mOpeningApps.size()=0
04-13 11:42:03.374  1626  1662 V WindowManager: Remove Window{6a3b20e u0 android}: mSurfaceController=Surface(name=) mAnimatingExit=false mRemoveOnExit=false mHasSurface=true surfaceShowing=true isAnimationSet=false app-animation=null mWillReplaceWindow=false inPendingTransaction=false mDisplayFrozen=true callers=com.android.server.wm.WindowManagerService.removeWindowLocked:2439 com.android.server.wm.WindowManagerService.removeWindow:2434 com.android.server.wm.Session.remove:202 android.view.ViewRootImpl.dispatchDetachedFromWindow:3323 android.view.ViewRootImpl.doDie:5934 android.view.ViewRootImpl.die:5911 
04-13 11:42:03.374  1626  1662 I WindowManager:   SURFACE DESTROY: Window{6a3b20e u0 android}
04-13 11:42:03.375  1626  1662 I WindowManager: Destroying surface Surface(name=) called by com.android.server.wm.WindowStateAnimator.destroySurface:2043 com.android.server.wm.WindowStateAnimator.destroySurfaceLocked:895 com.android.server.wm.WindowState.removeLocked:1458 com.android.server.wm.WindowManagerService.removeWindowInnerLocked:2612 com.android.server.wm.WindowManagerService.removeWindowLocked:2570 com.android.server.wm.WindowManagerService.removeWindowLocked:2439 com.android.server.wm.WindowManagerService.removeWindow:2434 com.android.server.wm.Session.remove:202 
04-13 11:42:03.375  1626  1662 I WindowManager: >>> OPEN TRANSACTION performLayoutAndPlaceSurfaces
04-13 11:42:03.376  1626  1662 I WindowManager:   SURFACE Surface(name=StatusBar)---MATRIX [1.0,0.0,0.0,1.0]: StatusBar
04-13 11:42:03.377  1626  1662 I WindowManager:   SURFACE Surface(name=com.android.systemui.ImageWallpaper)---MATRIX [1.0,0.0,0.0,1.0]: com.android.systemui.ImageWallpaper
04-13 11:42:03.377  1626  1662 I WindowManager: <<< CLOSE TRANSACTION performLayoutAndPlaceSurfaces
04-13 11:42:03.377  1626  1662 V WindowManager: With display frozen, orientationChangeComplete=true
04-13 11:42:03.377  1626  1662 D WindowManager: stopFreezingDisplayLocked: Returning mWaitingForConfig=false, mAppsFreezingScreen=0, mWindowsFreezingScreen=0, mClientFreezingScreen=true, mOpeningApps.size()=0
04-13 11:42:03.384   549   549 E AAAA    : setUpHWComposer: empty: hasOne  wasEmpty: notEmpty
04-13 11:42:03.384   549   549 E AAAA    : layer name ScreenshotSurface
04-13 11:42:03.390  1626  1667 I WindowManager: >>> OPEN TRANSACTION animateLocked
04-13 11:42:03.391  1626  1667 I WindowManager:   SURFACE Surface(name=com.android.systemui.ImageWallpaper)---MATRIX [1.0,0.0,0.0,1.0]: com.android.systemui.ImageWallpaper
04-13 11:42:03.391  1626  1667 I WindowManager:   SURFACE Surface(name=StatusBar)---MATRIX [1.0,0.0,0.0,1.0]: StatusBar
04-13 11:42:03.392  1626  1667 I WindowManager: <<< CLOSE TRANSACTION animateLocked
04-13 11:42:03.400   549   549 E AAAA    : setUpHWComposer: empty: hasOne  wasEmpty: notEmpty
04-13 11:42:03.400   549   549 E AAAA    : layer name ScreenshotSurface
04-13 11:42:03.416  1626  5597 I WindowManager: Set freezing of Token{54b3d1b ActivityRecord{6c18b2a u11 com.miui.home/.launcher.Launcher t1100000}}: hidden=false freezing=false
04-13 11:42:03.416  1626  5597 V WindowManager: setAppVisibility(Token{54b3d1b ActivityRecord{6c18b2a u11 com.miui.home/.launcher.Launcher t1100000}}, visible=true): mNextAppTransition=TRANSIT_TASK_OPEN hidden=false hiddenRequested=false Callers=com.android.server.am.ActivityStackSupervisor.realStartActivityLocked:1259 com.android.server.am.ActivityStackSupervisor.attachApplicationLocked:911 com.android.server.am.ActivityManagerService.attachApplicationLocked:6953 com.android.server.am.ActivityManagerService.attachApplication:7017 android.app.ActivityManagerNative.onTransact:542 com.android.server.am.ActivityManagerService.onTransact:2898 
04-13 11:42:03.416  1626  5597 V WindowManager: Done at AppWindowToken{3906491 token=Token{54b3d1b ActivityRecord{6c18b2a u11 com.miui.home/.launcher.Launcher t1100000}}} -- full screen, return 1
04-13 11:42:03.416  1626  5597 I WindowManager: >>> OPEN TRANSACTION performLayoutAndPlaceSurfaces
04-13 11:42:03.417  1626  5597 I WindowManager:   SURFACE Surface(name=StatusBar)---MATRIX [1.0,0.0,0.0,1.0]: StatusBar
04-13 11:42:03.417  1626  5597 I WindowManager:   SURFACE Surface(name=com.android.systemui.ImageWallpaper)---MATRIX [1.0,0.0,0.0,1.0]: com.android.systemui.ImageWallpaper
04-13 11:42:03.417  1626  5597 I WindowManager: <<< CLOSE TRANSACTION performLayoutAndPlaceSurfaces
04-13 11:42:03.417  1626  5597 V WindowManager: With display frozen, orientationChangeComplete=true
04-13 11:42:03.417  1626  5597 D WindowManager: stopFreezingDisplayLocked: Returning mWaitingForConfig=false, mAppsFreezingScreen=1, mWindowsFreezingScreen=0, mClientFreezingScreen=true, mOpeningApps.size()=0
04-13 11:42:03.423  1626  5597 W WindowManager: Execute app transition: mNextAppTransition=TRANSIT_TASK_OPEN Callers=com.android.server.am.ActivityStackSupervisor.reportResumedActivityLocked:3075 com.android.server.am.ActivityStack.completeResumeLocked:1471 com.android.server.am.ActivityStack.minimalResumeActivityLocked:945 com.android.server.am.ActivityStackSupervisor.realStartActivityLocked:1417 com.android.server.am.ActivityStackSupervisor.attachApplicationLocked:911 
04-13 11:42:03.424  1626  5597 I WindowManager: >>> OPEN TRANSACTION performLayoutAndPlaceSurfaces
04-13 11:42:03.424  1626  5597 I WindowManager:   SURFACE Surface(name=StatusBar)---MATRIX [1.0,0.0,0.0,1.0]: StatusBar
04-13 11:42:03.424  1626  5597 I WindowManager:   SURFACE Surface(name=com.android.systemui.ImageWallpaper)---MATRIX [1.0,0.0,0.0,1.0]: com.android.systemui.ImageWallpaper
04-13 11:42:03.424  1626  5597 I WindowManager: <<< CLOSE TRANSACTION performLayoutAndPlaceSurfaces
04-13 11:42:03.424  1626  5597 V WindowManager: Checking 0 opening apps (frozen=true timeout=false)...
04-13 11:42:03.424  1626  5597 V WindowManager: **** GOOD TO GO
04-13 11:42:03.424  1626  5597 V WindowManager: New wallpaper target=null, oldWallpaper=null, lower target=null, upper target=null, openingApps={}, closingApps={}
04-13 11:42:03.424  1626  5597 V WindowManager: With display frozen, orientationChangeComplete=true
04-13 11:42:03.424  1626  5597 D WindowManager: stopFreezingDisplayLocked: Returning mWaitingForConfig=false, mAppsFreezingScreen=1, mWindowsFreezingScreen=0, mClientFreezingScreen=true, mOpeningApps.size()=0
04-13 11:42:03.425  1626  5597 I WindowManager: >>> OPEN TRANSACTION performLayoutAndPlaceSurfaces
04-13 11:42:03.425  1626  5597 V WindowManager: Done at AppWindowToken{3906491 token=Token{54b3d1b ActivityRecord{6c18b2a u11 com.miui.home/.launcher.Launcher t1100000}}} -- full screen, return 1
04-13 11:42:03.426  1626  5597 I WindowManager:   SURFACE Surface(name=StatusBar)---MATRIX [1.0,0.0,0.0,1.0]: StatusBar
04-13 11:42:03.426  1626  5597 I WindowManager:   SURFACE Surface(name=com.android.systemui.ImageWallpaper)---MATRIX [1.0,0.0,0.0,1.0]: com.android.systemui.ImageWallpaper
04-13 11:42:03.426  1626  5597 I WindowManager: <<< CLOSE TRANSACTION performLayoutAndPlaceSurfaces
04-13 11:42:03.426  1626  5597 V WindowManager: With display frozen, orientationChangeComplete=true
04-13 11:42:03.426  1626  5597 D WindowManager: stopFreezingDisplayLocked: Returning mWaitingForConfig=false, mAppsFreezingScreen=1, mWindowsFreezingScreen=0, mClientFreezingScreen=true, mOpeningApps.size()=0
04-13 11:42:03.433  1626  1667 I WindowManager: >>> OPEN TRANSACTION animateLocked
04-13 11:42:03.433  1626  1667 I WindowManager:   SURFACE Surface(name=com.android.systemui.ImageWallpaper)---MATRIX [1.0,0.0,0.0,1.0]: com.android.systemui.ImageWallpaper
04-13 11:42:03.434  1626  1667 I WindowManager:   SURFACE Surface(name=StatusBar)---MATRIX [1.0,0.0,0.0,1.0]: StatusBar
04-13 11:42:03.434   549   549 E AAAA    : setUpHWComposer: empty: hasOne  wasEmpty: notEmpty
04-13 11:42:03.434   549   549 E AAAA    : layer name ScreenshotSurface
04-13 11:42:03.435  1626  1667 I WindowManager: <<< CLOSE TRANSACTION animateLocked
04-13 11:42:03.450   549   549 E AAAA    : setUpHWComposer: empty: hasOne  wasEmpty: notEmpty
04-13 11:42:03.450   549   549 E AAAA    : layer name ScreenshotSurface
04-13 11:42:03.484   549   549 E AAAA    : setUpHWComposer: empty: hasOne  wasEmpty: notEmpty
04-13 11:42:03.567   549   549 E AAAA    : setUpHWComposer: empty: hasOne  wasEmpty: notEmpty
04-13 11:42:03.634  1626  2952 V WindowManager: Prepare app transition: transit=TRANSIT_TASK_OPEN mNextAppTransition=TRANSIT_UNSET alwaysKeepCurrent=false Callers=com.android.server.wm.WindowManagerService.prepareAppTransition:4074 com.android.server.am.ActivityStack.startActivityLocked:2862 com.android.server.am.ActivityStarter.startActivityUnchecked:1295 
04-13 11:42:03.639  1626  2952 I WindowManager: >>> OPEN TRANSACTION performLayoutAndPlaceSurfaces
04-13 11:42:03.640  1626  2952 I WindowManager:   SURFACE Surface(name=StatusBar)---MATRIX [1.0,0.0,0.0,1.0]: StatusBar
04-13 11:42:03.640  1626  2952 I WindowManager:   SURFACE Surface(name=com.android.systemui.ImageWallpaper)---MATRIX [1.0,0.0,0.0,1.0]: com.android.systemui.ImageWallpaper
04-13 11:42:03.640  1626  2952 I WindowManager: <<< CLOSE TRANSACTION performLayoutAndPlaceSurfaces
04-13 11:42:03.640  1626  2952 V WindowManager: With display frozen, orientationChangeComplete=true
04-13 11:42:03.640  1626  2952 D WindowManager: stopFreezingDisplayLocked: Returning mWaitingForConfig=false, mAppsFreezingScreen=1, mWindowsFreezingScreen=0, mClientFreezingScreen=true, mOpeningApps.size()=0
04-13 11:42:03.650   549   549 E AAAA    : setUpHWComposer: empty: hasOne  wasEmpty: notEmpty
04-13 11:42:03.650   549   549 E AAAA    : layer name ScreenshotSurface
04-13 11:42:03.650  1626  1667 I WindowManager: >>> OPEN TRANSACTION animateLocked
04-13 11:42:03.650  1626  1667 I WindowManager:   SURFACE Surface(name=com.android.systemui.ImageWallpaper)---MATRIX [1.0,0.0,0.0,1.0]: com.android.systemui.ImageWallpaper
04-13 11:42:03.650  1626  1667 I WindowManager:   SURFACE Surface(name=StatusBar)---MATRIX [1.0,0.0,0.0,1.0]: StatusBar
04-13 11:42:03.651  1626  1667 I WindowManager: <<< CLOSE TRANSACTION animateLocked
04-13 11:42:03.662  1626  2796 V WindowManager: setAppVisibility(Token{cab340a ActivityRecord{c025c75 u11 com.miui.securitycore/com.miui.securityspace.ui.activity.GuideStartActivity t1100001}}, visible=true): mNextAppTransition=TRANSIT_TASK_OPEN hidden=true hiddenRequested=true Callers=com.android.server.am.ActivityStack.setVisible:1499 com.android.server.am.ActivityStack.makeVisibleAndRestartIfNeeded:1937 com.android.server.am.ActivityStack.ensureActivitiesVisibleLocked:1805 com.android.server.am.ActivityStackSupervisor.ensureActivitiesVisibleLocked:3187 com.android.server.am.ActivityStackSupervisor.attachApplicationLocked:924 com.android.server.am.ActivityManagerService.attachApplicationLocked:6953 
04-13 11:42:03.662  1626  2796 V WindowManager: Changing app AppWindowToken{5b67298 token=Token{cab340a ActivityRecord{c025c75 u11 com.miui.securitycore/com.miui.securityspace.ui.activity.GuideStartActivity t1100001}}} hidden=true performLayout=true
04-13 11:42:03.662  1626  2796 V WindowManager: setTokenVisibilityLocked: AppWindowToken{5b67298 token=Token{cab340a ActivityRecord{c025c75 u11 com.miui.securitycore/com.miui.securityspace.ui.activity.GuideStartActivity t1100001}}}: hidden=false hiddenRequested=false
04-13 11:42:03.665  1626  2952 V WindowManager: Remove Window{4bbaaed u0 com.miui.securitycore/com.miui.securityspace.ui.activity.PrivateSpaceMainActivity}: mSurfaceController=Surface(name=com.miui.securitycore/com.miui.securityspace.ui.activity.PrivateSpaceMainActivity) mAnimatingExit=false mRemoveOnExit=false mHasSurface=false surfaceShowing=false isAnimationSet=false app-animation=null mWillReplaceWindow=false inPendingTransaction=false mDisplayFrozen=true callers=com.android.server.wm.WindowManagerService.removeWindowLocked:2439 com.android.server.wm.WindowManagerService.removeWindow:2434 com.android.server.wm.Session.remove:202 android.view.IWindowSession$Stub.onTransact:242 com.android.server.wm.Session.onTransact:145 android.os.Binder.execTransact:567 
04-13 11:42:03.666  1626  2952 I WindowManager:   SURFACE DESTROY: Window{4bbaaed u0 com.miui.securitycore/com.miui.securityspace.ui.activity.PrivateSpaceMainActivity}
04-13 11:42:03.666  1626  2952 I WindowManager: Destroying surface Surface(name=com.miui.securitycore/com.miui.securityspace.ui.activity.PrivateSpaceMainActivity) called by com.android.server.wm.WindowStateAnimator.destroySurface:2043 com.android.server.wm.WindowStateAnimator.destroySurfaceLocked:895 com.android.server.wm.WindowState.removeLocked:1458 com.android.server.wm.WindowManagerService.removeWindowInnerLocked:2612 com.android.server.wm.WindowManagerService.removeWindowLocked:2570 com.android.server.wm.WindowManagerService.removeWindowLocked:2439 com.android.server.wm.WindowManagerService.removeWindow:2434 com.android.server.wm.Session.remove:202 
04-13 11:42:03.667  1626  2952 I WindowManager: >>> OPEN TRANSACTION performLayoutAndPlaceSurfaces
04-13 11:42:03.667  1626  2952 I WindowManager:   SURFACE Surface(name=StatusBar)---MATRIX [1.0,0.0,0.0,1.0]: StatusBar
04-13 11:42:03.667  1626  2952 I WindowManager:   SURFACE Surface(name=com.android.systemui.ImageWallpaper)---MATRIX [1.0,0.0,0.0,1.0]: com.android.systemui.ImageWallpaper
04-13 11:42:03.667  1626  2952 I WindowManager: <<< CLOSE TRANSACTION performLayoutAndPlaceSurfaces
04-13 11:42:03.667  1626  2952 V WindowManager: With display frozen, orientationChangeComplete=true
04-13 11:42:03.668  1626  2952 D WindowManager: stopFreezingDisplayLocked: Returning mWaitingForConfig=false, mAppsFreezingScreen=1, mWindowsFreezingScreen=0, mClientFreezingScreen=true, mOpeningApps.size()=0
04-13 11:42:03.668   549   549 E AAAA    : setUpHWComposer: empty: hasOne  wasEmpty: notEmpty
04-13 11:42:03.668   549   549 E AAAA    : layer name ScreenshotSurface
04-13 11:42:03.684   549   549 E AAAA    : setUpHWComposer: empty: hasOne  wasEmpty: notEmpty
04-13 11:42:03.684   549   549 E AAAA    : layer name ScreenshotSurface
04-13 11:42:03.685  1626  2796 V WindowManager: setAppVisibility(Token{54b3d1b ActivityRecord{6c18b2a u11 com.miui.home/.launcher.Launcher t1100000}}, visible=false): mNextAppTransition=TRANSIT_TASK_OPEN hidden=false hiddenRequested=false Callers=com.android.server.am.ActivityStack.setVisible:1499 com.android.server.am.ActivityStack.makeInvisible:1956 com.android.server.am.ActivityStack.ensureActivitiesVisibleLocked:1838 com.android.server.am.ActivityStackSupervisor.ensureActivitiesVisibleLocked:3187 com.android.server.am.ActivityStackSupervisor.attachApplicationLocked:924 com.android.server.am.ActivityManagerService.attachApplicationLocked:6953 
04-13 11:42:03.685  1626  2796 V WindowManager: Changing app AppWindowToken{3906491 token=Token{54b3d1b ActivityRecord{6c18b2a u11 com.miui.home/.launcher.Launcher t1100000}}} hidden=false performLayout=true
04-13 11:42:03.686  1626  2796 V WindowManager: Clear freezing of AppWindowToken{3906491 token=Token{54b3d1b ActivityRecord{6c18b2a u11 com.miui.home/.launcher.Launcher t1100000}}} force=true
04-13 11:42:03.686  1626  2796 V WindowManager: No longer freezing: AppWindowToken{3906491 token=Token{54b3d1b ActivityRecord{6c18b2a u11 com.miui.home/.launcher.Launcher t1100000}}}
04-13 11:42:03.686  1626  2796 D WindowManager: stopFreezingDisplayLocked: Returning mWaitingForConfig=false, mAppsFreezingScreen=0, mWindowsFreezingScreen=0, mClientFreezingScreen=true, mOpeningApps.size()=0
04-13 11:42:03.686  1626  2796 V WindowManager: setTokenVisibilityLocked: AppWindowToken{3906491 token=Token{54b3d1b ActivityRecord{6c18b2a u11 com.miui.home/.launcher.Launcher t1100000}}}: hidden=true hiddenRequested=true
04-13 11:42:03.701  1626  1667 I WindowManager: >>> OPEN TRANSACTION animateLocked
04-13 11:42:03.701   549   549 E AAAA    : setUpHWComposer: empty: hasOne  wasEmpty: notEmpty
04-13 11:42:03.701  1626  1667 I WindowManager:   SURFACE Surface(name=com.android.systemui.ImageWallpaper)---MATRIX [1.0,0.0,0.0,1.0]: com.android.systemui.ImageWallpaper
04-13 11:42:03.701  1626  1667 I WindowManager:   SURFACE Surface(name=StatusBar)---MATRIX [1.0,0.0,0.0,1.0]: StatusBar
04-13 11:42:03.701  1626  1667 I WindowManager: <<< CLOSE TRANSACTION animateLocked
04-13 11:42:03.717   549   549 E AAAA    : setUpHWComposer: empty: hasOne  wasEmpty: notEmpty
04-13 11:42:03.717   549   549 E AAAA    : layer name ScreenshotSurface
04-13 11:42:03.722  1626  2948 V WindowManager: Removing app token: AppWindowToken{ceb8b29 token=Token{cc530b0 ActivityRecord{9256bf3 u0 com.miui.securitycore/com.miui.securityspace.ui.activity.PrivateSpaceMainActivity t139}}}
04-13 11:42:03.722  1626  2948 V WindowManager: Removing app AppWindowToken{ceb8b29 token=Token{cc530b0 ActivityRecord{9256bf3 u0 com.miui.securitycore/com.miui.securityspace.ui.activity.PrivateSpaceMainActivity t139}}} delayed=true animation=null animating=false
04-13 11:42:03.784   549   549 E AAAA    : setUpHWComposer: empty: hasOne  wasEmpty: notEmpty
04-13 11:42:03.940  1626  2948 V WindowManager: Remove Window{a7b7e53 u0 StatusBar}: mSurfaceController=Surface(name=StatusBar) mAnimatingExit=false mRemoveOnExit=false mHasSurface=true surfaceShowing=false isAnimationSet=false app-animation=null mWillReplaceWindow=false inPendingTransaction=false mDisplayFrozen=true callers=com.android.server.wm.WindowManagerService.removeWindowLocked:2439 com.android.server.wm.WindowManagerService.removeWindow:2434 com.android.server.wm.Session.remove:202 android.view.IWindowSession$Stub.onTransact:242 com.android.server.wm.Session.onTransact:145 android.os.Binder.execTransact:567 
04-13 11:42:03.940  1626  2948 I WindowManager:   SURFACE DESTROY: Window{a7b7e53 u0 StatusBar}
04-13 11:42:03.940  1626  2948 I WindowManager: Destroying surface Surface(name=StatusBar) called by com.android.server.wm.WindowStateAnimator.destroySurface:2043 com.android.server.wm.WindowStateAnimator.destroySurfaceLocked:895 com.android.server.wm.WindowState.removeLocked:1458 com.android.server.wm.WindowManagerService.removeWindowInnerLocked:2612 com.android.server.wm.WindowManagerService.removeWindowLocked:2570 com.android.server.wm.WindowManagerService.removeWindowLocked:2439 com.android.server.wm.WindowManagerService.removeWindow:2434 com.android.server.wm.Session.remove:202 
04-13 11:42:03.942  1626  2948 I WindowManager: >>> OPEN TRANSACTION performLayoutAndPlaceSurfaces
04-13 11:42:03.942  1626  2948 I WindowManager:   SURFACE Surface(name=com.android.systemui.ImageWallpaper)---MATRIX [1.0,0.0,0.0,1.0]: com.android.systemui.ImageWallpaper
04-13 11:42:03.943  1626  2948 I WindowManager: <<< CLOSE TRANSACTION performLayoutAndPlaceSurfaces
04-13 11:42:03.943  1626  2948 V WindowManager: With display frozen, orientationChangeComplete=true
04-13 11:42:03.943  1626  2948 D WindowManager: stopFreezingDisplayLocked: Returning mWaitingForConfig=false, mAppsFreezingScreen=0, mWindowsFreezingScreen=0, mClientFreezingScreen=true, mOpeningApps.size()=0
04-13 11:42:03.950  1626  1667 I WindowManager: >>> OPEN TRANSACTION animateLocked
04-13 11:42:03.950  1626  1667 I WindowManager:   SURFACE Surface(name=com.android.systemui.ImageWallpaper)---MATRIX [1.0,0.0,0.0,1.0]: com.android.systemui.ImageWallpaper
04-13 11:42:03.951  1626  1667 I WindowManager: <<< CLOSE TRANSACTION animateLocked
04-13 11:42:03.951   549   549 E AAAA    : setUpHWComposer: empty: hasOne  wasEmpty: notEmpty
04-13 11:42:03.951   549   549 E AAAA    : layer name ScreenshotSurface
04-13 11:42:03.967   549   549 E AAAA    : setUpHWComposer: empty: hasOne  wasEmpty: notEmpty
04-13 11:42:03.967   549   549 E AAAA    : layer name ScreenshotSurface
04-13 11:42:03.976  1626  1626 V WindowManager: updateRotationUnchecked(alwaysSendConfiguration=false)
04-13 11:42:03.976  1626  1626 V WindowManager: Application requested orientation 1, got rotation 0 which has compatible metrics
04-13 11:42:03.976  1626  1626 I WindowManager: >>> OPEN TRANSACTION performLayoutAndPlaceSurfaces
04-13 11:42:03.976  1626  1626 I WindowManager:   SURFACE Surface(name=com.android.systemui.ImageWallpaper)---MATRIX [1.0,0.0,0.0,1.0]: com.android.systemui.ImageWallpaper
04-13 11:42:03.977  1626  1626 I WindowManager: <<< CLOSE TRANSACTION performLayoutAndPlaceSurfaces
04-13 11:42:03.977  1626  1626 V WindowManager: With display frozen, orientationChangeComplete=true
04-13 11:42:03.977  1626  1626 D WindowManager: stopFreezingDisplayLocked: Returning mWaitingForConfig=false, mAppsFreezingScreen=0, mWindowsFreezingScreen=0, mClientFreezingScreen=true, mOpeningApps.size()=0
04-13 11:42:03.984   549   549 E AAAA    : setUpHWComposer: empty: hasOne  wasEmpty: notEmpty
04-13 11:42:03.984   549   549 E AAAA    : layer name ScreenshotSurface
04-13 11:42:03.984  1626  1667 I WindowManager: >>> OPEN TRANSACTION animateLocked
04-13 11:42:03.984  1626  1667 I WindowManager:   SURFACE Surface(name=com.android.systemui.ImageWallpaper)---MATRIX [1.0,0.0,0.0,1.0]: com.android.systemui.ImageWallpaper
04-13 11:42:03.984  1626  1667 I WindowManager: <<< CLOSE TRANSACTION animateLocked
04-13 11:42:04.000   549   549 E AAAA    : setUpHWComposer: empty: hasOne  wasEmpty: notEmpty
04-13 11:42:04.000   549   549 E AAAA    : layer name ScreenshotSurface
04-13 11:42:04.085   549   549 E AAAA    : setUpHWComposer: empty: hasOne  wasEmpty: notEmpty
04-13 11:42:04.087  1626  1662 V WindowManager: updateRotationUnchecked(alwaysSendConfiguration=false)
04-13 11:42:04.087  1626  1662 V WindowManager: Application requested orientation 1, got rotation 0 which has compatible metrics
04-13 11:42:04.088  1626  1662 I WindowManager: >>> OPEN TRANSACTION performLayoutAndPlaceSurfaces
04-13 11:42:04.088  1626  1662 I WindowManager:   SURFACE Surface(name=com.android.systemui.ImageWallpaper)---MATRIX [1.0,0.0,0.0,1.0]: com.android.systemui.ImageWallpaper
04-13 11:42:04.088  1626  1662 I WindowManager: <<< CLOSE TRANSACTION performLayoutAndPlaceSurfaces
04-13 11:42:04.088  1626  1662 V WindowManager: With display frozen, orientationChangeComplete=true
04-13 11:42:04.088  1626  1662 D WindowManager: stopFreezingDisplayLocked: Returning mWaitingForConfig=false, mAppsFreezingScreen=0, mWindowsFreezingScreen=0, mClientFreezingScreen=true, mOpeningApps.size()=0
04-13 11:42:04.101   549   549 E AAAA    : setUpHWComposer: empty: hasOne  wasEmpty: notEmpty
04-13 11:42:04.101   549   549 E AAAA    : layer name ScreenshotSurface
04-13 11:42:04.101  1626  1667 I WindowManager: >>> OPEN TRANSACTION animateLocked
04-13 11:42:04.102  1626  1667 I WindowManager:   SURFACE Surface(name=com.android.systemui.ImageWallpaper)---MATRIX [1.0,0.0,0.0,1.0]: com.android.systemui.ImageWallpaper
04-13 11:42:04.103  1626  1667 I WindowManager: <<< CLOSE TRANSACTION animateLocked
04-13 11:42:04.128   549   549 E AAAA    : setUpHWComposer: empty: hasOne  wasEmpty: notEmpty
04-13 11:42:04.128   549   549 E AAAA    : layer name ScreenshotSurface
04-13 11:42:04.172  1626  1661 E AAAA    : size :4    com.android.server.wallpaper.WallpaperManagerService$2@1cb2ced
04-13 11:42:04.200   549   549 E AAAA    : setUpHWComposer: empty: hasOne  wasEmpty: notEmpty
04-13 11:42:04.219  1626  2952 V WindowManager: Remove Window{2a044b u0 com.android.systemui.ImageWallpaper}: mSurfaceController=Surface(name=com.android.systemui.ImageWallpaper) mAnimatingExit=false mRemoveOnExit=false mHasSurface=true surfaceShowing=false isAnimationSet=false app-animation=null mWillReplaceWindow=false inPendingTransaction=false mDisplayFrozen=true callers=com.android.server.wm.WindowManagerService.removeWindowLocked:2439 com.android.server.wm.WindowManagerService.removeWindow:2434 com.android.server.wm.Session.remove:202 android.view.IWindowSession$Stub.onTransact:242 com.android.server.wm.Session.onTransact:145 android.os.Binder.execTransact:567 
04-13 11:42:04.219  1626  2952 I WindowManager:   SURFACE DESTROY: Window{2a044b u0 com.android.systemui.ImageWallpaper}
04-13 11:42:04.220  1626  2952 I WindowManager: Destroying surface Surface(name=com.android.systemui.ImageWallpaper) called by com.android.server.wm.WindowStateAnimator.destroySurface:2043 com.android.server.wm.WindowStateAnimator.destroySurfaceLocked:895 com.android.server.wm.WindowState.removeLocked:1458 com.android.server.wm.WindowManagerService.removeWindowInnerLocked:2612 com.android.server.wm.WindowManagerService.removeWindowLocked:2570 com.android.server.wm.WindowManagerService.removeWindowLocked:2439 com.android.server.wm.WindowManagerService.removeWindow:2434 com.android.server.wm.Session.remove:202 
04-13 11:42:04.220  1626  2952 I WindowManager: >>> OPEN TRANSACTION performLayoutAndPlaceSurfaces
04-13 11:42:04.221  1626  2952 I WindowManager: <<< CLOSE TRANSACTION performLayoutAndPlaceSurfaces
04-13 11:42:04.221  1626  2952 V WindowManager: With display frozen, orientationChangeComplete=true
04-13 11:42:04.221  1626  2952 D WindowManager: stopFreezingDisplayLocked: Returning mWaitingForConfig=false, mAppsFreezingScreen=0, mWindowsFreezingScreen=0, mClientFreezingScreen=true, mOpeningApps.size()=0
04-13 11:42:04.222  1626  1661 E AAAA    : size :4    android.app.IUserSwitchObserver$Stub$Proxy@aa5d7fa
04-13 11:42:04.222  1626  1661 E AAAA    : size :4    android.app.IUserSwitchObserver$Stub$Proxy@5c751ab
04-13 11:42:04.223  1626  1661 E AAAA    : size :4    com.android.server.fingerprint.FingerprintService$9@f18470a
04-13 11:42:04.232  1626  1661 E AAAA    : dispatchUserSwitch resultnull result
04-13 11:42:04.234  1626  1667 I WindowManager: >>> OPEN TRANSACTION animateLocked
04-13 11:42:04.234  1626  1667 I WindowManager: <<< CLOSE TRANSACTION animateLocked
04-13 11:42:04.235   549   549 E AAAA    : setUpHWComposer: empty: hasOne  wasEmpty: notEmpty
04-13 11:42:04.235   549   549 E AAAA    : layer name ScreenshotSurface
04-13 11:42:04.236  1626  1661 V WindowManager: setAppVisibility(Token{54b3d1b ActivityRecord{6c18b2a u11 com.miui.home/.launcher.Launcher t1100000}}, visible=false): mNextAppTransition=TRANSIT_TASK_OPEN hidden=true hiddenRequested=true Callers=com.android.server.am.ActivityStack.stopActivityLocked:3415 com.android.server.am.ActivityStackSupervisor.activityIdleInternalLocked:1784 com.android.server.am.ActivityStackSupervisor$ActivityStackSupervisorHandler.activityIdleInternal:4054 com.android.server.am.ActivityStackSupervisor$ActivityStackSupervisorHandler.handleMessage:4093 android.os.Handler.dispatchMessage:102 android.os.Looper.loop:165 
04-13 11:42:04.243  1626  2952 E AAAA    : dispatchUserSwitch resultnull result
04-13 11:42:04.243  1626  2952 E AAAA    : dispatchUserSwitch resultnull result
04-13 11:42:04.284   549   549 E AAAA    : setUpHWComposer: empty: hasOne  wasEmpty: notEmpty
04-13 11:42:04.309  1626  1661 V WindowManager: Prepare app transition: transit=TRANSIT_ACTIVITY_OPEN mNextAppTransition=TRANSIT_TASK_OPEN alwaysKeepCurrent=false Callers=com.android.server.wm.WindowManagerService.prepareAppTransition:4074 com.android.server.am.ActivityStack.resumeTopActivityInnerLocked:2479 com.android.server.am.ActivityStack.resumeTopActivityUncheckedLocked:2174 
04-13 11:42:04.310  1626  1661 I WindowManager: Set freezing of Token{cab340a ActivityRecord{c025c75 u11 com.miui.securitycore/com.miui.securityspace.ui.activity.GuideStartActivity t1100001}}: hidden=false freezing=false
04-13 11:42:04.310  1626  1661 V WindowManager: setAppVisibility(Token{cab340a ActivityRecord{c025c75 u11 com.miui.securitycore/com.miui.securityspace.ui.activity.GuideStartActivity t1100001}}, visible=true): mNextAppTransition=TRANSIT_TASK_OPEN hidden=false hiddenRequested=false Callers=com.android.server.am.ActivityStackSupervisor.realStartActivityLocked:1259 com.android.server.am.ActivityStackSupervisor.startSpecificActivityLocked:1463 com.android.server.am.ActivityStack.resumeTopActivityInnerLocked:2670 com.android.server.am.ActivityStack.resumeTopActivityUncheckedLocked:2174 com.android.server.am.ActivityStackSupervisor.resumeFocusedStackTopActivityLocked:1935 com.android.server.am.ActivityStackSupervisor.resumeFocusedStackTopActivityLocked:1907 
04-13 11:42:04.311  1626  1661 V WindowManager: Done at AppWindowToken{5b67298 token=Token{cab340a ActivityRecord{c025c75 u11 com.miui.securitycore/com.miui.securityspace.ui.activity.GuideStartActivity t1100001}}} -- full screen, return 1
04-13 11:42:04.311  1626  1661 I WindowManager: >>> OPEN TRANSACTION performLayoutAndPlaceSurfaces
04-13 11:42:04.312  1626  1661 I WindowManager: <<< CLOSE TRANSACTION performLayoutAndPlaceSurfaces
04-13 11:42:04.312  1626  1661 V WindowManager: With display frozen, orientationChangeComplete=true
04-13 11:42:04.312  1626  1661 D WindowManager: stopFreezingDisplayLocked: Returning mWaitingForConfig=false, mAppsFreezingScreen=1, mWindowsFreezingScreen=0, mClientFreezingScreen=true, mOpeningApps.size()=0
04-13 11:42:04.317  1626  1667 I WindowManager: >>> OPEN TRANSACTION animateLocked
04-13 11:42:04.317  1626  1667 I WindowManager: <<< CLOSE TRANSACTION animateLocked
04-13 11:42:04.319  1626  1661 W WindowManager: Execute app transition: mNextAppTransition=TRANSIT_TASK_OPEN Callers=com.android.server.am.ActivityStackSupervisor.reportResumedActivityLocked:3075 com.android.server.am.ActivityStack.completeResumeLocked:1471 com.android.server.am.ActivityStack.minimalResumeActivityLocked:945 com.android.server.am.ActivityStackSupervisor.realStartActivityLocked:1417 com.android.server.am.ActivityStackSupervisor.startSpecificActivityLocked:1463 
04-13 11:42:04.319  1626  1661 I WindowManager: >>> OPEN TRANSACTION performLayoutAndPlaceSurfaces
04-13 11:42:04.319  1626  1661 I WindowManager: <<< CLOSE TRANSACTION performLayoutAndPlaceSurfaces
04-13 11:42:04.319  1626  1661 V WindowManager: Checking 0 opening apps (frozen=true timeout=false)...
04-13 11:42:04.319  1626  1661 V WindowManager: **** GOOD TO GO
04-13 11:42:04.320  1626  1661 V WindowManager: New wallpaper target=null, oldWallpaper=null, lower target=null, upper target=null, openingApps={}, closingApps={AppWindowToken{ceb8b29 token=Token{cc530b0 ActivityRecord{9256bf3 u0 com.miui.securitycore/com.miui.securityspace.ui.activity.PrivateSpaceMainActivity t139}}}}
04-13 11:42:04.320  1626  1661 V WindowManager: Now closing app AppWindowToken{ceb8b29 token=Token{cc530b0 ActivityRecord{9256bf3 u0 com.miui.securitycore/com.miui.securityspace.ui.activity.PrivateSpaceMainActivity t139}}}
04-13 11:42:04.320  1626  1661 V WindowManager: With display frozen, orientationChangeComplete=true
04-13 11:42:04.320  1626  1661 D WindowManager: stopFreezingDisplayLocked: Returning mWaitingForConfig=false, mAppsFreezingScreen=1, mWindowsFreezingScreen=0, mClientFreezingScreen=true, mOpeningApps.size()=0
04-13 11:42:04.320  1626  1661 I WindowManager: >>> OPEN TRANSACTION performLayoutAndPlaceSurfaces
04-13 11:42:04.320  1626  1661 V WindowManager: Done at AppWindowToken{5b67298 token=Token{cab340a ActivityRecord{c025c75 u11 com.miui.securitycore/com.miui.securityspace.ui.activity.GuideStartActivity t1100001}}} -- full screen, return 1
04-13 11:42:04.321  1626  1661 I WindowManager: <<< CLOSE TRANSACTION performLayoutAndPlaceSurfaces
04-13 11:42:04.321  1626  1661 V WindowManager: With display frozen, orientationChangeComplete=true
04-13 11:42:04.321  1626  1661 D WindowManager: stopFreezingDisplayLocked: Returning mWaitingForConfig=false, mAppsFreezingScreen=1, mWindowsFreezingScreen=0, mClientFreezingScreen=true, mOpeningApps.size()=0
04-13 11:42:04.419  1626  1667 I WindowManager: >>> OPEN TRANSACTION animateLocked
04-13 11:42:04.420  1626  1667 I WindowManager: <<< CLOSE TRANSACTION animateLocked
04-13 11:42:04.426  1626  1661 V WindowManager: Clear freezing of Token{54b3d1b ActivityRecord{6c18b2a u11 com.miui.home/.launcher.Launcher t1100000}}: hidden=true freezing=false
04-13 11:42:04.426  1626  1661 W WindowManager: Execute app transition: mNextAppTransition=TRANSIT_UNSET Callers=com.android.server.am.ActivityStack.resumeTopActivityInnerLocked:2239 com.android.server.am.ActivityStack.resumeTopActivityUncheckedLocked:2174 com.android.server.am.ActivityStackSupervisor.resumeFocusedStackTopActivityLocked:1931 com.android.server.am.ActivityStack.completePauseLocked:1377 com.android.server.am.ActivityStack.activityPausedLocked:1247 
04-13 11:42:04.450   549   549 E AAAA    : setUpHWComposer: empty: hasOne  wasEmpty: notEmpty
04-13 11:42:04.450   549   549 E AAAA    : layer name ScreenshotSurface
04-13 11:42:04.551  1626  1898 I WindowManager:   NEW SURFACE SESSION android.view.SurfaceSession@c9b3df9
04-13 11:42:04.573  1626  2981 I WindowManager: Sending new config to window Window{e8bacc0 u11 com.miui.securitycore/com.miui.securityspace.ui.activity.GuideStartActivity}:  / mergedConfig={1.0 ?mcc?mnc [zh_CN] ldltr sw360dp w360dp h620dp 480dpi nrml long port finger -keyb/v/h -nav/h s.5 themeChanged=0 themeChangedFlags=0}
04-13 11:42:04.574  1626  2981 I WindowManager: createSurface WindowStateAnimator{a5a53d8 com.miui.securitycore/com.miui.securityspace.ui.activity.GuideStartActivity}: mDrawState=DRAW_PENDING
04-13 11:42:04.574  1626  2981 V WindowManager: Changing surface while display frozen: Window{e8bacc0 u11 com.miui.securitycore/com.miui.securityspace.ui.activity.GuideStartActivity}
04-13 11:42:04.574  1626  2981 I WindowManager:   CREATE SURFACE Surface(name=com.miui.securitycore/com.miui.securityspace.ui.activity.GuideStartActivity) IN SESSION android.view.SurfaceSession@c9b3df9: pid=7719 format=-1 flags=0x404 / WindowStateAnimator{a5a53d8 com.miui.securitycore/com.miui.securityspace.ui.activity.GuideStartActivity}
04-13 11:42:04.575  1626  2981 I WindowManager: >>> OPEN TRANSACTION createSurfaceLocked
04-13 11:42:04.575  1626  2981 I WindowManager:   SURFACE CREATE pos=(0,0) (1x1), layer=21010 HIDE: Window{e8bacc0 u11 com.miui.securitycore/com.miui.securityspace.ui.activity.GuideStartActivity}
04-13 11:42:04.575  1626  2981 I WindowManager:   SURFACE Surface(name=com.miui.securitycore/com.miui.securityspace.ui.activity.GuideStartActivity)---POS (setPositionAndLayer) @ (0.0,0.0): com.miui.securitycore/com.miui.securityspace.ui.activity.GuideStartActivity
04-13 11:42:04.575  1626  2981 I WindowManager: <<< CLOSE TRANSACTION setPositionAndLayer
04-13 11:42:04.575  1626  2981 I WindowManager:   OUT SURFACE Surface(name=null)/@0xd0cd584: copied
04-13 11:42:04.575  1626  2981 V WindowManager: Done at AppWindowToken{5b67298 token=Token{cab340a ActivityRecord{c025c75 u11 com.miui.securitycore/com.miui.securityspace.ui.activity.GuideStartActivity t1100001}}} -- full screen, return 1
04-13 11:42:04.575  1626  2981 I WindowManager: >>> OPEN TRANSACTION performLayoutAndPlaceSurfaces
04-13 11:42:04.576  1626  2981 I WindowManager:   SURFACE Surface(name=com.miui.securitycore/com.miui.securityspace.ui.activity.GuideStartActivity)---SIZE 1080x1920: com.miui.securitycore/com.miui.securityspace.ui.activity.GuideStartActivity
04-13 11:42:04.576  1626  2981 I WindowManager:   SURFACE Surface(name=com.miui.securitycore/com.miui.securityspace.ui.activity.GuideStartActivity)---CROP [0,0][1080,1920]: com.miui.securitycore/com.miui.securityspace.ui.activity.GuideStartActivity
04-13 11:42:04.576  1626  2981 I WindowManager:   SURFACE Surface(name=com.miui.securitycore/com.miui.securityspace.ui.activity.GuideStartActivity)---MATRIX [1.0,0.0,0.0,1.0]: com.miui.securitycore/com.miui.securityspace.ui.activity.GuideStartActivity
04-13 11:42:04.576  1626  2981 V WindowManager: Eval win Window{e8bacc0 u11 com.miui.securitycore/com.miui.securityspace.ui.activity.GuideStartActivity}: isDrawn=false, isAnimationSet=false
04-13 11:42:04.576  1626  2981 V WindowManager: Not displayed: s=Surface(name=com.miui.securitycore/com.miui.securityspace.ui.activity.GuideStartActivity) pv=true mDrawState=DRAW_PENDING ah=false th=false a=false
04-13 11:42:04.576  1626  2981 V WindowManager: Resize reasons for w=Window{e8bacc0 u11 com.miui.securitycore/com.miui.securityspace.ui.activity.GuideStartActivity}:  contentInsetsChanged=false [0,0][0,0] visibleInsetsChanged=false [0,0][0,0] stableInsetsChanged=false [0,0][0,0] outsetsChanged=false [0,0][0,0] surfaceResized=true configChanged=false dragResizingChanged=false resizedWhileNotDragResizingReported=false
04-13 11:42:04.576  1626  2981 V WindowManager: Changing surface while display frozen: Window{e8bacc0 u11 com.miui.securitycore/com.miui.securityspace.ui.activity.GuideStartActivity}
04-13 11:42:04.576  1626  2981 V WindowManager: Orientation or resize start waiting for draw, mDrawState=DRAW_PENDING in Window{e8bacc0 u11 com.miui.securitycore/com.miui.securityspace.ui.activity.GuideStartActivity}, surfaceController Surface(name=com.miui.securitycore/com.miui.securityspace.ui.activity.GuideStartActivity)
04-13 11:42:04.576  1626  2981 V WindowManager: Resizing window Window{e8bacc0 u11 com.miui.securitycore/com.miui.securityspace.ui.activity.GuideStartActivity}
04-13 11:42:04.583  1626  2981 I WindowManager: <<< CLOSE TRANSACTION performLayoutAndPlaceSurfaces
04-13 11:42:04.583   549   549 E AAAA    : setUpHWComposer: empty: hasOne  wasEmpty: notEmpty
04-13 11:42:04.583   549   549 E AAAA    : layer name ScreenshotSurface
04-13 11:42:04.583  1626  2981 V WindowManager: Reporting new frame to Window{e8bacc0 u11 com.miui.securitycore/com.miui.securityspace.ui.activity.GuideStartActivity}: Rect(0, 0 - 1080, 1920)
04-13 11:42:04.583  1626  2981 I WindowManager: Resizing Window{e8bacc0 u11 com.miui.securitycore/com.miui.securityspace.ui.activity.GuideStartActivity} WITH DRAW PENDING
04-13 11:42:04.584  1626  2981 V WindowManager: With display frozen, orientationChangeComplete=false
04-13 11:42:04.584  1626  2981 I WindowManager: >>> OPEN TRANSACTION performLayoutAndPlaceSurfaces
04-13 11:42:04.585  1626  2981 I WindowManager:   SURFACE Surface(name=com.miui.securitycore/com.miui.securityspace.ui.activity.GuideStartActivity)---MATRIX [1.0,0.0,0.0,1.0]: com.miui.securitycore/com.miui.securityspace.ui.activity.GuideStartActivity
04-13 11:42:04.585  1626  2981 V WindowManager: Eval win Window{e8bacc0 u11 com.miui.securitycore/com.miui.securityspace.ui.activity.GuideStartActivity}: isDrawn=false, isAnimationSet=false
04-13 11:42:04.585  1626  2981 V WindowManager: Not displayed: s=Surface(name=com.miui.securitycore/com.miui.securityspace.ui.activity.GuideStartActivity) pv=true mDrawState=DRAW_PENDING ah=false th=false a=false
04-13 11:42:04.585  1626  2981 I WindowManager: <<< CLOSE TRANSACTION performLayoutAndPlaceSurfaces
04-13 11:42:04.585  1626  2981 V WindowManager: With display frozen, orientationChangeComplete=false
04-13 11:42:04.601   549   549 E AAAA    : setUpHWComposer: empty: hasOne  wasEmpty: notEmpty
04-13 11:42:04.601   549   549 E AAAA    : layer name ScreenshotSurface
04-13 11:42:04.601  1626  1667 I WindowManager: >>> OPEN TRANSACTION animateLocked
04-13 11:42:04.601  1626  1667 I WindowManager:   SURFACE Surface(name=com.miui.securitycore/com.miui.securityspace.ui.activity.GuideStartActivity)---MATRIX [1.0,0.0,0.0,1.0]: com.miui.securitycore/com.miui.securityspace.ui.activity.GuideStartActivity
04-13 11:42:04.601  1626  1667 I WindowManager:   SURFACE controller=Surface(name=com.miui.securitycore/com.miui.securityspace.ui.activity.GuideStartActivity)alpha=1.0 layer=21010 matrix=[1.0*1.0,0.0*1.0][0.0*1.0,1.0*1.0]: Window{e8bacc0 u11 com.miui.securitycore/com.miui.securityspace.ui.activity.GuideStartActivity}
04-13 11:42:04.601  1626  1667 V WindowManager: Orientation continue waiting for draw in Window{e8bacc0 u11 com.miui.securitycore/com.miui.securityspace.ui.activity.GuideStartActivity}
04-13 11:42:04.602  1626  1667 I WindowManager: <<< CLOSE TRANSACTION animateLocked
04-13 11:42:04.617   549   549 E AAAA    : setUpHWComposer: empty: hasOne  wasEmpty: notEmpty
04-13 11:42:04.618   549   549 E AAAA    : layer name ScreenshotSurface
04-13 11:42:04.684   549   549 E AAAA    : setUpHWComposer: empty: hasOne  wasEmpty: notEmpty
04-13 11:42:04.754  1626  2959 V WindowManager: finishDrawingLocked: mDrawState=COMMIT_DRAW_PENDING Window{e8bacc0 u11 com.miui.securitycore/com.miui.securityspace.ui.activity.GuideStartActivity} in Surface(name=com.miui.securitycore/com.miui.securityspace.ui.activity.GuideStartActivity)
04-13 11:42:04.756  1626  1667 I WindowManager: >>> OPEN TRANSACTION performLayoutAndPlaceSurfaces
04-13 11:42:04.756  1626  1667 I WindowManager: commitFinishDrawingLocked: mDrawState=READY_TO_SHOW Surface(name=com.miui.securitycore/com.miui.securityspace.ui.activity.GuideStartActivity)
04-13 11:42:04.756  1626  1667 I WindowManager:   SURFACE Surface(name=com.miui.securitycore/com.miui.securityspace.ui.activity.GuideStartActivity)---MATRIX [1.0,0.0,0.0,1.0]: com.miui.securitycore/com.miui.securityspace.ui.activity.GuideStartActivity
04-13 11:42:04.756  1626  1667 V WindowManager: Eval win Window{e8bacc0 u11 com.miui.securitycore/com.miui.securityspace.ui.activity.GuideStartActivity}: isDrawn=true, isAnimationSet=false
04-13 11:42:04.756  1626  1667 V WindowManager: tokenMayBeDrawn: AppWindowToken{5b67298 token=Token{cab340a ActivityRecord{c025c75 u11 com.miui.securitycore/com.miui.securityspace.ui.activity.GuideStartActivity t1100001}}} w=Window{e8bacc0 u11 com.miui.securitycore/com.miui.securityspace.ui.activity.GuideStartActivity} numInteresting=1 freezingScreen=true mAppFreezing=false
04-13 11:42:04.756  1626  1667 V WindowManager: tokenMayBeDrawnExcludingSaved: AppWindowToken{5b67298 token=Token{cab340a ActivityRecord{c025c75 u11 com.miui.securitycore/com.miui.securityspace.ui.activity.GuideStartActivity t1100001}}} w=Window{e8bacc0 u11 com.miui.securitycore/com.miui.securityspace.ui.activity.GuideStartActivity} numInteresting=1 freezingScreen=true mAppFreezing=false
04-13 11:42:04.756  1626  1667 V WindowManager: Orientation not waiting for draw in Window{e8bacc0 u11 com.miui.securitycore/com.miui.securityspace.ui.activity.GuideStartActivity}, surfaceController Surface(name=com.miui.securitycore/com.miui.securityspace.ui.activity.GuideStartActivity)
04-13 11:42:04.757  1626  1667 I WindowManager: <<< CLOSE TRANSACTION performLayoutAndPlaceSurfaces
04-13 11:42:04.757  1626  1667 V WindowManager: With display frozen, orientationChangeComplete=false
04-13 11:42:04.758  1626  1667 I WindowManager: >>> OPEN TRANSACTION performLayoutAndPlaceSurfaces
04-13 11:42:04.758  1626  1667 I WindowManager: commitFinishDrawingLocked: mDrawState=READY_TO_SHOW Surface(name=com.miui.securitycore/com.miui.securityspace.ui.activity.GuideStartActivity)
04-13 11:42:04.758  1626  1667 V WindowManager: performShowLocked: mDrawState=HAS_DRAWN in Window{e8bacc0 u11 com.miui.securitycore/com.miui.securityspace.ui.activity.GuideStartActivity}
04-13 11:42:04.758  1626  1667 I WindowManager:   SURFACE Surface(name=com.miui.securitycore/com.miui.securityspace.ui.activity.GuideStartActivity)---MATRIX [1.0,0.0,0.0,1.0]: com.miui.securitycore/com.miui.securityspace.ui.activity.GuideStartActivity
04-13 11:42:04.759  1626  1667 I WindowManager: <<< CLOSE TRANSACTION performLayoutAndPlaceSurfaces
