07-02 20:22:43.015  1451  2108 I WindowStateAnimator:   CREATE SURFACE Surface(name=StatusBar) IN SESSION android.view.SurfaceSession@5368876: pid=1863 format=-3 flags=0x4 / WindowStateAnimator{f5da390 StatusBar}
07-02 20:22:43.016  1451  2108 I WindowStateAnimator: >>> OPEN TRANSACTION createSurfaceLocked
07-02 20:22:43.016  1451  2108 I WindowManager:   SURFACE CREATE pos=(0,0) (720x0), layer=161000 HIDE: Window{c3f6864 u0 StatusBar}
07-02 20:22:43.016  1451  2108 I WindowStateAnimator: <<< CLOSE TRANSACTION createSurfaceLocked
07-02 20:22:43.016  1451  2108 I WindowManager:   OUT SURFACE Surface(name=null)/@0x414b489: copied
07-02 20:22:43.017  1451  2108 V WindowManager: Done at AppWindowToken{5dca8c9 token=Token{345a893 ActivityRecord{f5f0ccd u10 com.miui.securitycore/com.miui.securityspace.ui.activity.GuideStartActivity t94}}} -- full screen, return 1
07-02 20:22:43.017  1451  2108 I WindowManager: >>> OPEN TRANSACTION performLayoutAndPlaceSurfaces
07-02 20:22:43.017  1451  2108 I WindowManager:   SURFACE SIZE 720x48: Window{c3f6864 u0 StatusBar}
07-02 20:22:43.018  1451  2108 I WindowManager:   SURFACE CROP [0,0][720,48]: Window{c3f6864 u0 StatusBar}
07-02 20:22:43.018  1451  2108 V WindowManager: Resize reasons for w=Window{c3f6864 u0 StatusBar}:  contentInsetsChanged=false [0,0][0,0] visibleInsetsChanged=false [0,0][0,0] stableInsetsChanged=false [0,0][0,0] outsetsChanged=false [0,0][0,0] surfaceResized=true configChanged=true
07-02 20:22:43.018  1451  2108 V WindowManager: Resizing window Window{c3f6864 u0 StatusBar} to 720.0x48.0
07-02 20:22:43.018  1451  2108 V WindowManager: Resize reasons for w=Window{244b16f u10 com.miui.securitycore/com.miui.securityspace.ui.activity.GuideStartActivity}:  contentInsetsChanged=false [0,48][0,0] visibleInsetsChanged=true [0,48][0,0] stableInsetsChanged=false [0,48][0,0] outsetsChanged=false [0,0][0,0] surfaceResized=false configChanged=false
07-02 20:22:43.018  1451  2108 V WindowManager: Resizing window Window{244b16f u10 com.miui.securitycore/com.miui.securityspace.ui.activity.GuideStartActivity} to 720.0x1280.0
07-02 20:22:43.018  1451  2108 I WindowStateAnimator: commitFinishDrawingLocked: mDrawState=READY_TO_SHOW Surface(name=com.android.systemui.ImageWallpaper)
07-02 20:22:43.020  1451  2108 V WindowStateAnimator: performShow on WindowStateAnimator{c2e4c17 com.android.systemui.ImageWallpaper}: mDrawState=READY_TO_SHOW readyForDisplay=false starting=false during animation: policyVis=true attHidden=false tok.hiddenRequested=false tok.hidden=false animating=false tok animating=false Callers=com.android.server.wm.WindowStateAnimator.commitFinishDrawingLocked:547 com.android.server.wm.WindowManagerService.performLayoutAndPlaceSurfacesLockedInner:10254 com.android.server.wm.WindowManagerService.performLayoutAndPlaceSurfacesLockedLoop:9131 
07-02 20:22:43.030  1451  2108 I WindowManager: <<< CLOSE TRANSACTION performLayoutAndPlaceSurfaces
07-02 20:22:43.032  1451  2108 I WindowManager: >>> OPEN TRANSACTION performLayoutAndPlaceSurfaces
07-02 20:22:43.033  1451  2108 I WindowStateAnimator: commitFinishDrawingLocked: mDrawState=READY_TO_SHOW Surface(name=com.android.systemui.ImageWallpaper)
07-02 20:22:43.033  1451  2108 V WindowStateAnimator: performShow on WindowStateAnimator{c2e4c17 com.android.systemui.ImageWallpaper}: mDrawState=READY_TO_SHOW readyForDisplay=false starting=false during animation: policyVis=true attHidden=false tok.hiddenRequested=false tok.hidden=false animating=false tok animating=false Callers=com.android.server.wm.WindowStateAnimator.commitFinishDrawingLocked:547 com.android.server.wm.WindowManagerService.performLayoutAndPlaceSurfacesLockedInner:10254 com.android.server.wm.WindowManagerService.performLayoutAndPlaceSurfacesLockedLoop:9131 
07-02 20:22:43.034  1451  2108 I WindowManager: <<< CLOSE TRANSACTION performLayoutAndPlaceSurfaces
07-02 20:22:43.043  1451  1514 I WindowAnimator: >>> OPEN TRANSACTION animateLocked
07-02 20:22:43.044  1451  1514 V WindowStateAnimator: performShow on WindowStateAnimator{c2e4c17 com.android.systemui.ImageWallpaper}: mDrawState=READY_TO_SHOW readyForDisplay=false starting=false during animation: policyVis=true attHidden=false tok.hiddenRequested=false tok.hidden=false animating=false tok animating=false Callers=com.android.server.wm.WindowAnimator.updateWindowsLocked:440 com.android.server.wm.WindowAnimator.animateLocked:688 com.android.server.wm.WindowAnimator.access$000:53 
07-02 20:22:43.044  1451  1514 I WindowManager:   SURFACE alpha=1.0 layer=161000 matrix=[1.0*1.0,0.0*1.0][0.0*1.0,1.0*1.0]: Window{c3f6864 u0 StatusBar}
07-02 20:22:43.047  1451  1514 I WindowAnimator: <<< CLOSE TRANSACTION animateLocked
07-02 20:22:43.080  1451  2728 I WindowManager: Releasing surface in: Window{bb61a83 u0 AssistPreviewPanel}
07-02 20:22:43.081  1451  2728 V WindowManager: Done at AppWindowToken{5dca8c9 token=Token{345a893 ActivityRecord{f5f0ccd u10 com.miui.securitycore/com.miui.securityspace.ui.activity.GuideStartActivity t94}}} -- full screen, return 1
07-02 20:22:43.081  1451  2728 I WindowManager: >>> OPEN TRANSACTION performLayoutAndPlaceSurfaces
07-02 20:22:43.081  1451  2728 I WindowStateAnimator: commitFinishDrawingLocked: mDrawState=READY_TO_SHOW Surface(name=com.android.systemui.ImageWallpaper)
07-02 20:22:43.082  1451  2728 V WindowStateAnimator: performShow on WindowStateAnimator{c2e4c17 com.android.systemui.ImageWallpaper}: mDrawState=READY_TO_SHOW readyForDisplay=false starting=false during animation: policyVis=true attHidden=false tok.hiddenRequested=false tok.hidden=false animating=false tok animating=false Callers=com.android.server.wm.WindowStateAnimator.commitFinishDrawingLocked:547 com.android.server.wm.WindowManagerService.performLayoutAndPlaceSurfacesLockedInner:10254 com.android.server.wm.WindowManagerService.performLayoutAndPlaceSurfacesLockedLoop:9131 
07-02 20:22:43.083  1451  2728 I WindowManager: <<< CLOSE TRANSACTION performLayoutAndPlaceSurfaces
07-02 20:22:43.092  1451  1514 I WindowAnimator: >>> OPEN TRANSACTION animateLocked
07-02 20:22:43.093  1451  1514 V WindowStateAnimator: performShow on WindowStateAnimator{c2e4c17 com.android.systemui.ImageWallpaper}: mDrawState=READY_TO_SHOW readyForDisplay=false starting=false during animation: policyVis=true attHidden=false tok.hiddenRequested=false tok.hidden=false animating=false tok animating=false Callers=com.android.server.wm.WindowAnimator.updateWindowsLocked:440 com.android.server.wm.WindowAnimator.animateLocked:688 com.android.server.wm.WindowAnimator.access$000:53 
07-02 20:22:43.093  1451  1514 I WindowManager:   SURFACE alpha=1.0 layer=161000 matrix=[1.0*1.0,0.0*1.0][0.0*1.0,1.0*1.0]: Window{c3f6864 u0 StatusBar}
07-02 20:22:43.094  1451  1514 I WindowAnimator: <<< CLOSE TRANSACTION animateLocked
07-02 20:22:43.182  1451  2057 I WindowManager: >>> OPEN TRANSACTION performLayoutAndPlaceSurfaces
07-02 20:22:43.183  1451  2057 I WindowStateAnimator: commitFinishDrawingLocked: mDrawState=READY_TO_SHOW Surface(name=com.android.systemui.ImageWallpaper)
07-02 20:22:43.183  1451  2057 V WindowStateAnimator: performShow on WindowStateAnimator{c2e4c17 com.android.systemui.ImageWallpaper}: mDrawState=READY_TO_SHOW readyForDisplay=false starting=false during animation: policyVis=true attHidden=false tok.hiddenRequested=false tok.hidden=false animating=false tok animating=false Callers=com.android.server.wm.WindowStateAnimator.commitFinishDrawingLocked:547 com.android.server.wm.WindowManagerService.performLayoutAndPlaceSurfacesLockedInner:10254 com.android.server.wm.WindowManagerService.performLayoutAndPlaceSurfacesLockedLoop:9131 
07-02 20:22:43.184  1451  2057 I WindowManager: <<< CLOSE TRANSACTION performLayoutAndPlaceSurfaces
07-02 20:22:43.193  1451  1514 I WindowAnimator: >>> OPEN TRANSACTION animateLocked
07-02 20:22:43.193  1451  1514 V WindowStateAnimator: performShow on WindowStateAnimator{c2e4c17 com.android.systemui.ImageWallpaper}: mDrawState=READY_TO_SHOW readyForDisplay=false starting=false during animation: policyVis=true attHidden=false tok.hiddenRequested=false tok.hidden=false animating=false tok animating=false Callers=com.android.server.wm.WindowAnimator.updateWindowsLocked:440 com.android.server.wm.WindowAnimator.animateLocked:688 com.android.server.wm.WindowAnimator.access$000:53 
07-02 20:22:43.194  1451  1514 I WindowManager:   SURFACE alpha=1.0 layer=161000 matrix=[1.0*1.0,0.0*1.0][0.0*1.0,1.0*1.0]: Window{c3f6864 u0 StatusBar}
07-02 20:22:43.194  1451  1514 I WindowAnimator: <<< CLOSE TRANSACTION animateLocked
07-02 20:22:43.235  1451  2729 I WindowManager:   KILL SURFACE SESSION android.view.SurfaceSession@c640e65
07-02 20:22:43.235  1451  2729 I WindowManager: >>> OPEN TRANSACTION performLayoutAndPlaceSurfaces
07-02 20:22:43.236  1451  2729 I WindowStateAnimator: commitFinishDrawingLocked: mDrawState=READY_TO_SHOW Surface(name=com.android.systemui.ImageWallpaper)
07-02 20:22:43.236  1451  2729 V WindowStateAnimator: performShow on WindowStateAnimator{c2e4c17 com.android.systemui.ImageWallpaper}: mDrawState=READY_TO_SHOW readyForDisplay=false starting=false during animation: policyVis=true attHidden=false tok.hiddenRequested=false tok.hidden=false animating=false tok animating=false Callers=com.android.server.wm.WindowStateAnimator.commitFinishDrawingLocked:547 com.android.server.wm.WindowManagerService.performLayoutAndPlaceSurfacesLockedInner:10254 com.android.server.wm.WindowManagerService.performLayoutAndPlaceSurfacesLockedLoop:9131 
07-02 20:22:43.244  1451  2729 I WindowManager: <<< CLOSE TRANSACTION performLayoutAndPlaceSurfaces
07-02 20:22:43.246  1451  2729 V WindowManager: Update reported visibility: AppWindowToken{1858061 token=Token{71557c8 ActivityRecord{1c069ba u0 com.android.settings/.MainSettings t91}}}
07-02 20:22:43.246  1451  2729 V WindowManager: VIS AppWindowToken{1858061 token=Token{71557c8 ActivityRecord{1c069ba u0 com.android.settings/.MainSettings t91}}}: interesting=0 visible=0
07-02 20:22:43.260  1451  1514 I WindowAnimator: >>> OPEN TRANSACTION animateLocked
07-02 20:22:43.260  1451  1514 V WindowStateAnimator: performShow on WindowStateAnimator{c2e4c17 com.android.systemui.ImageWallpaper}: mDrawState=READY_TO_SHOW readyForDisplay=false starting=false during animation: policyVis=true attHidden=false tok.hiddenRequested=false tok.hidden=false animating=false tok animating=false Callers=com.android.server.wm.WindowAnimator.updateWindowsLocked:440 com.android.server.wm.WindowAnimator.animateLocked:688 com.android.server.wm.WindowAnimator.access$000:53 
07-02 20:22:43.260  1451  1514 I WindowManager:   SURFACE alpha=1.0 layer=21010 matrix=[1.0*1.0,0.0*1.0][0.0*1.0,1.0*1.0]: Window{244b16f u10 com.miui.securitycore/com.miui.securityspace.ui.activity.GuideStartActivity}
07-02 20:22:43.261  1451  1514 I WindowManager:   SURFACE alpha=1.0 layer=161000 matrix=[1.0*1.0,0.0*1.0][0.0*1.0,1.0*1.0]: Window{c3f6864 u0 StatusBar}
07-02 20:22:43.261  1451  1514 I WindowAnimator: <<< CLOSE TRANSACTION animateLocked
07-02 20:22:43.265  1451  2742 V WindowStateAnimator: finishDrawingLocked: mDrawState=COMMIT_DRAW_PENDING WindowStateAnimator{f5da390 StatusBar} in Surface(name=StatusBar)
07-02 20:22:43.266  1451  1514 I WindowManager: >>> OPEN TRANSACTION performLayoutAndPlaceSurfaces
07-02 20:22:43.266  1451  1514 I WindowStateAnimator: commitFinishDrawingLocked: mDrawState=READY_TO_SHOW Surface(name=StatusBar)
07-02 20:22:43.267  1451  1514 V WindowStateAnimator: performShow on WindowStateAnimator{f5da390 StatusBar}: mDrawState=READY_TO_SHOW readyForDisplay=true starting=false during animation: policyVis=true attHidden=false tok.hiddenRequested=false tok.hidden=false animating=false tok animating=false Callers=com.android.server.wm.WindowStateAnimator.commitFinishDrawingLocked:547 com.android.server.wm.WindowManagerService.performLayoutAndPlaceSurfacesLockedInner:10254 com.android.server.wm.WindowManagerService.performLayoutAndPlaceSurfacesLockedLoop:9131 
07-02 20:22:43.267  1451  1514 I WindowManager:   SURFACE SHOW (performShowLocked): Window{c3f6864 u0 StatusBar}
07-02 20:22:43.267  1451  1514 V WindowStateAnimator: Showing WindowStateAnimator{f5da390 StatusBar} during animation: policyVis=true attHidden=false tok.hiddenRequested=false tok.hidden=false animating=false tok animating=false
07-02 20:22:43.268  1451  1514 V WindowStateAnimator: applyAnimation: win=WindowStateAnimator{f5da390 StatusBar} anim=17432605 attr=0xffffffff a=android.view.animation.AnimationSet@a8b1045 transit=1 isEntrance=true Callers com.android.server.wm.WindowStateAnimator.applyEnterAnimationLocked:1827 com.android.server.wm.WindowStateAnimator.performShowLocked:1732 com.android.server.wm.WindowStateAnimator.commitFinishDrawingLocked:547 
07-02 20:22:43.268  1451  1514 V WindowStateAnimator: Loaded animation android.view.animation.AnimationSet@a8b1045 for WindowStateAnimator{f5da390 StatusBar}
07-02 20:22:43.269  1451  1514 V WindowStateAnimator: performShowLocked: mDrawState=HAS_DRAWN in WindowStateAnimator{f5da390 StatusBar}
07-02 20:22:43.269  1451  1514 I WindowStateAnimator: commitFinishDrawingLocked: mDrawState=READY_TO_SHOW Surface(name=com.android.systemui.ImageWallpaper)
07-02 20:22:43.269  1451  1514 V WindowStateAnimator: performShow on WindowStateAnimator{c2e4c17 com.android.systemui.ImageWallpaper}: mDrawState=READY_TO_SHOW readyForDisplay=false starting=false during animation: policyVis=true attHidden=false tok.hiddenRequested=false tok.hidden=false animating=false tok animating=false Callers=com.android.server.wm.WindowStateAnimator.commitFinishDrawingLocked:547 com.android.server.wm.WindowManagerService.performLayoutAndPlaceSurfacesLockedInner:10254 com.android.server.wm.WindowManagerService.performLayoutAndPlaceSurfacesLockedLoop:9131 
07-02 20:22:43.270  1451  1514 I WindowManager: <<< CLOSE TRANSACTION performLayoutAndPlaceSurfaces
07-02 20:22:43.276  1451  1514 I WindowAnimator: >>> OPEN TRANSACTION animateLocked
07-02 20:22:43.276  1451  1514 V WindowStateAnimator: Starting animation in WindowStateAnimator{f5da390 StatusBar} @ 88042: ww=720 wh=48 dw=720 dh=1280 scale=1.0
07-02 20:22:43.277  1451  1514 V WindowStateAnimator: performShow on WindowStateAnimator{c2e4c17 com.android.systemui.ImageWallpaper}: mDrawState=READY_TO_SHOW readyForDisplay=false starting=false during animation: policyVis=true attHidden=false tok.hiddenRequested=false tok.hidden=false animating=false tok animating=false Callers=com.android.server.wm.WindowAnimator.updateWindowsLocked:440 com.android.server.wm.WindowAnimator.animateLocked:688 com.android.server.wm.WindowAnimator.access$000:53 
07-02 20:22:43.277  1451  1514 I WindowManager:   SURFACE POS 0.0, -48.0: Window{c3f6864 u0 StatusBar}
07-02 20:22:43.278  1451  1514 I WindowManager:   SURFACE alpha=1.0 layer=161000 matrix=[1.0*1.0,0.0*1.0][0.0*1.0,1.0*1.0]: Window{c3f6864 u0 StatusBar}
07-02 20:22:43.278  1451  1514 I WindowManager:   SURFACE SHOW (performLayout): Window{c3f6864 u0 StatusBar}
07-02 20:22:43.278  1451  1514 V WindowStateAnimator: Showing Window{c3f6864 u0 StatusBar} during relayout
07-02 20:22:43.278  1451  1514 I WindowAnimator: <<< CLOSE TRANSACTION animateLocked
07-02 20:22:43.279  1451  1514 I WindowManager: >>> OPEN TRANSACTION performLayoutAndPlaceSurfaces
07-02 20:22:43.279  1451  1514 I WindowStateAnimator: commitFinishDrawingLocked: mDrawState=READY_TO_SHOW Surface(name=com.android.systemui.ImageWallpaper)
07-02 20:22:43.279  1451  1514 V WindowStateAnimator: performShow on WindowStateAnimator{c2e4c17 com.android.systemui.ImageWallpaper}: mDrawState=READY_TO_SHOW readyForDisplay=false starting=false during animation: policyVis=true attHidden=false tok.hiddenRequested=false tok.hidden=false animating=false tok animating=false Callers=com.android.server.wm.WindowStateAnimator.commitFinishDrawingLocked:547 com.android.server.wm.WindowManagerService.performLayoutAndPlaceSurfacesLockedInner:10254 com.android.server.wm.WindowManagerService.performLayoutAndPlaceSurfacesLockedLoop:9131 
07-02 20:22:43.280  1451  1514 I WindowManager: <<< CLOSE TRANSACTION performLayoutAndPlaceSurfaces
07-02 20:22:43.293  1451  1514 I WindowAnimator: >>> OPEN TRANSACTION animateLocked
07-02 20:22:43.294  1451  1514 V WindowStateAnimator: performShow on WindowStateAnimator{c2e4c17 com.android.systemui.ImageWallpaper}: mDrawState=READY_TO_SHOW readyForDisplay=false starting=false during animation: policyVis=true attHidden=false tok.hiddenRequested=false tok.hidden=false animating=false tok animating=false Callers=com.android.server.wm.WindowAnimator.updateWindowsLocked:440 com.android.server.wm.WindowAnimator.animateLocked:688 com.android.server.wm.WindowAnimator.access$000:53 
07-02 20:22:43.294  1451  1514 I WindowManager:   SURFACE POS 0.0, -39.36124: Window{c3f6864 u0 StatusBar}
07-02 20:22:43.294  1451  1514 V WindowStateAnimator: prepareSurface: No changes in animation for WindowStateAnimator{f5da390 StatusBar}
07-02 20:22:43.295  1451  1514 I WindowAnimator: <<< CLOSE TRANSACTION animateLocked
07-02 20:22:43.310  1451  1514 I WindowAnimator: >>> OPEN TRANSACTION animateLocked
07-02 20:22:43.311  1451  1514 V WindowStateAnimator: performShow on WindowStateAnimator{c2e4c17 com.android.systemui.ImageWallpaper}: mDrawState=READY_TO_SHOW readyForDisplay=false starting=false during animation: policyVis=true attHidden=false tok.hiddenRequested=false tok.hidden=false animating=false tok animating=false Callers=com.android.server.wm.WindowAnimator.updateWindowsLocked:440 com.android.server.wm.WindowAnimator.animateLocked:688 com.android.server.wm.WindowAnimator.access$000:53 
07-02 20:22:43.312  1451  1514 I WindowManager:   SURFACE POS 0.0, -31.39066: Window{c3f6864 u0 StatusBar}
07-02 20:22:43.313  1451  1514 V WindowStateAnimator: prepareSurface: No changes in animation for WindowStateAnimator{f5da390 StatusBar}
07-02 20:22:43.314  1451  1514 I WindowAnimator: <<< CLOSE TRANSACTION animateLocked
07-02 20:22:43.327  1451  1514 I WindowAnimator: >>> OPEN TRANSACTION animateLocked
07-02 20:22:43.327  1451  1514 V WindowStateAnimator: performShow on WindowStateAnimator{c2e4c17 com.android.systemui.ImageWallpaper}: mDrawState=READY_TO_SHOW readyForDisplay=false starting=false during animation: policyVis=true attHidden=false tok.hiddenRequested=false tok.hidden=false animating=false tok animating=false Callers=com.android.server.wm.WindowAnimator.updateWindowsLocked:440 com.android.server.wm.WindowAnimator.animateLocked:688 com.android.server.wm.WindowAnimator.access$000:53 
07-02 20:22:43.328  1451  1514 I WindowManager:   SURFACE POS 0.0, -24.576: Window{c3f6864 u0 StatusBar}
07-02 20:22:43.328  1451  1514 V WindowStateAnimator: prepareSurface: No changes in animation for WindowStateAnimator{f5da390 StatusBar}
07-02 20:22:43.328  1451  1514 I WindowAnimator: <<< CLOSE TRANSACTION animateLocked
07-02 20:22:43.343  1451  1514 I WindowAnimator: >>> OPEN TRANSACTION animateLocked
07-02 20:22:43.344  1451  1514 V WindowStateAnimator: performShow on WindowStateAnimator{c2e4c17 com.android.systemui.ImageWallpaper}: mDrawState=READY_TO_SHOW readyForDisplay=false starting=false during animation: policyVis=true attHidden=false tok.hiddenRequested=false tok.hidden=false animating=false tok animating=false Callers=com.android.server.wm.WindowAnimator.updateWindowsLocked:440 com.android.server.wm.WindowAnimator.animateLocked:688 com.android.server.wm.WindowAnimator.access$000:53 
07-02 20:22:43.345  1451  1514 I WindowManager:   SURFACE POS 0.0, -19.137035: Window{c3f6864 u0 StatusBar}
07-02 20:22:43.345  1451  1514 V WindowStateAnimator: prepareSurface: No changes in animation for WindowStateAnimator{f5da390 StatusBar}
07-02 20:22:43.345  1451  1514 I WindowAnimator: <<< CLOSE TRANSACTION animateLocked
07-02 20:22:43.360  1451  1514 I WindowAnimator: >>> OPEN TRANSACTION animateLocked
07-02 20:22:43.361  1451  1514 V WindowStateAnimator: performShow on WindowStateAnimator{c2e4c17 com.android.systemui.ImageWallpaper}: mDrawState=READY_TO_SHOW readyForDisplay=false starting=false during animation: policyVis=true attHidden=false tok.hiddenRequested=false tok.hidden=false animating=false tok animating=false Callers=com.android.server.wm.WindowAnimator.updateWindowsLocked:440 com.android.server.wm.WindowAnimator.animateLocked:688 com.android.server.wm.WindowAnimator.access$000:53 
07-02 20:22:43.362  1451  1514 I WindowManager:   SURFACE POS 0.0, -14.307724: Window{c3f6864 u0 StatusBar}
07-02 20:22:43.362  1451  1514 V WindowStateAnimator: prepareSurface: No changes in animation for WindowStateAnimator{f5da390 StatusBar}
07-02 20:22:43.363  1451  1514 I WindowAnimator: <<< CLOSE TRANSACTION animateLocked
07-02 20:22:43.377  1451  1514 I WindowAnimator: >>> OPEN TRANSACTION animateLocked
07-02 20:22:43.378  1451  1514 V WindowStateAnimator: performShow on WindowStateAnimator{c2e4c17 com.android.systemui.ImageWallpaper}: mDrawState=READY_TO_SHOW readyForDisplay=false starting=false during animation: policyVis=true attHidden=false tok.hiddenRequested=false tok.hidden=false animating=false tok animating=false Callers=com.android.server.wm.WindowAnimator.updateWindowsLocked:440 com.android.server.wm.WindowAnimator.animateLocked:688 com.android.server.wm.WindowAnimator.access$000:53 
07-02 20:22:43.378  1451  1514 I WindowManager:   SURFACE POS 0.0, -10.368: Window{c3f6864 u0 StatusBar}
07-02 20:22:43.378  1451  1514 V WindowStateAnimator: prepareSurface: No changes in animation for WindowStateAnimator{f5da390 StatusBar}
07-02 20:22:43.379  1451  1514 I WindowAnimator: <<< CLOSE TRANSACTION animateLocked
07-02 20:22:43.393  1451  1514 I WindowAnimator: >>> OPEN TRANSACTION animateLocked
07-02 20:22:43.395  1451  1514 V WindowStateAnimator: performShow on WindowStateAnimator{c2e4c17 com.android.systemui.ImageWallpaper}: mDrawState=READY_TO_SHOW readyForDisplay=false starting=false during animation: policyVis=true attHidden=false tok.hiddenRequested=false tok.hidden=false animating=false tok animating=false Callers=com.android.server.wm.WindowAnimator.updateWindowsLocked:440 com.android.server.wm.WindowAnimator.animateLocked:688 com.android.server.wm.WindowAnimator.access$000:53 
07-02 20:22:43.396  1451  1514 I WindowManager:   SURFACE POS 0.0, -7.2273026: Window{c3f6864 u0 StatusBar}
07-02 20:22:43.396  1451  1514 V WindowStateAnimator: prepareSurface: No changes in animation for WindowStateAnimator{f5da390 StatusBar}
07-02 20:22:43.398  1451  1514 I WindowAnimator: <<< CLOSE TRANSACTION animateLocked
07-02 20:22:43.411  1451  1514 I WindowAnimator: >>> OPEN TRANSACTION animateLocked
07-02 20:22:43.412  1451  1514 V WindowStateAnimator: performShow on WindowStateAnimator{c2e4c17 com.android.systemui.ImageWallpaper}: mDrawState=READY_TO_SHOW readyForDisplay=false starting=false during animation: policyVis=true attHidden=false tok.hiddenRequested=false tok.hidden=false animating=false tok animating=false Callers=com.android.server.wm.WindowAnimator.updateWindowsLocked:440 com.android.server.wm.WindowAnimator.animateLocked:688 com.android.server.wm.WindowAnimator.access$000:53 
07-02 20:22:43.413  1451  1514 I WindowManager:   SURFACE POS 0.0, -4.9201546: Window{c3f6864 u0 StatusBar}
07-02 20:22:43.413  1451  1514 V WindowStateAnimator: prepareSurface: No changes in animation for WindowStateAnimator{f5da390 StatusBar}
07-02 20:22:43.413  1451  1514 I WindowAnimator: <<< CLOSE TRANSACTION animateLocked
07-02 20:22:43.427  1451  1514 I WindowAnimator: >>> OPEN TRANSACTION animateLocked
07-02 20:22:43.428  1451  1514 V WindowStateAnimator: performShow on WindowStateAnimator{c2e4c17 com.android.systemui.ImageWallpaper}: mDrawState=READY_TO_SHOW readyForDisplay=false starting=false during animation: policyVis=true attHidden=false tok.hiddenRequested=false tok.hidden=false animating=false tok animating=false Callers=com.android.server.wm.WindowAnimator.updateWindowsLocked:440 com.android.server.wm.WindowAnimator.animateLocked:688 com.android.server.wm.WindowAnimator.access$000:53 
07-02 20:22:43.428  1451  1514 I WindowManager:   SURFACE POS 0.0, -3.0719986: Window{c3f6864 u0 StatusBar}
07-02 20:22:43.428  1451  1514 V WindowStateAnimator: prepareSurface: No changes in animation for WindowStateAnimator{f5da390 StatusBar}
07-02 20:22:43.429  1451  1514 I WindowAnimator: <<< CLOSE TRANSACTION animateLocked
07-02 20:22:43.443  1451  1514 I WindowAnimator: >>> OPEN TRANSACTION animateLocked
07-02 20:22:43.444  1451  1514 V WindowStateAnimator: performShow on WindowStateAnimator{c2e4c17 com.android.systemui.ImageWallpaper}: mDrawState=READY_TO_SHOW readyForDisplay=false starting=false during animation: policyVis=true attHidden=false tok.hiddenRequested=false tok.hidden=false animating=false tok animating=false Callers=com.android.server.wm.WindowAnimator.updateWindowsLocked:440 com.android.server.wm.WindowAnimator.animateLocked:688 com.android.server.wm.WindowAnimator.access$000:53 
07-02 20:22:43.445  1451  1514 I WindowManager:   SURFACE POS 0.0, -1.7565308: Window{c3f6864 u0 StatusBar}
07-02 20:22:43.445  1451  1514 V WindowStateAnimator: prepareSurface: No changes in animation for WindowStateAnimator{f5da390 StatusBar}
07-02 20:22:43.445  1451  1514 I WindowAnimator: <<< CLOSE TRANSACTION animateLocked
07-02 20:22:43.460  1451  1514 I WindowAnimator: >>> OPEN TRANSACTION animateLocked
07-02 20:22:43.461  1451  1514 V WindowStateAnimator: performShow on WindowStateAnimator{c2e4c17 com.android.systemui.ImageWallpaper}: mDrawState=READY_TO_SHOW readyForDisplay=false starting=false during animation: policyVis=true attHidden=false tok.hiddenRequested=false tok.hidden=false animating=false tok animating=false Callers=com.android.server.wm.WindowAnimator.updateWindowsLocked:440 com.android.server.wm.WindowAnimator.animateLocked:688 com.android.server.wm.WindowAnimator.access$000:53 
07-02 20:22:43.461  1451  1514 I WindowManager:   SURFACE POS 0.0, -0.92394257: Window{c3f6864 u0 StatusBar}
07-02 20:22:43.462  1451  1514 V WindowStateAnimator: prepareSurface: No changes in animation for WindowStateAnimator{f5da390 StatusBar}
07-02 20:22:43.462  1451  1514 I WindowAnimator: <<< CLOSE TRANSACTION animateLocked
07-02 20:22:43.477  1451  1514 I WindowAnimator: >>> OPEN TRANSACTION animateLocked
07-02 20:22:43.478  1451  1514 V WindowStateAnimator: performShow on WindowStateAnimator{c2e4c17 com.android.systemui.ImageWallpaper}: mDrawState=READY_TO_SHOW readyForDisplay=false starting=false during animation: policyVis=true attHidden=false tok.hiddenRequested=false tok.hidden=false animating=false tok animating=false Callers=com.android.server.wm.WindowAnimator.updateWindowsLocked:440 com.android.server.wm.WindowAnimator.animateLocked:688 com.android.server.wm.WindowAnimator.access$000:53 
07-02 20:22:43.478  1451  1514 I WindowManager:   SURFACE POS 0.0, -0.3840027: Window{c3f6864 u0 StatusBar}
07-02 20:22:43.479  1451  1514 V WindowStateAnimator: prepareSurface: No changes in animation for WindowStateAnimator{f5da390 StatusBar}
07-02 20:22:43.479  1451  1514 I WindowAnimator: <<< CLOSE TRANSACTION animateLocked
07-02 20:22:43.493  1451  1514 I WindowAnimator: >>> OPEN TRANSACTION animateLocked
07-02 20:22:43.494  1451  1514 V WindowStateAnimator: performShow on WindowStateAnimator{c2e4c17 com.android.systemui.ImageWallpaper}: mDrawState=READY_TO_SHOW readyForDisplay=false starting=false during animation: policyVis=true attHidden=false tok.hiddenRequested=false tok.hidden=false animating=false tok animating=false Callers=com.android.server.wm.WindowAnimator.updateWindowsLocked:440 com.android.server.wm.WindowAnimator.animateLocked:688 com.android.server.wm.WindowAnimator.access$000:53 
07-02 20:22:43.495  1451  1514 I WindowManager:   SURFACE POS 0.0, -0.11039734: Window{c3f6864 u0 StatusBar}
07-02 20:22:43.495  1451  1514 V WindowStateAnimator: prepareSurface: No changes in animation for WindowStateAnimator{f5da390 StatusBar}
07-02 20:22:43.495  1451  1514 I WindowAnimator: <<< CLOSE TRANSACTION animateLocked
07-02 20:22:43.511  1451  1514 I WindowAnimator: >>> OPEN TRANSACTION animateLocked
07-02 20:22:43.515  1451  1514 V WindowStateAnimator: performShow on WindowStateAnimator{c2e4c17 com.android.systemui.ImageWallpaper}: mDrawState=READY_TO_SHOW readyForDisplay=false starting=false during animation: policyVis=true attHidden=false tok.hiddenRequested=false tok.hidden=false animating=false tok animating=false Callers=com.android.server.wm.WindowAnimator.updateWindowsLocked:440 com.android.server.wm.WindowAnimator.animateLocked:688 com.android.server.wm.WindowAnimator.access$000:53 
07-02 20:22:43.515  1451  1514 I WindowManager:   SURFACE POS 0.0, -0.012580872: Window{c3f6864 u0 StatusBar}
07-02 20:22:43.515  1451  1514 V WindowStateAnimator: prepareSurface: No changes in animation for WindowStateAnimator{f5da390 StatusBar}
07-02 20:22:43.516  1451  1514 I WindowAnimator: <<< CLOSE TRANSACTION animateLocked
07-02 20:22:43.527  1451  1514 I WindowAnimator: >>> OPEN TRANSACTION animateLocked
07-02 20:22:43.528  1451  1514 V WindowStateAnimator: performShow on WindowStateAnimator{c2e4c17 com.android.systemui.ImageWallpaper}: mDrawState=READY_TO_SHOW readyForDisplay=false starting=false during animation: policyVis=true attHidden=false tok.hiddenRequested=false tok.hidden=false animating=false tok animating=false Callers=com.android.server.wm.WindowAnimator.updateWindowsLocked:440 com.android.server.wm.WindowAnimator.animateLocked:688 com.android.server.wm.WindowAnimator.access$000:53 
07-02 20:22:43.528  1451  1514 I WindowManager:   SURFACE POS 0.0, 0.0: Window{c3f6864 u0 StatusBar}
07-02 20:22:43.529  1451  1514 V WindowStateAnimator: prepareSurface: No changes in animation for WindowStateAnimator{f5da390 StatusBar}
07-02 20:22:43.530  1451  1514 I WindowAnimator: <<< CLOSE TRANSACTION animateLocked
07-02 20:22:43.544  1451  1514 I WindowAnimator: >>> OPEN TRANSACTION animateLocked
07-02 20:22:43.544  1451  1514 V WindowStateAnimator: Finished animation in WindowStateAnimator{f5da390 StatusBar} @ 88309
07-02 20:22:43.544  1451  1514 V WindowStateAnimator: Animation done in WindowStateAnimator{f5da390 StatusBar}: exiting=false, reportedVisible=false
07-02 20:22:43.544  1451  1514 V WindowStateAnimator: finishExit in WindowStateAnimator{f5da390 StatusBar}: exiting=false remove=false windowAnimating=false
07-02 20:22:43.545  1451  1514 V WindowStateAnimator: performShow on WindowStateAnimator{c2e4c17 com.android.systemui.ImageWallpaper}: mDrawState=READY_TO_SHOW readyForDisplay=false starting=false during animation: policyVis=true attHidden=false tok.hiddenRequested=false tok.hidden=false animating=false tok animating=false Callers=com.android.server.wm.WindowAnimator.updateWindowsLocked:440 com.android.server.wm.WindowAnimator.animateLocked:688 com.android.server.wm.WindowAnimator.access$000:53 
07-02 20:22:43.546  1451  1514 I WindowAnimator: <<< CLOSE TRANSACTION animateLocked
07-02 20:22:43.546  1451  1514 I WindowManager: >>> OPEN TRANSACTION performLayoutAndPlaceSurfaces
07-02 20:22:43.547  1451  1514 I WindowStateAnimator: commitFinishDrawingLocked: mDrawState=READY_TO_SHOW Surface(name=com.android.systemui.ImageWallpaper)
07-02 20:22:43.547  1451  1514 V WindowStateAnimator: performShow on WindowStateAnimator{c2e4c17 com.android.systemui.ImageWallpaper}: mDrawState=READY_TO_SHOW readyForDisplay=false starting=false during animation: policyVis=true attHidden=false tok.hiddenRequested=false tok.hidden=false animating=false tok animating=false Callers=com.android.server.wm.WindowStateAnimator.commitFinishDrawingLocked:547 com.android.server.wm.WindowManagerService.performLayoutAndPlaceSurfacesLockedInner:10254 com.android.server.wm.WindowManagerService.performLayoutAndPlaceSurfacesLockedLoop:9131 
07-02 20:22:43.549  1451  1514 I WindowManager: <<< CLOSE TRANSACTION performLayoutAndPlaceSurfaces
07-02 20:22:43.560  1451  1514 I WindowAnimator: >>> OPEN TRANSACTION animateLocked
07-02 20:22:43.561  1451  1514 V WindowStateAnimator: performShow on WindowStateAnimator{c2e4c17 com.android.systemui.ImageWallpaper}: mDrawState=READY_TO_SHOW readyForDisplay=false starting=false during animation: policyVis=true attHidden=false tok.hiddenRequested=false tok.hidden=false animating=false tok animating=false Callers=com.android.server.wm.WindowAnimator.updateWindowsLocked:440 com.android.server.wm.WindowAnimator.animateLocked:688 com.android.server.wm.WindowAnimator.access$000:53 
07-02 20:22:43.563  1451  1514 I WindowAnimator: <<< CLOSE TRANSACTION animateLocked
07-02 20:22:43.736  1451  2690 I WindowStateAnimator: createSurface WindowStateAnimator{479ca44 FloatNotificationPanel}: mDrawState=DRAW_PENDING
07-02 20:22:43.736  1451  2690 V WindowStateAnimator: Creating surface in session android.view.SurfaceSession@5368876 window WindowStateAnimator{479ca44 FloatNotificationPanel} w=1 h=1 x=0.0 y=0.0 format=-2 flags=4
07-02 20:22:43.738  1451  2690 I WindowStateAnimator:   CREATE SURFACE Surface(name=FloatNotificationPanel) IN SESSION android.view.SurfaceSession@5368876: pid=1863 format=-2 flags=0x4 / WindowStateAnimator{479ca44 FloatNotificationPanel}
07-02 20:22:43.738  1451  2690 I WindowStateAnimator: >>> OPEN TRANSACTION createSurfaceLocked
07-02 20:22:43.738  1451  2690 I WindowManager:   SURFACE CREATE pos=(0,0) (0x0), layer=171005 HIDE: Window{ed7a0d6 u0 FloatNotificationPanel}
07-02 20:22:43.739  1451  2690 I WindowStateAnimator: <<< CLOSE TRANSACTION createSurfaceLocked
07-02 20:22:43.739  1451  2690 I WindowManager:   OUT SURFACE Surface(name=null)/@0x814072d: copied
07-02 20:22:43.739  1451  2690 V WindowManager: Done at AppWindowToken{5dca8c9 token=Token{345a893 ActivityRecord{f5f0ccd u10 com.miui.securitycore/com.miui.securityspace.ui.activity.GuideStartActivity t94}}} -- full screen, return 1
07-02 20:22:43.739  1451  2690 I WindowManager: >>> OPEN TRANSACTION performLayoutAndPlaceSurfaces
07-02 20:22:43.740  1451  2690 I WindowManager:   SURFACE SIZE 720x189: Window{ed7a0d6 u0 FloatNotificationPanel}
07-02 20:22:43.740  1451  2690 I WindowManager:   SURFACE CROP [0,0][720,189]: Window{ed7a0d6 u0 FloatNotificationPanel}
07-02 20:22:43.740  1451  2690 V WindowManager: Resize reasons for w=Window{ed7a0d6 u0 FloatNotificationPanel}:  contentInsetsChanged=false [0,0][0,0] visibleInsetsChanged=false [0,0][0,0] stableInsetsChanged=true [0,48][0,0] outsetsChanged=false [0,0][0,0] surfaceResized=true configChanged=true
07-02 20:22:43.740  1451  2690 V WindowManager: Resizing window Window{ed7a0d6 u0 FloatNotificationPanel} to 720.0x189.0
07-02 20:22:43.740  1451  2690 I WindowStateAnimator: commitFinishDrawingLocked: mDrawState=READY_TO_SHOW Surface(name=com.android.systemui.ImageWallpaper)
07-02 20:22:43.741  1451  2690 V WindowStateAnimator: performShow on WindowStateAnimator{c2e4c17 com.android.systemui.ImageWallpaper}: mDrawState=READY_TO_SHOW readyForDisplay=false starting=false during animation: policyVis=true attHidden=false tok.hiddenRequested=false tok.hidden=false animating=false tok animating=false Callers=com.android.server.wm.WindowStateAnimator.commitFinishDrawingLocked:547 com.android.server.wm.WindowManagerService.performLayoutAndPlaceSurfacesLockedInner:10254 com.android.server.wm.WindowManagerService.performLayoutAndPlaceSurfacesLockedLoop:9131 
07-02 20:22:43.746  1451  2690 I WindowManager: <<< CLOSE TRANSACTION performLayoutAndPlaceSurfaces
07-02 20:22:43.755  1451  2690 I WindowManager: >>> OPEN TRANSACTION performLayoutAndPlaceSurfaces
07-02 20:22:43.755  1451  2690 I WindowStateAnimator: commitFinishDrawingLocked: mDrawState=READY_TO_SHOW Surface(name=com.android.systemui.ImageWallpaper)
07-02 20:22:43.756  1451  2690 V WindowStateAnimator: performShow on WindowStateAnimator{c2e4c17 com.android.systemui.ImageWallpaper}: mDrawState=READY_TO_SHOW readyForDisplay=false starting=false during animation: policyVis=true attHidden=false tok.hiddenRequested=false tok.hidden=false animating=false tok animating=false Callers=com.android.server.wm.WindowStateAnimator.commitFinishDrawingLocked:547 com.android.server.wm.WindowManagerService.performLayoutAndPlaceSurfacesLockedInner:10254 com.android.server.wm.WindowManagerService.performLayoutAndPlaceSurfacesLockedLoop:9131 
07-02 20:22:43.756  1451  2690 I WindowManager: <<< CLOSE TRANSACTION performLayoutAndPlaceSurfaces
07-02 20:22:43.761  1451  1514 I WindowAnimator: >>> OPEN TRANSACTION animateLocked
07-02 20:22:43.762  1451  1514 V WindowStateAnimator: performShow on WindowStateAnimator{c2e4c17 com.android.systemui.ImageWallpaper}: mDrawState=READY_TO_SHOW readyForDisplay=false starting=false during animation: policyVis=true attHidden=false tok.hiddenRequested=false tok.hidden=false animating=false tok animating=false Callers=com.android.server.wm.WindowAnimator.updateWindowsLocked:440 com.android.server.wm.WindowAnimator.animateLocked:688 com.android.server.wm.WindowAnimator.access$000:53 
07-02 20:22:43.762  1451  1514 I WindowManager:   SURFACE alpha=1.0 layer=171005 matrix=[1.0*1.0,0.0*1.0][0.0*1.0,1.0*1.0]: Window{ed7a0d6 u0 FloatNotificationPanel}
07-02 20:22:43.763  1451  1514 I WindowAnimator: <<< CLOSE TRANSACTION animateLocked
07-02 20:22:43.784  1451  2729 V WindowStateAnimator: finishDrawingLocked: mDrawState=COMMIT_DRAW_PENDING WindowStateAnimator{479ca44 FloatNotificationPanel} in Surface(name=FloatNotificationPanel)
07-02 20:22:43.788  1451  1514 I WindowManager: >>> OPEN TRANSACTION performLayoutAndPlaceSurfaces
07-02 20:22:43.789  1451  1514 I WindowStateAnimator: commitFinishDrawingLocked: mDrawState=READY_TO_SHOW Surface(name=FloatNotificationPanel)
07-02 20:22:43.789  1451  1514 V WindowStateAnimator: performShow on WindowStateAnimator{479ca44 FloatNotificationPanel}: mDrawState=READY_TO_SHOW readyForDisplay=true starting=false during animation: policyVis=true attHidden=false tok.hiddenRequested=false tok.hidden=false animating=false tok animating=false Callers=com.android.server.wm.WindowStateAnimator.commitFinishDrawingLocked:547 com.android.server.wm.WindowManagerService.performLayoutAndPlaceSurfacesLockedInner:10254 com.android.server.wm.WindowManagerService.performLayoutAndPlaceSurfacesLockedLoop:9131 
07-02 20:22:43.789  1451  1514 I WindowManager:   SURFACE SHOW (performShowLocked): Window{ed7a0d6 u0 FloatNotificationPanel}
07-02 20:22:43.789  1451  1514 V WindowStateAnimator: Showing WindowStateAnimator{479ca44 FloatNotificationPanel} during animation: policyVis=true attHidden=false tok.hiddenRequested=false tok.hidden=false animating=false tok animating=false
07-02 20:22:43.790  1451  1514 V WindowStateAnimator: applyAnimation: win=WindowStateAnimator{479ca44 FloatNotificationPanel} anim=0 attr=0x0 a=null transit=1 isEntrance=true Callers com.android.server.wm.WindowStateAnimator.applyEnterAnimationLocked:1827 com.android.server.wm.WindowStateAnimator.performShowLocked:1732 com.android.server.wm.WindowStateAnimator.commitFinishDrawingLocked:547 
07-02 20:22:43.790  1451  1514 V WindowStateAnimator: performShowLocked: mDrawState=HAS_DRAWN in WindowStateAnimator{479ca44 FloatNotificationPanel}
07-02 20:22:43.790  1451  1514 I WindowStateAnimator: commitFinishDrawingLocked: mDrawState=READY_TO_SHOW Surface(name=com.android.systemui.ImageWallpaper)
07-02 20:22:43.791  1451  1514 V WindowStateAnimator: performShow on WindowStateAnimator{c2e4c17 com.android.systemui.ImageWallpaper}: mDrawState=READY_TO_SHOW readyForDisplay=false starting=false during animation: policyVis=true attHidden=false tok.hiddenRequested=false tok.hidden=false animating=false tok animating=false Callers=com.android.server.wm.WindowStateAnimator.commitFinishDrawingLocked:547 com.android.server.wm.WindowManagerService.performLayoutAndPlaceSurfacesLockedInner:10254 com.android.server.wm.WindowManagerService.performLayoutAndPlaceSurfacesLockedLoop:9131 
07-02 20:22:43.792  1451  1514 I WindowManager: <<< CLOSE TRANSACTION performLayoutAndPlaceSurfaces
07-02 20:22:43.794  1451  1514 I WindowAnimator: >>> OPEN TRANSACTION animateLocked
07-02 20:22:43.795  1451  1514 V WindowStateAnimator: performShow on WindowStateAnimator{c2e4c17 com.android.systemui.ImageWallpaper}: mDrawState=READY_TO_SHOW readyForDisplay=false starting=false during animation: policyVis=true attHidden=false tok.hiddenRequested=false tok.hidden=false animating=false tok animating=false Callers=com.android.server.wm.WindowAnimator.updateWindowsLocked:440 com.android.server.wm.WindowAnimator.animateLocked:688 com.android.server.wm.WindowAnimator.access$000:53 
07-02 20:22:43.795  1451  1514 I WindowManager:   SURFACE alpha=1.0 layer=171005 matrix=[1.0*1.0,0.0*1.0][0.0*1.0,1.0*1.0]: Window{ed7a0d6 u0 FloatNotificationPanel}
07-02 20:22:43.795  1451  1514 I WindowManager:   SURFACE SHOW (performLayout): Window{ed7a0d6 u0 FloatNotificationPanel}
07-02 20:22:43.795  1451  1514 V WindowStateAnimator: Showing Window{ed7a0d6 u0 FloatNotificationPanel} during relayout
07-02 20:22:43.796  1451  1514 I WindowAnimator: <<< CLOSE TRANSACTION animateLocked
07-02 20:22:43.796  1451  1514 I WindowManager: >>> OPEN TRANSACTION performLayoutAndPlaceSurfaces
07-02 20:22:43.797  1451  1514 I WindowStateAnimator: commitFinishDrawingLocked: mDrawState=READY_TO_SHOW Surface(name=com.android.systemui.ImageWallpaper)
07-02 20:22:43.797  1451  1514 V WindowStateAnimator: performShow on WindowStateAnimator{c2e4c17 com.android.systemui.ImageWallpaper}: mDrawState=READY_TO_SHOW readyForDisplay=false starting=false during animation: policyVis=true attHidden=false tok.hiddenRequested=false tok.hidden=false animating=false tok animating=false Callers=com.android.server.wm.WindowStateAnimator.commitFinishDrawingLocked:547 com.android.server.wm.WindowManagerService.performLayoutAndPlaceSurfacesLockedInner:10254 com.android.server.wm.WindowManagerService.performLayoutAndPlaceSurfacesLockedLoop:9131 
07-02 20:22:43.801  1451  1514 I WindowManager: <<< CLOSE TRANSACTION performLayoutAndPlaceSurfaces
07-02 20:22:43.828  1451  1514 I WindowAnimator: >>> OPEN TRANSACTION animateLocked
07-02 20:22:43.828  1451  1514 V WindowStateAnimator: performShow on WindowStateAnimator{c2e4c17 com.android.systemui.ImageWallpaper}: mDrawState=READY_TO_SHOW readyForDisplay=false starting=false during animation: policyVis=true attHidden=false tok.hiddenRequested=false tok.hidden=false animating=false tok animating=false Callers=com.android.server.wm.WindowAnimator.updateWindowsLocked:440 com.android.server.wm.WindowAnimator.animateLocked:688 com.android.server.wm.WindowAnimator.access$000:53 
07-02 20:22:43.832  1451  1514 I WindowAnimator: <<< CLOSE TRANSACTION animateLocked
07-02 20:22:43.869  1451  2692 I WindowManager:   NEW SURFACE SESSION android.view.SurfaceSession@db6624f
07-02 20:22:43.947  1451  2637 I WindowManager: Releasing surface in: Window{ec1f4ae u10 com.miui.home/com.miui.home.launcher.Launcher}
07-02 20:22:43.948  1451  2637 V WindowManager: Done at AppWindowToken{5dca8c9 token=Token{345a893 ActivityRecord{f5f0ccd u10 com.miui.securitycore/com.miui.securityspace.ui.activity.GuideStartActivity t94}}} -- full screen, return 1
07-02 20:22:43.948  1451  2637 I WindowManager: >>> OPEN TRANSACTION performLayoutAndPlaceSurfaces
07-02 20:22:43.948  1451  2637 I WindowStateAnimator: commitFinishDrawingLocked: mDrawState=READY_TO_SHOW Surface(name=com.android.systemui.ImageWallpaper)
07-02 20:22:43.949  1451  2637 V WindowStateAnimator: performShow on WindowStateAnimator{c2e4c17 com.android.systemui.ImageWallpaper}: mDrawState=READY_TO_SHOW readyForDisplay=false starting=false during animation: policyVis=true attHidden=false tok.hiddenRequested=false tok.hidden=false animating=false tok animating=false Callers=com.android.server.wm.WindowStateAnimator.commitFinishDrawingLocked:547 com.android.server.wm.WindowManagerService.performLayoutAndPlaceSurfacesLockedInner:10254 com.android.server.wm.WindowManagerService.performLayoutAndPlaceSurfacesLockedLoop:9131 
07-02 20:22:43.951  1451  2637 I WindowManager: <<< CLOSE TRANSACTION performLayoutAndPlaceSurfaces
07-02 20:22:43.952  1451  2637 V WindowManager: Update reported visibility: AppWindowToken{1b8edf8 token=Token{8d16655 ActivityRecord{e1cd03f u10 com.miui.home/.launcher.Launcher t93}}}
07-02 20:22:43.952  1451  2637 V WindowManager: VIS AppWindowToken{1b8edf8 token=Token{8d16655 ActivityRecord{e1cd03f u10 com.miui.home/.launcher.Launcher t93}}}: interesting=0 visible=0
07-02 20:22:43.961  1451  1514 I WindowAnimator: >>> OPEN TRANSACTION animateLocked
07-02 20:22:43.962  1451  1514 V WindowStateAnimator: performShow on WindowStateAnimator{c2e4c17 com.android.systemui.ImageWallpaper}: mDrawState=READY_TO_SHOW readyForDisplay=false starting=false during animation: policyVis=true attHidden=false tok.hiddenRequested=false tok.hidden=false animating=false tok animating=false Callers=com.android.server.wm.WindowAnimator.updateWindowsLocked:440 com.android.server.wm.WindowAnimator.animateLocked:688 com.android.server.wm.WindowAnimator.access$000:53 
07-02 20:22:43.962  1451  1514 I WindowManager:   SURFACE alpha=1.0 layer=21015 matrix=[1.0*1.0,0.0*1.0][0.0*1.0,1.0*1.0]: Window{244b16f u10 com.miui.securitycore/com.miui.securityspace.ui.activity.GuideStartActivity}
07-02 20:22:43.963  1451  1514 I WindowAnimator: <<< CLOSE TRANSACTION animateLocked
07-02 20:22:44.112   432   432 E AAAA    : setUpHWComposer: empty: more  wasEmpty: notEmpty
07-02 20:22:44.147   432   432 E AAAA    : setUpHWComposer: empty: more  wasEmpty: notEmpty
07-02 20:22:44.162   432   432 E AAAA    : setUpHWComposer: empty: more  wasEmpty: notEmpty
07-02 20:22:44.179   432   432 E AAAA    : setUpHWComposer: empty: more  wasEmpty: notEmpty
07-02 20:22:44.229   432   432 E AAAA    : setUpHWComposer: empty: more  wasEmpty: notEmpty
07-02 20:22:44.264   432   432 E AAAA    : setUpHWComposer: empty: more  wasEmpty: notEmpty
07-02 20:22:44.279   432   432 E AAAA    : setUpHWComposer: empty: more  wasEmpty: notEmpty
07-02 20:22:44.296   432   432 E AAAA    : setUpHWComposer: empty: more  wasEmpty: notEmpty
07-02 20:22:44.312   432   432 E AAAA    : setUpHWComposer: empty: more  wasEmpty: notEmpty
07-02 20:22:44.379   432   432 E AAAA    : setUpHWComposer: empty: more  wasEmpty: notEmpty
07-02 20:22:47.288  1451  1979 I WindowManager:   KILL SURFACE SESSION android.view.SurfaceSession@157748e
07-02 20:22:48.774   432   432 E AAAA    : setUpHWComposer: empty: more  wasEmpty: notEmpty
07-02 20:22:48.790   432   432 E AAAA    : setUpHWComposer: empty: more  wasEmpty: notEmpty
07-02 20:22:48.807   432   432 E AAAA    : setUpHWComposer: empty: more  wasEmpty: notEmpty
07-02 20:22:48.824   432   432 E AAAA    : setUpHWComposer: empty: more  wasEmpty: notEmpty
07-02 20:22:48.841   432   432 E AAAA    : setUpHWComposer: empty: more  wasEmpty: notEmpty
07-02 20:22:48.857   432   432 E AAAA    : setUpHWComposer: empty: more  wasEmpty: notEmpty
07-02 20:22:48.874   432   432 E AAAA    : setUpHWComposer: empty: more  wasEmpty: notEmpty
07-02 20:22:48.891   432   432 E AAAA    : setUpHWComposer: empty: more  wasEmpty: notEmpty
07-02 20:22:48.895  1451  2108 I WindowManager: Relayout invis Window{ed7a0d6 u0 FloatNotificationPanel}: mExiting=false
07-02 20:22:48.896  1451  2108 V WindowStateAnimator: applyAnimation: win=WindowStateAnimator{479ca44 FloatNotificationPanel} anim=0 attr=0x1 a=null transit=2 isEntrance=false Callers com.android.server.wm.WindowManagerService.relayoutWindow:3351 com.android.server.wm.Session.relayout:208 android.view.IWindowSession$Stub.onTransact:284 
07-02 20:22:48.896  1451  2108 W WindowStateAnimator: Window WindowStateAnimator{479ca44 FloatNotificationPanel} destroying surface Surface(name=FloatNotificationPanel), session Session{43e4020 1863:1000}
0