04-13 10:47:32.362  1576  1671 I WindowManager: >>> OPEN TRANSACTION animateLocked
04-13 10:47:32.362  1576  1671 I WindowManager:   SURFACE Surface(name=com.android.systemui.ImageWallpaper)---MATRIX [1.0,0.0,0.0,1.0]: com.android.systemui.ImageWallpaper
04-13 10:47:32.362  1576  1671 I WindowManager:   SURFACE Surface(name=com.miui.securitycore/com.miui.securityspace.ui.activity.PrivateSpaceMainActivity)---MATRIX [1.0,0.0,0.0,1.0]: com.miui.securitycore/com.miui.securityspace.ui.activity.PrivateSpaceMainActivity
04-13 10:47:32.362  1576  1671 I WindowManager:   SURFACE Surface(name=StatusBar)---POS (setPositionInTransaction) @ (0.0,-7.0): StatusBar
04-13 10:47:32.362  1576  1671 I WindowManager:   SURFACE Surface(name=StatusBar)---MATRIX [1.0,0.0,0.0,1.0]: StatusBar
04-13 10:47:32.362  1576  1671 V WindowManager: prepareSurface: No changes in animation for WindowStateAnimator{fa7c04 StatusBar}
04-13 10:47:32.362  1576  1671 I WindowManager:   SURFACE Surface(name=)---MATRIX [1.0,0.0,0.0,1.0]: 
04-13 10:47:32.362  1576  1671 I WindowManager:   SURFACE controller=Surface(name=)alpha=1.0 layer=241000 matrix=[1.0*1.0,0.0*1.0][0.0*1.0,1.0*1.0]: Window{3bfbaea u0 android}
04-13 10:47:32.363  1576  1671 I WindowManager: <<< CLOSE TRANSACTION animateLocked
04-13 10:47:32.378   549   549 E AAAA    : setUpHWComposer: empty: more  wasEmpty: notEmpty
04-13 10:47:32.378  1576  1671 I WindowManager: >>> OPEN TRANSACTION animateLocked
04-13 10:47:32.379  1576  1671 I WindowManager:   SURFACE Surface(name=com.android.systemui.ImageWallpaper)---MATRIX [1.0,0.0,0.0,1.0]: com.android.systemui.ImageWallpaper
04-13 10:47:32.379  1576  1671 I WindowManager:   SURFACE Surface(name=com.miui.securitycore/com.miui.securityspace.ui.activity.PrivateSpaceMainActivity)---MATRIX [1.0,0.0,0.0,1.0]: com.miui.securitycore/com.miui.securityspace.ui.activity.PrivateSpaceMainActivity
04-13 10:47:32.379  1576  1671 I WindowManager:   SURFACE Surface(name=StatusBar)---POS (setPositionInTransaction) @ (0.0,-10.0): StatusBar
04-13 10:47:32.379  1576  1671 I WindowManager:   SURFACE Surface(name=StatusBar)---MATRIX [1.0,0.0,0.0,1.0]: StatusBar
04-13 10:47:32.379  1576  1671 V WindowManager: prepareSurface: No changes in animation for WindowStateAnimator{fa7c04 StatusBar}
04-13 10:47:32.379  1576  1671 I WindowManager:   SURFACE Surface(name=)---MATRIX [1.0,0.0,0.0,1.0]: 
04-13 10:47:32.379  1576  1671 I WindowManager:   SURFACE controller=Surface(name=)alpha=1.0 layer=241000 matrix=[1.0*1.0,0.0*1.0][0.0*1.0,1.0*1.0]: Window{3bfbaea u0 android}
04-13 10:47:32.380  1576  1671 I WindowManager: <<< CLOSE TRANSACTION animateLocked
04-13 10:47:32.395  1576  1671 I WindowManager: >>> OPEN TRANSACTION animateLocked
04-13 10:47:32.395  1576  1671 I WindowManager:   SURFACE Surface(name=com.android.systemui.ImageWallpaper)---MATRIX [1.0,0.0,0.0,1.0]: com.android.systemui.ImageWallpaper
04-13 10:47:32.395  1576  1671 I WindowManager:   SURFACE Surface(name=com.miui.securitycore/com.miui.securityspace.ui.activity.PrivateSpaceMainActivity)---MATRIX [1.0,0.0,0.0,1.0]: com.miui.securitycore/com.miui.securityspace.ui.activity.PrivateSpaceMainActivity
04-13 10:47:32.396  1576  1671 I WindowManager:   SURFACE Surface(name=StatusBar)---POS (setPositionInTransaction) @ (0.0,-14.0): StatusBar
04-13 10:47:32.396  1576  1671 I WindowManager:   SURFACE Surface(name=StatusBar)---MATRIX [1.0,0.0,0.0,1.0]: StatusBar
04-13 10:47:32.396  1576  1671 V WindowManager: prepareSurface: No changes in animation for WindowStateAnimator{fa7c04 StatusBar}
04-13 10:47:32.396  1576  1671 I WindowManager:   SURFACE Surface(name=)---MATRIX [1.0,0.0,0.0,1.0]: 
04-13 10:47:32.396  1576  1671 I WindowManager:   SURFACE controller=Surface(name=)alpha=1.0 layer=241000 matrix=[1.0*1.0,0.0*1.0][0.0*1.0,1.0*1.0]: Window{3bfbaea u0 android}
04-13 10:47:32.396   549   549 E AAAA    : setUpHWComposer: empty: more  wasEmpty: notEmpty
04-13 10:47:32.397  1576  1671 I WindowManager: <<< CLOSE TRANSACTION animateLocked
04-13 10:47:32.412   549   549 E AAAA    : setUpHWComposer: empty: more  wasEmpty: notEmpty
04-13 10:47:32.412  1576  1671 I WindowManager: >>> OPEN TRANSACTION animateLocked
04-13 10:47:32.412  1576  1671 I WindowManager:   SURFACE Surface(name=com.android.systemui.ImageWallpaper)---MATRIX [1.0,0.0,0.0,1.0]: com.android.systemui.ImageWallpaper
04-13 10:47:32.412  1576  1671 I WindowManager:   SURFACE Surface(name=com.miui.securitycore/com.miui.securityspace.ui.activity.PrivateSpaceMainActivity)---MATRIX [1.0,0.0,0.0,1.0]: com.miui.securitycore/com.miui.securityspace.ui.activity.PrivateSpaceMainActivity
04-13 10:47:32.412  1576  1671 I WindowManager:   SURFACE Surface(name=StatusBar)---POS (setPositionInTransaction) @ (0.0,-18.0): StatusBar
04-13 10:47:32.412  1576  1671 I WindowManager:   SURFACE Surface(name=StatusBar)---MATRIX [1.0,0.0,0.0,1.0]: StatusBar
04-13 10:47:32.412  1576  1671 V WindowManager: prepareSurface: No changes in animation for WindowStateAnimator{fa7c04 StatusBar}
04-13 10:47:32.412  1576  1671 I WindowManager:   SURFACE Surface(name=)---MATRIX [1.0,0.0,0.0,1.0]: 
04-13 10:47:32.412  1576  1671 I WindowManager:   SURFACE controller=Surface(name=)alpha=1.0 layer=241000 matrix=[1.0*1.0,0.0*1.0][0.0*1.0,1.0*1.0]: Window{3bfbaea u0 android}
04-13 10:47:32.413  1576  1671 I WindowManager: <<< CLOSE TRANSACTION animateLocked
04-13 10:47:32.430   549   549 E AAAA    : setUpHWComposer: empty: more  wasEmpty: notEmpty
04-13 10:47:32.430  1576  1671 I WindowManager: >>> OPEN TRANSACTION animateLocked
04-13 10:47:32.431  1576  1671 I WindowManager:   SURFACE Surface(name=com.android.systemui.ImageWallpaper)---MATRIX [1.0,0.0,0.0,1.0]: com.android.systemui.ImageWallpaper
04-13 10:47:32.431  1576  1671 I WindowManager:   SURFACE Surface(name=com.miui.securitycore/com.miui.securityspace.ui.activity.PrivateSpaceMainActivity)---MATRIX [1.0,0.0,0.0,1.0]: com.miui.securitycore/com.miui.securityspace.ui.activity.PrivateSpaceMainActivity
04-13 10:47:32.431  1576  1671 I WindowManager:   SURFACE Surface(name=StatusBar)---POS (setPositionInTransaction) @ (0.0,-23.0): StatusBar
04-13 10:47:32.431  1576  1671 I WindowManager:   SURFACE Surface(name=StatusBar)---MATRIX [1.0,0.0,0.0,1.0]: StatusBar
04-13 10:47:32.431  1576  1671 V WindowManager: prepareSurface: No changes in animation for WindowStateAnimator{fa7c04 StatusBar}
04-13 10:47:32.431  1576  1671 I WindowManager:   SURFACE Surface(name=)---MATRIX [1.0,0.0,0.0,1.0]: 
04-13 10:47:32.431  1576  1671 I WindowManager:   SURFACE controller=Surface(name=)alpha=1.0 layer=241000 matrix=[1.0*1.0,0.0*1.0][0.0*1.0,1.0*1.0]: Window{3bfbaea u0 android}
04-13 10:47:32.432  1576  1671 I WindowManager: <<< CLOSE TRANSACTION animateLocked
04-13 10:47:32.445  1576  1671 I WindowManager: >>> OPEN TRANSACTION animateLocked
04-13 10:47:32.445   549   549 E AAAA    : setUpHWComposer: empty: more  wasEmpty: notEmpty
04-13 10:47:32.446  1576  1671 I WindowManager:   SURFACE Surface(name=com.android.systemui.ImageWallpaper)---MATRIX [1.0,0.0,0.0,1.0]: com.android.systemui.ImageWallpaper
04-13 10:47:32.446  1576  1671 I WindowManager:   SURFACE Surface(name=com.miui.securitycore/com.miui.securityspace.ui.activity.PrivateSpaceMainActivity)---MATRIX [1.0,0.0,0.0,1.0]: com.miui.securitycore/com.miui.securityspace.ui.activity.PrivateSpaceMainActivity
04-13 10:47:32.446  1576  1671 I WindowManager:   SURFACE Surface(name=StatusBar)---POS (setPositionInTransaction) @ (0.0,-28.0): StatusBar
04-13 10:47:32.446  1576  1671 I WindowManager:   SURFACE Surface(name=StatusBar)---MATRIX [1.0,0.0,0.0,1.0]: StatusBar
04-13 10:47:32.446  1576  1671 V WindowManager: prepareSurface: No changes in animation for WindowStateAnimator{fa7c04 StatusBar}
04-13 10:47:32.446  1576  1671 I WindowManager:   SURFACE Surface(name=)---MATRIX [1.0,0.0,0.0,1.0]: 
04-13 10:47:32.446  1576  1671 I WindowManager:   SURFACE controller=Surface(name=)alpha=1.0 layer=241000 matrix=[1.0*1.0,0.0*1.0][0.0*1.0,1.0*1.0]: Window{3bfbaea u0 android}
04-13 10:47:32.447  1576  1671 I WindowManager: <<< CLOSE TRANSACTION animateLocked
04-13 10:47:32.462   549   549 E AAAA    : setUpHWComposer: empty: more  wasEmpty: notEmpty
04-13 10:47:32.462  1576  1671 I WindowManager: >>> OPEN TRANSACTION animateLocked
04-13 10:47:32.462  1576  1671 I WindowManager:   SURFACE Surface(name=com.android.systemui.ImageWallpaper)---MATRIX [1.0,0.0,0.0,1.0]: com.android.systemui.ImageWallpaper
04-13 10:47:32.462  1576  1671 I WindowManager:   SURFACE Surface(name=com.miui.securitycore/com.miui.securityspace.ui.activity.PrivateSpaceMainActivity)---MATRIX [1.0,0.0,0.0,1.0]: com.miui.securitycore/com.miui.securityspace.ui.activity.PrivateSpaceMainActivity
04-13 10:47:32.462  1576  1671 I WindowManager:   SURFACE Surface(name=StatusBar)---POS (setPositionInTransaction) @ (0.0,-35.0): StatusBar
04-13 10:47:32.462  1576  1671 I WindowManager:   SURFACE Surface(name=StatusBar)---MATRIX [1.0,0.0,0.0,1.0]: StatusBar
04-13 10:47:32.462  1576  1671 V WindowManager: prepareSurface: No changes in animation for WindowStateAnimator{fa7c04 StatusBar}
04-13 10:47:32.463  1576  1671 I WindowManager:   SURFACE Surface(name=)---MATRIX [1.0,0.0,0.0,1.0]: 
04-13 10:47:32.463  1576  1671 I WindowManager:   SURFACE controller=Surface(name=)alpha=1.0 layer=241000 matrix=[1.0*1.0,0.0*1.0][0.0*1.0,1.0*1.0]: Window{3bfbaea u0 android}
04-13 10:47:32.463  1576  1671 I WindowManager: <<< CLOSE TRANSACTION animateLocked
04-13 10:47:32.464  1576  1666 V WindowManager: finishDrawingLocked: mDrawState=COMMIT_DRAW_PENDING Window{3bfbaea u0 android} in Surface(name=)
04-13 10:47:32.465  1576  1671 I WindowManager: >>> OPEN TRANSACTION performLayoutAndPlaceSurfaces
04-13 10:47:32.465  1576  1671 I WindowManager: commitFinishDrawingLocked: mDrawState=READY_TO_SHOW Surface(name=)
04-13 10:47:32.465  1576  1671 V WindowManager: Loading animations: layout params pkg=android resId=0x10303eb
04-13 10:47:32.465  1576  1671 V WindowManager: Loading animations: picked package=android
04-13 10:47:32.467  1576  1671 V WindowManager: applyAnimation: win=WindowStateAnimator{d9c3faf } anim=0 attr=0x0 a=android.view.animation.AnimationSet@ae06e08 transit=1 isEntrance=true Callers com.android.server.wm.WindowStateAnimator.applyEnterAnimationLocked:1840 com.android.server.wm.WindowStateAnimator.performShowLocked:1756 com.android.server.wm.WindowStateAnimator.commitFinishDrawingLocked:631 
04-13 10:47:32.467  1576  1671 I WindowManager: Loaded animation android.view.animation.AnimationSet@ae06e08 for WindowStateAnimator{d9c3faf }
04-13 10:47:32.467  1576  1671 V WindowManager: performShowLocked: mDrawState=HAS_DRAWN in Window{3bfbaea u0 android}
04-13 10:47:32.467  1576  1671 I WindowManager:   SURFACE Surface(name=)---MATRIX [1.0,0.0,0.0,1.0]: 
04-13 10:47:32.467  1576  1671 I WindowManager:   SURFACE Surface(name=StatusBar)---MATRIX [1.0,0.0,0.0,1.0]: StatusBar
04-13 10:47:32.467  1576  1671 I WindowManager:   SURFACE Surface(name=com.miui.securitycore/com.miui.securityspace.ui.activity.PrivateSpaceMainActivity)---MATRIX [1.0,0.0,0.0,1.0]: com.miui.securitycore/com.miui.securityspace.ui.activity.PrivateSpaceMainActivity
04-13 10:47:32.467  1576  1671 I WindowManager:   SURFACE Surface(name=com.android.systemui.ImageWallpaper)---MATRIX [1.0,0.0,0.0,1.0]: com.android.systemui.ImageWallpaper
04-13 10:47:32.468  1576  1671 I WindowManager: <<< CLOSE TRANSACTION performLayoutAndPlaceSurfaces
04-13 10:47:32.478  1576  1671 I WindowManager: >>> OPEN TRANSACTION animateLocked
04-13 10:47:32.478  1576  1671 V WindowManager: Starting animation in WindowStateAnimator{d9c3faf } @ 236300: ww=1080 wh=1920 dx=1080 dy=1920 scale=1.0
04-13 10:47:32.479  1576  1671 I WindowManager:   SURFACE Surface(name=com.android.systemui.ImageWallpaper)---MATRIX [1.0,0.0,0.0,1.0]: com.android.systemui.ImageWallpaper
04-13 10:47:32.479   549   549 E AAAA    : setUpHWComposer: empty: more  wasEmpty: notEmpty
04-13 10:47:32.479  1576  1671 I WindowManager:   SURFACE Surface(name=com.miui.securitycore/com.miui.securityspace.ui.activity.PrivateSpaceMainActivity)---MATRIX [1.0,0.0,0.0,1.0]: com.miui.securitycore/com.miui.securityspace.ui.activity.PrivateSpaceMainActivity
04-13 10:47:32.479  1576  1671 I WindowManager:   SURFACE Surface(name=StatusBar)---POS (setPositionInTransaction) @ (0.0,-42.0): StatusBar
04-13 10:47:32.479  1576  1671 I WindowManager:   SURFACE Surface(name=StatusBar)---MATRIX [1.0,0.0,0.0,1.0]: StatusBar
04-13 10:47:32.479  1576  1671 V WindowManager: prepareSurface: No changes in animation for WindowStateAnimator{fa7c04 StatusBar}
04-13 10:47:32.479  1576  1671 I WindowManager:   SURFACE Surface(name=)---POS (setPositionInTransaction) @ (54.0,96.0): 
04-13 10:47:32.479  1576  1671 I WindowManager:   SURFACE Surface(name=)---MATRIX [0.9,0.0,0.0,0.9]: 
04-13 10:47:32.479  1576  1671 I WindowManager:   SURFACE controller=Surface(name=)alpha=0.0 layer=241000 matrix=[0.9*1.0,0.0*1.0][0.0*1.0,0.9*1.0]: Window{3bfbaea u0 android}
04-13 10:47:32.479  1576  1671 I WindowManager:   SURFACE Surface(name=)---SHOW (performLayout): 
04-13 10:47:32.479  1576  1671 I WindowManager: <<< CLOSE TRANSACTION animateLocked
04-13 10:47:32.480  1576  1671 I WindowManager: >>> OPEN TRANSACTION removeReplacedWindows
04-13 10:47:32.480  1576  1671 I WindowManager: <<< CLOSE TRANSACTION removeReplacedWindows
04-13 10:47:32.480  1576  1671 I WindowManager: >>> OPEN TRANSACTION performLayoutAndPlaceSurfaces
04-13 10:47:32.480  1576  1671 I WindowManager:   SURFACE Surface(name=)---MATRIX [0.9,0.0,0.0,0.9]: 
04-13 10:47:32.480  1576  1671 I WindowManager:   SURFACE Surface(name=StatusBar)---MATRIX [1.0,0.0,0.0,1.0]: StatusBar
04-13 10:47:32.481  1576  1671 I WindowManager:   SURFACE Surface(name=com.miui.securitycore/com.miui.securityspace.ui.activity.PrivateSpaceMainActivity)---MATRIX [1.0,0.0,0.0,1.0]: com.miui.securitycore/com.miui.securityspace.ui.activity.PrivateSpaceMainActivity
04-13 10:47:32.481  1576  1671 I WindowManager:   SURFACE Surface(name=com.android.systemui.ImageWallpaper)---MATRIX [1.0,0.0,0.0,1.0]: com.android.systemui.ImageWallpaper
04-13 10:47:32.481  1576  1671 I WindowManager: <<< CLOSE TRANSACTION performLayoutAndPlaceSurfaces
04-13 10:47:32.495  1576  1671 I WindowManager: >>> OPEN TRANSACTION animateLocked
04-13 10:47:32.495   549   549 E AAAA    : setUpHWComposer: empty: more  wasEmpty: notEmpty
04-13 10:47:32.495  1576  1671 I WindowManager:   SURFACE Surface(name=com.android.systemui.ImageWallpaper)---MATRIX [1.0,0.0,0.0,1.0]: com.android.systemui.ImageWallpaper
04-13 10:47:32.495  1576  1671 I WindowManager:   SURFACE Surface(name=com.miui.securitycore/com.miui.securityspace.ui.activity.PrivateSpaceMainActivity)---MATRIX [1.0,0.0,0.0,1.0]: com.miui.securitycore/com.miui.securityspace.ui.activity.PrivateSpaceMainActivity
04-13 10:47:32.495  1576  1671 I WindowManager:   SURFACE Surface(name=StatusBar)---POS (setPositionInTransaction) @ (0.0,-51.0): StatusBar
04-13 10:47:32.496  1576  1671 I WindowManager:   SURFACE Surface(name=StatusBar)---MATRIX [1.0,0.0,0.0,1.0]: StatusBar
04-13 10:47:32.496  1576  1671 V WindowManager: prepareSurface: No changes in animation for WindowStateAnimator{fa7c04 StatusBar}
04-13 10:47:32.496  1576  1671 I WindowManager:   SURFACE Surface(name=)---POS (setPositionInTransaction) @ (36.0,64.0): 
04-13 10:47:32.496  1576  1671 I WindowManager:   SURFACE Surface(name=)---MATRIX [0.9331091,0.0,0.0,0.9331091]: 
04-13 10:47:32.496  1576  1671 I WindowManager:   SURFACE controller=Surface(name=)alpha=0.3029224 layer=241000 matrix=[0.9331091*1.0,0.0*1.0][0.0*1.0,0.9331091*1.0]: Window{3bfbaea u0 android}
04-13 10:47:32.496  1576  1671 I WindowManager: <<< CLOSE TRANSACTION animateLocked
04-13 10:47:32.512  1576  1671 I WindowManager: >>> OPEN TRANSACTION animateLocked
04-13 10:47:32.512   549   549 E AAAA    : setUpHWComposer: empty: more  wasEmpty: notEmpty
04-13 10:47:32.512  1576  1671 I WindowManager:   SURFACE Surface(name=com.android.systemui.ImageWallpaper)---MATRIX [1.0,0.0,0.0,1.0]: com.android.systemui.ImageWallpaper
04-13 10:47:32.512  1576  1671 I WindowManager:   SURFACE Surface(name=com.miui.securitycore/com.miui.securityspace.ui.activity.PrivateSpaceMainActivity)---MATRIX [1.0,0.0,0.0,1.0]: com.miui.securitycore/com.miui.securityspace.ui.activity.PrivateSpaceMainActivity
04-13 10:47:32.512  1576  1671 I WindowManager:   SURFACE Surface(name=StatusBar)---POS (setPositionInTransaction) @ (0.0,-60.0): StatusBar
04-13 10:47:32.512  1576  1671 I WindowManager:   SURFACE Surface(name=StatusBar)---MATRIX [1.0,0.0,0.0,1.0]: StatusBar
04-13 10:47:32.512  1576  1671 V WindowManager: prepareSurface: No changes in animation for WindowStateAnimator{fa7c04 StatusBar}
04-13 10:47:32.512  1576  1671 I WindowManager:   SURFACE Surface(name=)---POS (setPositionInTransaction) @ (24.0,43.0): 
04-13 10:47:32.512  1576  1671 I WindowManager:   SURFACE Surface(name=)---MATRIX [0.95562947,0.0,0.0,0.95562947]: 
04-13 10:47:32.513  1576  1671 I WindowManager:   SURFACE controller=Surface(name=)alpha=0.525448 layer=241000 matrix=[0.95562947*1.0,0.0*1.0][0.0*1.0,0.95562947*1.0]: Window{3bfbaea u0 android}
04-13 10:47:32.513  1576  1671 I WindowManager: <<< CLOSE TRANSACTION animateLocked
04-13 10:47:32.528  1576  1671 I WindowManager: >>> OPEN TRANSACTION animateLocked
04-13 10:47:32.529  1576  1671 V WindowManager: Finished animation in WindowStateAnimator{fa7c04 StatusBar} @ 236350
04-13 10:47:32.529  1576  1671 V WindowManager: Animation done in WindowStateAnimator{fa7c04 StatusBar}: exiting=false, reportedVisible=false
04-13 10:47:32.529  1576  1671 V WindowManager: finishExit in WindowStateAnimator{fa7c04 StatusBar}: exiting=false remove=false windowAnimating=false
04-13 10:47:32.529  1576  1671 I WindowManager:   SURFACE Surface(name=com.android.systemui.ImageWallpaper)---MATRIX [1.0,0.0,0.0,1.0]: com.android.systemui.ImageWallpaper
04-13 10:47:32.529  1576  1671 I WindowManager:   SURFACE Surface(name=com.miui.securitycore/com.miui.securityspace.ui.activity.PrivateSpaceMainActivity)---MATRIX [1.0,0.0,0.0,1.0]: com.miui.securitycore/com.miui.securityspace.ui.activity.PrivateSpaceMainActivity
04-13 10:47:32.529  1576  1671 I WindowManager:   SURFACE Surface(name=StatusBar)---POS (setPositionInTransaction) @ (0.0,0.0): StatusBar
04-13 10:47:32.529  1576  1671 I WindowManager:   SURFACE Surface(name=StatusBar)---MATRIX [1.0,0.0,0.0,1.0]: StatusBar
04-13 10:47:32.529  1576  1671 I WindowManager:   SURFACE Surface(name=StatusBar)---HIDE ( prepareSurfaceLocked ): StatusBar
04-13 10:47:32.529  1576  1671 I WindowManager:   SURFACE Surface(name=)---POS (setPositionInTransaction) @ (15.0,26.0): 
04-13 10:47:32.529  1576  1671 I WindowManager:   SURFACE Surface(name=)---MATRIX [0.97244936,0.0,0.0,0.97244936]: 
04-13 10:47:32.529  1576  1671 I WindowManager:   SURFACE controller=Surface(name=)alpha=0.70370376 layer=241000 matrix=[0.97244936*1.0,0.0*1.0][0.0*1.0,0.97244936*1.0]: Window{3bfbaea u0 android}
04-13 10:47:32.530   549   549 E AAAA    : setUpHWComposer: empty: more  wasEmpty: notEmpty
04-13 10:47:32.531  1576  1671 I WindowManager: <<< CLOSE TRANSACTION animateLocked
04-13 10:47:32.532  1576  1671 I WindowManager: >>> OPEN TRANSACTION performLayoutAndPlaceSurfaces
04-13 10:47:32.533  1576  1671 I WindowManager:   SURFACE Surface(name=)---MATRIX [0.97244936,0.0,0.0,0.97244936]: 
04-13 10:47:32.533  1576  1671 V WindowManager: Resize reasons for w=Window{3bfbaea u0 android}:  contentInsetsChanged=false [0,60][0,0] visibleInsetsChanged=true [0,0][0,0] stableInsetsChanged=false [0,60][0,0] outsetsChanged=false [0,0][0,0] surfaceResized=false configChanged=false dragResizingChanged=false resizedWhileNotDragResizingReported=true
04-13 10:47:32.533  1576  1671 V WindowManager: Resizing window Window{3bfbaea u0 android}
04-13 10:47:32.533  1576  1671 I WindowManager:   SURFACE Surface(name=StatusBar)---MATRIX [1.0,0.0,0.0,1.0]: StatusBar
04-13 10:47:32.533  1576  1671 I WindowManager:   SURFACE Surface(name=com.miui.securitycore/com.miui.securityspace.ui.activity.PrivateSpaceMainActivity)---MATRIX [1.0,0.0,0.0,1.0]: com.miui.securitycore/com.miui.securityspace.ui.activity.PrivateSpaceMainActivity
04-13 10:47:32.533  1576  1671 V WindowManager: Resize reasons for w=Window{384e9ab u0 com.miui.securitycore/com.miui.securityspace.ui.activity.PrivateSpaceMainActivity}:  contentInsetsChanged=false [0,60][0,0] visibleInsetsChanged=true [0,0][0,0] stableInsetsChanged=false [0,60][0,0] outsetsChanged=false [0,0][0,0] surfaceResized=false configChanged=false dragResizingChanged=false resizedWhileNotDragResizingReported=true
04-13 10:47:32.533  1576  1671 V WindowManager: Resizing window Window{384e9ab u0 com.miui.securitycore/com.miui.securityspace.ui.activity.PrivateSpaceMainActivity}
04-13 10:47:32.533  1576  1671 I WindowManager:   SURFACE Surface(name=com.android.systemui.ImageWallpaper)---MATRIX [1.0,0.0,0.0,1.0]: com.android.systemui.ImageWallpaper
04-13 10:47:32.534  1576  1671 I WindowManager: <<< CLOSE TRANSACTION performLayoutAndPlaceSurfaces
04-13 10:47:32.534  1576  1671 V WindowManager: Reporting new frame to Window{384e9ab u0 com.miui.securitycore/com.miui.securityspace.ui.activity.PrivateSpaceMainActivity}: Rect(0, 0 - 1080, 1920)
04-13 10:47:32.534  1576  1671 V WindowManager: Reporting new frame to Window{3bfbaea u0 android}: Rect(0, 0 - 1080, 1920)
04-13 10:47:32.545  1576  1671 I WindowManager: >>> OPEN TRANSACTION animateLocked
04-13 10:47:32.545  1576  1671 I WindowManager:   SURFACE Surface(name=com.android.systemui.ImageWallpaper)---MATRIX [1.0,0.0,0.0,1.0]: com.android.systemui.ImageWallpaper
04-13 10:47:32.546  1576  1671 I WindowManager:   SURFACE Surface(name=com.miui.securitycore/com.miui.securityspace.ui.activity.PrivateSpaceMainActivity)---MATRIX [1.0,0.0,0.0,1.0]: com.miui.securitycore/com.miui.securityspace.ui.activity.PrivateSpaceMainActivity
04-13 10:47:32.546  1576  1671 I WindowManager:   SURFACE Surface(name=StatusBar)---MATRIX [1.0,0.0,0.0,1.0]: StatusBar
04-13 10:47:32.546  1576  1671 I WindowManager:   SURFACE Surface(name=)---POS (setPositionInTransaction) @ (9.0,16.0): 
04-13 10:47:32.546  1576  1671 I WindowManager:   SURFACE Surface(name=)---MATRIX [0.9837316,0.0,0.0,0.9837316]: 
04-13 10:47:32.546  1576  1671 I WindowManager:   SURFACE controller=Surface(name=)alpha=0.8305816 layer=241000 matrix=[0.9837316*1.0,0.0*1.0][0.0*1.0,0.9837316*1.0]: Window{3bfbaea u0 android}
04-13 10:47:32.546  1576  1671 I WindowManager: <<< CLOSE TRANSACTION animateLocked
04-13 10:47:32.547   549   549 E AAAA    : setUpHWComposer: empty: more  wasEmpty: notEmpty
04-13 10:47:32.562  1576  1671 I WindowManager: >>> OPEN TRANSACTION animateLocked
04-13 10:47:32.562  1576  1671 I WindowManager:   SURFACE Surface(name=com.android.systemui.ImageWallpaper)---MATRIX [1.0,0.0,0.0,1.0]: com.android.systemui.ImageWallpaper
04-13 10:47:32.562  1576  1671 I WindowManager:   SURFACE Surface(name=com.miui.securitycore/com.miui.securityspace.ui.activity.PrivateSpaceMainActivity)---MATRIX [1.0,0.0,0.0,1.0]: com.miui.securitycore/com.miui.securityspace.ui.activity.PrivateSpaceMainActivity
04-13 10:47:32.562  1576  1671 I WindowManager:   SURFACE Surface(name=StatusBar)---MATRIX [1.0,0.0,0.0,1.0]: StatusBar
04-13 10:47:32.562  1576  1671 I WindowManager:   SURFACE Surface(name=)---POS (setPositionInTransaction) @ (5.0,9.0): 
04-13 10:47:32.562  1576  1671 I WindowManager:   SURFACE Surface(name=)---MATRIX [0.9906354,0.0,0.0,0.9906354]: 
04-13 10:47:32.562  1576  1671 I WindowManager:   SURFACE controller=Surface(name=)alpha=0.91088504 layer=241000 matrix=[0.9906354*1.0,0.0*1.0][0.0*1.0,0.9906354*1.0]: Window{3bfbaea u0 android}
04-13 10:47:32.563  1576  1671 I WindowManager: <<< CLOSE TRANSACTION animateLocked
04-13 10:47:32.564   549   549 E AAAA    : setUpHWComposer: empty: more  wasEmpty: notEmpty
04-13 10:47:32.579   549   549 E AAAA    : setUpHWComposer: empty: more  wasEmpty: notEmpty
04-13 10:47:32.579  1576  1671 I WindowManager: >>> OPEN TRANSACTION animateLocked
04-13 10:47:32.579  1576  1671 I WindowManager:   SURFACE Surface(name=com.android.systemui.ImageWallpaper)---MATRIX [1.0,0.0,0.0,1.0]: com.android.systemui.ImageWallpaper
04-13 10:47:32.579  1576  1671 I WindowManager:   SURFACE Surface(name=com.miui.securitycore/com.miui.securityspace.ui.activity.PrivateSpaceMainActivity)---MATRIX [1.0,0.0,0.0,1.0]: com.miui.securitycore/com.miui.securityspace.ui.activity.PrivateSpaceMainActivity
04-13 10:47:32.579  1576  1671 I WindowManager:   SURFACE Surface(name=StatusBar)---MATRIX [1.0,0.0,0.0,1.0]: StatusBar
04-13 10:47:32.579  1576  1671 I WindowManager:   SURFACE Surface(name=)---POS (setPositionInTransaction) @ (3.0,5.0): 
04-13 10:47:32.579  1576  1671 I WindowManager:   SURFACE Surface(name=)---MATRIX [0.9951717,0.0,0.0,0.9951717]: 
04-13 10:47:32.579  1576  1671 I WindowManager:   SURFACE controller=Surface(name=)alpha=0.962963 layer=241000 matrix=[0.9951717*1.0,0.0*1.0][0.0*1.0,0.9951717*1.0]: Window{3bfbaea u0 android}
04-13 10:47:32.580  1576  1671 I WindowManager: <<< CLOSE TRANSACTION animateLocked
04-13 10:47:32.596   549   549 E AAAA    : setUpHWComposer: empty: more  wasEmpty: notEmpty
04-13 10:47:32.596  1576  1671 I WindowManager: >>> OPEN TRANSACTION animateLocked
04-13 10:47:32.596  1576  1671 I WindowManager:   SURFACE Surface(name=com.android.systemui.ImageWallpaper)---MATRIX [1.0,0.0,0.0,1.0]: com.android.systemui.ImageWallpaper
04-13 10:47:32.597  1576  1671 I WindowManager:   SURFACE Surface(name=com.miui.securitycore/com.miui.securityspace.ui.activity.PrivateSpaceMainActivity)---MATRIX [1.0,0.0,0.0,1.0]: com.miui.securitycore/com.miui.securityspace.ui.activity.PrivateSpaceMainActivity
04-13 10:47:32.597  1576  1671 I WindowManager:   SURFACE Surface(name=StatusBar)---MATRIX [1.0,0.0,0.0,1.0]: StatusBar
04-13 10:47:32.597  1576  1671 I WindowManager:   SURFACE Surface(name=)---POS (setPositionInTransaction) @ (1.0,2.0): 
04-13 10:47:32.597  1576  1671 I WindowManager:   SURFACE Surface(name=)---MATRIX [0.9977506,0.0,0.0,0.9977506]: 
04-13 10:47:32.597  1576  1671 I WindowManager:   SURFACE controller=Surface(name=)alpha=0.989352 layer=241000 matrix=[0.9977506*1.0,0.0*1.0][0.0*1.0,0.9977506*1.0]: Window{3bfbaea u0 android}
04-13 10:47:32.598  1576  1671 I WindowManager: <<< CLOSE TRANSACTION animateLocked
04-13 10:47:32.612   549   549 E AAAA    : setUpHWComposer: empty: more  wasEmpty: notEmpty
04-13 10:47:32.613  1576  1671 I WindowManager: >>> OPEN TRANSACTION animateLocked
04-13 10:47:32.614  1576  1671 I WindowManager:   SURFACE Surface(name=com.android.systemui.ImageWallpaper)---MATRIX [1.0,0.0,0.0,1.0]: com.android.systemui.ImageWallpaper
04-13 10:47:32.614  1576  1671 I WindowManager:   SURFACE Surface(name=com.miui.securitycore/com.miui.securityspace.ui.activity.PrivateSpaceMainActivity)---MATRIX [1.0,0.0,0.0,1.0]: com.miui.securitycore/com.miui.securityspace.ui.activity.PrivateSpaceMainActivity
04-13 10:47:32.614  1576  1671 I WindowManager:   SURFACE Surface(name=StatusBar)---MATRIX [1.0,0.0,0.0,1.0]: StatusBar
04-13 10:47:32.614  1576  1671 I WindowManager:   SURFACE Surface(name=)---POS (setPositionInTransaction) @ (1.0,1.0): 
04-13 10:47:32.614  1576  1671 I WindowManager:   SURFACE Surface(name=)---MATRIX [0.99903286,0.0,0.0,0.99903286]: 
04-13 10:47:32.614  1576  1671 I WindowManager:   SURFACE controller=Surface(name=)alpha=0.9985443 layer=241000 matrix=[0.99903286*1.0,0.0*1.0][0.0*1.0,0.99903286*1.0]: Window{3bfbaea u0 android}
04-13 10:47:32.614  1576  1671 I WindowManager: <<< CLOSE TRANSACTION animateLocked
04-13 10:47:32.629   549   549 E AAAA    : setUpHWComposer: empty: more  wasEmpty: notEmpty
04-13 10:47:32.630  1576  1671 I WindowManager: >>> OPEN TRANSACTION animateLocked
04-13 10:47:32.630  1576  1671 I WindowManager:   SURFACE Surface(name=com.android.systemui.ImageWallpaper)---MATRIX [1.0,0.0,0.0,1.0]: com.android.systemui.ImageWallpaper
04-13 10:47:32.630  1576  1671 I WindowManager:   SURFACE Surface(name=com.miui.securitycore/com.miui.securityspace.ui.activity.PrivateSpaceMainActivity)---MATRIX [1.0,0.0,0.0,1.0]: com.miui.securitycore/com.miui.securityspace.ui.activity.PrivateSpaceMainActivity
04-13 10:47:32.630  1576  1671 I WindowManager:   SURFACE Surface(name=StatusBar)---MATRIX [1.0,0.0,0.0,1.0]: StatusBar
04-13 10:47:32.630  1576  1671 I WindowManager:   SURFACE Surface(name=)---POS (setPositionInTransaction) @ (0.0,0.0): 
04-13 10:47:32.630  1576  1671 I WindowManager:   SURFACE Surface(name=)---MATRIX [0.9996739,0.0,0.0,0.9996739]: 
04-13 10:47:32.631  1576  1671 I WindowManager:   SURFACE controller=Surface(name=)alpha=1.0 layer=241000 matrix=[0.9996739*1.0,0.0*1.0][0.0*1.0,0.9996739*1.0]: Window{3bfbaea u0 android}
04-13 10:47:32.632  1576  1671 I WindowManager: <<< CLOSE TRANSACTION animateLocked
04-13 10:47:32.645   549   549 E AAAA    : setUpHWComposer: empty: more  wasEmpty: notEmpty
04-13 10:47:32.645  1576  1671 I WindowManager: >>> OPEN TRANSACTION animateLocked
04-13 10:47:32.645  1576  1671 I WindowManager:   SURFACE Surface(name=com.android.systemui.ImageWallpaper)---MATRIX [1.0,0.0,0.0,1.0]: com.android.systemui.ImageWallpaper
04-13 10:47:32.645  1576  1671 I WindowManager:   SURFACE Surface(name=com.miui.securitycore/com.miui.securityspace.ui.activity.PrivateSpaceMainActivity)---MATRIX [1.0,0.0,0.0,1.0]: com.miui.securitycore/com.miui.securityspace.ui.activity.PrivateSpaceMainActivity
04-13 10:47:32.646  1576  1671 I WindowManager:   SURFACE Surface(name=StatusBar)---MATRIX [1.0,0.0,0.0,1.0]: StatusBar
04-13 10:47:32.646  1576  1671 I WindowManager:   SURFACE Surface(name=)---MATRIX [0.9999189,0.0,0.0,0.9999189]: 
04-13 10:47:32.646  1576  1671 I WindowManager:   SURFACE controller=Surface(name=)alpha=1.0 layer=241000 matrix=[0.9999189*1.0,0.0*1.0][0.0*1.0,0.9999189*1.0]: Window{3bfbaea u0 android}
04-13 10:47:32.646  1576  1671 I WindowManager: <<< CLOSE TRANSACTION animateLocked
04-13 10:47:32.663   549   549 E AAAA    : setUpHWComposer: empty: hasOne  wasEmpty: notEmpty
04-13 10:47:32.663   549   549 E AAAA    : layer name 
04-13 10:47:32.666  1576  1671 I WindowManager: >>> OPEN TRANSACTION animateLocked
04-13 10:47:32.667  1576  1671 I WindowManager:   SURFACE Surface(name=com.android.systemui.ImageWallpaper)---MATRIX [1.0,0.0,0.0,1.0]: com.android.systemui.ImageWallpaper
04-13 10:47:32.667  1576  1671 I WindowManager:   SURFACE Surface(name=com.miui.securitycore/com.miui.securityspace.ui.activity.PrivateSpaceMainActivity)---MATRIX [1.0,0.0,0.0,1.0]: com.miui.securitycore/com.miui.securityspace.ui.activity.PrivateSpaceMainActivity
04-13 10:47:32.667  1576  1671 I WindowManager:   SURFACE Surface(name=StatusBar)---MATRIX [1.0,0.0,0.0,1.0]: StatusBar
04-13 10:47:32.667  1576  1671 I WindowManager:   SURFACE Surface(name=)---MATRIX [0.9999865,0.0,0.0,0.9999865]: 
04-13 10:47:32.667  1576  1671 I WindowManager:   SURFACE controller=Surface(name=)alpha=1.0 layer=241000 matrix=[0.9999865*1.0,0.0*1.0][0.0*1.0,0.9999865*1.0]: Window{3bfbaea u0 android}
04-13 10:47:32.668  1576  1671 I WindowManager: <<< CLOSE TRANSACTION animateLocked
04-13 10:47:32.678  1576  1671 I WindowManager: >>> OPEN TRANSACTION animateLocked
04-13 10:47:32.679   549   549 E AAAA    : setUpHWComposer: empty: hasOne  wasEmpty: notEmpty
04-13 10:47:32.679  1576  1671 I WindowManager:   SURFACE Surface(name=com.android.systemui.ImageWallpaper)---MATRIX [1.0,0.0,0.0,1.0]: com.android.systemui.ImageWallpaper
04-13 10:47:32.679   549   549 E AAAA    : layer name 
04-13 10:47:32.679  1576  1671 I WindowManager:   SURFACE Surface(name=com.miui.securitycore/com.miui.securityspace.ui.activity.PrivateSpaceMainActivity)---MATRIX [1.0,0.0,0.0,1.0]: com.miui.securitycore/com.miui.securityspace.ui.activity.PrivateSpaceMainActivity
04-13 10:47:32.679  1576  1671 I WindowManager:   SURFACE Surface(name=StatusBar)---MATRIX [1.0,0.0,0.0,1.0]: StatusBar
04-13 10:47:32.679  1576  1671 I WindowManager:   SURFACE Surface(name=)---MATRIX [0.9999994,0.0,0.0,0.9999994]: 
04-13 10:47:32.679  1576  1671 I WindowManager:   SURFACE controller=Surface(name=)alpha=1.0 layer=241000 matrix=[0.9999994*1.0,0.0*1.0][0.0*1.0,0.9999994*1.0]: Window{3bfbaea u0 android}
04-13 10:47:32.680  1576  1671 I WindowManager: <<< CLOSE TRANSACTION animateLocked
04-13 10:47:32.695   549   549 E AAAA    : setUpHWComposer: empty: hasOne  wasEmpty: notEmpty
04-13 10:47:32.695   549   549 E AAAA    : layer name 
04-13 10:47:32.698  1576  1671 I WindowManager: >>> OPEN TRANSACTION animateLocked
04-13 10:47:32.698  1576  1671 I WindowManager:   SURFACE Surface(name=com.android.systemui.ImageWallpaper)---MATRIX [1.0,0.0,0.0,1.0]: com.android.systemui.ImageWallpaper
04-13 10:47:32.698  1576  1671 I WindowManager:   SURFACE Surface(name=com.miui.securitycore/com.miui.securityspace.ui.activity.PrivateSpaceMainActivity)---MATRIX [1.0,0.0,0.0,1.0]: com.miui.securitycore/com.miui.securityspace.ui.activity.PrivateSpaceMainActivity
04-13 10:47:32.698  1576  1671 I WindowManager:   SURFACE Surface(name=StatusBar)---MATRIX [1.0,0.0,0.0,1.0]: StatusBar
04-13 10:47:32.698  1576  1671 I WindowManager:   SURFACE Surface(name=)---MATRIX [1.0,0.0,0.0,1.0]: 
04-13 10:47:32.698  1576  1671 I WindowManager:   SURFACE controller=Surface(name=)alpha=1.0 layer=241000 matrix=[1.0*1.0,0.0*1.0][0.0*1.0,1.0*1.0]: Window{3bfbaea u0 android}
04-13 10:47:32.699  1576  1671 I WindowManager: <<< CLOSE TRANSACTION animateLocked
04-13 10:47:32.712   549   549 E AAAA    : setUpHWComposer: empty: hasOne  wasEmpty: notEmpty
04-13 10:47:32.712   549   549 E AAAA    : layer name 
04-13 10:47:32.712  1576  1671 I WindowManager: >>> OPEN TRANSACTION animateLocked
04-13 10:47:32.712  1576  1671 I WindowManager:   SURFACE Surface(name=com.android.systemui.ImageWallpaper)---MATRIX [1.0,0.0,0.0,1.0]: com.android.systemui.ImageWallpaper
04-13 10:47:32.712  1576  1671 I WindowManager:   SURFACE Surface(name=com.miui.securitycore/com.miui.securityspace.ui.activity.PrivateSpaceMainActivity)---MATRIX [1.0,0.0,0.0,1.0]: com.miui.securitycore/com.miui.securityspace.ui.activity.PrivateSpaceMainActivity
04-13 10:47:32.712  1576  1671 I WindowManager:   SURFACE Surface(name=StatusBar)---MATRIX [1.0,0.0,0.0,1.0]: StatusBar
04-13 10:47:32.713  1576  1671 I WindowManager:   SURFACE Surface(name=)---MATRIX [1.0,0.0,0.0,1.0]: 
04-13 10:47:32.713  1576  1671 V WindowManager: prepareSurface: No changes in animation for WindowStateAnimator{d9c3faf }
04-13 10:47:32.713  1576  1671 I WindowManager: <<< CLOSE TRANSACTION animateLocked
04-13 10:47:32.729  1576  1671 I WindowManager: >>> OPEN TRANSACTION animateLocked
04-13 10:47:32.729   549   549 E AAAA    : setUpHWComposer: empty: hasOne  wasEmpty: notEmpty
04-13 10:47:32.729   549   549 E AAAA    : layer name 
04-13 10:47:32.729  1576  1671 V WindowManager: Finished animation in WindowStateAnimator{d9c3faf } @ 236550
04-13 10:47:32.729  1576  1671 V WindowManager: Animation done in WindowStateAnimator{d9c3faf }: exiting=false, reportedVisible=false
04-13 10:47:32.729  1576  1671 V WindowManager: finishExit in WindowStateAnimator{d9c3faf }: exiting=false remove=false windowAnimating=false
04-13 10:47:32.729  1576  1671 I WindowManager:   SURFACE Surface(name=com.android.systemui.ImageWallpaper)---MATRIX [1.0,0.0,0.0,1.0]: com.android.systemui.ImageWallpaper
04-13 10:47:32.729  1576  1671 I WindowManager:   SURFACE Surface(name=com.miui.securitycore/com.miui.securityspace.ui.activity.PrivateSpaceMainActivity)---MATRIX [1.0,0.0,0.0,1.0]: com.miui.securitycore/com.miui.securityspace.ui.activity.PrivateSpaceMainActivity
04-13 10:47:32.729  1576  1671 I WindowManager:   SURFACE Surface(name=StatusBar)---MATRIX [1.0,0.0,0.0,1.0]: StatusBar
04-13 10:47:32.729  1576  1671 I WindowManager:   SURFACE Surface(name=)---MATRIX [1.0,0.0,0.0,1.0]: 
04-13 10:47:32.730  1576  1671 I WindowManager: <<< CLOSE TRANSACTION animateLocked
04-13 10:47:32.730  1576  1671 I WindowManager: >>> OPEN TRANSACTION performLayoutAndPlaceSurfaces
04-13 10:47:32.731  1576  1671 I WindowManager:   SURFACE Surface(name=)---MATRIX [1.0,0.0,0.0,1.0]: 
04-13 10:47:32.731  1576  1671 I WindowManager:   SURFACE Surface(name=StatusBar)---MATRIX [1.0,0.0,0.0,1.0]: StatusBar
04-13 10:47:32.731  1576  1671 I WindowManager:   SURFACE Surface(name=com.miui.securitycore/com.miui.securityspace.ui.activity.PrivateSpaceMainActivity)---MATRIX [1.0,0.0,0.0,1.0]: com.miui.securitycore/com.miui.securityspace.ui.activity.PrivateSpaceMainActivity
04-13 10:47:32.731  1576  1671 I WindowManager:   SURFACE Surface(name=com.android.systemui.ImageWallpaper)---MATRIX [1.0,0.0,0.0,1.0]: com.android.systemui.ImageWallpaper
04-13 10:47:32.731  1576  1671 I WindowManager: <<< CLOSE TRANSACTION performLayoutAndPlaceSurfaces
04-13 10:47:32.745   549   549 E AAAA    : setUpHWComposer: empty: hasOne  wasEmpty: notEmpty
04-13 10:47:32.745   549   549 E AAAA    : layer name 
04-13 10:47:32.750  1576  1671 I WindowManager: >>> OPEN TRANSACTION animateLocked
04-13 10:47:32.750  1576  1671 I WindowManager:   SURFACE Surface(name=com.android.systemui.ImageWallpaper)---MATRIX [1.0,0.0,0.0,1.0]: com.android.systemui.ImageWallpaper
04-13 10:47:32.750  1576  1671 I WindowManager:   SURFACE Surface(name=com.miui.securitycore/com.miui.securityspace.ui.activity.PrivateSpaceMainActivity)---MATRIX [1.0,0.0,0.0,1.0]: com.miui.securitycore/com.miui.securityspace.ui.activity.PrivateSpaceMainActivity
04-13 10:47:32.750  1576  1671 I WindowManager:   SURFACE Surface(name=StatusBar)---MATRIX [1.0,0.0,0.0,1.0]: StatusBar
04-13 10:47:32.750  1576  1671 I WindowManager:   SURFACE Surface(name=)---MATRIX [1.0,0.0,0.0,1.0]: 
04-13 10:47:32.751  1576  1671 I WindowManager: <<< CLOSE TRANSACTION animateLocked
04-13 10:47:32.762   549   549 E AAAA    : setUpHWComposer: empty: hasOne  wasEmpty: notEmpty
04-13 10:47:32.762   549   549 E AAAA    : layer name 
04-13 10:47:32.845   549   549 E AAAA    : setUpHWComposer: empty: hasOne  wasEmpty: notEmpty
04-13 10:47:32.915  1576  1666 E AAAA    : start user in foreground
04-13 10:47:32.915  1576  1666 E AAAA    : startFreezingScreen
04-13 10:47:32.915  1576  1666 E AAAA    : java.lang.Throwable
04-13 10:47:32.915  1576  1666 E AAAA    : 	at com.android.server.wm.WindowManagerService.startFreezingDisplayLocked(WindowManagerService.java:10068)
04-13 10:47:32.915  1576  1666 E AAAA    : 	at com.android.server.wm.WindowManagerService.startFreezingScreen(WindowManagerService.java:5515)
04-13 10:47:32.915  1576  1666 E AAAA    : 	at com.android.server.am.UserController.startUser(UserController.java:859)
04-13 10:47:32.915  1576  1666 E AAAA    : 	at com.android.server.am.UserController.startUserInForeground(UserController.java:1017)
04-13 10:47:32.915  1576  1666 E AAAA    : 	at com.android.server.am.UserSwitchingDialogInjector.startUserInForeground(UserSwitchingDialogInjector.java:36)
04-13 10:47:32.915  1576  1666 E AAAA    : 	at com.android.server.am.BaseUserSwitchingDialog.startUser(BaseUserSwitchingDialog.java:57)
04-13 10:47:32.915  1576  1666 E AAAA    : 	at com.android.server.am.UserSwitchingDialogInjector$1.onWindowShown(UserSwitchingDialogInjector.java:19)
04-13 10:47:32.915  1576  1666 E AAAA    : 	at android.view.ViewTreeObserver.dispatchOnWindowShown(ViewTreeObserver.java:966)
04-13 10:47:32.915  1576  1666 E AAAA    : 	at android.view.ViewRootImpl.handleDispatchWindowShown(ViewRootImpl.java:5661)
04-13 10:47:32.915  1576  1666 E AAAA    : 	at android.view.ViewRootImpl$ViewRootHandler.handleMessage(ViewRootImpl.java:3725)
04-13 10:47:32.915  1576  1666 E AAAA    : 	at android.os.Handler.dispatchMessage(Handler.java:102)
04-13 10:47:32.915  1576  1666 E AAAA    : 	at android.os.Looper.loop(Looper.java:165)
04-13 10:47:32.915  1576  1666 E AAAA    : 	at android.os.HandlerThread.run(HandlerThread.java:61)
04-13 10:47:32.915  1576  1666 E AAAA    : 	at com.android.server.ServiceThread.run(ServiceThread.java:46)
04-13 10:47:32.916  1576  1666 D WindowManager: startFreezingDisplayLocked: inTransaction=false exitAnim=17432705 enterAnim=17432704 called by com.android.server.wm.WindowManagerService.startFreezingScreen:5515 com.android.server.am.UserController.startUser:859 com.android.server.am.UserController.startUserInForeground:1017 com.android.server.am.UserSwitchingDialogInjector.startUserInForeground:36 com.android.server.am.BaseUserSwitchingDialog.startUser:57 com.android.server.am.UserSwitchingDialogInjector$1.onWindowShown:19 android.view.ViewTreeObserver.dispatchOnWindowShown:966 android.view.ViewRootImpl.handleDispatchWindowShown:5661 
04-13 10:47:32.917  1576  1666 I WindowManager: >>> OPEN TRANSACTION ScreenRotationAnimation
04-13 10:47:32.929   549   549 E AAAA    : setUpHWComposer: empty: hasOne  wasEmpty: notEmpty
04-13 10:47:32.929   549   549 E AAAA    : layer name 
04-13 10:47:32.932  1576  1666 I WindowManager:   FREEZE Surface(name=ScreenshotSurface): CREATE
04-13 10:47:32.932  1576  1666 V WindowManager: **** ROTATION: 0
04-13 10:47:32.932  1576  1666 I WindowManager: Original  : (0.0,0.0)-(1080.0,1920.0)
04-13 10:47:32.932  1576  1666 I WindowManager: Transformed: (0.0,0.0)-(1080.0,1920.0)
04-13 10:47:32.933  1576  1666 I WindowManager: <<< CLOSE TRANSACTION ScreenRotationAnimation
04-13 10:47:32.935  1576  1666 I WindowManager: >>> OPEN TRANSACTION performLayoutAndPlaceSurfaces
04-13 10:47:32.935  1576  1666 I WindowManager:   SURFACE Surface(name=)---MATRIX [1.0,0.0,0.0,1.0]: 
04-13 10:47:32.936  1576  1666 I WindowManager:   SURFACE Surface(name=StatusBar)---MATRIX [1.0,0.0,0.0,1.0]: StatusBar
04-13 10:47:32.936  1576  1666 I WindowManager:   SURFACE Surface(name=com.miui.securitycore/com.miui.securityspace.ui.activity.PrivateSpaceMainActivity)---MATRIX [1.0,0.0,0.0,1.0]: com.miui.securitycore/com.miui.securityspace.ui.activity.PrivateSpaceMainActivity
04-13 10:47:32.936  1576  1666 I WindowManager:   SURFACE Surface(name=com.android.systemui.ImageWallpaper)---MATRIX [1.0,0.0,0.0,1.0]: com.android.systemui.ImageWallpaper
04-13 10:47:32.936  1576  1666 I WindowManager: <<< CLOSE TRANSACTION performLayoutAndPlaceSurfaces
04-13 10:47:32.937  1576  1666 V WindowManager: With display frozen, orientationChangeComplete=true
04-13 10:47:32.937  1576  1666 D WindowManager: stopFreezingDisplayLocked: Returning mWaitingForConfig=false, mAppsFreezingScreen=0, mWindowsFreezingScreen=0, mClientFreezingScreen=true, mOpeningApps.size()=0
04-13 10:47:32.944  1576  1666 I WindowManager: >>> OPEN TRANSACTION performLayoutAndPlaceSurfaces
04-13 10:47:32.944  1576  1666 I WindowManager:   SURFACE Surface(name=)---MATRIX [1.0,0.0,0.0,1.0]: 
04-13 10:47:32.945   549   549 E AAAA    : setUpHWComposer: empty: more  wasEmpty: notEmpty
04-13 10:47:32.947  1576  1666 I WindowManager:   SURFACE Surface(name=StatusBar)---MATRIX [1.0,0.0,0.0,1.0]: StatusBar
04-13 10:47:32.947  1576  1666 I WindowManager:   SURFACE Surface(name=com.miui.securitycore/com.miui.securityspace.ui.activity.PrivateSpaceMainActivity)---MATRIX [1.0,0.0,0.0,1.0]: com.miui.securitycore/com.miui.securityspace.ui.activity.PrivateSpaceMainActivity
04-13 10:47:32.947  1576  1666 I WindowManager:   SURFACE Surface(name=com.android.systemui.ImageWallpaper)---MATRIX [1.0,0.0,0.0,1.0]: com.android.systemui.ImageWallpaper
04-13 10:47:32.947  1576  1666 I WindowManager: <<< CLOSE TRANSACTION performLayoutAndPlaceSurfaces
04-13 10:47:32.947  1576  1666 V WindowManager: With display frozen, orientationChangeComplete=true
04-13 10:47:32.947  1576  1666 D WindowManager: stopFreezingDisplayLocked: Returning mWaitingForConfig=false, mAppsFreezingScreen=0, mWindowsFreezingScreen=0, mClientFreezingScreen=true, mOpeningApps.size()=0
04-13 10:47:32.948  1576  1666 V WindowManager: Done at AppWindowToken{7cc7aa9 token=Token{6de2e30 ActivityRecord{735ef73 u0 com.miui.securitycore/com.miui.securityspace.ui.activity.PrivateSpaceMainActivity t137}}} -- full screen, return 1
04-13 10:47:32.949  1576  1666 I WindowManager: >>> OPEN TRANSACTION performLayoutAndPlaceSurfaces
04-13 10:47:32.949  1576  1666 I WindowManager:   SURFACE Surface(name=)---MATRIX [1.0,0.0,0.0,1.0]: 
04-13 10:47:32.949  1576  1666 I WindowManager:   SURFACE Surface(name=StatusBar)---MATRIX [1.0,0.0,0.0,1.0]: StatusBar
04-13 10:47:32.949  1576  1666 I WindowManager:   SURFACE Surface(name=com.miui.securitycore/com.miui.securityspace.ui.activity.PrivateSpaceMainActivity)---MATRIX [1.0,0.0,0.0,1.0]: com.miui.securitycore/com.miui.securityspace.ui.activity.PrivateSpaceMainActivity
04-13 10:47:32.949  1576  1666 I WindowManager:   SURFACE Surface(name=com.android.systemui.ImageWallpaper)---MATRIX [1.0,0.0,0.0,1.0]: com.android.systemui.ImageWallpaper
04-13 10:47:32.950  1576  1666 I WindowManager: <<< CLOSE TRANSACTION performLayoutAndPlaceSurfaces
04-13 10:47:32.950  1576  1666 V WindowManager: With display frozen, orientationChangeComplete=true
04-13 10:47:32.950  1576  1666 D WindowManager: stopFreezingDisplayLocked: Returning mWaitingForConfig=false, mAppsFreezingScreen=0, mWindowsFreezingScreen=0, mClientFreezingScreen=true, mOpeningApps.size()=0
04-13 10:47:32.950  1576  1671 I WindowManager: >>> OPEN TRANSACTION animateLocked
04-13 10:47:32.950  1576  1671 I WindowManager:   SURFACE Surface(name=com.android.systemui.ImageWallpaper)---MATRIX [1.0,0.0,0.0,1.0]: com.android.systemui.ImageWallpaper
04-13 10:47:32.950  1576  1671 I WindowManager:   SURFACE Surface(name=com.miui.securitycore/com.miui.securityspace.ui.activity.PrivateSpaceMainActivity)---MATRIX [1.0,0.0,0.0,1.0]: com.miui.securitycore/com.miui.securityspace.ui.activity.PrivateSpaceMainActivity
04-13 10:47:32.950  1576  1671 I WindowManager:   SURFACE Surface(name=com.miui.securitycore/com.miui.securityspace.ui.activity.PrivateSpaceMainActivity)---HIDE ( prepareSurfaceLocked ): com.miui.securitycore/com.miui.securityspace.ui.activity.PrivateSpaceMainActivity
04-13 10:47:32.950  1576  1671 I WindowManager:   SURFACE Surface(name=StatusBar)---MATRIX [1.0,0.0,0.0,1.0]: StatusBar
04-13 10:47:32.950  1576  1671 I WindowManager:   SURFACE Surface(name=)---MATRIX [1.0,0.0,0.0,1.0]: 
04-13 10:47:32.951  1576  1671 I WindowManager: <<< CLOSE TRANSACTION animateLocked
04-13 10:47:32.952  1576  1666 I WindowManager: >>> OPEN TRANSACTION performLayoutAndPlaceSurfaces
04-13 10:47:32.952  1576  1666 I WindowManager:   SURFACE Surface(name=)---MATRIX [1.0,0.0,0.0,1.0]: 
04-13 10:47:32.952  1576  1666 I WindowManager:   SURFACE Surface(name=StatusBar)---MATRIX [1.0,0.0,0.0,1.0]: StatusBar
04-13 10:47:32.952  1576  1666 I WindowManager:   SURFACE Surface(name=com.miui.securitycore/com.miui.securityspace.ui.activity.PrivateSpaceMainActivity)---MATRIX [1.0,0.0,0.0,1.0]: com.miui.securitycore/com.miui.securityspace.ui.activity.PrivateSpaceMainActivity
04-13 10:47:32.952  1576  1666 I WindowManager:   SURFACE Surface(name=com.android.systemui.ImageWallpaper)---MATRIX [1.0,0.0,0.0,1.0]: com.android.systemui.ImageWallpaper
04-13 10:47:32.952  1576  1666 I WindowManager: <<< CLOSE TRANSACTION performLayoutAndPlaceSurfaces
04-13 10:47:32.952  1576  1666 V WindowManager: With display frozen, orientationChangeComplete=true
04-13 10:47:32.952  1576  1666 D WindowManager: stopFreezingDisplayLocked: Returning mWaitingForConfig=false, mAppsFreezingScreen=0, mWindowsFreezingScreen=0, mClientFreezingScreen=true, mOpeningApps.size()=0
04-13 10:47:32.953  1576  1666 I WindowManager: >>> OPEN TRANSACTION performLayoutAndPlaceSurfaces
04-13 10:47:32.953  1576  1666 I WindowManager:   SURFACE Surface(name=)---MATRIX [1.0,0.0,0.0,1.0]: 
04-13 10:47:32.953  1576  1666 I WindowManager:   SURFACE Surface(name=StatusBar)---MATRIX [1.0,0.0,0.0,1.0]: StatusBar
04-13 10:47:32.953  1576  1666 I WindowManager:   SURFACE Surface(name=com.miui.securitycore/com.miui.securityspace.ui.activity.PrivateSpaceMainActivity)---MATRIX [1.0,0.0,0.0,1.0]: com.miui.securitycore/com.miui.securityspace.ui.activity.PrivateSpaceMainActivity
04-13 10:47:32.953  1576  1666 I WindowManager:   SURFACE Surface(name=com.android.systemui.ImageWallpaper)---MATRIX [1.0,0.0,0.0,1.0]: com.android.systemui.ImageWallpaper
04-13 10:47:32.954  1576  1666 I WindowManager: <<< CLOSE TRANSACTION performLayoutAndPlaceSurfaces
04-13 10:47:32.954  1576  1666 V WindowManager: With display frozen, orientationChangeComplete=true
04-13 10:47:32.954  1576  1666 D WindowManager: stopFreezingDisplayLocked: Returning mWaitingForConfig=false, mAppsFreezingScreen=0, mWindowsFreezingScreen=0, mClientFreezingScreen=true, mOpeningApps.size()=0
04-13 10:47:32.955  1576  1666 I WindowManager: >>> OPEN TRANSACTION performLayoutAndPlaceSurfaces
04-13 10:47:32.955  1576  1666 I WindowManager:   SURFACE Surface(name=)---MATRIX [1.0,0.0,0.0,1.0]: 
04-13 10:47:32.955  1576  1666 I WindowManager:   SURFACE Surface(name=StatusBar)---MATRIX [1.0,0.0,0.0,1.0]: StatusBar
04-13 10:47:32.955  1576  1666 I WindowManager:   SURFACE Surface(name=com.miui.securitycore/com.miui.securityspace.ui.activity.PrivateSpaceMainActivity)---MATRIX [1.0,0.0,0.0,1.0]: com.miui.securitycore/com.miui.securityspace.ui.activity.PrivateSpaceMainActivity
04-13 10:47:32.955  1576  1666 I WindowManager:   SURFACE Surface(name=com.android.systemui.ImageWallpaper)---MATRIX [1.0,0.0,0.0,1.0]: com.android.systemui.ImageWallpaper
04-13 10:47:32.955  1576  1666 I WindowManager: <<< CLOSE TRANSACTION performLayoutAndPlaceSurfaces
04-13 10:47:32.956  1576  1666 V WindowManager: With display frozen, orientationChangeComplete=true
04-13 10:47:32.956  1576  1666 D WindowManager: stopFreezingDisplayLocked: Returning mWaitingForConfig=false, mAppsFreezingScreen=0, mWindowsFreezingScreen=0, mClientFreezingScreen=true, mOpeningApps.size()=0
04-13 10:47:32.956  1576  1666 E AAAA    : start user in home
04-13 10:47:32.962   549   549 E AAAA    : setUpHWComposer: empty: more  wasEmpty: notEmpty
