04-13 11:41:59.905  1626  1662 V WindowManager: updateRotationUnchecked(alwaysSendConfiguration=false)
04-13 11:41:59.905  1626  1662 V WindowManager: Application requested orientation 1, got rotation 0 which has compatible metrics
04-13 11:41:59.905  1626  1662 I WindowManager: >>> OPEN TRANSACTION performLayoutAndPlaceSurfaces
04-13 11:41:59.907  1626  1662 I WindowManager:   SURFACE Surface(name=StatusBar)---MATRIX [1.0,0.0,0.0,1.0]: StatusBar
04-13 11:41:59.907  1626  1662 I WindowManager:   SURFACE Surface(name=com.miui.securitycore/com.miui.securityspace.ui.activity.PrivateSpaceMainActivity)---MATRIX [1.0,0.0,0.0,1.0]: com.miui.securitycore/com.miui.securityspace.ui.activity.PrivateSpaceMainActivity
04-13 11:41:59.907  1626  1662 I WindowManager:   SURFACE Surface(name=com.android.systemui.ImageWallpaper)---MATRIX [1.0,0.0,0.0,1.0]: com.android.systemui.ImageWallpaper
04-13 11:41:59.909  1626  1662 I WindowManager: <<< CLOSE TRANSACTION performLayoutAndPlaceSurfaces
04-13 11:41:59.918   549   549 E AAAA    : setUpHWComposer: empty: more  wasEmpty: notEmpty
04-13 11:41:59.918  1626  1667 I WindowManager: >>> OPEN TRANSACTION animateLocked
04-13 11:41:59.918  1626  1667 I WindowManager:   SURFACE Surface(name=com.android.systemui.ImageWallpaper)---MATRIX [1.0,0.0,0.0,1.0]: com.android.systemui.ImageWallpaper
04-13 11:41:59.919  1626  1667 I WindowManager:   SURFACE Surface(name=com.miui.securitycore/com.miui.securityspace.ui.activity.PrivateSpaceMainActivity)---MATRIX [1.0,0.0,0.0,1.0]: com.miui.securitycore/com.miui.securityspace.ui.activity.PrivateSpaceMainActivity
04-13 11:41:59.919  1626  1667 I WindowManager:   SURFACE Surface(name=StatusBar)---MATRIX [1.0,0.0,0.0,1.0]: StatusBar
04-13 11:41:59.920  1626  1667 I WindowManager: <<< CLOSE TRANSACTION animateLocked
04-13 11:41:59.927   549   549 E AAAA    : setUpHWComposer: empty: more  wasEmpty: notEmpty
04-13 11:42:00.016   549   549 E AAAA    : setUpHWComposer: empty: more  wasEmpty: notEmpty
04-13 11:42:00.033   549   549 E AAAA    : setUpHWComposer: empty: more  wasEmpty: notEmpty
04-13 11:42:00.116   549   549 E AAAA    : setUpHWComposer: empty: more  wasEmpty: notEmpty
04-13 11:42:00.416   549   549 E AAAA    : setUpHWComposer: empty: more  wasEmpty: notEmpty
04-13 11:42:00.483   549   549 E AAAA    : setUpHWComposer: empty: more  wasEmpty: notEmpty
04-13 11:42:00.524  1626  3140 V WindowManager: Done at AppWindowToken{ceb8b29 token=Token{cc530b0 ActivityRecord{9256bf3 u0 com.miui.securitycore/com.miui.securityspace.ui.activity.PrivateSpaceMainActivity t139}}} -- full screen, return 1
04-13 11:42:00.534  1626  3140 I WindowManager: Sending new config to window Window{6e2fa77 u0 com.miui.securitycore/com.miui.securityspace.ui.activity.PrivateSpaceMainActivity}:  / mergedConfig={1.0 ?mcc?mnc [zh_CN] ldltr sw360dp w360dp h620dp 480dpi nrml long port finger -keyb/v/h -nav/h s.5 themeChanged=0 themeChangedFlags=0}
04-13 11:42:00.534  1626  3140 I WindowManager: createSurface WindowStateAnimator{5ff16e4 com.miui.securitycore/com.miui.securityspace.ui.activity.PrivateSpaceMainActivity}: mDrawState=DRAW_PENDING
04-13 11:42:00.536  1626  3140 I WindowManager:   CREATE SURFACE Surface(name=com.miui.securitycore/com.miui.securityspace.ui.activity.PrivateSpaceMainActivity) IN SESSION android.view.SurfaceSession@24a2d22: pid=7144 format=-3 flags=0x4 / WindowStateAnimator{5ff16e4 com.miui.securitycore/com.miui.securityspace.ui.activity.PrivateSpaceMainActivity}
04-13 11:42:00.536  1626  3140 I WindowManager: >>> OPEN TRANSACTION createSurfaceLocked
04-13 11:42:00.536  1626  3140 I WindowManager:   SURFACE CREATE pos=(0,0) (1x1), layer=21020 HIDE: Window{6e2fa77 u0 com.miui.securitycore/com.miui.securityspace.ui.activity.PrivateSpaceMainActivity}
04-13 11:42:00.536  1626  3140 I WindowManager:   SURFACE Surface(name=com.miui.securitycore/com.miui.securityspace.ui.activity.PrivateSpaceMainActivity)---POS (setPositionAndLayer) @ (0.0,0.0): com.miui.securitycore/com.miui.securityspace.ui.activity.PrivateSpaceMainActivity
04-13 11:42:00.536  1626  3140 I WindowManager: <<< CLOSE TRANSACTION setPositionAndLayer
04-13 11:42:00.537  1626  3140 I WindowManager:   OUT SURFACE Surface(name=null)/@0xeee674d: copied
04-13 11:42:00.537  1626  3140 V WindowManager: Done at AppWindowToken{ceb8b29 token=Token{cc530b0 ActivityRecord{9256bf3 u0 com.miui.securitycore/com.miui.securityspace.ui.activity.PrivateSpaceMainActivity t139}}} -- full screen, return 1
04-13 11:42:00.537  1626  3140 I WindowManager: >>> OPEN TRANSACTION performLayoutAndPlaceSurfaces
04-13 11:42:00.537  1626  3140 I WindowManager:   SURFACE Surface(name=StatusBar)---MATRIX [1.0,0.0,0.0,1.0]: StatusBar
04-13 11:42:00.538  1626  3140 I WindowManager:   SURFACE Surface(name=com.miui.securitycore/com.miui.securityspace.ui.activity.PrivateSpaceMainActivity)---SIZE 1080x280: com.miui.securitycore/com.miui.securityspace.ui.activity.PrivateSpaceMainActivity
04-13 11:42:00.538  1626  3140 I WindowManager:   SURFACE Surface(name=com.miui.securitycore/com.miui.securityspace.ui.activity.PrivateSpaceMainActivity)---POS (setPositionInTransaction) @ (0.0,1640.0): com.miui.securitycore/com.miui.securityspace.ui.activity.PrivateSpaceMainActivity
04-13 11:42:00.538  1626  3140 I WindowManager:   SURFACE Surface(name=com.miui.securitycore/com.miui.securityspace.ui.activity.PrivateSpaceMainActivity)---CROP [0,0][1080,280]: com.miui.securitycore/com.miui.securityspace.ui.activity.PrivateSpaceMainActivity
04-13 11:42:00.538  1626  3140 I WindowManager:   SURFACE Surface(name=com.miui.securitycore/com.miui.securityspace.ui.activity.PrivateSpaceMainActivity)---MATRIX [1.0,0.0,0.0,1.0]: com.miui.securitycore/com.miui.securityspace.ui.activity.PrivateSpaceMainActivity
04-13 11:42:00.538  1626  3140 V WindowManager: Eval win Window{6e2fa77 u0 com.miui.securitycore/com.miui.securityspace.ui.activity.PrivateSpaceMainActivity}: isDrawn=false, isAnimationSet=false
04-13 11:42:00.538  1626  3140 V WindowManager: Not displayed: s=Surface(name=com.miui.securitycore/com.miui.securityspace.ui.activity.PrivateSpaceMainActivity) pv=true mDrawState=DRAW_PENDING ah=false th=false a=false
04-13 11:42:00.538  1626  3140 V WindowManager: Resize reasons for w=Window{6e2fa77 u0 com.miui.securitycore/com.miui.securityspace.ui.activity.PrivateSpaceMainActivity}:  contentInsetsChanged=false [0,0][0,0] visibleInsetsChanged=false [0,0][0,0] stableInsetsChanged=false [0,0][0,0] outsetsChanged=false [0,0][0,0] surfaceResized=true configChanged=false dragResizingChanged=false resizedWhileNotDragResizingReported=false
04-13 11:42:00.538  1626  3140 V WindowManager: Resizing window Window{6e2fa77 u0 com.miui.securitycore/com.miui.securityspace.ui.activity.PrivateSpaceMainActivity}
04-13 11:42:00.538  1626  3140 I WindowManager:   SURFACE Surface(name=com.miui.securitycore/com.miui.securityspace.ui.activity.PrivateSpaceMainActivity)---MATRIX [1.0,0.0,0.0,1.0]: com.miui.securitycore/com.miui.securityspace.ui.activity.PrivateSpaceMainActivity
04-13 11:42:00.538  1626  3140 V WindowManager: Eval win Window{4bbaaed u0 com.miui.securitycore/com.miui.securityspace.ui.activity.PrivateSpaceMainActivity}: isDrawn=true, isAnimationSet=false
04-13 11:42:00.538  1626  3140 V WindowManager: tokenMayBeDrawn: AppWindowToken{ceb8b29 token=Token{cc530b0 ActivityRecord{9256bf3 u0 com.miui.securitycore/com.miui.securityspace.ui.activity.PrivateSpaceMainActivity t139}}} w=Window{4bbaaed u0 com.miui.securitycore/com.miui.securityspace.ui.activity.PrivateSpaceMainActivity} numInteresting=2 freezingScreen=false mAppFreezing=false
04-13 11:42:00.538  1626  3140 V WindowManager: tokenMayBeDrawnExcludingSaved: AppWindowToken{ceb8b29 token=Token{cc530b0 ActivityRecord{9256bf3 u0 com.miui.securitycore/com.miui.securityspace.ui.activity.PrivateSpaceMainActivity t139}}} w=Window{4bbaaed u0 com.miui.securitycore/com.miui.securityspace.ui.activity.PrivateSpaceMainActivity} numInteresting=2 freezingScreen=false mAppFreezing=false
04-13 11:42:00.538  1626  3140 I WindowManager:   SURFACE Surface(name=com.android.systemui.ImageWallpaper)---MATRIX [1.0,0.0,0.0,1.0]: com.android.systemui.ImageWallpaper
04-13 11:42:00.549  1626  3140 I WindowManager: <<< CLOSE TRANSACTION performLayoutAndPlaceSurfaces
04-13 11:42:00.549  1626  3140 V WindowManager: Reporting new frame to Window{6e2fa77 u0 com.miui.securitycore/com.miui.securityspace.ui.activity.PrivateSpaceMainActivity}: Rect(0, 1640 - 1080, 1920)
04-13 11:42:00.549  1626  3140 I WindowManager: Resizing Window{6e2fa77 u0 com.miui.securitycore/com.miui.securityspace.ui.activity.PrivateSpaceMainActivity} WITH DRAW PENDING
04-13 11:42:00.549   549   549 E AAAA    : setUpHWComposer: empty: more  wasEmpty: notEmpty
04-13 11:42:00.550  1626  3140 I WindowManager: >>> OPEN TRANSACTION performLayoutAndPlaceSurfaces
04-13 11:42:00.550  1626  3140 I WindowManager:   SURFACE Surface(name=StatusBar)---MATRIX [1.0,0.0,0.0,1.0]: StatusBar
04-13 11:42:00.550  1626  3140 I WindowManager:   SURFACE Surface(name=com.miui.securitycore/com.miui.securityspace.ui.activity.PrivateSpaceMainActivity)---MATRIX [1.0,0.0,0.0,1.0]: com.miui.securitycore/com.miui.securityspace.ui.activity.PrivateSpaceMainActivity
04-13 11:42:00.551  1626  3140 V WindowManager: Eval win Window{6e2fa77 u0 com.miui.securitycore/com.miui.securityspace.ui.activity.PrivateSpaceMainActivity}: isDrawn=false, isAnimationSet=false
04-13 11:42:00.551  1626  3140 V WindowManager: Not displayed: s=Surface(name=com.miui.securitycore/com.miui.securityspace.ui.activity.PrivateSpaceMainActivity) pv=true mDrawState=DRAW_PENDING ah=false th=false a=false
04-13 11:42:00.551  1626  3140 I WindowManager:   SURFACE Surface(name=com.miui.securitycore/com.miui.securityspace.ui.activity.PrivateSpaceMainActivity)---MATRIX [1.0,0.0,0.0,1.0]: com.miui.securitycore/com.miui.securityspace.ui.activity.PrivateSpaceMainActivity
04-13 11:42:00.551  1626  3140 V WindowManager: Eval win Window{4bbaaed u0 com.miui.securitycore/com.miui.securityspace.ui.activity.PrivateSpaceMainActivity}: isDrawn=true, isAnimationSet=false
04-13 11:42:00.551  1626  3140 V WindowManager: tokenMayBeDrawn: AppWindowToken{ceb8b29 token=Token{cc530b0 ActivityRecord{9256bf3 u0 com.miui.securitycore/com.miui.securityspace.ui.activity.PrivateSpaceMainActivity t139}}} w=Window{4bbaaed u0 com.miui.securitycore/com.miui.securityspace.ui.activity.PrivateSpaceMainActivity} numInteresting=2 freezingScreen=false mAppFreezing=false
04-13 11:42:00.551  1626  3140 V WindowManager: tokenMayBeDrawnExcludingSaved: AppWindowToken{ceb8b29 token=Token{cc530b0 ActivityRecord{9256bf3 u0 com.miui.securitycore/com.miui.securityspace.ui.activity.PrivateSpaceMainActivity t139}}} w=Window{4bbaaed u0 com.miui.securitycore/com.miui.securityspace.ui.activity.PrivateSpaceMainActivity} numInteresting=2 freezingScreen=false mAppFreezing=false
04-13 11:42:00.551  1626  3140 I WindowManager:   SURFACE Surface(name=com.android.systemui.ImageWallpaper)---MATRIX [1.0,0.0,0.0,1.0]: com.android.systemui.ImageWallpaper
04-13 11:42:00.551  1626  3140 I WindowManager: <<< CLOSE TRANSACTION performLayoutAndPlaceSurfaces
04-13 11:42:00.565  1626  3140 V WindowManager: finishDrawingLocked: mDrawState=COMMIT_DRAW_PENDING Window{6e2fa77 u0 com.miui.securitycore/com.miui.securityspace.ui.activity.PrivateSpaceMainActivity} in Surface(name=com.miui.securitycore/com.miui.securityspace.ui.activity.PrivateSpaceMainActivity)
04-13 11:42:00.565  1626  1667 I WindowManager: >>> OPEN TRANSACTION performLayoutAndPlaceSurfaces
04-13 11:42:00.566  1626  1667 I WindowManager:   SURFACE Surface(name=StatusBar)---MATRIX [1.0,0.0,0.0,1.0]: StatusBar
04-13 11:42:00.566   549   549 E AAAA    : setUpHWComposer: empty: more  wasEmpty: notEmpty
04-13 11:42:00.566  1626  1667 I WindowManager: commitFinishDrawingLocked: mDrawState=READY_TO_SHOW Surface(name=com.miui.securitycore/com.miui.securityspace.ui.activity.PrivateSpaceMainActivity)
04-13 11:42:00.566  1626  1667 I WindowManager:   SURFACE Surface(name=com.miui.securitycore/com.miui.securityspace.ui.activity.PrivateSpaceMainActivity)---MATRIX [1.0,0.0,0.0,1.0]: com.miui.securitycore/com.miui.securityspace.ui.activity.PrivateSpaceMainActivity
04-13 11:42:00.566  1626  1667 V WindowManager: Eval win Window{6e2fa77 u0 com.miui.securitycore/com.miui.securityspace.ui.activity.PrivateSpaceMainActivity}: isDrawn=true, isAnimationSet=false
04-13 11:42:00.566  1626  1667 V WindowManager: tokenMayBeDrawn: AppWindowToken{ceb8b29 token=Token{cc530b0 ActivityRecord{9256bf3 u0 com.miui.securitycore/com.miui.securityspace.ui.activity.PrivateSpaceMainActivity t139}}} w=Window{6e2fa77 u0 com.miui.securitycore/com.miui.securityspace.ui.activity.PrivateSpaceMainActivity} numInteresting=1 freezingScreen=false mAppFreezing=false
04-13 11:42:00.567  1626  1667 V WindowManager: tokenMayBeDrawnExcludingSaved: AppWindowToken{ceb8b29 token=Token{cc530b0 ActivityRecord{9256bf3 u0 com.miui.securitycore/com.miui.securityspace.ui.activity.PrivateSpaceMainActivity t139}}} w=Window{6e2fa77 u0 com.miui.securitycore/com.miui.securityspace.ui.activity.PrivateSpaceMainActivity} numInteresting=1 freezingScreen=false mAppFreezing=false
04-13 11:42:00.567  1626  1667 I WindowManager:   SURFACE Surface(name=com.miui.securitycore/com.miui.securityspace.ui.activity.PrivateSpaceMainActivity)---MATRIX [1.0,0.0,0.0,1.0]: com.miui.securitycore/com.miui.securityspace.ui.activity.PrivateSpaceMainActivity
04-13 11:42:00.567  1626  1667 V WindowManager: Eval win Window{4bbaaed u0 com.miui.securitycore/com.miui.securityspace.ui.activity.PrivateSpaceMainActivity}: isDrawn=true, isAnimationSet=false
04-13 11:42:00.567  1626  1667 V WindowManager: tokenMayBeDrawn: AppWindowToken{ceb8b29 token=Token{cc530b0 ActivityRecord{9256bf3 u0 com.miui.securitycore/com.miui.securityspace.ui.activity.PrivateSpaceMainActivity t139}}} w=Window{4bbaaed u0 com.miui.securitycore/com.miui.securityspace.ui.activity.PrivateSpaceMainActivity} numInteresting=2 freezingScreen=false mAppFreezing=false
04-13 11:42:00.567  1626  1667 V WindowManager: tokenMayBeDrawnExcludingSaved: AppWindowToken{ceb8b29 token=Token{cc530b0 ActivityRecord{9256bf3 u0 com.miui.securitycore/com.miui.securityspace.ui.activity.PrivateSpaceMainActivity t139}}} w=Window{4bbaaed u0 com.miui.securitycore/com.miui.securityspace.ui.activity.PrivateSpaceMainActivity} numInteresting=2 freezingScreen=false mAppFreezing=false
04-13 11:42:00.567  1626  1667 I WindowManager:   SURFACE Surface(name=com.android.systemui.ImageWallpaper)---MATRIX [1.0,0.0,0.0,1.0]: com.android.systemui.ImageWallpaper
04-13 11:42:00.568  1626  1667 I WindowManager: <<< CLOSE TRANSACTION performLayoutAndPlaceSurfaces
04-13 11:42:00.569  1626  1667 I WindowManager: >>> OPEN TRANSACTION performLayoutAndPlaceSurfaces
04-13 11:42:00.570  1626  1667 I WindowManager:   SURFACE Surface(name=StatusBar)---MATRIX [1.0,0.0,0.0,1.0]: StatusBar
04-13 11:42:00.570  1626  1667 I WindowManager: commitFinishDrawingLocked: mDrawState=READY_TO_SHOW Surface(name=com.miui.securitycore/com.miui.securityspace.ui.activity.PrivateSpaceMainActivity)
04-13 11:42:00.570  1626  1667 V WindowManager: Loading animations: layout params pkg=com.miui.securitycore resId=0x100d00c2
04-13 11:42:00.570  1626  1667 V WindowManager: Loading animations: picked package=com.miui.securitycore
04-13 11:42:00.572  1626  1667 V WindowManager: applyAnimation: win=WindowStateAnimator{5ff16e4 com.miui.securitycore/com.miui.securityspace.ui.activity.PrivateSpaceMainActivity} anim=0 attr=0x0 a=android.view.animation.AnimationSet@189a202 transit=1 isEntrance=true Callers com.android.server.wm.WindowStateAnimator.applyEnterAnimationLocked:1840 com.android.server.wm.WindowStateAnimator.performShowLocked:1756 com.android.server.wm.WindowStateAnimator.commitFinishDrawingLocked:631 
04-13 11:42:00.572  1626  1667 I WindowManager: Loaded animation android.view.animation.AnimationSet@189a202 for WindowStateAnimator{5ff16e4 com.miui.securitycore/com.miui.securityspace.ui.activity.PrivateSpaceMainActivity}
04-13 11:42:00.572  1626  1667 V WindowManager: performShowLocked: mDrawState=HAS_DRAWN in Window{6e2fa77 u0 com.miui.securitycore/com.miui.securityspace.ui.activity.PrivateSpaceMainActivity}
04-13 11:42:00.572  1626  1667 I WindowManager:   SURFACE Surface(name=com.miui.securitycore/com.miui.securityspace.ui.activity.PrivateSpaceMainActivity)---FINAL CROP [0,0][1080,1920]: com.miui.securitycore/com.miui.securityspace.ui.activity.PrivateSpaceMainActivity
04-13 11:42:00.572  1626  1667 I WindowManager:   SURFACE Surface(name=com.miui.securitycore/com.miui.securityspace.ui.activity.PrivateSpaceMainActivity)---MATRIX [1.0,0.0,0.0,1.0]: com.miui.securitycore/com.miui.securityspace.ui.activity.PrivateSpaceMainActivity
04-13 11:42:00.572  1626  1667 I WindowManager:   SURFACE Surface(name=com.miui.securitycore/com.miui.securityspace.ui.activity.PrivateSpaceMainActivity)---MATRIX [1.0,0.0,0.0,1.0]: com.miui.securitycore/com.miui.securityspace.ui.activity.PrivateSpaceMainActivity
04-13 11:42:00.572  1626  1667 I WindowManager:   SURFACE Surface(name=com.android.systemui.ImageWallpaper)---MATRIX [1.0,0.0,0.0,1.0]: com.android.systemui.ImageWallpaper
04-13 11:42:00.573  1626  1667 I WindowManager: <<< CLOSE TRANSACTION performLayoutAndPlaceSurfaces
04-13 11:42:00.575  1626  1667 I WindowManager: >>> OPEN TRANSACTION animateLocked
04-13 11:42:00.575  1626  1667 V WindowManager: Starting animation in WindowStateAnimator{5ff16e4 com.miui.securitycore/com.miui.securityspace.ui.activity.PrivateSpaceMainActivity} @ 81606: ww=1080 wh=280 dx=1080 dy=1920 scale=1.0
04-13 11:42:00.575  1626  1667 I WindowManager:   SURFACE Surface(name=com.android.systemui.ImageWallpaper)---MATRIX [1.0,0.0,0.0,1.0]: com.android.systemui.ImageWallpaper
04-13 11:42:00.575  1626  1667 I WindowManager:   SURFACE Surface(name=com.miui.securitycore/com.miui.securityspace.ui.activity.PrivateSpaceMainActivity)---MATRIX [1.0,0.0,0.0,1.0]: com.miui.securitycore/com.miui.securityspace.ui.activity.PrivateSpaceMainActivity
04-13 11:42:00.576  1626  1667 I WindowManager:   SURFACE Surface(name=com.miui.securitycore/com.miui.securityspace.ui.activity.PrivateSpaceMainActivity)---POS (setPositionInTransaction) @ (0.0,3560.0): com.miui.securitycore/com.miui.securityspace.ui.activity.PrivateSpaceMainActivity
04-13 11:42:00.576  1626  1667 I WindowManager:   SURFACE Surface(name=com.miui.securitycore/com.miui.securityspace.ui.activity.PrivateSpaceMainActivity)---MATRIX [1.0,0.0,0.0,1.0]: com.miui.securitycore/com.miui.securityspace.ui.activity.PrivateSpaceMainActivity
04-13 11:42:00.576  1626  1667 I WindowManager:   SURFACE controller=Surface(name=com.miui.securitycore/com.miui.securityspace.ui.activity.PrivateSpaceMainActivity)alpha=0.0 layer=21020 matrix=[1.0*1.0,0.0*1.0][0.0*1.0,1.0*1.0]: Window{6e2fa77 u0 com.miui.securitycore/com.miui.securityspace.ui.activity.PrivateSpaceMainActivity}
04-13 11:42:00.576  1626  1667 I WindowManager:   SURFACE Surface(name=com.miui.securitycore/com.miui.securityspace.ui.activity.PrivateSpaceMainActivity)---SHOW (performLayout): com.miui.securitycore/com.miui.securityspace.ui.activity.PrivateSpaceMainActivity
04-13 11:42:00.576  1626  1667 I WindowManager:   SURFACE Surface(name=StatusBar)---MATRIX [1.0,0.0,0.0,1.0]: StatusBar
04-13 11:42:00.577  1626  1667 I WindowManager: <<< CLOSE TRANSACTION animateLocked
04-13 11:42:00.577  1626  1667 I WindowManager: >>> OPEN TRANSACTION removeReplacedWindows
04-13 11:42:00.577  1626  1667 I WindowManager: <<< CLOSE TRANSACTION removeReplacedWindows
04-13 11:42:00.579  1626  1667 I WindowManager: >>> OPEN TRANSACTION performLayoutAndPlaceSurfaces
04-13 11:42:00.579  1626  1667 I WindowManager:   SURFACE Surface(name=StatusBar)---MATRIX [1.0,0.0,0.0,1.0]: StatusBar
04-13 11:42:00.580  1626  1667 I WindowManager:   SURFACE Surface(name=com.miui.securitycore/com.miui.securityspace.ui.activity.PrivateSpaceMainActivity)---MATRIX [1.0,0.0,0.0,1.0]: com.miui.securitycore/com.miui.securityspace.ui.activity.PrivateSpaceMainActivity
04-13 11:42:00.580  1626  1667 I WindowManager:   SURFACE Surface(name=com.miui.securitycore/com.miui.securityspace.ui.activity.PrivateSpaceMainActivity)---MATRIX [1.0,0.0,0.0,1.0]: com.miui.securitycore/com.miui.securityspace.ui.activity.PrivateSpaceMainActivity
04-13 11:42:00.580  1626  1667 I WindowManager:   SURFACE Surface(name=com.android.systemui.ImageWallpaper)---MATRIX [1.0,0.0,0.0,1.0]: com.android.systemui.ImageWallpaper
04-13 11:42:00.581  1626  1667 I WindowManager: <<< CLOSE TRANSACTION performLayoutAndPlaceSurfaces
04-13 11:42:00.583   549   549 E AAAA    : setUpHWComposer: empty: more  wasEmpty: notEmpty
04-13 11:42:00.583  1626  1667 I WindowManager: >>> OPEN TRANSACTION animateLocked
04-13 11:42:00.583  1626  1667 I WindowManager:   SURFACE Surface(name=com.android.systemui.ImageWallpaper)---MATRIX [1.0,0.0,0.0,1.0]: com.android.systemui.ImageWallpaper
04-13 11:42:00.583  1626  1667 I WindowManager:   SURFACE Surface(name=com.miui.securitycore/com.miui.securityspace.ui.activity.PrivateSpaceMainActivity)---MATRIX [1.0,0.0,0.0,1.0]: com.miui.securitycore/com.miui.securityspace.ui.activity.PrivateSpaceMainActivity
04-13 11:42:00.583  1626  1667 I WindowManager:   SURFACE Surface(name=com.miui.securitycore/com.miui.securityspace.ui.activity.PrivateSpaceMainActivity)---POS (setPositionInTransaction) @ (0.0,3157.0): com.miui.securitycore/com.miui.securityspace.ui.activity.PrivateSpaceMainActivity
04-13 11:42:00.583  1626  1667 I WindowManager:   SURFACE Surface(name=com.miui.securitycore/com.miui.securityspace.ui.activity.PrivateSpaceMainActivity)---MATRIX [1.0,0.0,0.0,1.0]: com.miui.securitycore/com.miui.securityspace.ui.activity.PrivateSpaceMainActivity
04-13 11:42:00.584  1626  1667 I WindowManager:   SURFACE controller=Surface(name=com.miui.securitycore/com.miui.securityspace.ui.activity.PrivateSpaceMainActivity)alpha=0.20971528 layer=21020 matrix=[1.0*1.0,0.0*1.0][0.0*1.0,1.0*1.0]: Window{6e2fa77 u0 com.miui.securitycore/com.miui.securityspace.ui.activity.PrivateSpaceMainActivity}
04-13 11:42:00.584  1626  1667 I WindowManager:   SURFACE Surface(name=StatusBar)---MATRIX [1.0,0.0,0.0,1.0]: StatusBar
04-13 11:42:00.599  1626  1667 I WindowManager: <<< CLOSE TRANSACTION animateLocked
04-13 11:42:00.600   549   549 E AAAA    : setUpHWComposer: empty: more  wasEmpty: notEmpty
04-13 11:42:00.600  1626  1667 I WindowManager: >>> OPEN TRANSACTION animateLocked
04-13 11:42:00.600  1626  1667 I WindowManager:   SURFACE Surface(name=com.android.systemui.ImageWallpaper)---MATRIX [1.0,0.0,0.0,1.0]: com.android.systemui.ImageWallpaper
04-13 11:42:00.601  1626  1667 I WindowManager:   SURFACE Surface(name=com.miui.securitycore/com.miui.securityspace.ui.activity.PrivateSpaceMainActivity)---MATRIX [1.0,0.0,0.0,1.0]: com.miui.securitycore/com.miui.securityspace.ui.activity.PrivateSpaceMainActivity
04-13 11:42:00.601  1626  1667 I WindowManager:   SURFACE Surface(name=com.miui.securitycore/com.miui.securityspace.ui.activity.PrivateSpaceMainActivity)---POS (setPositionInTransaction) @ (0.0,2803.0): com.miui.securitycore/com.miui.securityspace.ui.activity.PrivateSpaceMainActivity
04-13 11:42:00.601  1626  1667 I WindowManager:   SURFACE Surface(name=com.miui.securitycore/com.miui.securityspace.ui.activity.PrivateSpaceMainActivity)---MATRIX [1.0,0.0,0.0,1.0]: com.miui.securitycore/com.miui.securityspace.ui.activity.PrivateSpaceMainActivity
04-13 11:42:00.601  1626  1667 I WindowManager:   SURFACE controller=Surface(name=com.miui.securitycore/com.miui.securityspace.ui.activity.PrivateSpaceMainActivity)alpha=0.3944421 layer=21020 matrix=[1.0*1.0,0.0*1.0][0.0*1.0,1.0*1.0]: Window{6e2fa77 u0 com.miui.securitycore/com.miui.securityspace.ui.activity.PrivateSpaceMainActivity}
04-13 11:42:00.601  1626  1667 I WindowManager:   SURFACE Surface(name=StatusBar)---MATRIX [1.0,0.0,0.0,1.0]: StatusBar
04-13 11:42:00.602  1626  1667 I WindowManager: <<< CLOSE TRANSACTION animateLocked
04-13 11:42:00.616   549   549 E AAAA    : setUpHWComposer: empty: more  wasEmpty: notEmpty
04-13 11:42:00.616  1626  1667 I WindowManager: >>> OPEN TRANSACTION animateLocked
04-13 11:42:00.616  1626  1667 I WindowManager:   SURFACE Surface(name=com.android.systemui.ImageWallpaper)---MATRIX [1.0,0.0,0.0,1.0]: com.android.systemui.ImageWallpaper
04-13 11:42:00.617  1626  1667 I WindowManager:   SURFACE Surface(name=com.miui.securitycore/com.miui.securityspace.ui.activity.PrivateSpaceMainActivity)---MATRIX [1.0,0.0,0.0,1.0]: com.miui.securitycore/com.miui.securityspace.ui.activity.PrivateSpaceMainActivity
04-13 11:42:00.617  1626  1667 I WindowManager:   SURFACE Surface(name=com.miui.securitycore/com.miui.securityspace.ui.activity.PrivateSpaceMainActivity)---POS (setPositionInTransaction) @ (0.0,2514.0): com.miui.securitycore/com.miui.securityspace.ui.activity.PrivateSpaceMainActivity
04-13 11:42:00.617  1626  1667 I WindowManager:   SURFACE Surface(name=com.miui.securitycore/com.miui.securityspace.ui.activity.PrivateSpaceMainActivity)---MATRIX [1.0,0.0,0.0,1.0]: com.miui.securitycore/com.miui.securityspace.ui.activity.PrivateSpaceMainActivity
04-13 11:42:00.617  1626  1667 I WindowManager:   SURFACE controller=Surface(name=com.miui.securitycore/com.miui.securityspace.ui.activity.PrivateSpaceMainActivity)alpha=0.5447194 layer=21020 matrix=[1.0*1.0,0.0*1.0][0.0*1.0,1.0*1.0]: Window{6e2fa77 u0 com.miui.securitycore/com.miui.securityspace.ui.activity.PrivateSpaceMainActivity}
04-13 11:42:00.617  1626  1667 I WindowManager:   SURFACE Surface(name=StatusBar)---MATRIX [1.0,0.0,0.0,1.0]: StatusBar
04-13 11:42:00.618  1626  1667 I WindowManager: <<< CLOSE TRANSACTION animateLocked
04-13 11:42:00.633  1626  1667 I WindowManager: >>> OPEN TRANSACTION animateLocked
04-13 11:42:00.633  1626  1667 I WindowManager:   SURFACE Surface(name=com.android.systemui.ImageWallpaper)---MATRIX [1.0,0.0,0.0,1.0]: com.android.systemui.ImageWallpaper
04-13 11:42:00.634  1626  1667 I WindowManager:   SURFACE Surface(name=com.miui.securitycore/com.miui.securityspace.ui.activity.PrivateSpaceMainActivity)---MATRIX [1.0,0.0,0.0,1.0]: com.miui.securitycore/com.miui.securityspace.ui.activity.PrivateSpaceMainActivity
04-13 11:42:00.634   549   549 E AAAA    : setUpHWComposer: empty: more  wasEmpty: notEmpty
04-13 11:42:00.634  1626  1667 I WindowManager:   SURFACE Surface(name=com.miui.securitycore/com.miui.securityspace.ui.activity.PrivateSpaceMainActivity)---POS (setPositionInTransaction) @ (0.0,2295.0): com.miui.securitycore/com.miui.securityspace.ui.activity.PrivateSpaceMainActivity
04-13 11:42:00.634  1626  1667 I WindowManager:   SURFACE Surface(name=com.miui.securitycore/com.miui.securityspace.ui.activity.PrivateSpaceMainActivity)---MATRIX [1.0,0.0,0.0,1.0]: com.miui.securitycore/com.miui.securityspace.ui.activity.PrivateSpaceMainActivity
04-13 11:42:00.634  1626  1667 I WindowManager:   SURFACE controller=Surface(name=com.miui.securitycore/com.miui.securityspace.ui.activity.PrivateSpaceMainActivity)alpha=0.6587891 layer=21020 matrix=[1.0*1.0,0.0*1.0][0.0*1.0,1.0*1.0]: Window{6e2fa77 u0 com.miui.securitycore/com.miui.securityspace.ui.activity.PrivateSpaceMainActivity}
04-13 11:42:00.634  1626  1667 I WindowManager:   SURFACE Surface(name=StatusBar)---MATRIX [1.0,0.0,0.0,1.0]: StatusBar
04-13 11:42:00.635  1626  1667 I WindowManager: <<< CLOSE TRANSACTION animateLocked
04-13 11:42:00.650  1626  1667 I WindowManager: >>> OPEN TRANSACTION animateLocked
04-13 11:42:00.650   549   549 E AAAA    : setUpHWComposer: empty: more  wasEmpty: notEmpty
04-13 11:42:00.650  1626  1667 I WindowManager:   SURFACE Surface(name=com.android.systemui.ImageWallpaper)---MATRIX [1.0,0.0,0.0,1.0]: com.android.systemui.ImageWallpaper
04-13 11:42:00.650  1626  1667 I WindowManager:   SURFACE Surface(name=com.miui.securitycore/com.miui.securityspace.ui.activity.PrivateSpaceMainActivity)---MATRIX [1.0,0.0,0.0,1.0]: com.miui.securitycore/com.miui.securityspace.ui.activity.PrivateSpaceMainActivity
04-13 11:42:00.650  1626  1667 I WindowManager:   SURFACE Surface(name=com.miui.securitycore/com.miui.securityspace.ui.activity.PrivateSpaceMainActivity)---POS (setPositionInTransaction) @ (0.0,2110.0): com.miui.securitycore/com.miui.securityspace.ui.activity.PrivateSpaceMainActivity
04-13 11:42:00.650  1626  1667 I WindowManager:   SURFACE Surface(name=com.miui.securitycore/com.miui.securityspace.ui.activity.PrivateSpaceMainActivity)---MATRIX [1.0,0.0,0.0,1.0]: com.miui.securitycore/com.miui.securityspace.ui.activity.PrivateSpaceMainActivity
04-13 11:42:00.650  1626  1667 I WindowManager:   SURFACE controller=Surface(name=com.miui.securitycore/com.miui.securityspace.ui.activity.PrivateSpaceMainActivity)alpha=0.7549624 layer=21020 matrix=[1.0*1.0,0.0*1.0][0.0*1.0,1.0*1.0]: Window{6e2fa77 u0 com.miui.securitycore/com.miui.securityspace.ui.activity.PrivateSpaceMainActivity}
04-13 11:42:00.651  1626  1667 I WindowManager:   SURFACE Surface(name=StatusBar)---MATRIX [1.0,0.0,0.0,1.0]: StatusBar
04-13 11:42:00.652  1626  1667 I WindowManager: <<< CLOSE TRANSACTION animateLocked
04-13 11:42:00.666  1626  1667 I WindowManager: >>> OPEN TRANSACTION animateLocked
04-13 11:42:00.666   549   549 E AAAA    : setUpHWComposer: empty: more  wasEmpty: notEmpty
04-13 11:42:00.666  1626  1667 I WindowManager:   SURFACE Surface(name=com.android.systemui.ImageWallpaper)---MATRIX [1.0,0.0,0.0,1.0]: com.android.systemui.ImageWallpaper
04-13 11:42:00.667  1626  1667 I WindowManager:   SURFACE Surface(name=com.miui.securitycore/com.miui.securityspace.ui.activity.PrivateSpaceMainActivity)---MATRIX [1.0,0.0,0.0,1.0]: com.miui.securitycore/com.miui.securityspace.ui.activity.PrivateSpaceMainActivity
04-13 11:42:00.667  1626  1667 I WindowManager:   SURFACE Surface(name=com.miui.securitycore/com.miui.securityspace.ui.activity.PrivateSpaceMainActivity)---POS (setPositionInTransaction) @ (0.0,1968.0): com.miui.securitycore/com.miui.securityspace.ui.activity.PrivateSpaceMainActivity
04-13 11:42:00.667  1626  1667 I WindowManager:   SURFACE Surface(name=com.miui.securitycore/com.miui.securityspace.ui.activity.PrivateSpaceMainActivity)---MATRIX [1.0,0.0,0.0,1.0]: com.miui.securitycore/com.miui.securityspace.ui.activity.PrivateSpaceMainActivity
04-13 11:42:00.667  1626  1667 I WindowManager:   SURFACE controller=Surface(name=com.miui.securitycore/com.miui.securityspace.ui.activity.PrivateSpaceMainActivity)alpha=0.8292118 layer=21020 matrix=[1.0*1.0,0.0*1.0][0.0*1.0,1.0*1.0]: Window{6e2fa77 u0 com.miui.securitycore/com.miui.securityspace.ui.activity.PrivateSpaceMainActivity}
04-13 11:42:00.667  1626  1667 I WindowManager:   SURFACE Surface(name=StatusBar)---MATRIX [1.0,0.0,0.0,1.0]: StatusBar
04-13 11:42:00.668  1626  1667 I WindowManager: <<< CLOSE TRANSACTION animateLocked
04-13 11:42:00.683   549   549 E AAAA    : setUpHWComposer: empty: more  wasEmpty: notEmpty
04-13 11:42:00.683  1626  1667 I WindowManager: >>> OPEN TRANSACTION animateLocked
04-13 11:42:00.683  1626  1667 I WindowManager:   SURFACE Surface(name=com.android.systemui.ImageWallpaper)---MATRIX [1.0,0.0,0.0,1.0]: com.android.systemui.ImageWallpaper
04-13 11:42:00.683  1626  1667 I WindowManager:   SURFACE Surface(name=com.miui.securitycore/com.miui.securityspace.ui.activity.PrivateSpaceMainActivity)---MATRIX [1.0,0.0,0.0,1.0]: com.miui.securitycore/com.miui.securityspace.ui.activity.PrivateSpaceMainActivity
04-13 11:42:00.683  1626  1667 I WindowManager:   SURFACE Surface(name=com.miui.securitycore/com.miui.securityspace.ui.activity.PrivateSpaceMainActivity)---POS (setPositionInTransaction) @ (0.0,1866.0): com.miui.securitycore/com.miui.securityspace.ui.activity.PrivateSpaceMainActivity
04-13 11:42:00.684  1626  1667 I WindowManager:   SURFACE Surface(name=com.miui.securitycore/com.miui.securityspace.ui.activity.PrivateSpaceMainActivity)---MATRIX [1.0,0.0,0.0,1.0]: com.miui.securitycore/com.miui.securityspace.ui.activity.PrivateSpaceMainActivity
04-13 11:42:00.684  1626  1667 I WindowManager:   SURFACE controller=Surface(name=com.miui.securitycore/com.miui.securityspace.ui.activity.PrivateSpaceMainActivity)alpha=0.882309 layer=21020 matrix=[1.0*1.0,0.0*1.0][0.0*1.0,1.0*1.0]: Window{6e2fa77 u0 com.miui.securitycore/com.miui.securityspace.ui.activity.PrivateSpaceMainActivity}
04-13 11:42:00.684  1626  1667 I WindowManager:   SURFACE Surface(name=StatusBar)---MATRIX [1.0,0.0,0.0,1.0]: StatusBar
04-13 11:42:00.685  1626  1667 I WindowManager: <<< CLOSE TRANSACTION animateLocked
04-13 11:42:00.699  1626  1667 I WindowManager: >>> OPEN TRANSACTION animateLocked
04-13 11:42:00.699   549   549 E AAAA    : setUpHWComposer: empty: more  wasEmpty: notEmpty
04-13 11:42:00.700  1626  1667 I WindowManager:   SURFACE Surface(name=com.android.systemui.ImageWallpaper)---MATRIX [1.0,0.0,0.0,1.0]: com.android.systemui.ImageWallpaper
04-13 11:42:00.700  1626  1667 I WindowManager:   SURFACE Surface(name=com.miui.securitycore/com.miui.securityspace.ui.activity.PrivateSpaceMainActivity)---MATRIX [1.0,0.0,0.0,1.0]: com.miui.securitycore/com.miui.securityspace.ui.activity.PrivateSpaceMainActivity
04-13 11:42:00.700  1626  1667 I WindowManager:   SURFACE Surface(name=com.miui.securitycore/com.miui.securityspace.ui.activity.PrivateSpaceMainActivity)---POS (setPositionInTransaction) @ (0.0,1786.0): com.miui.securitycore/com.miui.securityspace.ui.activity.PrivateSpaceMainActivity
04-13 11:42:00.700  1626  1667 I WindowManager:   SURFACE Surface(name=com.miui.securitycore/com.miui.securityspace.ui.activity.PrivateSpaceMainActivity)---MATRIX [1.0,0.0,0.0,1.0]: com.miui.securitycore/com.miui.securityspace.ui.activity.PrivateSpaceMainActivity
04-13 11:42:00.700  1626  1667 I WindowManager:   SURFACE controller=Surface(name=com.miui.securitycore/com.miui.securityspace.ui.activity.PrivateSpaceMainActivity)alpha=0.9240309 layer=21020 matrix=[1.0*1.0,0.0*1.0][0.0*1.0,1.0*1.0]: Window{6e2fa77 u0 com.miui.securitycore/com.miui.securityspace.ui.activity.PrivateSpaceMainActivity}
04-13 11:42:00.700  1626  1667 I WindowManager:   SURFACE Surface(name=StatusBar)---MATRIX [1.0,0.0,0.0,1.0]: StatusBar
04-13 11:42:00.701  1626  1667 I WindowManager: <<< CLOSE TRANSACTION animateLocked
04-13 11:42:00.716  1626  1667 I WindowManager: >>> OPEN TRANSACTION animateLocked
04-13 11:42:00.716   549   549 E AAAA    : setUpHWComposer: empty: more  wasEmpty: notEmpty
04-13 11:42:00.717  1626  1667 I WindowManager:   SURFACE Surface(name=com.android.systemui.ImageWallpaper)---MATRIX [1.0,0.0,0.0,1.0]: com.android.systemui.ImageWallpaper
04-13 11:42:00.717  1626  1667 I WindowManager:   SURFACE Surface(name=com.miui.securitycore/com.miui.securityspace.ui.activity.PrivateSpaceMainActivity)---MATRIX [1.0,0.0,0.0,1.0]: com.miui.securitycore/com.miui.securityspace.ui.activity.PrivateSpaceMainActivity
04-13 11:42:00.717  1626  1667 I WindowManager:   SURFACE Surface(name=com.miui.securitycore/com.miui.securityspace.ui.activity.PrivateSpaceMainActivity)---POS (setPositionInTransaction) @ (0.0,1729.0): com.miui.securitycore/com.miui.securityspace.ui.activity.PrivateSpaceMainActivity
04-13 11:42:00.717  1626  1667 I WindowManager:   SURFACE Surface(name=com.miui.securitycore/com.miui.securityspace.ui.activity.PrivateSpaceMainActivity)---MATRIX [1.0,0.0,0.0,1.0]: com.miui.securitycore/com.miui.securityspace.ui.activity.PrivateSpaceMainActivity
04-13 11:42:00.717  1626  1667 I WindowManager:   SURFACE controller=Surface(name=com.miui.securitycore/com.miui.securityspace.ui.activity.PrivateSpaceMainActivity)alpha=0.95353335 layer=21020 matrix=[1.0*1.0,0.0*1.0][0.0*1.0,1.0*1.0]: Window{6e2fa77 u0 com.miui.securitycore/com.miui.securityspace.ui.activity.PrivateSpaceMainActivity}
04-13 11:42:00.717  1626  1667 I WindowManager:   SURFACE Surface(name=StatusBar)---MATRIX [1.0,0.0,0.0,1.0]: StatusBar
04-13 11:42:00.718  1626  1667 I WindowManager: <<< CLOSE TRANSACTION animateLocked
04-13 11:42:00.733   549   549 E AAAA    : setUpHWComposer: empty: more  wasEmpty: notEmpty
04-13 11:42:00.733  1626  1667 I WindowManager: >>> OPEN TRANSACTION animateLocked
04-13 11:42:00.733  1626  1667 I WindowManager:   SURFACE Surface(name=com.android.systemui.ImageWallpaper)---MATRIX [1.0,0.0,0.0,1.0]: com.android.systemui.ImageWallpaper
04-13 11:42:00.733  1626  1667 I WindowManager:   SURFACE Surface(name=com.miui.securitycore/com.miui.securityspace.ui.activity.PrivateSpaceMainActivity)---MATRIX [1.0,0.0,0.0,1.0]: com.miui.securitycore/com.miui.securityspace.ui.activity.PrivateSpaceMainActivity
04-13 11:42:00.733  1626  1667 I WindowManager:   SURFACE Surface(name=com.miui.securitycore/com.miui.securityspace.ui.activity.PrivateSpaceMainActivity)---POS (setPositionInTransaction) @ (0.0,1693.0): com.miui.securitycore/com.miui.securityspace.ui.activity.PrivateSpaceMainActivity
04-13 11:42:00.733  1626  1667 I WindowManager:   SURFACE Surface(name=com.miui.securitycore/com.miui.securityspace.ui.activity.PrivateSpaceMainActivity)---MATRIX [1.0,0.0,0.0,1.0]: com.miui.securitycore/com.miui.securityspace.ui.activity.PrivateSpaceMainActivity
04-13 11:42:00.734  1626  1667 I WindowManager:   SURFACE controller=Surface(name=com.miui.securitycore/com.miui.securityspace.ui.activity.PrivateSpaceMainActivity)alpha=0.97252184 layer=21020 matrix=[1.0*1.0,0.0*1.0][0.0*1.0,1.0*1.0]: Window{6e2fa77 u0 com.miui.securitycore/com.miui.securityspace.ui.activity.PrivateSpaceMainActivity}
04-13 11:42:00.734  1626  1667 I WindowManager:   SURFACE Surface(name=StatusBar)---MATRIX [1.0,0.0,0.0,1.0]: StatusBar
04-13 11:42:00.734  1626  1667 I WindowManager: <<< CLOSE TRANSACTION animateLocked
04-13 11:42:00.749  1626  1667 I WindowManager: >>> OPEN TRANSACTION animateLocked
04-13 11:42:00.750   549   549 E AAAA    : setUpHWComposer: empty: more  wasEmpty: notEmpty
04-13 11:42:00.750  1626  1667 I WindowManager:   SURFACE Surface(name=com.android.systemui.ImageWallpaper)---MATRIX [1.0,0.0,0.0,1.0]: com.android.systemui.ImageWallpaper
04-13 11:42:00.750  1626  1667 I WindowManager:   SURFACE Surface(name=com.miui.securitycore/com.miui.securityspace.ui.activity.PrivateSpaceMainActivity)---MATRIX [1.0,0.0,0.0,1.0]: com.miui.securitycore/com.miui.securityspace.ui.activity.PrivateSpaceMainActivity
04-13 11:42:00.750  1626  1667 I WindowManager:   SURFACE Surface(name=com.miui.securitycore/com.miui.securityspace.ui.activity.PrivateSpaceMainActivity)---POS (setPositionInTransaction) @ (0.0,1668.0): com.miui.securitycore/com.miui.securityspace.ui.activity.PrivateSpaceMainActivity
04-13 11:42:00.750  1626  1667 I WindowManager:   SURFACE Surface(name=com.miui.securitycore/com.miui.securityspace.ui.activity.PrivateSpaceMainActivity)---MATRIX [1.0,0.0,0.0,1.0]: com.miui.securitycore/com.miui.securityspace.ui.activity.PrivateSpaceMainActivity
04-13 11:42:00.750  1626  1667 I WindowManager:   SURFACE controller=Surface(name=com.miui.securitycore/com.miui.securityspace.ui.activity.PrivateSpaceMainActivity)alpha=0.98559695 layer=21020 matrix=[1.0*1.0,0.0*1.0][0.0*1.0,1.0*1.0]: Window{6e2fa77 u0 com.miui.securitycore/com.miui.securityspace.ui.activity.PrivateSpaceMainActivity}
04-13 11:42:00.750  1626  1667 I WindowManager:   SURFACE Surface(name=StatusBar)---MATRIX [1.0,0.0,0.0,1.0]: StatusBar
04-13 11:42:00.751  1626  1667 I WindowManager: <<< CLOSE TRANSACTION animateLocked
04-13 11:42:00.766  1626  1667 I WindowManager: >>> OPEN TRANSACTION animateLocked
04-13 11:42:00.766  1626  1667 I WindowManager:   SURFACE Surface(name=com.android.systemui.ImageWallpaper)---MATRIX [1.0,0.0,0.0,1.0]: com.android.systemui.ImageWallpaper
04-13 11:42:00.766   549   549 E AAAA    : setUpHWComposer: empty: more  wasEmpty: notEmpty
04-13 11:42:00.766  1626  1667 I WindowManager:   SURFACE Surface(name=com.miui.securitycore/com.miui.securityspace.ui.activity.PrivateSpaceMainActivity)---MATRIX [1.0,0.0,0.0,1.0]: com.miui.securitycore/com.miui.securityspace.ui.activity.PrivateSpaceMainActivity
04-13 11:42:00.767  1626  1667 I WindowManager:   SURFACE Surface(name=com.miui.securitycore/com.miui.securityspace.ui.activity.PrivateSpaceMainActivity)---POS (setPositionInTransaction) @ (0.0,1653.0): com.miui.securitycore/com.miui.securityspace.ui.activity.PrivateSpaceMainActivity
04-13 11:42:00.767  1626  1667 I WindowManager:   SURFACE Surface(name=com.miui.securitycore/com.miui.securityspace.ui.activity.PrivateSpaceMainActivity)---MATRIX [1.0,0.0,0.0,1.0]: com.miui.securitycore/com.miui.securityspace.ui.activity.PrivateSpaceMainActivity
04-13 11:42:00.767  1626  1667 I WindowManager:   SURFACE controller=Surface(name=com.miui.securitycore/com.miui.securityspace.ui.activity.PrivateSpaceMainActivity)alpha=0.99333614 layer=21020 matrix=[1.0*1.0,0.0*1.0][0.0*1.0,1.0*1.0]: Window{6e2fa77 u0 com.miui.securitycore/com.miui.securityspace.ui.activity.PrivateSpaceMainActivity}
04-13 11:42:00.767  1626  1667 I WindowManager:   SURFACE Surface(name=StatusBar)---MATRIX [1.0,0.0,0.0,1.0]: StatusBar
04-13 11:42:00.767  1626  1667 I WindowManager: <<< CLOSE TRANSACTION animateLocked
04-13 11:42:00.783  1626  1667 I WindowManager: >>> OPEN TRANSACTION animateLocked
04-13 11:42:00.783   549   549 E AAAA    : setUpHWComposer: empty: more  wasEmpty: notEmpty
04-13 11:42:00.783  1626  1667 I WindowManager:   SURFACE Surface(name=com.android.systemui.ImageWallpaper)---MATRIX [1.0,0.0,0.0,1.0]: com.android.systemui.ImageWallpaper
04-13 11:42:00.783  1626  1667 I WindowManager:   SURFACE Surface(name=com.miui.securitycore/com.miui.securityspace.ui.activity.PrivateSpaceMainActivity)---MATRIX [1.0,0.0,0.0,1.0]: com.miui.securitycore/com.miui.securityspace.ui.activity.PrivateSpaceMainActivity
04-13 11:42:00.783  1626  1667 I WindowManager:   SURFACE Surface(name=com.miui.securitycore/com.miui.securityspace.ui.activity.PrivateSpaceMainActivity)---POS (setPositionInTransaction) @ (0.0,1645.0): com.miui.securitycore/com.miui.securityspace.ui.activity.PrivateSpaceMainActivity
04-13 11:42:00.783  1626  1667 I WindowManager:   SURFACE Surface(name=com.miui.securitycore/com.miui.securityspace.ui.activity.PrivateSpaceMainActivity)---MATRIX [1.0,0.0,0.0,1.0]: com.miui.securitycore/com.miui.securityspace.ui.activity.PrivateSpaceMainActivity
04-13 11:42:00.783  1626  1667 I WindowManager:   SURFACE controller=Surface(name=com.miui.securitycore/com.miui.securityspace.ui.activity.PrivateSpaceMainActivity)alpha=0.99727046 layer=21020 matrix=[1.0*1.0,0.0*1.0][0.0*1.0,1.0*1.0]: Window{6e2fa77 u0 com.miui.securitycore/com.miui.securityspace.ui.activity.PrivateSpaceMainActivity}
04-13 11:42:00.784  1626  1667 I WindowManager:   SURFACE Surface(name=StatusBar)---MATRIX [1.0,0.0,0.0,1.0]: StatusBar
04-13 11:42:00.784  1626  1667 I WindowManager: <<< CLOSE TRANSACTION animateLocked
04-13 11:42:00.799  1626  1667 I WindowManager: >>> OPEN TRANSACTION animateLocked
04-13 11:42:00.800   549   549 E AAAA    : setUpHWComposer: empty: more  wasEmpty: notEmpty
04-13 11:42:00.800  1626  1667 I WindowManager:   SURFACE Surface(name=com.android.systemui.ImageWallpaper)---MATRIX [1.0,0.0,0.0,1.0]: com.android.systemui.ImageWallpaper
04-13 11:42:00.800  1626  1667 I WindowManager:   SURFACE Surface(name=com.miui.securitycore/com.miui.securityspace.ui.activity.PrivateSpaceMainActivity)---MATRIX [1.0,0.0,0.0,1.0]: com.miui.securitycore/com.miui.securityspace.ui.activity.PrivateSpaceMainActivity
04-13 11:42:00.800  1626  1667 I WindowManager:   SURFACE Surface(name=com.miui.securitycore/com.miui.securityspace.ui.activity.PrivateSpaceMainActivity)---POS (setPositionInTransaction) @ (0.0,1642.0): com.miui.securitycore/com.miui.securityspace.ui.activity.PrivateSpaceMainActivity
04-13 11:42:00.800  1626  1667 I WindowManager:   SURFACE Surface(name=com.miui.securitycore/com.miui.securityspace.ui.activity.PrivateSpaceMainActivity)---MATRIX [1.0,0.0,0.0,1.0]: com.miui.securitycore/com.miui.securityspace.ui.activity.PrivateSpaceMainActivity
04-13 11:42:00.800  1626  1667 I WindowManager:   SURFACE controller=Surface(name=com.miui.securitycore/com.miui.securityspace.ui.activity.PrivateSpaceMainActivity)alpha=0.9992061 layer=21020 matrix=[1.0*1.0,0.0*1.0][0.0*1.0,1.0*1.0]: Window{6e2fa77 u0 com.miui.securitycore/com.miui.securityspace.ui.activity.PrivateSpaceMainActivity}
04-13 11:42:00.800  1626  1667 I WindowManager:   SURFACE Surface(name=StatusBar)---MATRIX [1.0,0.0,0.0,1.0]: StatusBar
04-13 11:42:00.801  1626  1667 I WindowManager: <<< CLOSE TRANSACTION animateLocked
04-13 11:42:00.816  1626  1667 I WindowManager: >>> OPEN TRANSACTION animateLocked
04-13 11:42:00.816   549   549 E AAAA    : setUpHWComposer: empty: more  wasEmpty: notEmpty
04-13 11:42:00.816  1626  1667 I WindowManager:   SURFACE Surface(name=com.android.systemui.ImageWallpaper)---MATRIX [1.0,0.0,0.0,1.0]: com.android.systemui.ImageWallpaper
04-13 11:42:00.816  1626  1667 I WindowManager:   SURFACE Surface(name=com.miui.securitycore/com.miui.securityspace.ui.activity.PrivateSpaceMainActivity)---MATRIX [1.0,0.0,0.0,1.0]: com.miui.securitycore/com.miui.securityspace.ui.activity.PrivateSpaceMainActivity
04-13 11:42:00.817  1626  1667 I WindowManager:   SURFACE Surface(name=com.miui.securitycore/com.miui.securityspace.ui.activity.PrivateSpaceMainActivity)---POS (setPositionInTransaction) @ (0.0,1640.0): com.miui.securitycore/com.miui.securityspace.ui.activity.PrivateSpaceMainActivity
04-13 11:42:00.817  1626  1667 I WindowManager:   SURFACE Surface(name=com.miui.securitycore/com.miui.securityspace.ui.activity.PrivateSpaceMainActivity)---MATRIX [1.0,0.0,0.0,1.0]: com.miui.securitycore/com.miui.securityspace.ui.activity.PrivateSpaceMainActivity
04-13 11:42:00.817  1626  1667 I WindowManager:   SURFACE controller=Surface(name=com.miui.securitycore/com.miui.securityspace.ui.activity.PrivateSpaceMainActivity)alpha=0.9998682 layer=21020 matrix=[1.0*1.0,0.0*1.0][0.0*1.0,1.0*1.0]: Window{6e2fa77 u0 com.miui.securitycore/com.miui.securityspace.ui.activity.PrivateSpaceMainActivity}
04-13 11:42:00.817  1626  1667 I WindowManager:   SURFACE Surface(name=StatusBar)---MATRIX [1.0,0.0,0.0,1.0]: StatusBar
04-13 11:42:00.817  1626  1667 I WindowManager: <<< CLOSE TRANSACTION animateLocked
04-13 11:42:00.833  1626  1667 I WindowManager: >>> OPEN TRANSACTION animateLocked
04-13 11:42:00.833   549   549 E AAAA    : setUpHWComposer: empty: more  wasEmpty: notEmpty
04-13 11:42:00.833  1626  1667 I WindowManager:   SURFACE Surface(name=com.android.systemui.ImageWallpaper)---MATRIX [1.0,0.0,0.0,1.0]: com.android.systemui.ImageWallpaper
04-13 11:42:00.833  1626  1667 I WindowManager:   SURFACE Surface(name=com.miui.securitycore/com.miui.securityspace.ui.activity.PrivateSpaceMainActivity)---MATRIX [1.0,0.0,0.0,1.0]: com.miui.securitycore/com.miui.securityspace.ui.activity.PrivateSpaceMainActivity
04-13 11:42:00.833  1626  1667 I WindowManager:   SURFACE Surface(name=com.miui.securitycore/com.miui.securityspace.ui.activity.PrivateSpaceMainActivity)---MATRIX [1.0,0.0,0.0,1.0]: com.miui.securitycore/com.miui.securityspace.ui.activity.PrivateSpaceMainActivity
04-13 11:42:00.833  1626  1667 I WindowManager:   SURFACE controller=Surface(name=com.miui.securitycore/com.miui.securityspace.ui.activity.PrivateSpaceMainActivity)alpha=0.99999374 layer=21020 matrix=[1.0*1.0,0.0*1.0][0.0*1.0,1.0*1.0]: Window{6e2fa77 u0 com.miui.securitycore/com.miui.securityspace.ui.activity.PrivateSpaceMainActivity}
04-13 11:42:00.833  1626  1667 I WindowManager:   SURFACE Surface(name=StatusBar)---MATRIX [1.0,0.0,0.0,1.0]: StatusBar
04-13 11:42:00.834  1626  1667 I WindowManager: <<< CLOSE TRANSACTION animateLocked
04-13 11:42:00.849  1626  1667 I WindowManager: >>> OPEN TRANSACTION animateLocked
04-13 11:42:00.850   549   549 E AAAA    : setUpHWComposer: empty: more  wasEmpty: notEmpty
04-13 11:42:00.850  1626  1667 I WindowManager:   SURFACE Surface(name=com.android.systemui.ImageWallpaper)---MATRIX [1.0,0.0,0.0,1.0]: com.android.systemui.ImageWallpaper
04-13 11:42:00.850  1626  1667 I WindowManager:   SURFACE Surface(name=com.miui.securitycore/com.miui.securityspace.ui.activity.PrivateSpaceMainActivity)---MATRIX [1.0,0.0,0.0,1.0]: com.miui.securitycore/com.miui.securityspace.ui.activity.PrivateSpaceMainActivity
04-13 11:42:00.850  1626  1667 I WindowManager:   SURFACE Surface(name=com.miui.securitycore/com.miui.securityspace.ui.activity.PrivateSpaceMainActivity)---MATRIX [1.0,0.0,0.0,1.0]: com.miui.securitycore/com.miui.securityspace.ui.activity.PrivateSpaceMainActivity
04-13 11:42:00.850  1626  1667 I WindowManager:   SURFACE controller=Surface(name=com.miui.securitycore/com.miui.securityspace.ui.activity.PrivateSpaceMainActivity)alpha=1.0 layer=21020 matrix=[1.0*1.0,0.0*1.0][0.0*1.0,1.0*1.0]: Window{6e2fa77 u0 com.miui.securitycore/com.miui.securityspace.ui.activity.PrivateSpaceMainActivity}
04-13 11:42:00.850  1626  1667 I WindowManager:   SURFACE Surface(name=StatusBar)---MATRIX [1.0,0.0,0.0,1.0]: StatusBar
04-13 11:42:00.851  1626  1667 I WindowManager: <<< CLOSE TRANSACTION animateLocked
04-13 11:42:00.866  1626  1667 I WindowManager: >>> OPEN TRANSACTION animateLocked
04-13 11:42:00.866   549   549 E AAAA    : setUpHWComposer: empty: more  wasEmpty: notEmpty
04-13 11:42:00.866  1626  1667 V WindowManager: Finished animation in WindowStateAnimator{5ff16e4 com.miui.securitycore/com.miui.securityspace.ui.activity.PrivateSpaceMainActivity} @ 81906
04-13 11:42:00.866  1626  1667 V WindowManager: Animation done in WindowStateAnimator{5ff16e4 com.miui.securitycore/com.miui.securityspace.ui.activity.PrivateSpaceMainActivity}: exiting=false, reportedVisible=true
04-13 11:42:00.866  1626  1667 V WindowManager: finishExit in WindowStateAnimator{5ff16e4 com.miui.securitycore/com.miui.securityspace.ui.activity.PrivateSpaceMainActivity}: exiting=false remove=false windowAnimating=false
04-13 11:42:00.866  1626  1667 I WindowManager:   SURFACE Surface(name=com.android.systemui.ImageWallpaper)---MATRIX [1.0,0.0,0.0,1.0]: com.android.systemui.ImageWallpaper
