07-02 20:00:35.500  1463  1716 I WindowManager: >>> OPEN TRANSACTION performLayoutAndPlaceSurfaces
07-02 20:00:35.501  1463  1716 I WindowStateAnimator: commitFinishDrawingLocked: mDrawState=READY_TO_SHOW Surface(name=)
07-02 20:00:35.501  1463  1716 V WindowStateAnimator: performShow on WindowStateAnimator{eb74e51 }: mDrawState=READY_TO_SHOW readyForDisplay=true starting=false during animation: policyVis=true attHidden=false tok.hiddenRequested=false tok.hidden=false animating=false tok animating=false Callers=com.android.server.wm.WindowStateAnimator.commitFinishDrawingLocked:547 com.android.server.wm.WindowManagerService.performLayoutAndPlaceSurfacesLockedInner:10254 com.android.server.wm.WindowManagerService.performLayoutAndPlaceSurfacesLockedLoop:9131 
07-02 20:00:35.501  1463  1716 I WindowManager:   SURFACE SHOW (performShowLocked): Window{fb9c9de u0 android}
07-02 20:00:35.502  1463  1716 V WindowStateAnimator: Showing WindowStateAnimator{eb74e51 } during animation: policyVis=true attHidden=false tok.hiddenRequested=false tok.hidden=false animating=false tok animating=false
07-02 20:00:35.504  1463  1716 V WindowStateAnimator: applyAnimation: win=WindowStateAnimator{eb74e51 } anim=0 attr=0x0 a=android.view.animation.AnimationSet@33835b4 transit=1 isEntrance=true Callers com.android.server.wm.WindowStateAnimator.applyEnterAnimationLocked:1827 com.android.server.wm.WindowStateAnimator.performShowLocked:1732 com.android.server.wm.WindowStateAnimator.commitFinishDrawingLocked:547 
07-02 20:00:35.510  1463  1716 V WindowStateAnimator: Loaded animation android.view.animation.AnimationSet@33835b4 for WindowStateAnimator{eb74e51 }
07-02 20:00:35.510  1463  1716 V WindowStateAnimator: performShowLocked: mDrawState=HAS_DRAWN in WindowStateAnimator{eb74e51 }
07-02 20:00:35.512  1463  1716 I WindowManager: <<< CLOSE TRANSACTION performLayoutAndPlaceSurfaces
07-02 20:00:35.516  1463  1716 I WindowAnimator: >>> OPEN TRANSACTION animateLocked
07-02 20:00:35.516  1463  1716 V WindowStateAnimator: Starting animation in WindowStateAnimator{eb74e51 } @ 99319: ww=720 wh=1280 dw=720 dh=1280 scale=1.0
07-02 20:00:35.516  1463  1716 I WindowManager:   SURFACE POS 0.0, -34.220142: Window{51889fd u0 StatusBar}
07-02 20:00:35.517  1463  1716 V WindowStateAnimator: prepareSurface: No changes in animation for WindowStateAnimator{c8b0a00 StatusBar}
07-02 20:00:35.517  1463  1716 I WindowManager:   SURFACE POS 36.000008, 64.000015: Window{fb9c9de u0 android}
07-02 20:00:35.517  1463  1716 I WindowManager:   SURFACE alpha=0.0 layer=231000 matrix=[0.9*1.0,0.0*1.0][0.0*1.0,0.9*1.0]: Window{fb9c9de u0 android}
07-02 20:00:35.517  1463  1716 I WindowManager:   SURFACE SHOW (performLayout): Window{fb9c9de u0 android}
07-02 20:00:35.517  1463  1716 V WindowStateAnimator: Showing Window{fb9c9de u0 android} during relayout
07-02 20:00:35.523  1463  1716 I WindowAnimator: <<< CLOSE TRANSACTION animateLocked
07-02 20:00:35.523  1463  1716 I WindowManager: >>> OPEN TRANSACTION performLayoutAndPlaceSurfaces
07-02 20:00:35.524  1463  1716 I WindowManager: <<< CLOSE TRANSACTION performLayoutAndPlaceSurfaces
07-02 20:00:35.531  1463  1716 I WindowAnimator: >>> OPEN TRANSACTION animateLocked
07-02 20:00:35.531  1463  1716 I WindowManager:   SURFACE POS 0.0, -40.722317: Window{51889fd u0 StatusBar}
07-02 20:00:35.531  1463  1716 V WindowStateAnimator: prepareSurface: No changes in animation for WindowStateAnimator{c8b0a00 StatusBar}
07-02 20:00:35.531  1463  1716 I WindowManager:   SURFACE POS 24.679714, 43.875046: Window{fb9c9de u0 android}
07-02 20:00:35.532  1463  1716 I WindowManager:   SURFACE alpha=0.28708035 layer=231000 matrix=[0.93144524*1.0,0.0*1.0][0.0*1.0,0.93144524*1.0]: Window{fb9c9de u0 android}
07-02 20:00:35.543  1463  1716 I WindowAnimator: <<< CLOSE TRANSACTION animateLocked
07-02 20:00:35.555  1463  1716 I WindowAnimator: >>> OPEN TRANSACTION animateLocked
07-02 20:00:35.556  1463  1716 I WindowManager:   SURFACE POS 0.0, -48.0: Window{51889fd u0 StatusBar}
07-02 20:00:35.556  1463  1716 V WindowStateAnimator: prepareSurface: No changes in animation for WindowStateAnimator{c8b0a00 StatusBar}
07-02 20:00:35.556  1463  1716 I WindowManager:   SURFACE POS 15.973392, 28.39714: Window{fb9c9de u0 android}
07-02 20:00:35.556  1463  1716 I WindowManager:   SURFACE alpha=0.525448 layer=231000 matrix=[0.95562947*1.0,0.0*1.0][0.0*1.0,0.95562947*1.0]: Window{fb9c9de u0 android}
07-02 20:00:35.558  1463  1716 I WindowAnimator: <<< CLOSE TRANSACTION animateLocked
07-02 20:00:35.566  1463  1716 I WindowAnimator: >>> OPEN TRANSACTION animateLocked
07-02 20:00:35.566  1463  1716 V WindowStateAnimator: Finished animation in WindowStateAnimator{c8b0a00 StatusBar} @ 99369
07-02 20:00:35.566  1463  1716 V WindowStateAnimator: Animation done in WindowStateAnimator{c8b0a00 StatusBar}: exiting=false, reportedVisible=false
07-02 20:00:35.566  1463  1716 V WindowStateAnimator: Policy visibility changing after anim in WindowStateAnimator{c8b0a00 StatusBar}: false
07-02 20:00:35.566  1463  1716 V WindowStateAnimator: finishExit in WindowStateAnimator{c8b0a00 StatusBar}: exiting=false remove=false windowAnimating=false
07-02 20:00:35.567  1463  1716 I WindowManager:   SURFACE POS 0.0, 0.0: Window{51889fd u0 StatusBar}
07-02 20:00:35.567  1463  1716 I WindowManager:   SURFACE HIDE (performLayout): Window{51889fd u0 StatusBar}
07-02 20:00:35.568  1463  1716 I WindowManager:   SURFACE POS 9.91823, 17.632408: Window{fb9c9de u0 android}
07-02 20:00:35.568  1463  1716 I WindowManager:   SURFACE alpha=0.70370376 layer=231000 matrix=[0.97244936*1.0,0.0*1.0][0.0*1.0,0.97244936*1.0]: Window{fb9c9de u0 android}
07-02 20:00:35.570  1463  1716 I WindowAnimator: <<< CLOSE TRANSACTION animateLocked
07-02 20:00:35.570  1463  1716 I WindowManager: >>> OPEN TRANSACTION performLayoutAndPlaceSurfaces
07-02 20:00:35.571  1463  1716 V WindowManager: Resize reasons for w=Window{fb9c9de u0 android}:  contentInsetsChanged=false [0,48][0,0] visibleInsetsChanged=true [0,0][0,0] stableInsetsChanged=false [0,48][0,0] outsetsChanged=false [0,0][0,0] surfaceResized=false configChanged=false
07-02 20:00:35.571  1463  1716 V WindowManager: Resizing window Window{fb9c9de u0 android} to 720.0x1280.0
07-02 20:00:35.572  1463  1716 V WindowManager: Resize reasons for w=Window{b52a43e u0 com.miui.securitycore/com.miui.securityspace.ui.activity.PrivateSpaceMainActivity}:  contentInsetsChanged=false [0,48][0,0] visibleInsetsChanged=true [0,0][0,0] stableInsetsChanged=false [0,48][0,0] outsetsChanged=false [0,0][0,0] surfaceResized=false configChanged=false
07-02 20:00:35.572  1463  1716 V WindowManager: Resizing window Window{b52a43e u0 com.miui.securitycore/com.miui.securityspace.ui.activity.PrivateSpaceMainActivity} to 720.0x1280.0
07-02 20:00:35.573  1463  1716 I WindowManager: <<< CLOSE TRANSACTION performLayoutAndPlaceSurfaces
07-02 20:00:35.580  1463  1716 I WindowAnimator: >>> OPEN TRANSACTION animateLocked
07-02 20:00:35.581  1463  1716 I WindowManager:   SURFACE POS 5.856614, 10.411758: Window{fb9c9de u0 android}
07-02 20:00:35.581  1463  1716 I WindowManager:   SURFACE alpha=0.8305816 layer=231000 matrix=[0.9837316*1.0,0.0*1.0][0.0*1.0,0.9837316*1.0]: Window{fb9c9de u0 android}
07-02 20:00:35.582  1463  1716 I WindowAnimator: <<< CLOSE TRANSACTION animateLocked
07-02 20:00:35.597  1463  1716 I WindowAnimator: >>> OPEN TRANSACTION animateLocked
07-02 20:00:35.598  1463  1716 I WindowManager:   SURFACE POS 3.3712578, 5.993347: Window{fb9c9de u0 android}
07-02 20:00:35.598  1463  1716 I WindowManager:   SURFACE alpha=0.91088504 layer=231000 matrix=[0.9906354*1.0,0.0*1.0][0.0*1.0,0.9906354*1.0]: Window{fb9c9de u0 android}
07-02 20:00:35.599  1463  1716 I WindowAnimator: <<< CLOSE TRANSACTION animateLocked
07-02 20:00:35.614  1463  1716 I WindowAnimator: >>> OPEN TRANSACTION animateLocked
07-02 20:00:35.614  1463  1716 I WindowManager:   SURFACE POS 1.7381787, 3.0900955: Window{fb9c9de u0 android}
07-02 20:00:35.615  1463  1716 I WindowManager:   SURFACE alpha=0.962963 layer=231000 matrix=[0.9951717*1.0,0.0*1.0][0.0*1.0,0.9951717*1.0]: Window{fb9c9de u0 android}
07-02 20:00:35.618  1463  1716 I WindowAnimator: <<< CLOSE TRANSACTION animateLocked
07-02 20:00:35.631  1463  1716 I WindowAnimator: >>> OPEN TRANSACTION animateLocked
07-02 20:00:35.631  1463  1716 I WindowManager:   SURFACE POS 0.8097911, 1.4396286: Window{fb9c9de u0 android}
07-02 20:00:35.631  1463  1716 I WindowManager:   SURFACE alpha=0.989352 layer=231000 matrix=[0.9977506*1.0,0.0*1.0][0.0*1.0,0.9977506*1.0]: Window{fb9c9de u0 android}
07-02 20:00:35.632  1463  1716 I WindowAnimator: <<< CLOSE TRANSACTION animateLocked
07-02 20:00:35.653  1463  1716 I WindowAnimator: >>> OPEN TRANSACTION animateLocked
07-02 20:00:35.654  1463  1716 I WindowManager:   SURFACE POS 0.3481722, 0.6189728: Window{fb9c9de u0 android}
07-02 20:00:35.654  1463  1716 I WindowManager:   SURFACE alpha=0.9985443 layer=231000 matrix=[0.99903286*1.0,0.0*1.0][0.0*1.0,0.99903286*1.0]: Window{fb9c9de u0 android}
07-02 20:00:35.655  1463  1716 I WindowAnimator: <<< CLOSE TRANSACTION animateLocked
07-02 20:00:35.666  1463  1716 I WindowAnimator: >>> OPEN TRANSACTION animateLocked
07-02 20:00:35.667  1463  1716 I WindowManager:   SURFACE POS 0.117394924, 0.20870209: Window{fb9c9de u0 android}
07-02 20:00:35.667  1463  1716 I WindowManager:   SURFACE alpha=1.0 layer=231000 matrix=[0.9996739*1.0,0.0*1.0][0.0*1.0,0.9996739*1.0]: Window{fb9c9de u0 android}
07-02 20:00:35.667  1463  1716 I WindowAnimator: <<< CLOSE TRANSACTION animateLocked
07-02 20:00:35.681  1463  1716 I WindowAnimator: >>> OPEN TRANSACTION animateLocked
07-02 20:00:35.681  1463  1716 I WindowManager:   SURFACE POS 0.029203892, 0.05191803: Window{fb9c9de u0 android}
07-02 20:00:35.681  1463  1716 I WindowManager:   SURFACE alpha=1.0 layer=231000 matrix=[0.9999189*1.0,0.0*1.0][0.0*1.0,0.9999189*1.0]: Window{fb9c9de u0 android}
07-02 20:00:35.682  1463  1716 I WindowAnimator: <<< CLOSE TRANSACTION animateLocked
07-02 20:00:35.698  1463  1716 I WindowAnimator: >>> OPEN TRANSACTION animateLocked
07-02 20:00:35.698  1463  1716 I WindowManager:   SURFACE POS 0.004849434, 0.008621216: Window{fb9c9de u0 android}
07-02 20:00:35.698  1463  1716 I WindowManager:   SURFACE alpha=1.0 layer=231000 matrix=[0.9999865*1.0,0.0*1.0][0.0*1.0,0.9999865*1.0]: Window{fb9c9de u0 android}
07-02 20:00:35.699  1463  1716 I WindowAnimator: <<< CLOSE TRANSACTION animateLocked
07-02 20:00:35.714  1463  1716 I WindowAnimator: >>> OPEN TRANSACTION animateLocked
07-02 20:00:35.715  1463  1716 I WindowManager:   SURFACE POS 2.1457672E-4, 3.8146973E-4: Window{fb9c9de u0 android}
07-02 20:00:35.715  1463  1716 I WindowManager:   SURFACE alpha=1.0 layer=231000 matrix=[0.9999994*1.0,0.0*1.0][0.0*1.0,0.9999994*1.0]: Window{fb9c9de u0 android}
07-02 20:00:35.716  1463  1716 I WindowAnimator: <<< CLOSE TRANSACTION animateLocked
07-02 20:00:35.731  1463  1716 I WindowAnimator: >>> OPEN TRANSACTION animateLocked
07-02 20:00:35.731  1463  1716 I WindowManager:   SURFACE POS 0.0, 0.0: Window{fb9c9de u0 android}
07-02 20:00:35.732  1463  1716 I WindowManager:   SURFACE alpha=1.0 layer=231000 matrix=[1.0*1.0,0.0*1.0][0.0*1.0,1.0*1.0]: Window{fb9c9de u0 android}
07-02 20:00:35.733  1463  1716 I WindowAnimator: <<< CLOSE TRANSACTION animateLocked
07-02 20:00:35.748  1463  1716 I WindowAnimator: >>> OPEN TRANSACTION animateLocked
07-02 20:00:35.748  1463  1716 V WindowStateAnimator: prepareSurface: No changes in animation for WindowStateAnimator{eb74e51 }
07-02 20:00:35.749  1463  1716 I WindowAnimator: <<< CLOSE TRANSACTION animateLocked
07-02 20:00:35.764  1463  1716 I WindowAnimator: >>> OPEN TRANSACTION animateLocked
07-02 20:00:35.765  1463  1716 V WindowStateAnimator: Finished animation in WindowStateAnimator{eb74e51 } @ 99569
07-02 20:00:35.765  1463  1716 V WindowStateAnimator: Animation done in WindowStateAnimator{eb74e51 }: exiting=false, reportedVisible=false
07-02 20:00:35.765  1463  1716 V WindowStateAnimator: finishExit in WindowStateAnimator{eb74e51 }: exiting=false remove=false windowAnimating=false
07-02 20:00:35.765  1463  1711 E AAAA    : start user in foreground
07-02 20:00:35.766  1463  1716 I WindowAnimator: <<< CLOSE TRANSACTION animateLocked
07-02 20:00:35.768  1463  1711 E AAAA    : startFreezingScreen
07-02 20:00:35.768  1463  1711 E AAAA    : java.lang.Throwable
07-02 20:00:35.768  1463  1711 E AAAA    : 	at com.android.server.wm.WindowManagerService.startFreezingDisplayLocked(WindowManagerService.java:10997)
07-02 20:00:35.768  1463  1711 E AAAA    : 	at com.android.server.wm.WindowManagerService.startFreezingScreen(WindowManagerService.java:5429)
07-02 20:00:35.768  1463  1711 E AAAA    : 	at com.android.server.am.ActivityManagerService.startUser(ActivityManagerService.java:21039)
07-02 20:00:35.768  1463  1711 E AAAA    : 	at com.android.server.am.ActivityManagerService.startUserInForeground(ActivityManagerService.java:20921)
07-02 20:00:35.768  1463  1711 E AAAA    : 	at com.android.server.am.UserSwitchingDialogInjector.startUserInForeground(UserSwitchingDialogInjector.java:36)
07-02 20:00:35.768  1463  1711 E AAAA    : 	at com.android.server.am.BaseUserSwitchingDialog.startUser(BaseUserSwitchingDialog.java:57)
07-02 20:00:35.768  1463  1711 E AAAA    : 	at com.android.server.am.UserSwitchingDialogInjector$1.onWindowShown(UserSwitchingDialogInjector.java:19)
07-02 20:00:35.768  1463  1711 E AAAA    : 	at android.view.ViewTreeObserver.dispatchOnWindowShown(ViewTreeObserver.java:966)
07-02 20:00:35.768  1463  1711 E AAAA    : 	at android.view.ViewRootImpl.handleDispatchWindowShown(ViewRootImpl.java:5408)
07-02 20:00:35.768  1463  1711 E AAAA    : 	at android.view.ViewRootImpl$ViewRootHandler.handleMessage(ViewRootImpl.java:3526)
07-02 20:00:35.768  1463  1711 E AAAA    : 	at android.os.Handler.dispatchMessage(Handler.java:102)
07-02 20:00:35.768  1463  1711 E AAAA    : 	at android.os.Looper.loop(Looper.java:157)
07-02 20:00:35.768  1463  1711 E AAAA    : 	at android.os.HandlerThread.run(HandlerThread.java:61)
07-02 20:00:35.768  1463  1711 E AAAA    : 	at com.android.server.ServiceThread.run(ServiceThread.java:46)
07-02 20:00:35.769  1463  1711 I WindowManager: >>> OPEN TRANSACTION ScreenRotationAnimation
07-02 20:00:35.785  1463  1711 I WindowManager:   FREEZE Surface(name=ScreenshotSurface): CREATE
07-02 20:00:35.785  1463  1711 I WindowManager: <<< CLOSE TRANSACTION ScreenRotationAnimation
07-02 20:00:35.785  1463  1716 I WindowManager: >>> OPEN TRANSACTION performLayoutAndPlaceSurfaces
07-02 20:00:35.786  1463  1716 I WindowManager: <<< CLOSE TRANSACTION performLayoutAndPlaceSurfaces
07-02 20:00:35.786  1463  1716 V WindowManager: With display frozen, orientationChangeComplete=true
07-02 20:00:35.786  1463  1716 D WindowManager: stopFreezingDisplayLocked: Returning mWaitingForConfig=false, mAppsFreezingScreen=0, mWindowsFreezingScreen=0, mClientFreezingScreen=true, mOpeningApps.size()=0
07-02 20:00:35.808  1463  1711 W WindowManager: user changing, hiding Window{f04027d u0 com.android.systemui.ImageWallpaper}, attrs=2013, belonging to 1000
07-02 20:00:35.808  1463  1711 W WindowManager: user changing, hiding Window{4f5fdcc u0 com.miui.home/com.miui.home.launcher.Launcher}, attrs=1, belonging to 10021
07-02 20:00:35.808  1463  1711 W WindowManager: user changing, hiding Window{e3ddaf0 u0 com.android.settings/com.android.settings.MainSettings}, attrs=1, belonging to 1000
07-02 20:00:35.808  1463  1711 W WindowManager: user changing, hiding Window{b52a43e u0 com.miui.securitycore/com.miui.securityspace.ui.activity.PrivateSpaceMainActivity}, attrs=1, belonging to 1000
07-02 20:00:35.808  1463  1711 W WindowManager: user changing, hiding Window{e9e8437 u0 AssistPreviewPanel}, attrs=2033, belonging to 1000
07-02 20:00:35.809  1463  1711 I WindowManager: >>> OPEN TRANSACTION performLayoutAndPlaceSurfaces
07-02 20:00:35.809  1463  1711 I WindowManager: <<< CLOSE TRANSACTION performLayoutAndPlaceSurfaces
07-02 20:00:35.809  1463  1711 V WindowManager: With display frozen, orientationChangeComplete=true
07-02 20:00:35.810  1463  1711 D WindowManager: stopFreezingDisplayLocked: Returning mWaitingForConfig=false, mAppsFreezingScreen=0, mWindowsFreezingScreen=0, mClientFreezingScreen=true, mOpeningApps.size()=0
07-02 20:00:35.811  1463  1716 I WindowAnimator: >>> OPEN TRANSACTION animateLocked
07-02 20:00:35.811  1463  1716 I WindowManager:   SURFACE HIDE (performLayout): Window{b52a43e u0 com.miui.securitycore/com.miui.securityspace.ui.activity.PrivateSpaceMainActivity}
07-02 20:00:35.813  1463  1716 I WindowAnimator: <<< CLOSE TRANSACTION animateLocked
07-02 20:00:35.814  1463  1711 E AAAA    : set user initializing == true
07-02 20:00:35.814  1463  1711 E AAAA    : java.lang.Throwable
07-02 20:00:35.814  1463  1711 E AAAA    : 	at com.android.server.am.ActivityManagerService.startUser(ActivityManagerService.java:21162)
07-02 20:00:35.814  1463  1711 E AAAA    : 	at com.android.server.am.ActivityManagerService.startUserInForeground(ActivityManagerService.java:20921)
07-02 20:00:35.814  1463  1711 E AAAA    : 	at com.android.server.am.UserSwitchingDialogInjector.startUserInForeground(UserSwitchingDialogInjector.java:36)
07-02 20:00:35.814  1463  1711 E AAAA    : 	at com.android.server.am.BaseUserSwitchingDialog.startUser(BaseUserSwitchingDialog.java:57)
07-02 20:00:35.814  1463  1711 E AAAA    : 	at com.android.server.am.UserSwitchingDialogInjector$1.onWindowShown(UserSwitchingDialogInjector.java:19)
07-02 20:00:35.814  1463  1711 E AAAA    : 	at android.view.ViewTreeObserver.dispatchOnWindowShown(ViewTreeObserver.java:966)
07-02 20:00:35.814  1463  1711 E AAAA    : 	at android.view.ViewRootImpl.handleDispatchWindowShown(ViewRootImpl.java:5408)
07-02 20:00:35.814  1463  1711 E AAAA    : 	at android.view.ViewRootImpl$ViewRootHandler.handleMessage(ViewRootImpl.java:3526)
07-02 20:00:35.814  1463  1711 E AAAA    : 	at android.os.Handler.dispatchMessage(Handler.java:102)
07-02 20:00:35.814  1463  1711 E AAAA    : 	at android.os.Looper.loop(Looper.java:157)
07-02 20:00:35.814  1463  1711 E AAAA    : 	at android.os.HandlerThread.run(HandlerThread.java:61)
07-02 20:00:35.814  1463  1711 E AAAA    : 	at com.android.server.ServiceThread.run(ServiceThread.java:46)
07-02 20:00:35.820  1463  1711 W WindowStateAnimator: Window WindowStateAnimator{eb74e51 } destroying surface Surface(name=), session Session{63aa050 1463:1000}
07-02 20:00:35.820  1463  1711 I WindowManager:   SURFACE DESTROY: Window{fb9c9de u0 android}
07-02 20:00:35.821  1463  1711 I WindowManager: >>> OPEN TRANSACTION performLayoutAndPlaceSurfaces
07-02 20:00:35.823  1463  1711 I WindowManager: <<< CLOSE TRANSACTION performLayoutAndPlaceSurfaces
07-02 20:00:35.823  1463  1711 V WindowManager: With display frozen, orientationChangeComplete=true
07-02 20:00:35.823  1463  1711 D WindowManager: stopFreezingDisplayLocked: Returning mWaitingForConfig=false, mAppsFreezingScreen=0, mWindowsFreezingScreen=0, mClientFreezingScreen=true, mOpeningApps.size()=0
07-02 20:00:35.825  1463  1711 E AAAA    : dialog dismiss
07-02 20:00:35.831  1463  1716 I WindowAnimator: >>> OPEN TRANSACTION animateLocked
07-02 20:00:35.833  1463  1716 I WindowAnimator: <<< CLOSE TRANSACTION animateLocked
07-02 20:00:35.932  1463  1710 E AAAA    : set user switching == true
07-02 20:00:35.932  1463  1710 E AAAA    : java.lang.Throwable
07-02 20:00:35.932  1463  1710 E AAAA    : 	at com.android.server.am.ActivityManagerService.dispatchUserSwitch(ActivityManagerService.java:21287)
07-02 20:00:35.932  1463  1710 E AAAA    : 	at com.android.server.am.ActivityManagerService$MainHandler.handleMessage(ActivityManagerService.java:1947)
07-02 20:00:35.932  1463  1710 E AAAA    : 	at android.os.Handler.dispatchMessage(Handler.java:102)
07-02 20:00:35.932  1463  1710 E AAAA    : 	at android.os.Looper.loop(Looper.java:157)
07-02 20:00:35.932  1463  1710 E AAAA    : 	at android.os.HandlerThread.run(HandlerThread.java:61)
07-02 20:00:35.932  1463  1710 E AAAA    : 	at com.android.server.ServiceThread.run(ServiceThread.java:46)
07-02 20:00:36.036  1463  2736 W WindowStateAnimator: Window WindowStateAnimator{7d34979 com.android.systemui.ImageWallpaper} destroying surface Surface(name=com.android.systemui.ImageWallpaper), session Session{d49d832 1869:1000}
07-02 20:00:36.036  1463  2736 I WindowManager:   SURFACE DESTROY: Window{f04027d u0 com.android.systemui.ImageWallpaper}
07-02 20:00:36.040  1463  2736 I WindowManager: >>> OPEN TRANSACTION performLayoutAndPlaceSurfaces
07-02 20:00:36.041  1463  2736 V WindowManager: Resize reasons for w=Window{b52a43e u0 com.miui.securitycore/com.miui.securityspace.ui.activity.PrivateSpaceMainActivity}:  contentInsetsChanged=false [0,48][0,0] visibleInsetsChanged=true [0,48][0,0] stableInsetsChanged=false [0,48][0,0] outsetsChanged=false [0,0][0,0] surfaceResized=false configChanged=false
07-02 20:00:36.042  1463  2736 V WindowManager: Changing surface while display frozen: Window{b52a43e u0 com.miui.securitycore/com.miui.securityspace.ui.activity.PrivateSpaceMainActivity}
07-02 20:00:36.042  1463  2736 V WindowManager: Orientation start waiting for draw mDrawState=DRAW_PENDING in Window{b52a43e u0 com.miui.securitycore/com.miui.securityspace.ui.activity.PrivateSpaceMainActivity}, surface Surface(name=com.miui.securitycore/com.miui.securityspace.ui.activity.PrivateSpaceMainActivity)
07-02 20:00:36.042  1463  2736 V WindowManager: Resizing window Window{b52a43e u0 com.miui.securitycore/com.miui.securityspace.ui.activity.PrivateSpaceMainActivity} to 720.0x1280.0
07-02 20:00:36.043  1463  2736 I WindowManager: <<< CLOSE TRANSACTION performLayoutAndPlaceSurfaces
07-02 20:00:36.043  1463  2736 V WindowManager: With display frozen, orientationChangeComplete=false
07-02 20:00:36.048  1463  1716 I WindowAnimator: >>> OPEN TRANSACTION animateLocked
07-02 20:00:36.049  1463  1716 V WindowStateAnimator: Orientation change skips hidden Window{b52a43e u0 com.miui.securitycore/com.miui.securityspace.ui.activity.PrivateSpaceMainActivity}
07-02 20:00:36.049  1463  1716 I WindowManager:   SURFACE alpha=1.0 layer=161000 matrix=[1.0*1.0,0.0*1.0][0.0*1.0,1.0*1.0]: Window{51889fd u0 StatusBar}
07-02 20:00:36.049  1463  1716 I WindowManager:   SURFACE SHOW (performLayout): Window{51889fd u0 StatusBar}
07-02 20:00:36.049  1463  1716 V WindowStateAnimator: Showing Window{51889fd u0 StatusBar} during relayout
07-02 20:00:36.052  1463  1716 I WindowAnimator: <<< CLOSE TRANSACTION animateLocked
07-02 20:00:36.052  1463  1716 I WindowManager: >>> OPEN TRANSACTION performLayoutAndPlaceSurfaces
07-02 20:00:36.059  1463  1716 V WindowManager: Eval win Window{b52a43e u0 com.miui.securitycore/com.miui.securityspace.ui.activity.PrivateSpaceMainActivity}: isDrawn=false, isAnimating=false
07-02 20:00:36.059  1463  1716 V WindowManager: Not displayed: s=Surface(name=com.miui.securitycore/com.miui.securityspace.ui.activity.PrivateSpaceMainActivity) pv=false mDrawState=DRAW_PENDING ah=false th=false a=false
07-02 20:00:36.065  1463  1716 I WindowManager: <<< CLOSE TRANSACTION performLayoutAndPlaceSurfaces
07-02 20:00:36.065  1463  1716 V WindowManager: With display frozen, orientationChangeComplete=true
07-02 20:00:36.065  1463  1716 D WindowManager: stopFreezingDisplayLocked: Returning mWaitingForConfig=false, mAppsFreezingScreen=0, mWindowsFreezingScreen=0, mClientFreezingScreen=true, mOpeningApps.size()=0
07-02 20:00:36.067  1463  2745 V WindowStateAnimator: finishDrawingLocked: mDrawState=COMMIT_DRAW_PENDING WindowStateAnimator{acabfec com.miui.securitycore/com.miui.securityspace.ui.activity.PrivateSpaceMainActivity} in Surface(name=com.miui.securitycore/com.miui.securityspace.ui.activity.PrivateSpaceMainActivity)
07-02 20:00:36.068  1463  1716 I WindowManager: >>> OPEN TRANSACTION performLayoutAndPlaceSurfaces
07-02 20:00:36.070  1463  1716 I WindowStateAnimator: commitFinishDrawingLocked: mDrawState=READY_TO_SHOW Surface(name=com.miui.securitycore/com.miui.securityspace.ui.activity.PrivateSpaceMainActivity)
07-02 20:00:36.070  1463  1716 V WindowManager: Eval win Window{b52a43e u0 com.miui.securitycore/com.miui.securityspace.ui.activity.PrivateSpaceMainActivity}: isDrawn=true, isAnimating=false
07-02 20:00:36.070  1463  1716 V WindowManager: tokenMayBeDrawn: AppWindowToken{abd89fb token=Token{74b7f8a ActivityRecord{20ea5f5 u0 com.miui.securitycore/com.miui.securityspace.ui.activity.PrivateSpaceMainActivity t87}}} freezingScreen=false mAppFreezing=false
07-02 20:00:36.070  1463  1716 V WindowManager: allDrawn: AppWindowToken{abd89fb token=Token{74b7f8a ActivityRecord{20ea5f5 u0 com.miui.securitycore/com.miui.securityspace.ui.activity.PrivateSpaceMainActivity t87}}} interesting=1 drawn=1
07-02 20:00:36.071  1463  1716 I WindowManager: <<< CLOSE TRANSACTION performLayoutAndPlaceSurfaces
07-02 20:00:36.071  1463  1716 V WindowManager: With display frozen, orientationChangeComplete=true
07-02 20:00:36.071  1463  1716 D WindowManager: stopFreezingDisplayLocked: Returning mWaitingForConfig=false, mAppsFreezingScreen=0, mWindowsFreezingScreen=0, mClientFreezingScreen=true, mOpeningApps.size()=0
07-02 20:00:36.074  1463  1716 I WindowManager: >>> OPEN TRANSACTION performLayoutAndPlaceSurfaces
07-02 20:00:36.075  1463  1716 I WindowStateAnimator: commitFinishDrawingLocked: mDrawState=READY_TO_SHOW Surface(name=com.miui.securitycore/com.miui.securityspace.ui.activity.PrivateSpaceMainActivity)
07-02 20:00:36.075  1463  1716 W WindowStateAnimator: hiding Window{b52a43e u0 com.miui.securitycore/com.miui.securityspace.ui.activity.PrivateSpaceMainActivity}, belonging to 1000
07-02 20:00:36.076  1463  1716 I WindowManager: <<< CLOSE TRANSACTION performLayoutAndPlaceSurfaces
07-02 20:00:36.076  1463  1716 V WindowManager: With display frozen, orientationChangeComplete=true
07-02 20:00:36.076  1463  1716 D WindowManager: stopFreezingDisplayLocked: Returning mWaitingForConfig=false, mAppsFreezingScreen=0, mWindowsFreezingScreen=0, mClientFreezingScreen=true, mOpeningApps.size()=0
07-02 20:00:36.082  1463  1716 I WindowAnimator: >>> OPEN TRANSACTION animateLocked
07-02 20:00:36.083  1463  1716 V AppWindowAnimator: performing show on: WindowStateAnimator{332de19 Starting com.miui.securitycore}
07-02 20:00:36.084  1463  1716 V WindowStateAnimator: performShow on WindowStateAnimator{332de19 Starting com.miui.securitycore}: mDrawState=NO_SURFACE readyForDisplay=false starting=true during animation: policyVis=true attHidden=false tok.hiddenRequested=false tok.hidden=false animating=false tok animating=false Callers=com.android.server.wm.AppWindowAnimator.showAllWindowsLocked:396 com.android.server.wm.WindowAnimator.testTokenMayBeDrawnLocked:629 com.android.server.wm.WindowAnimator.animateLocked:703 
07-02 20:00:36.084  1463  1716 I WindowAnimator: <<< CLOSE TRANSACTION animateLocked
07-02 20:00:36.084  1463  1716 I WindowManager: >>> OPEN TRANSACTION performLayoutAndPlaceSurfaces
07-02 20:00:36.085  1463  1716 I WindowStateAnimator: commitFinishDrawingLocked: mDrawState=READY_TO_SHOW Surface(name=com.miui.securitycore/com.miui.securityspace.ui.activity.PrivateSpaceMainActivity)
07-02 20:00:36.085  1463  1716 W WindowStateAnimator: hiding Window{b52a43e u0 com.miui.securitycore/com.miui.securityspace.ui.activity.PrivateSpaceMainActivity}, belonging to 1000
07-02 20:00:36.088  1463  1716 I WindowManager: <<< CLOSE TRANSACTION performLayoutAndPlaceSurfaces
07-02 20:00:36.088  1463  1716 V WindowManager: With display frozen, orientationChangeComplete=true
07-02 20:00:36.088  1463  1716 D WindowManager: stopFreezingDisplayLocked: Returning mWaitingForConfig=false, mAppsFreezingScreen=0, mWindowsFreezingScreen=0, mClientFreezingScreen=true, mOpeningApps.size()=0
07-02 20:00:36.098  1463  1716 I WindowAnimator: >>> OPEN TRANSACTION animateLocked
07-02 20:00:36.099  1463  1716 I WindowAnimator: <<< CLOSE TRANSACTION animateLocked
07-02 20:00:36.765  1463  1711 V WindowManager: updateRotationUnchecked(alwaysSendConfiguration=false)
07-02 20:00:36.765  1463  1711 V WindowManager: Application requested orientation 1, got rotation 0 which has compatible metrics
07-02 20:00:36.765  1463  1711 I WindowManager: >>> OPEN TRANSACTION performLayoutAndPlaceSurfaces
07-02 20:00:36.765  1463  1711 I WindowStateAnimator: commitFinishDrawingLocked: mDrawState=READY_TO_SHOW Surface(name=com.miui.securitycore/com.miui.securityspace.ui.activity.PrivateSpaceMainActivity)
07-02 20:00:36.765  1463  1711 W WindowStateAnimator: hiding Window{b52a43e u0 com.miui.securitycore/com.miui.securityspace.ui.activity.PrivateSpaceMainActivity}, belonging to 1000
07-02 20:00:36.767  1463  1711 I WindowManager: <<< CLOSE TRANSACTION performLayoutAndPlaceSurfaces
07-02 20:00:36.767  1463  1711 V WindowManager: With display frozen, orientationChangeComplete=true
07-02 20:00:36.767  1463  1711 D WindowManager: stopFreezingDisplayLocked: Returning mWaitingForConfig=false, mAppsFreezingScreen=0, mWindowsFreezingScreen=0, mClientFreezingScreen=true, mOpeningApps.size()=0
07-02 20:00:36.785  1463  1716 I WindowAnimator: >>> OPEN TRANSACTION animateLocked
07-02 20:00:36.785  1463  1716 I WindowAnimator: <<< CLOSE TRANSACTION animateLocked
07-02 20:00:37.293  1463  2389 I WindowManager:   NEW SURFACE SESSION android.view.SurfaceSession@c0eda03
07-02 20:00:37.294  1463  2389 V WindowManager: Done at AppWindowToken{abd89fb token=Token{74b7f8a ActivityRecord{20ea5f5 u0 com.miui.securitycore/com.miui.securityspace.ui.activity.PrivateSpaceMainActivity t87}}} -- full screen, return 1
07-02 20:00:37.302  1463  2273 I WindowStateAnimator: createSurface WindowStateAnimator{ff4fb9 com.android.systemui.ImageWallpaper}: mDrawState=DRAW_PENDING
07-02 20:00:37.302  1463  2273 V WindowManager: Changing surface while display frozen: Window{c50648b u10 com.android.systemui.ImageWallpaper}
07-02 20:00:37.302  1463  2273 V WindowStateAnimator: Creating surface in session android.view.SurfaceSession@c0eda03 window WindowStateAnimator{ff4fb9 com.android.systemui.ImageWallpaper} w=1 h=1 x=0.0 y=0.0 format=2 flags=4
07-02 20:00:37.303  1463  2273 I WindowStateAnimator:   CREATE SURFACE Surface(name=com.android.systemui.ImageWallpaper) IN SESSION android.view.SurfaceSession@c0eda03: pid=5865 format=2 flags=0x404 / WindowStateAnimator{ff4fb9 com.android.systemui.ImageWallpaper}
07-02 20:00:37.303  1463  2273 I WindowStateAnimator: >>> OPEN TRANSACTION createSurfaceLocked
07-02 20:00:37.303  1463  2273 I WindowManager:   SURFACE CREATE pos=(0,0) (0x0), layer=21015 HIDE: Window{c50648b u10 com.android.systemui.ImageWallpaper}
07-02 20:00:37.304  1463  2273 I WindowStateAnimator: <<< CLOSE TRANSACTION createSurfaceLocked
07-02 20:00:37.304  1463  2273 I WindowManager:   OUT SURFACE Surface(name=null)/@0x9157ffe: copied
07-02 20:00:37.304  1463  2273 V WindowManager: Done at AppWindowToken{abd89fb token=Token{74b7f8a ActivityRecord{20ea5f5 u0 com.miui.securitycore/com.miui.securityspace.ui.activity.PrivateSpaceMainActivity t87}}} -- full screen, return 1
07-02 20:00:37.304  1463  2273 I WindowManager: >>> OPEN TRANSACTION performLayoutAndPlaceSurfaces
07-02 20:00:37.305  1463  2273 I WindowStateAnimator: commitFinishDrawingLocked: mDrawState=READY_TO_SHOW Surface(name=com.miui.securitycore/com.miui.securityspace.ui.activity.PrivateSpaceMainActivity)
07-02 20:00:37.305  1463  2273 W WindowStateAnimator: hiding Window{b52a43e u0 com.miui.securitycore/com.miui.securityspace.ui.activity.PrivateSpaceMainActivity}, belonging to 1000
07-02 20:00:37.305  1463  2273 I WindowManager:   SURFACE SIZE 720x1280: Window{c50648b u10 com.android.systemui.ImageWallpaper}
07-02 20:00:37.305  1463  2273 I WindowManager:   SURFACE CROP [0,0][720,1280]: Window{c50648b u10 com.android.systemui.ImageWallpaper}
07-02 20:00:37.305  1463  2273 V WindowManager: Resize reasons for w=Window{c50648b u10 com.android.systemui.ImageWallpaper}:  contentInsetsChanged=false [0,0][0,0] visibleInsetsChanged=true [0,48][0,0] stableInsetsChanged=true [0,48][0,0] outsetsChanged=false [0,0][0,0] surfaceResized=true configChanged=true
07-02 20:00:37.306  1463  2273 V WindowManager: Changing surface while display frozen: Window{c50648b u10 com.android.systemui.ImageWallpaper}
07-02 20:00:37.306  1463  2273 V WindowManager: Orientation start waiting for draw mDrawState=DRAW_PENDING in Window{c50648b u10 com.android.systemui.ImageWallpaper}, surface Surface(name=com.android.systemui.ImageWallpaper)
07-02 20:00:37.306  1463  2273 V WindowManager: Resizing window Window{c50648b u10 com.android.systemui.ImageWallpaper} to 720.0x1280.0
07-02 20:00:37.319  1463  2273 I WindowManager: <<< CLOSE TRANSACTION performLayoutAndPlaceSurfaces
07-02 20:00:37.319  1463  2273 V WindowManager: With display frozen, orientationChangeComplete=false
07-02 20:00:37.321  1463  2273 I WindowManager: >>> OPEN TRANSACTION performLayoutAndPlaceSurfaces
07-02 20:00:37.321  1463  2273 I WindowStateAnimator: commitFinishDrawingLocked: mDrawState=READY_TO_SHOW Surface(name=com.miui.securitycore/com.miui.securityspace.ui.activity.PrivateSpaceMainActivity)
07-02 20:00:37.321  1463  2273 W WindowStateAnimator: hiding Window{b52a43e u0 com.miui.securitycore/com.miui.securityspace.ui.activity.PrivateSpaceMainActivity}, belonging to 1000
07-02 20:00:37.323  1463  2273 I WindowManager: <<< CLOSE TRANSACTION performLayoutAndPlaceSurfaces
07-02 20:00:37.323  1463  2273 V WindowManager: With display frozen, orientationChangeComplete=false
07-02 20:00:37.335  1463  1716 I WindowAnimator: >>> OPEN TRANSACTION animateLocked
07-02 20:00:37.335  1463  1716 I WindowAnimator: <<< CLOSE TRANSACTION animateLocked
07-02 20:00:37.336  1463  1716 I WindowManager: >>> OPEN TRANSACTION performLayoutAndPlaceSurfaces
07-02 20:00:37.336  1463  1716 I WindowStateAnimator: commitFinishDrawingLocked: mDrawState=READY_TO_SHOW Surface(name=com.miui.securitycore/com.miui.securityspace.ui.activity.PrivateSpaceMainActivity)
07-02 20:00:37.336  1463  1716 W WindowStateAnimator: hiding Window{b52a43e u0 com.miui.securitycore/com.miui.securityspace.ui.activity.PrivateSpaceMainActivity}, belonging to 1000
07-02 20:00:37.337  1463  1716 I WindowManager: <<< CLOSE TRANSACTION performLayoutAndPlaceSurfaces
07-02 20:00:37.337  1463  1716 V WindowManager: With display frozen, orientationChangeComplete=true
07-02 20:00:37.337  1463  1716 D WindowManager: stopFreezingDisplayLocked: Returning mWaitingForConfig=false, mAppsFreezingScreen=0, mWindowsFreezingScreen=0, mClientFreezingScreen=true, mOpeningApps.size()=0
07-02 20:00:37.339  1463  2391 V WindowStateAnimator: finishDrawingLocked: mDrawState=COMMIT_DRAW_PENDING WindowStateAnimator{ff4fb9 com.android.systemui.ImageWallpaper} in Surface(name=com.android.systemui.ImageWallpaper)
07-02 20:00:37.340  1463  1716 I WindowManager: >>> OPEN TRANSACTION performLayoutAndPlaceSurfaces
07-02 20:00:37.340  1463  1716 I WindowStateAnimator: commitFinishDrawingLocked: mDrawState=READY_TO_SHOW Surface(name=com.miui.securitycore/com.miui.securityspace.ui.activity.PrivateSpaceMainActivity)
07-02 20:00:37.340  1463  1716 W WindowStateAnimator: hiding Window{b52a43e u0 com.miui.securitycore/com.miui.securityspace.ui.activity.PrivateSpaceMainActivity}, belonging to 1000
07-02 20:00:37.340  1463  1716 I WindowStateAnimator: commitFinishDrawingLocked: mDrawState=READY_TO_SHOW Surface(name=com.android.systemui.ImageWallpaper)
07-02 20:00:37.341  1463  1716 V WindowStateAnimator: performShow on WindowStateAnimator{ff4fb9 com.android.systemui.ImageWallpaper}: mDrawState=READY_TO_SHOW readyForDisplay=false starting=false during animation: policyVis=true attHidden=false tok.hiddenRequested=false tok.hidden=false animating=false tok animating=false Callers=com.android.server.wm.WindowStateAnimator.commitFinishDrawingLocked:547 com.android.server.wm.WindowManagerService.performLayoutAndPlaceSurfacesLockedInner:10254 com.android.server.wm.WindowManagerService.performLayoutAndPlaceSurfacesLockedLoop:9131 
07-02 20:00:37.342  1463  1716 I WindowManager: <<< CLOSE TRANSACTION performLayoutAndPlaceSurfaces
07-02 20:00:37.342  1463  1716 V WindowManager: With display frozen, orientationChangeComplete=true
07-02 20:00:37.342  1463  1716 D WindowManager: stopFreezingDisplayLocked: Returning mWaitingForConfig=false, mAppsFreezingScreen=0, mWindowsFreezingScreen=0, mClientFreezingScreen=true, mOpeningApps.size()=0
07-02 20:00:37.351  1463  1716 I WindowAnimator: >>> OPEN TRANSACTION animateLocked
07-02 20:00:37.352  1463  1716 V WindowStateAnimator: performShow on WindowStateAnimator{ff4fb9 com.android.systemui.ImageWallpaper}: mDrawState=READY_TO_SHOW readyForDisplay=false starting=false during animation: policyVis=true attHidden=false tok.hiddenRequested=false tok.hidden=false animating=false tok animating=false Callers=com.android.server.wm.WindowAnimator.updateWindowsLocked:440 com.android.server.wm.WindowAnimator.animateLocked:688 com.android.server.wm.WindowAnimator.access$000:53 
07-02 20:00:37.353  1463  1716 I WindowAnimator: <<< CLOSE TRANSACTION animateLocked
07-02 20:00:37.382  1463  1705 E AAAA    : sendContinueUserSwitchLocked
07-02 20:00:37.382  1463  1705 E AAAA    : java.lang.Throwable
07-02 20:00:37.382  1463  1705 E AAAA    : 	at com.android.server.am.ActivityManagerService.sendContinueUserSwitchLocked(ActivityManagerService.java:21317)
07-02 20:00:37.382  1463  1705 E AAAA    : 	at com.android.server.am.ActivityManagerService$28.sendResult(ActivityManagerService.java:21279)
07-02 20:00:37.382  1463  1705 E AAAA    : 	at com.android.server.wallpaper.WallpaperManagerService$WallpaperConnection.engineShown(WallpaperManagerService.java:323)
07-02 20:00:37.382  1463  1705 E AAAA    : 	at android.service.wallpaper.IWallpaperConnection$Stub.onTransact(IWallpaperConnection.java:62)
07-02 20:00:37.382  1463  1705 E AAAA    : 	at android.os.Binder.execTransact(Binder.java:455)
07-02 20:00:37.382  1463  1710 E AAAA    : completeSwitchAndInitialize
07-02 20:00:37.382  1463  1710 E AAAA    : java.lang.Throwable
07-02 20:00:37.382  1463  1710 E AAAA    : 	at com.android.server.am.ActivityManagerService.completeSwitchAndInitialize(ActivityManagerService.java:21349)
07-02 20:00:37.382  1463  1710 E AAAA    : 	at com.android.server.am.ActivityManagerService.continueUserSwitch(ActivityManagerService.java:21343)
07-02 20:00:37.382  1463  1710 E AAAA    : 	at com.android.server.am.ActivityManagerService$MainHandler.handleMessage(ActivityManagerService.java:1951)
07-02 20:00:37.382  1463  1710 E AAAA    : 	at android.os.Handler.dispatchMessage(Handler.java:102)
07-02 20:00:37.382  1463  1710 E AAAA    : 	at android.os.Looper.loop(Looper.java:157)
07-02 20:00:37.382  1463  1710 E AAAA    : 	at android.os.HandlerThread.run(HandlerThread.java:61)
07-02 20:00:37.382  1463  1710 E AAAA    : 	at com.android.server.ServiceThread.run(ServiceThread.java:46)
07-02 20:00:37.382  1463  1710 E AAAA    : set user switching == false
07-02 20:00:37.382  1463  1710 E AAAA    : java.lang.Throwable
07-02 20:00:37.382  1463  1710 E AAAA    : 	at com.android.server.am.ActivityManagerService.completeSwitchAndInitialize(ActivityManagerService.java:21358)
07-02 20:00:37.382  1463  1710 E AAAA    : 	at com.android.server.am.ActivityManagerService.continueUserSwitch(ActivityManagerService.java:21343)
07-02 20:00:37.382  1463  1710 E AAAA    : 	at com.android.server.am.ActivityManagerService$MainHandler.handleMessage(ActivityManagerService.java:1951)
07-02 20:00:37.382  1463  1710 E AAAA    : 	at android.os.Handler.dispatchMessage(Handler.java:102)
07-02 20:00:37.382  1463  1710 E AAAA    : 	at android.os.Looper.loop(Looper.java:157)
07-02 20:00:37.382  1463  1710 E AAAA    : 	at android.os.HandlerThread.run(HandlerThread.java:61)
07-02 20:00:37.382  1463  1710 E AAAA    : 	at com.android.server.ServiceThread.run(ServiceThread.java:46)
07-02 20:00:37.384  1463  2284 I WindowManager:   OUT SURFACE Surface(name=null)/@0x79b135f: copied
07-02 20:00:37.384  1463  2284 V WindowManager: Done at AppWindowToken{abd89fb token=Token{74b7f8a ActivityRecord{20ea5f5 u0 com.miui.securitycore/com.miui.securityspace.ui.activity.PrivateSpaceMainActivity t87}}} -- full screen, return 1
07-02 20:00:37.384  1463  2284 I WindowManager: >>> OPEN TRANSACTION performLayoutAndPlaceSurfaces
07-02 20:00:37.385  1463  2284 I WindowStateAnimator: commitFinishDrawingLocked: mDrawState=READY_TO_SHOW Surface(name=com.miui.securitycore/com.miui.securityspace.ui.activity.PrivateSpaceMainActivity)
07-02 20:00:37.385  1463  2284 W WindowStateAnimator: hiding Window{b52a43e u0 com.miui.securitycore/com.miui.securityspace.ui.activity.PrivateSpaceMainActivity}, belonging to 1000
07-02 20:00:37.385  1463  2284 I WindowStateAnimator: commitFinishDrawingLocked: mDrawState=READY_TO_SHOW Surface(name=com.android.systemui.ImageWallpaper)
07-02 20:00:37.385  1463  2284 V WindowStateAnimator: performShow on WindowStateAnimator{ff4fb9 com.android.systemui.ImageWallpaper}: mDrawState=READY_TO_SHOW readyForDisplay=false starting=false during animation: policyVis=true attHidden=false tok.hiddenRequested=false tok.hidden=false animating=false tok animating=false Callers=com.android.server.wm.WindowStateAnimator.commitFinishDrawingLocked:547 com.android.server.wm.WindowManagerService.performLayoutAndPlaceSurfacesLockedInner:10254 com.android.server.wm.WindowManagerService.performLayoutAndPlaceSurfacesLockedLoop:9131 
07-02 20:00:37.387  1463  2284 I WindowManager: <<< CLOSE TRANSACTION performLayoutAndPlaceSurfaces
07-02 20:00:37.387  1463  2284 V WindowManager: With display frozen, orientationChangeComplete=true
07-02 20:00:37.387  1463  2284 D WindowManager: stopFreezingDisplayLocked: Returning mWaitingForConfig=false, mAppsFreezingScreen=0, mWindowsFreezingScreen=0, mClientFreezingScreen=true, mOpeningApps.size()=0
07-02 20:00:37.395  1463  2389 I WindowManager:   OUT SURFACE Surface(name=null)/@0xe1d8ddc: copied
07-02 20:00:37.396  1463  2389 V WindowManager: Done at AppWindowToken{abd89fb token=Token{74b7f8a ActivityRecord{20ea5f5 u0 com.miui.securitycore/com.miui.securityspace.ui.activity.PrivateSpaceMainActivity t87}}} -- full screen, return 1
07-02 20:00:37.396  1463  2389 I WindowManager: >>> OPEN TRANSACTION performLayoutAndPlaceSurfaces
07-02 20:00:37.396  1463  2389 I WindowStateAnimator: commitFinishDrawingLocked: mDrawState=READY_TO_SHOW Surface(name=com.miui.securitycore/com.miui.securityspace.ui.activity.PrivateSpaceMainActivity)
07-02 20:00:37.396  1463  2389 W WindowStateAnimator: hiding Window{b52a43e u0 com.miui.securitycore/com.miui.securityspace.ui.activity.PrivateSpaceMainActivity}, belonging to 1000
07-02 20:00:37.396  1463  2389 I WindowStateAnimator: commitFinishDrawingLocked: mDrawState=READY_TO_SHOW Surface(name=com.android.systemui.ImageWallpaper)
07-02 20:00:37.397  1463  2389 V WindowStateAnimator: performShow on WindowStateAnimator{ff4fb9 com.android.systemui.ImageWallpaper}: mDrawState=READY_TO_SHOW readyForDisplay=false starting=false during animation: policyVis=true attHidden=false tok.hiddenRequested=false tok.hidden=false animating=false tok animating=false Callers=com.android.server.wm.WindowStateAnimator.commitFinishDrawingLocked:547 com.android.server.wm.WindowManagerService.performLayoutAndPlaceSurfacesLockedInner:10254 com.android.server.wm.WindowManagerService.performLayoutAndPlaceSurfacesLockedLoop:9131 
07-02 20:00:37.397  1463  2389 I WindowManager: <<< CLOSE TRANSACTION performLayoutAndPlaceSurfaces
07-02 20:00:37.398  1463  2389 V WindowManager: With display frozen, orientationChangeComplete=true
07-02 20:00:37.398  1463  2389 D WindowManager: stopFreezingDisplayLocked: Returning mWaitingForConfig=false, mAppsFreezingScreen=0, mWindowsFreezingScreen=0, mClientFreezingScreen=true, mOpeningApps.size()=0
07-02 20:00:37.402  1463  1716 I WindowAnimator: >>> OPEN TRANSACTION animateLocked
07-02 20:00:37.403  1463  1716 V WindowStateAnimator: performShow on WindowStateAnimator{ff4fb9 com.android.systemui.ImageWallpaper}: mDrawState=READY_TO_SHOW readyForDisplay=false starting=false during animation: policyVis=true attHidden=false tok.hiddenRequested=false tok.hidden=false animating=false tok animating=false Callers=com.android.server.wm.WindowAnimator.updateWindowsLocked:440 com.android.server.wm.WindowAnimator.animateLocked:688 com.android.server.wm.WindowAnimator.access$000:53 
07-02 20:00:37.405  1463  1716 I WindowAnimator: <<< CLOSE TRANSACTION animateLocked
07-02 20:00:39.708  1463  1710 I WindowManager:   BLACK Surface(name=BlackSurface): CREATE layer=2000000
07-02 20:00:39.709  1463  1710 I WindowManager:   BLACK Surface(name=BlackSurface): CREATE layer=2000000
07-02 20:00:39.710  1463  1710 I WindowManager:   BLACK Surface(name=BlackSurface): CREATE layer=2000000
07-02 20:00:39.716  1463  1710 I WindowManager:   BLACK Surface(name=BlackSurface): CREATE layer=2000000
07-02 20:00:39.719  1463  1710 I WindowManager: <<< CLOSE TRANSACTION ScreenRotationAnimation.startAnimation
07-02 20:00:39.719  1463  1710 V WindowManager: Done at AppWindowToken{abd89fb token=Token{74b7f8a ActivityRecord{20ea5f5 u0 com.miui.securitycore/com.miui.securityspace.ui.activity.PrivateSpaceMainActivity t87}}} -- full screen, return 1
07-02 20:00:39.720  1463  1710 E AAAA    : background and initialized
07-02 20:00:39.724  1463  1716 I WindowAnimator: >>> OPEN TRANSACTION animateLocked
07-02 20:00:39.725  1463  1716 V WindowStateAnimator: performShow on WindowStateAnimator{ff4fb9 com.android.systemui.ImageWallpaper}: mDrawState=READY_TO_SHOW readyForDisplay=false starting=false during animation: policyVis=true attHidden=false tok.hiddenRequested=false tok.hidden=false animating=false tok animating=false Callers=com.android.server.wm.WindowAnimator.updateWindowsLocked:440 com.android.server.wm.WindowAnimator.animateLocked:688 com.android.server.wm.WindowAnimator.access$000:53 
07-02 20:00:39.725  1463  1716 I WindowManager:   SURFACE alpha=0.0 layer=161000 matrix=[1.0*1.0,0.0*1.0][0.0*1.0,1.0*1.0]: Window{51889fd u0 StatusBar}
07-02 20:00:39.726  1463  1716 I WindowAnimator: <<< CLOSE TRANSACTION animateLocked
07-02 20:00:39.740  1463  1716 I WindowAnimator: >>> OPEN TRANSACTION animateLocked
07-02 20:00:39.743  1463  1716 V WindowStateAnimator: performShow on WindowStateAnimator{ff4fb9 com.android.systemui.ImageWallpaper}: mDrawState=READY_TO_SHOW readyForDisplay=false starting=false during animation: policyVis=true attHidden=false tok.hiddenRequested=false tok.hidden=false animating=false tok animating=false Callers=com.android.server.wm.WindowAnimator.updateWindowsLocked:440 com.android.server.wm.WindowAnimator.animateLocked:688 com.android.server.wm.WindowAnimator.access$000:53 
07-02 20:00:39.743  1463  1716 I WindowManager:   SURFACE alpha=0.0028496087 layer=161000 matrix=[1.0*1.0,0.0*1.0][0.0*1.0,1.0*1.0]: Window{51889fd u0 StatusBar}
07-02 20:00:39.763  1463  1716 I WindowAnimator: <<< CLOSE TRANSACTION animateLocked
07-02 20:00:39.764  1463  1716 I WindowAnimator: >>> OPEN TRANSACTION animateLocked
07-02 20:00:39.765  1463  1716 V WindowStateAnimator: performShow on WindowStateAnimator{ff4fb9 com.android.systemui.ImageWallpaper}: mDrawState=READY_TO_SHOW readyForDisplay=false starting=false during animation: policyVis=true attHidden=false tok.hiddenRequested=false tok.hidden=false animating=false tok animating=false Callers=com.android.server.wm.WindowAnimator.updateWindowsLocked:440 com.android.server.wm.WindowAnimator.animateLocked:688 com.android.server.wm.WindowAnimator.access$000:53 
07-02 20:00:39.765  1463  1716 I WindowManager:   SURFACE alpha=0.010709554 layer=161000 matrix=[1.0*1.0,0.0*1.0][0.0*1.0,1.0*1.0]: Window{51889fd u0 StatusBar}
07-02 20:00:39.774  1463  1716 I WindowAnimator: <<< CLOSE TRANSACTION animateLocked
07-02 20:00:39.775  1463  1716 I WindowAnimator: >>> OPEN TRANSACTION animateLocked
07-02 20:00:39.776  1463  1716 V WindowStateAnimator: performShow on WindowStateAnimator{ff4fb9 com.android.systemui.ImageWallpaper}: mDrawState=READY_TO_SHOW readyForDisplay=false starting=false during animation: policyVis=true attHidden=false tok.hiddenRequested=false tok.hidden=false animating=false tok animating=false Callers=com.android.server.wm.WindowAnimator.updateWindowsLocked:440 com.android.server.wm.WindowAnimator.animateLocked:688 com.android.server.wm.WindowAnimator.access$000:53 
07-02 20:00:39.776  1463  1716 I WindowManager:   SURFACE alpha=0.02447176 layer=161000 matrix=[1.0*1.0,0.0*1.0][0.0*1.0,1.0*1.0]: Window{51889fd u0 StatusBar}
07-02 20:00:39.802  1463  1716 I WindowAnimator: <<< CLOSE TRANSACTION animateLocked
07-02 20:00:39.803  1463  1716 I WindowAnimator: >>> OPEN TRANSACTION animateLocked
07-02 20:00:39.804  1463  1716 V WindowStateAnimator: performShow on WindowStateAnimator{ff4fb9 com.android.systemui.ImageWallpaper}: mDrawState=READY_TO_SHOW readyForDisplay=false starting=false during animation: policyVis=true attHidden=false tok.hiddenRequested=false tok.hidden=false animating=false tok animating=false Callers=com.android.server.wm.WindowAnimator.updateWindowsLocked:440 com.android.server.wm.WindowAnimator.animateLocked:688 com.android.server.wm.WindowAnimator.access$000:53 
07-02 20:00:39.804  1463  1716 I WindowManager:   SURFACE alpha=0.043654233 layer=161000 matrix=[1.0*1.0,0.0*1.0][0.0*1.0,1.0*1.0]: Window{51889fd u0 StatusBar}
07-02 20:00:39.808  1463  1716 I WindowAnimator: <<< CLOSE TRANSACTION animateLocked
07-02 20:00:39.808  1463  1716 I WindowAnimator: >>> OPEN TRANSACTION animateLocked
