04-13 11:42:02.867  1626  1667 I WindowManager:   SURFACE Surface(name=StatusBar)---POS (setPositionInTransaction) @ (0.0,-1.0): StatusBar
04-13 11:42:02.867  1626  1667 I WindowManager:   SURFACE Surface(name=StatusBar)---MATRIX [1.0,0.0,0.0,1.0]: StatusBar
04-13 11:42:02.867  1626  1667 V WindowManager: prepareSurface: No changes in animation for WindowStateAnimator{9421ab2 StatusBar}
04-13 11:42:02.867  1626  1667 I WindowManager:   SURFACE Surface(name=)---MATRIX [1.0,0.0,0.0,1.0]: 
04-13 11:42:02.867  1626  1667 I WindowManager:   SURFACE controller=Surface(name=)alpha=1.0 layer=241000 matrix=[1.0*1.0,0.0*1.0][0.0*1.0,1.0*1.0]: Window{6a3b20e u0 android}
04-13 11:42:02.867  1626  1667 I WindowManager: <<< CLOSE TRANSACTION animateLocked
04-13 11:42:02.883   549   549 E AAAA    : setUpHWComposer: empty: more  wasEmpty: notEmpty
04-13 11:42:02.883  1626  1667 I WindowManager: >>> OPEN TRANSACTION animateLocked
04-13 11:42:02.883  1626  1667 I WindowManager:   SURFACE Surface(name=com.android.systemui.ImageWallpaper)---MATRIX [1.0,0.0,0.0,1.0]: com.android.systemui.ImageWallpaper
04-13 11:42:02.883  1626  1667 I WindowManager:   SURFACE Surface(name=com.miui.securitycore/com.miui.securityspace.ui.activity.PrivateSpaceMainActivity)---MATRIX [1.0,0.0,0.0,1.0]: com.miui.securitycore/com.miui.securityspace.ui.activity.PrivateSpaceMainActivity
04-13 11:42:02.883  1626  1667 I WindowManager:   SURFACE Surface(name=StatusBar)---MATRIX [1.0,0.0,0.0,1.0]: StatusBar
04-13 11:42:02.883  1626  1667 V WindowManager: prepareSurface: No changes in animation for WindowStateAnimator{9421ab2 StatusBar}
04-13 11:42:02.883  1626  1667 I WindowManager:   SURFACE Surface(name=)---MATRIX [1.0,0.0,0.0,1.0]: 
04-13 11:42:02.883  1626  1667 I WindowManager:   SURFACE controller=Surface(name=)alpha=1.0 layer=241000 matrix=[1.0*1.0,0.0*1.0][0.0*1.0,1.0*1.0]: Window{6a3b20e u0 android}
04-13 11:42:02.884  1626  1667 I WindowManager: <<< CLOSE TRANSACTION animateLocked
04-13 11:42:02.899   549   549 E AAAA    : setUpHWComposer: empty: more  wasEmpty: notEmpty
04-13 11:42:02.901  1626  1667 I WindowManager: >>> OPEN TRANSACTION animateLocked
04-13 11:42:02.901  1626  1667 I WindowManager:   SURFACE Surface(name=com.android.systemui.ImageWallpaper)---MATRIX [1.0,0.0,0.0,1.0]: com.android.systemui.ImageWallpaper
04-13 11:42:02.901  1626  1667 I WindowManager:   SURFACE Surface(name=com.miui.securitycore/com.miui.securityspace.ui.activity.PrivateSpaceMainActivity)---MATRIX [1.0,0.0,0.0,1.0]: com.miui.securitycore/com.miui.securityspace.ui.activity.PrivateSpaceMainActivity
04-13 11:42:02.901  1626  1667 I WindowManager:   SURFACE Surface(name=StatusBar)---POS (setPositionInTransaction) @ (0.0,-2.0): StatusBar
04-13 11:42:02.901  1626  1667 I WindowManager:   SURFACE Surface(name=StatusBar)---MATRIX [1.0,0.0,0.0,1.0]: StatusBar
04-13 11:42:02.901  1626  1667 V WindowManager: prepareSurface: No changes in animation for WindowStateAnimator{9421ab2 StatusBar}
04-13 11:42:02.902  1626  1667 I WindowManager:   SURFACE Surface(name=)---MATRIX [1.0,0.0,0.0,1.0]: 
04-13 11:42:02.902  1626  1667 I WindowManager:   SURFACE controller=Surface(name=)alpha=1.0 layer=241000 matrix=[1.0*1.0,0.0*1.0][0.0*1.0,1.0*1.0]: Window{6a3b20e u0 android}
04-13 11:42:02.902  1626  1667 I WindowManager: <<< CLOSE TRANSACTION animateLocked
04-13 11:42:02.916  1626  1667 I WindowManager: >>> OPEN TRANSACTION animateLocked
04-13 11:42:02.916   549   549 E AAAA    : setUpHWComposer: empty: more  wasEmpty: notEmpty
04-13 11:42:02.916  1626  1667 I WindowManager:   SURFACE Surface(name=com.android.systemui.ImageWallpaper)---MATRIX [1.0,0.0,0.0,1.0]: com.android.systemui.ImageWallpaper
04-13 11:42:02.916  1626  1667 I WindowManager:   SURFACE Surface(name=com.miui.securitycore/com.miui.securityspace.ui.activity.PrivateSpaceMainActivity)---MATRIX [1.0,0.0,0.0,1.0]: com.miui.securitycore/com.miui.securityspace.ui.activity.PrivateSpaceMainActivity
04-13 11:42:02.916  1626  1667 I WindowManager:   SURFACE Surface(name=StatusBar)---POS (setPositionInTransaction) @ (0.0,-4.0): StatusBar
04-13 11:42:02.916  1626  1667 I WindowManager:   SURFACE Surface(name=StatusBar)---MATRIX [1.0,0.0,0.0,1.0]: StatusBar
04-13 11:42:02.916  1626  1667 V WindowManager: prepareSurface: No changes in animation for WindowStateAnimator{9421ab2 StatusBar}
04-13 11:42:02.917  1626  1667 I WindowManager:   SURFACE Surface(name=)---MATRIX [1.0,0.0,0.0,1.0]: 
04-13 11:42:02.917  1626  1667 I WindowManager:   SURFACE controller=Surface(name=)alpha=1.0 layer=241000 matrix=[1.0*1.0,0.0*1.0][0.0*1.0,1.0*1.0]: Window{6a3b20e u0 android}
04-13 11:42:02.918  1626  1667 I WindowManager: <<< CLOSE TRANSACTION animateLocked
04-13 11:42:02.933  1626  1667 I WindowManager: >>> OPEN TRANSACTION animateLocked
04-13 11:42:02.933   549   549 E AAAA    : setUpHWComposer: empty: more  wasEmpty: notEmpty
04-13 11:42:02.933  1626  1667 I WindowManager:   SURFACE Surface(name=com.android.systemui.ImageWallpaper)---MATRIX [1.0,0.0,0.0,1.0]: com.android.systemui.ImageWallpaper
04-13 11:42:02.933  1626  1667 I WindowManager:   SURFACE Surface(name=com.miui.securitycore/com.miui.securityspace.ui.activity.PrivateSpaceMainActivity)---MATRIX [1.0,0.0,0.0,1.0]: com.miui.securitycore/com.miui.securityspace.ui.activity.PrivateSpaceMainActivity
04-13 11:42:02.933  1626  1667 I WindowManager:   SURFACE Surface(name=StatusBar)---POS (setPositionInTransaction) @ (0.0,-5.0): StatusBar
04-13 11:42:02.933  1626  1667 I WindowManager:   SURFACE Surface(name=StatusBar)---MATRIX [1.0,0.0,0.0,1.0]: StatusBar
04-13 11:42:02.933  1626  1667 V WindowManager: prepareSurface: No changes in animation for WindowStateAnimator{9421ab2 StatusBar}
04-13 11:42:02.933  1626  1667 I WindowManager:   SURFACE Surface(name=)---MATRIX [1.0,0.0,0.0,1.0]: 
04-13 11:42:02.934  1626  1667 I WindowManager:   SURFACE controller=Surface(name=)alpha=1.0 layer=241000 matrix=[1.0*1.0,0.0*1.0][0.0*1.0,1.0*1.0]: Window{6a3b20e u0 android}
04-13 11:42:02.934  1626  1667 I WindowManager: <<< CLOSE TRANSACTION animateLocked
04-13 11:42:02.950   549   549 E AAAA    : setUpHWComposer: empty: more  wasEmpty: notEmpty
04-13 11:42:02.951  1626  1667 I WindowManager: >>> OPEN TRANSACTION animateLocked
04-13 11:42:02.952  1626  1667 I WindowManager:   SURFACE Surface(name=com.android.systemui.ImageWallpaper)---MATRIX [1.0,0.0,0.0,1.0]: com.android.systemui.ImageWallpaper
04-13 11:42:02.952  1626  1667 I WindowManager:   SURFACE Surface(name=com.miui.securitycore/com.miui.securityspace.ui.activity.PrivateSpaceMainActivity)---MATRIX [1.0,0.0,0.0,1.0]: com.miui.securitycore/com.miui.securityspace.ui.activity.PrivateSpaceMainActivity
04-13 11:42:02.952  1626  1667 I WindowManager:   SURFACE Surface(name=StatusBar)---POS (setPositionInTransaction) @ (0.0,-8.0): StatusBar
04-13 11:42:02.952  1626  1667 I WindowManager:   SURFACE Surface(name=StatusBar)---MATRIX [1.0,0.0,0.0,1.0]: StatusBar
04-13 11:42:02.952  1626  1667 V WindowManager: prepareSurface: No changes in animation for WindowStateAnimator{9421ab2 StatusBar}
04-13 11:42:02.952  1626  1667 I WindowManager:   SURFACE Surface(name=)---MATRIX [1.0,0.0,0.0,1.0]: 
04-13 11:42:02.952  1626  1667 I WindowManager:   SURFACE controller=Surface(name=)alpha=1.0 layer=241000 matrix=[1.0*1.0,0.0*1.0][0.0*1.0,1.0*1.0]: Window{6a3b20e u0 android}
04-13 11:42:02.955  1626  1667 I WindowManager: <<< CLOSE TRANSACTION animateLocked
04-13 11:42:02.970  1626  1662 V WindowManager: finishDrawingLocked: mDrawState=COMMIT_DRAW_PENDING Window{6a3b20e u0 android} in Surface(name=)
04-13 11:42:02.970   549   549 E AAAA    : setUpHWComposer: empty: more  wasEmpty: notEmpty
04-13 11:42:02.972  1626  1667 I WindowManager: >>> OPEN TRANSACTION animateLocked
04-13 11:42:02.972  1626  1667 I WindowManager:   SURFACE Surface(name=com.android.systemui.ImageWallpaper)---MATRIX [1.0,0.0,0.0,1.0]: com.android.systemui.ImageWallpaper
04-13 11:42:02.972  1626  1667 I WindowManager:   SURFACE Surface(name=com.miui.securitycore/com.miui.securityspace.ui.activity.PrivateSpaceMainActivity)---MATRIX [1.0,0.0,0.0,1.0]: com.miui.securitycore/com.miui.securityspace.ui.activity.PrivateSpaceMainActivity
04-13 11:42:02.972  1626  1667 I WindowManager:   SURFACE Surface(name=StatusBar)---POS (setPositionInTransaction) @ (0.0,-10.0): StatusBar
04-13 11:42:02.972  1626  1667 I WindowManager:   SURFACE Surface(name=StatusBar)---MATRIX [1.0,0.0,0.0,1.0]: StatusBar
04-13 11:42:02.972  1626  1667 V WindowManager: prepareSurface: No changes in animation for WindowStateAnimator{9421ab2 StatusBar}
04-13 11:42:02.972  1626  1667 I WindowManager:   SURFACE Surface(name=)---MATRIX [1.0,0.0,0.0,1.0]: 
04-13 11:42:02.972  1626  1667 I WindowManager:   SURFACE controller=Surface(name=)alpha=1.0 layer=241000 matrix=[1.0*1.0,0.0*1.0][0.0*1.0,1.0*1.0]: Window{6a3b20e u0 android}
04-13 11:42:02.973  1626  1667 I WindowManager: <<< CLOSE TRANSACTION animateLocked
04-13 11:42:02.973  1626  1667 I WindowManager: >>> OPEN TRANSACTION performLayoutAndPlaceSurfaces
04-13 11:42:02.974  1626  1667 I WindowManager: commitFinishDrawingLocked: mDrawState=READY_TO_SHOW Surface(name=)
04-13 11:42:02.974  1626  1667 V WindowManager: Loading animations: layout params pkg=android resId=0x10303eb
04-13 11:42:02.974  1626  1667 V WindowManager: Loading animations: picked package=android
04-13 11:42:02.975  1626  1667 V WindowManager: applyAnimation: win=WindowStateAnimator{18df44b } anim=0 attr=0x0 a=android.view.animation.AnimationSet@a60b39 transit=1 isEntrance=true Callers com.android.server.wm.WindowStateAnimator.applyEnterAnimationLocked:1840 com.android.server.wm.WindowStateAnimator.performShowLocked:1756 com.android.server.wm.WindowStateAnimator.commitFinishDrawingLocked:631 
04-13 11:42:02.975  1626  1667 I WindowManager: Loaded animation android.view.animation.AnimationSet@a60b39 for WindowStateAnimator{18df44b }
04-13 11:42:02.975  1626  1667 V WindowManager: performShowLocked: mDrawState=HAS_DRAWN in Window{6a3b20e u0 android}
04-13 11:42:02.975  1626  1667 I WindowManager:   SURFACE Surface(name=)---MATRIX [1.0,0.0,0.0,1.0]: 
04-13 11:42:02.975  1626  1667 I WindowManager:   SURFACE Surface(name=StatusBar)---MATRIX [1.0,0.0,0.0,1.0]: StatusBar
04-13 11:42:02.976  1626  1667 I WindowManager:   SURFACE Surface(name=com.miui.securitycore/com.miui.securityspace.ui.activity.PrivateSpaceMainActivity)---MATRIX [1.0,0.0,0.0,1.0]: com.miui.securitycore/com.miui.securityspace.ui.activity.PrivateSpaceMainActivity
04-13 11:42:02.976  1626  1667 I WindowManager:   SURFACE Surface(name=com.android.systemui.ImageWallpaper)---MATRIX [1.0,0.0,0.0,1.0]: com.android.systemui.ImageWallpaper
04-13 11:42:02.976  1626  1667 I WindowManager: <<< CLOSE TRANSACTION performLayoutAndPlaceSurfaces
04-13 11:42:02.993   549   549 E AAAA    : setUpHWComposer: empty: more  wasEmpty: notEmpty
04-13 11:42:02.997  1626  1667 I WindowManager: >>> OPEN TRANSACTION animateLocked
04-13 11:42:02.997  1626  1667 V WindowManager: Starting animation in WindowStateAnimator{18df44b } @ 84023: ww=1080 wh=1920 dx=1080 dy=1920 scale=1.0
04-13 11:42:02.997  1626  1667 I WindowManager:   SURFACE Surface(name=com.android.systemui.ImageWallpaper)---MATRIX [1.0,0.0,0.0,1.0]: com.android.systemui.ImageWallpaper
04-13 11:42:02.997  1626  1667 I WindowManager:   SURFACE Surface(name=com.miui.securitycore/com.miui.securityspace.ui.activity.PrivateSpaceMainActivity)---MATRIX [1.0,0.0,0.0,1.0]: com.miui.securitycore/com.miui.securityspace.ui.activity.PrivateSpaceMainActivity
04-13 11:42:02.997  1626  1667 I WindowManager:   SURFACE Surface(name=StatusBar)---POS (setPositionInTransaction) @ (0.0,-14.0): StatusBar
04-13 11:42:02.997  1626  1667 I WindowManager:   SURFACE Surface(name=StatusBar)---MATRIX [1.0,0.0,0.0,1.0]: StatusBar
04-13 11:42:02.998  1626  1667 V WindowManager: prepareSurface: No changes in animation for WindowStateAnimator{9421ab2 StatusBar}
04-13 11:42:02.998  1626  1667 I WindowManager:   SURFACE Surface(name=)---POS (setPositionInTransaction) @ (54.0,96.0): 
04-13 11:42:02.998  1626  1667 I WindowManager:   SURFACE Surface(name=)---MATRIX [0.9,0.0,0.0,0.9]: 
04-13 11:42:02.998  1626  1667 I WindowManager:   SURFACE controller=Surface(name=)alpha=0.0 layer=241000 matrix=[0.9*1.0,0.0*1.0][0.0*1.0,0.9*1.0]: Window{6a3b20e u0 android}
04-13 11:42:02.998  1626  1667 I WindowManager:   SURFACE Surface(name=)---SHOW (performLayout): 
04-13 11:42:02.998  1626  1667 I WindowManager: <<< CLOSE TRANSACTION animateLocked
04-13 11:42:02.998  1626  1667 I WindowManager: >>> OPEN TRANSACTION removeReplacedWindows
04-13 11:42:02.998  1626  1667 I WindowManager: <<< CLOSE TRANSACTION removeReplacedWindows
04-13 11:42:02.999  1626  1667 I WindowManager: >>> OPEN TRANSACTION performLayoutAndPlaceSurfaces
04-13 11:42:02.999  1626  1667 I WindowManager:   SURFACE Surface(name=)---MATRIX [0.9,0.0,0.0,0.9]: 
04-13 11:42:02.999  1626  1667 I WindowManager:   SURFACE Surface(name=StatusBar)---MATRIX [1.0,0.0,0.0,1.0]: StatusBar
04-13 11:42:03.000   549   549 E AAAA    : setUpHWComposer: empty: more  wasEmpty: notEmpty
04-13 11:42:03.000  1626  1667 I WindowManager:   SURFACE Surface(name=com.miui.securitycore/com.miui.securityspace.ui.activity.PrivateSpaceMainActivity)---MATRIX [1.0,0.0,0.0,1.0]: com.miui.securitycore/com.miui.securityspace.ui.activity.PrivateSpaceMainActivity
04-13 11:42:03.000  1626  1667 I WindowManager:   SURFACE Surface(name=com.android.systemui.ImageWallpaper)---MATRIX [1.0,0.0,0.0,1.0]: com.android.systemui.ImageWallpaper
04-13 11:42:03.001  1626  1667 I WindowManager: <<< CLOSE TRANSACTION performLayoutAndPlaceSurfaces
04-13 11:42:03.002  1626  1667 I WindowManager: >>> OPEN TRANSACTION animateLocked
04-13 11:42:03.002  1626  1667 I WindowManager:   SURFACE Surface(name=com.android.systemui.ImageWallpaper)---MATRIX [1.0,0.0,0.0,1.0]: com.android.systemui.ImageWallpaper
04-13 11:42:03.002  1626  1667 I WindowManager:   SURFACE Surface(name=com.miui.securitycore/com.miui.securityspace.ui.activity.PrivateSpaceMainActivity)---MATRIX [1.0,0.0,0.0,1.0]: com.miui.securitycore/com.miui.securityspace.ui.activity.PrivateSpaceMainActivity
04-13 11:42:03.002  1626  1667 I WindowManager:   SURFACE Surface(name=StatusBar)---POS (setPositionInTransaction) @ (0.0,-18.0): StatusBar
04-13 11:42:03.002  1626  1667 I WindowManager:   SURFACE Surface(name=StatusBar)---MATRIX [1.0,0.0,0.0,1.0]: StatusBar
04-13 11:42:03.002  1626  1667 V WindowManager: prepareSurface: No changes in animation for WindowStateAnimator{9421ab2 StatusBar}
04-13 11:42:03.002  1626  1667 I WindowManager:   SURFACE Surface(name=)---POS (setPositionInTransaction) @ (36.0,64.0): 
04-13 11:42:03.002  1626  1667 I WindowManager:   SURFACE Surface(name=)---MATRIX [0.9331091,0.0,0.0,0.9331091]: 
04-13 11:42:03.002  1626  1667 I WindowManager:   SURFACE controller=Surface(name=)alpha=0.3029224 layer=241000 matrix=[0.9331091*1.0,0.0*1.0][0.0*1.0,0.9331091*1.0]: Window{6a3b20e u0 android}
04-13 11:42:03.003  1626  1667 I WindowManager: <<< CLOSE TRANSACTION animateLocked
04-13 11:42:03.016  1626  1667 I WindowManager: >>> OPEN TRANSACTION animateLocked
04-13 11:42:03.016  1626  1667 I WindowManager:   SURFACE Surface(name=com.android.systemui.ImageWallpaper)---MATRIX [1.0,0.0,0.0,1.0]: com.android.systemui.ImageWallpaper
04-13 11:42:03.016  1626  1667 I WindowManager:   SURFACE Surface(name=com.miui.securitycore/com.miui.securityspace.ui.activity.PrivateSpaceMainActivity)---MATRIX [1.0,0.0,0.0,1.0]: com.miui.securitycore/com.miui.securityspace.ui.activity.PrivateSpaceMainActivity
04-13 11:42:03.017  1626  1667 I WindowManager:   SURFACE Surface(name=StatusBar)---POS (setPositionInTransaction) @ (0.0,-23.0): StatusBar
04-13 11:42:03.017  1626  1667 I WindowManager:   SURFACE Surface(name=StatusBar)---MATRIX [1.0,0.0,0.0,1.0]: StatusBar
04-13 11:42:03.017  1626  1667 V WindowManager: prepareSurface: No changes in animation for WindowStateAnimator{9421ab2 StatusBar}
04-13 11:42:03.017  1626  1667 I WindowManager:   SURFACE Surface(name=)---POS (setPositionInTransaction) @ (24.0,43.0): 
04-13 11:42:03.017  1626  1667 I WindowManager:   SURFACE Surface(name=)---MATRIX [0.95562947,0.0,0.0,0.95562947]: 
04-13 11:42:03.017  1626  1667 I WindowManager:   SURFACE controller=Surface(name=)alpha=0.525448 layer=241000 matrix=[0.95562947*1.0,0.0*1.0][0.0*1.0,0.95562947*1.0]: Window{6a3b20e u0 android}
04-13 11:42:03.018  1626  1667 I WindowManager: <<< CLOSE TRANSACTION animateLocked
04-13 11:42:03.018   549   549 E AAAA    : setUpHWComposer: empty: more  wasEmpty: notEmpty
04-13 11:42:03.033   549   549 E AAAA    : setUpHWComposer: empty: more  wasEmpty: notEmpty
04-13 11:42:03.033  1626  1667 I WindowManager: >>> OPEN TRANSACTION animateLocked
04-13 11:42:03.033  1626  1667 I WindowManager:   SURFACE Surface(name=com.android.systemui.ImageWallpaper)---MATRIX [1.0,0.0,0.0,1.0]: com.android.systemui.ImageWallpaper
04-13 11:42:03.033  1626  1667 I WindowManager:   SURFACE Surface(name=com.miui.securitycore/com.miui.securityspace.ui.activity.PrivateSpaceMainActivity)---MATRIX [1.0,0.0,0.0,1.0]: com.miui.securitycore/com.miui.securityspace.ui.activity.PrivateSpaceMainActivity
04-13 11:42:03.034  1626  1667 I WindowManager:   SURFACE Surface(name=StatusBar)---POS (setPositionInTransaction) @ (0.0,-28.0): StatusBar
04-13 11:42:03.034  1626  1667 I WindowManager:   SURFACE Surface(name=StatusBar)---MATRIX [1.0,0.0,0.0,1.0]: StatusBar
04-13 11:42:03.034  1626  1667 V WindowManager: prepareSurface: No changes in animation for WindowStateAnimator{9421ab2 StatusBar}
04-13 11:42:03.034  1626  1667 I WindowManager:   SURFACE Surface(name=)---POS (setPositionInTransaction) @ (15.0,26.0): 
04-13 11:42:03.034  1626  1667 I WindowManager:   SURFACE Surface(name=)---MATRIX [0.97244936,0.0,0.0,0.97244936]: 
04-13 11:42:03.034  1626  1667 I WindowManager:   SURFACE controller=Surface(name=)alpha=0.70370376 layer=241000 matrix=[0.97244936*1.0,0.0*1.0][0.0*1.0,0.97244936*1.0]: Window{6a3b20e u0 android}
04-13 11:42:03.038  1626  1667 I WindowManager: <<< CLOSE TRANSACTION animateLocked
04-13 11:42:03.050   549   549 E AAAA    : setUpHWComposer: empty: more  wasEmpty: notEmpty
04-13 11:42:03.050  1626  1667 I WindowManager: >>> OPEN TRANSACTION animateLocked
04-13 11:42:03.050  1626  1667 I WindowManager:   SURFACE Surface(name=com.android.systemui.ImageWallpaper)---MATRIX [1.0,0.0,0.0,1.0]: com.android.systemui.ImageWallpaper
04-13 11:42:03.051  1626  1667 I WindowManager:   SURFACE Surface(name=com.miui.securitycore/com.miui.securityspace.ui.activity.PrivateSpaceMainActivity)---MATRIX [1.0,0.0,0.0,1.0]: com.miui.securitycore/com.miui.securityspace.ui.activity.PrivateSpaceMainActivity
04-13 11:42:03.051  1626  1667 I WindowManager:   SURFACE Surface(name=StatusBar)---POS (setPositionInTransaction) @ (0.0,-35.0): StatusBar
04-13 11:42:03.051  1626  1667 I WindowManager:   SURFACE Surface(name=StatusBar)---MATRIX [1.0,0.0,0.0,1.0]: StatusBar
04-13 11:42:03.051  1626  1667 V WindowManager: prepareSurface: No changes in animation for WindowStateAnimator{9421ab2 StatusBar}
04-13 11:42:03.051  1626  1667 I WindowManager:   SURFACE Surface(name=)---POS (setPositionInTransaction) @ (9.0,16.0): 
04-13 11:42:03.051  1626  1667 I WindowManager:   SURFACE Surface(name=)---MATRIX [0.9837316,0.0,0.0,0.9837316]: 
04-13 11:42:03.051  1626  1667 I WindowManager:   SURFACE controller=Surface(name=)alpha=0.8305816 layer=241000 matrix=[0.9837316*1.0,0.0*1.0][0.0*1.0,0.9837316*1.0]: Window{6a3b20e u0 android}
04-13 11:42:03.052  1626  1667 I WindowManager: <<< CLOSE TRANSACTION animateLocked
04-13 11:42:03.066   549   549 E AAAA    : setUpHWComposer: empty: more  wasEmpty: notEmpty
04-13 11:42:03.066  1626  1667 I WindowManager: >>> OPEN TRANSACTION animateLocked
04-13 11:42:03.067  1626  1667 I WindowManager:   SURFACE Surface(name=com.android.systemui.ImageWallpaper)---MATRIX [1.0,0.0,0.0,1.0]: com.android.systemui.ImageWallpaper
04-13 11:42:03.067  1626  1667 I WindowManager:   SURFACE Surface(name=com.miui.securitycore/com.miui.securityspace.ui.activity.PrivateSpaceMainActivity)---MATRIX [1.0,0.0,0.0,1.0]: com.miui.securitycore/com.miui.securityspace.ui.activity.PrivateSpaceMainActivity
04-13 11:42:03.067  1626  1667 I WindowManager:   SURFACE Surface(name=StatusBar)---POS (setPositionInTransaction) @ (0.0,-42.0): StatusBar
04-13 11:42:03.067  1626  1667 I WindowManager:   SURFACE Surface(name=StatusBar)---MATRIX [1.0,0.0,0.0,1.0]: StatusBar
04-13 11:42:03.067  1626  1667 V WindowManager: prepareSurface: No changes in animation for WindowStateAnimator{9421ab2 StatusBar}
04-13 11:42:03.067  1626  1667 I WindowManager:   SURFACE Surface(name=)---POS (setPositionInTransaction) @ (5.0,9.0): 
04-13 11:42:03.067  1626  1667 I WindowManager:   SURFACE Surface(name=)---MATRIX [0.9906354,0.0,0.0,0.9906354]: 
04-13 11:42:03.067  1626  1667 I WindowManager:   SURFACE controller=Surface(name=)alpha=0.91088504 layer=241000 matrix=[0.9906354*1.0,0.0*1.0][0.0*1.0,0.9906354*1.0]: Window{6a3b20e u0 android}
04-13 11:42:03.070  1626  1667 I WindowManager: <<< CLOSE TRANSACTION animateLocked
04-13 11:42:03.083   549   549 E AAAA    : setUpHWComposer: empty: more  wasEmpty: notEmpty
04-13 11:42:03.085  1626  1667 I WindowManager: >>> OPEN TRANSACTION animateLocked
04-13 11:42:03.085  1626  1667 I WindowManager:   SURFACE Surface(name=com.android.systemui.ImageWallpaper)---MATRIX [1.0,0.0,0.0,1.0]: com.android.systemui.ImageWallpaper
04-13 11:42:03.086  1626  1667 I WindowManager:   SURFACE Surface(name=com.miui.securitycore/com.miui.securityspace.ui.activity.PrivateSpaceMainActivity)---MATRIX [1.0,0.0,0.0,1.0]: com.miui.securitycore/com.miui.securityspace.ui.activity.PrivateSpaceMainActivity
04-13 11:42:03.086  1626  1667 I WindowManager:   SURFACE Surface(name=StatusBar)---POS (setPositionInTransaction) @ (0.0,-51.0): StatusBar
04-13 11:42:03.086  1626  1667 I WindowManager:   SURFACE Surface(name=StatusBar)---MATRIX [1.0,0.0,0.0,1.0]: StatusBar
04-13 11:42:03.086  1626  1667 V WindowManager: prepareSurface: No changes in animation for WindowStateAnimator{9421ab2 StatusBar}
04-13 11:42:03.086  1626  1667 I WindowManager:   SURFACE Surface(name=)---POS (setPositionInTransaction) @ (3.0,5.0): 
04-13 11:42:03.086  1626  1667 I WindowManager:   SURFACE Surface(name=)---MATRIX [0.9951717,0.0,0.0,0.9951717]: 
04-13 11:42:03.086  1626  1667 I WindowManager:   SURFACE controller=Surface(name=)alpha=0.962963 layer=241000 matrix=[0.9951717*1.0,0.0*1.0][0.0*1.0,0.9951717*1.0]: Window{6a3b20e u0 android}
04-13 11:42:03.086  1626  1667 I WindowManager: <<< CLOSE TRANSACTION animateLocked
04-13 11:42:03.100   549   549 E AAAA    : setUpHWComposer: empty: more  wasEmpty: notEmpty
04-13 11:42:03.100  1626  1667 I WindowManager: >>> OPEN TRANSACTION animateLocked
04-13 11:42:03.100  1626  1667 I WindowManager:   SURFACE Surface(name=com.android.systemui.ImageWallpaper)---MATRIX [1.0,0.0,0.0,1.0]: com.android.systemui.ImageWallpaper
04-13 11:42:03.101  1626  1667 I WindowManager:   SURFACE Surface(name=com.miui.securitycore/com.miui.securityspace.ui.activity.PrivateSpaceMainActivity)---MATRIX [1.0,0.0,0.0,1.0]: com.miui.securitycore/com.miui.securityspace.ui.activity.PrivateSpaceMainActivity
04-13 11:42:03.101  1626  1667 I WindowManager:   SURFACE Surface(name=StatusBar)---POS (setPositionInTransaction) @ (0.0,-60.0): StatusBar
04-13 11:42:03.101  1626  1667 I WindowManager:   SURFACE Surface(name=StatusBar)---MATRIX [1.0,0.0,0.0,1.0]: StatusBar
04-13 11:42:03.101  1626  1667 V WindowManager: prepareSurface: No changes in animation for WindowStateAnimator{9421ab2 StatusBar}
04-13 11:42:03.101  1626  1667 I WindowManager:   SURFACE Surface(name=)---POS (setPositionInTransaction) @ (1.0,2.0): 
04-13 11:42:03.101  1626  1667 I WindowManager:   SURFACE Surface(name=)---MATRIX [0.9977506,0.0,0.0,0.9977506]: 
04-13 11:42:03.101  1626  1667 I WindowManager:   SURFACE controller=Surface(name=)alpha=0.989352 layer=241000 matrix=[0.9977506*1.0,0.0*1.0][0.0*1.0,0.9977506*1.0]: Window{6a3b20e u0 android}
04-13 11:42:03.102  1626  1667 I WindowManager: <<< CLOSE TRANSACTION animateLocked
04-13 11:42:03.116   549   549 E AAAA    : setUpHWComposer: empty: more  wasEmpty: notEmpty
04-13 11:42:03.117  1626  1667 I WindowManager: >>> OPEN TRANSACTION animateLocked
04-13 11:42:03.117  1626  1667 V WindowManager: Finished animation in WindowStateAnimator{9421ab2 StatusBar} @ 84156
04-13 11:42:03.117  1626  1667 V WindowManager: Animation done in WindowStateAnimator{9421ab2 StatusBar}: exiting=false, reportedVisible=false
04-13 11:42:03.117  1626  1667 V WindowManager: finishExit in WindowStateAnimator{9421ab2 StatusBar}: exiting=false remove=false windowAnimating=false
04-13 11:42:03.118  1626  1667 I WindowManager:   SURFACE Surface(name=com.android.systemui.ImageWallpaper)---MATRIX [1.0,0.0,0.0,1.0]: com.android.systemui.ImageWallpaper
04-13 11:42:03.118  1626  1667 I WindowManager:   SURFACE Surface(name=com.miui.securitycore/com.miui.securityspace.ui.activity.PrivateSpaceMainActivity)---MATRIX [1.0,0.0,0.0,1.0]: com.miui.securitycore/com.miui.securityspace.ui.activity.PrivateSpaceMainActivity
04-13 11:42:03.118  1626  1667 I WindowManager:   SURFACE Surface(name=StatusBar)---POS (setPositionInTransaction) @ (0.0,0.0): StatusBar
04-13 11:42:03.118  1626  1667 I WindowManager:   SURFACE Surface(name=StatusBar)---MATRIX [1.0,0.0,0.0,1.0]: StatusBar
04-13 11:42:03.118  1626  1667 I WindowManager:   SURFACE Surface(name=StatusBar)---HIDE ( prepareSurfaceLocked ): StatusBar
04-13 11:42:03.118  1626  1667 I WindowManager:   SURFACE Surface(name=)---POS (setPositionInTransaction) @ (1.0,1.0): 
04-13 11:42:03.118  1626  1667 I WindowManager:   SURFACE Surface(name=)---MATRIX [0.99903286,0.0,0.0,0.99903286]: 
04-13 11:42:03.118  1626  1667 I WindowManager:   SURFACE controller=Surface(name=)alpha=0.9985443 layer=241000 matrix=[0.99903286*1.0,0.0*1.0][0.0*1.0,0.99903286*1.0]: Window{6a3b20e u0 android}
04-13 11:42:03.128  1626  1667 I WindowManager: <<< CLOSE TRANSACTION animateLocked
04-13 11:42:03.128  1626  1667 I WindowManager: >>> OPEN TRANSACTION performLayoutAndPlaceSurfaces
04-13 11:42:03.129  1626  1667 I WindowManager:   SURFACE Surface(name=)---MATRIX [0.99903286,0.0,0.0,0.99903286]: 
04-13 11:42:03.129  1626  1667 V WindowManager: Resize reasons for w=Window{6a3b20e u0 android}:  contentInsetsChanged=false [0,60][0,0] visibleInsetsChanged=true [0,0][0,0] stableInsetsChanged=false [0,60][0,0] outsetsChanged=false [0,0][0,0] surfaceResized=false configChanged=false dragResizingChanged=false resizedWhileNotDragResizingReported=true
04-13 11:42:03.129  1626  1667 V WindowManager: Resizing window Window{6a3b20e u0 android}
04-13 11:42:03.129  1626  1667 I WindowManager:   SURFACE Surface(name=StatusBar)---MATRIX [1.0,0.0,0.0,1.0]: StatusBar
04-13 11:42:03.130  1626  1667 I WindowManager:   SURFACE Surface(name=com.miui.securitycore/com.miui.securityspace.ui.activity.PrivateSpaceMainActivity)---MATRIX [1.0,0.0,0.0,1.0]: com.miui.securitycore/com.miui.securityspace.ui.activity.PrivateSpaceMainActivity
04-13 11:42:03.130  1626  1667 V WindowManager: Resize reasons for w=Window{4bbaaed u0 com.miui.securitycore/com.miui.securityspace.ui.activity.PrivateSpaceMainActivity}:  contentInsetsChanged=false [0,60][0,0] visibleInsetsChanged=true [0,0][0,0] stableInsetsChanged=false [0,60][0,0] outsetsChanged=false [0,0][0,0] surfaceResized=false configChanged=false dragResizingChanged=false resizedWhileNotDragResizingReported=true
04-13 11:42:03.130  1626  1667 V WindowManager: Resizing window Window{4bbaaed u0 com.miui.securitycore/com.miui.securityspace.ui.activity.PrivateSpaceMainActivity}
04-13 11:42:03.130  1626  1667 I WindowManager:   SURFACE Surface(name=com.android.systemui.ImageWallpaper)---MATRIX [1.0,0.0,0.0,1.0]: com.android.systemui.ImageWallpaper
04-13 11:42:03.132  1626  1667 I WindowManager: <<< CLOSE TRANSACTION performLayoutAndPlaceSurfaces
04-13 11:42:03.132  1626  1667 V WindowManager: Reporting new frame to Window{4bbaaed u0 com.miui.securitycore/com.miui.securityspace.ui.activity.PrivateSpaceMainActivity}: Rect(0, 0 - 1080, 1920)
04-13 11:42:03.132  1626  1667 V WindowManager: Reporting new frame to Window{6a3b20e u0 android}: Rect(0, 0 - 1080, 1920)
04-13 11:42:03.133   549   549 E AAAA    : setUpHWComposer: empty: more  wasEmpty: notEmpty
04-13 11:42:03.134  1626  1667 I WindowManager: >>> OPEN TRANSACTION animateLocked
04-13 11:42:03.135  1626  1667 I WindowManager:   SURFACE Surface(name=com.android.systemui.ImageWallpaper)---MATRIX [1.0,0.0,0.0,1.0]: com.android.systemui.ImageWallpaper
04-13 11:42:03.135  1626  1667 I WindowManager:   SURFACE Surface(name=com.miui.securitycore/com.miui.securityspace.ui.activity.PrivateSpaceMainActivity)---MATRIX [1.0,0.0,0.0,1.0]: com.miui.securitycore/com.miui.securityspace.ui.activity.PrivateSpaceMainActivity
04-13 11:42:03.135  1626  1667 I WindowManager:   SURFACE Surface(name=StatusBar)---MATRIX [1.0,0.0,0.0,1.0]: StatusBar
04-13 11:42:03.135  1626  1667 I WindowManager:   SURFACE Surface(name=)---POS (setPositionInTransaction) @ (0.0,0.0): 
04-13 11:42:03.135  1626  1667 I WindowManager:   SURFACE Surface(name=)---MATRIX [0.9996739,0.0,0.0,0.9996739]: 
04-13 11:42:03.135  1626  1667 I WindowManager:   SURFACE controller=Surface(name=)alpha=1.0 layer=241000 matrix=[0.9996739*1.0,0.0*1.0][0.0*1.0,0.9996739*1.0]: Window{6a3b20e u0 android}
04-13 11:42:03.136  1626  1667 I WindowManager: <<< CLOSE TRANSACTION animateLocked
04-13 11:42:03.150  1626  1667 I WindowManager: >>> OPEN TRANSACTION animateLocked
04-13 11:42:03.150   549   549 E AAAA    : setUpHWComposer: empty: more  wasEmpty: notEmpty
04-13 11:42:03.150  1626  1667 I WindowManager:   SURFACE Surface(name=com.android.systemui.ImageWallpaper)---MATRIX [1.0,0.0,0.0,1.0]: com.android.systemui.ImageWallpaper
04-13 11:42:03.150  1626  1667 I WindowManager:   SURFACE Surface(name=com.miui.securitycore/com.miui.securityspace.ui.activity.PrivateSpaceMainActivity)---MATRIX [1.0,0.0,0.0,1.0]: com.miui.securitycore/com.miui.securityspace.ui.activity.PrivateSpaceMainActivity
04-13 11:42:03.150  1626  1667 I WindowManager:   SURFACE Surface(name=StatusBar)---MATRIX [1.0,0.0,0.0,1.0]: StatusBar
04-13 11:42:03.150  1626  1667 I WindowManager:   SURFACE Surface(name=)---MATRIX [0.9999189,0.0,0.0,0.9999189]: 
04-13 11:42:03.150  1626  1667 I WindowManager:   SURFACE controller=Surface(name=)alpha=1.0 layer=241000 matrix=[0.9999189*1.0,0.0*1.0][0.0*1.0,0.9999189*1.0]: Window{6a3b20e u0 android}
04-13 11:42:03.151  1626  1667 I WindowManager: <<< CLOSE TRANSACTION animateLocked
04-13 11:42:03.167  1626  1667 I WindowManager: >>> OPEN TRANSACTION animateLocked
04-13 11:42:03.167  1626  1667 I WindowManager:   SURFACE Surface(name=com.android.systemui.ImageWallpaper)---MATRIX [1.0,0.0,0.0,1.0]: com.android.systemui.ImageWallpaper
04-13 11:42:03.167  1626  1667 I WindowManager:   SURFACE Surface(name=com.miui.securitycore/com.miui.securityspace.ui.activity.PrivateSpaceMainActivity)---MATRIX [1.0,0.0,0.0,1.0]: com.miui.securitycore/com.miui.securityspace.ui.activity.PrivateSpaceMainActivity
04-13 11:42:03.167  1626  1667 I WindowManager:   SURFACE Surface(name=StatusBar)---MATRIX [1.0,0.0,0.0,1.0]: StatusBar
04-13 11:42:03.167  1626  1667 I WindowManager:   SURFACE Surface(name=)---MATRIX [0.9999865,0.0,0.0,0.9999865]: 
04-13 11:42:03.167   549   549 E AAAA    : setUpHWComposer: empty: hasOne  wasEmpty: notEmpty
04-13 11:42:03.167   549   549 E AAAA    : layer name 
04-13 11:42:03.167  1626  1667 I WindowManager:   SURFACE controller=Surface(name=)alpha=1.0 layer=241000 matrix=[0.9999865*1.0,0.0*1.0][0.0*1.0,0.9999865*1.0]: Window{6a3b20e u0 android}
04-13 11:42:03.168  1626  1667 I WindowManager: <<< CLOSE TRANSACTION animateLocked
04-13 11:42:03.183  1626  1667 I WindowManager: >>> OPEN TRANSACTION animateLocked
04-13 11:42:03.183  1626  1667 I WindowManager:   SURFACE Surface(name=com.android.systemui.ImageWallpaper)---MATRIX [1.0,0.0,0.0,1.0]: com.android.systemui.ImageWallpaper
04-13 11:42:03.184  1626  1667 I WindowManager:   SURFACE Surface(name=com.miui.securitycore/com.miui.securityspace.ui.activity.PrivateSpaceMainActivity)---MATRIX [1.0,0.0,0.0,1.0]: com.miui.securitycore/com.miui.securityspace.ui.activity.PrivateSpaceMainActivity
04-13 11:42:03.184  1626  1667 I WindowManager:   SURFACE Surface(name=StatusBar)---MATRIX [1.0,0.0,0.0,1.0]: StatusBar
04-13 11:42:03.184   549   549 E AAAA    : setUpHWComposer: empty: hasOne  wasEmpty: notEmpty
04-13 11:42:03.184  1626  1667 I WindowManager:   SURFACE Surface(name=)---MATRIX [0.9999994,0.0,0.0,0.9999994]: 
04-13 11:42:03.184   549   549 E AAAA    : layer name 
04-13 11:42:03.184  1626  1667 I WindowManager:   SURFACE controller=Surface(name=)alpha=1.0 layer=241000 matrix=[0.9999994*1.0,0.0*1.0][0.0*1.0,0.9999994*1.0]: Window{6a3b20e u0 android}
04-13 11:42:03.184  1626  1667 I WindowManager: <<< CLOSE TRANSACTION animateLocked
04-13 11:42:03.200  1626  1667 I WindowManager: >>> OPEN TRANSACTION animateLocked
04-13 11:42:03.200  1626  1667 I WindowManager:   SURFACE Surface(name=com.android.systemui.ImageWallpaper)---MATRIX [1.0,0.0,0.0,1.0]: com.android.systemui.ImageWallpaper
04-13 11:42:03.200  1626  1667 I WindowManager:   SURFACE Surface(name=com.miui.securitycore/com.miui.securityspace.ui.activity.PrivateSpaceMainActivity)---MATRIX [1.0,0.0,0.0,1.0]: com.miui.securitycore/com.miui.securityspace.ui.activity.PrivateSpaceMainActivity
04-13 11:42:03.200   549   549 E AAAA    : setUpHWComposer: empty: hasOne  wasEmpty: notEmpty
04-13 11:42:03.200   549   549 E AAAA    : layer name 
04-13 11:42:03.201  1626  1667 I WindowManager:   SURFACE Surface(name=StatusBar)---MATRIX [1.0,0.0,0.0,1.0]: StatusBar
04-13 11:42:03.201  1626  1667 I WindowManager:   SURFACE Surface(name=)---MATRIX [1.0,0.0,0.0,1.0]: 
04-13 11:42:03.201  1626  1667 I WindowManager:   SURFACE controller=Surface(name=)alpha=1.0 layer=241000 matrix=[1.0*1.0,0.0*1.0][0.0*1.0,1.0*1.0]: Window{6a3b20e u0 android}
04-13 11:42:03.201  1626  1667 I WindowManager: <<< CLOSE TRANSACTION animateLocked
04-13 11:42:03.217  1626  1667 I WindowManager: >>> OPEN TRANSACTION animateLocked
04-13 11:42:03.217   549   549 E AAAA    : setUpHWComposer: empty: hasOne  wasEmpty: notEmpty
04-13 11:42:03.217   549   549 E AAAA    : layer name 
04-13 11:42:03.217  1626  1667 I WindowManager:   SURFACE Surface(name=com.android.systemui.ImageWallpaper)---MATRIX [1.0,0.0,0.0,1.0]: com.android.systemui.ImageWallpaper
04-13 11:42:03.217  1626  1667 I WindowManager:   SURFACE Surface(name=com.miui.securitycore/com.miui.securityspace.ui.activity.PrivateSpaceMainActivity)---MATRIX [1.0,0.0,0.0,1.0]: com.miui.securitycore/com.miui.securityspace.ui.activity.PrivateSpaceMainActivity
04-13 11:42:03.217  1626  1667 I WindowManager:   SURFACE Surface(name=StatusBar)---MATRIX [1.0,0.0,0.0,1.0]: StatusBar
04-13 11:42:03.217  1626  1667 I WindowManager:   SURFACE Surface(name=)---MATRIX [1.0,0.0,0.0,1.0]: 
04-13 11:42:03.217  1626  1667 V WindowManager: prepareSurface: No changes in animation for WindowStateAnimator{18df44b }
04-13 11:42:03.218  1626  1667 I WindowManager: <<< CLOSE TRANSACTION animateLocked
04-13 11:42:03.233   549   549 E AAAA    : setUpHWComposer: empty: hasOne  wasEmpty: notEmpty
04-13 11:42:03.233   549   549 E AAAA    : layer name 
04-13 11:42:03.233  1626  1667 I WindowManager: >>> OPEN TRANSACTION animateLocked
04-13 11:42:03.234  1626  1667 V WindowManager: Finished animation in WindowStateAnimator{18df44b } @ 84273
04-13 11:42:03.234  1626  1667 V WindowManager: Animation done in WindowStateAnimator{18df44b }: exiting=false, reportedVisible=false
04-13 11:42:03.234  1626  1667 V WindowManager: finishExit in WindowStateAnimator{18df44b }: exiting=false remove=false windowAnimating=false
04-13 11:42:03.234  1626  1667 I WindowManager:   SURFACE Surface(name=com.android.systemui.ImageWallpaper)---MATRIX [1.0,0.0,0.0,1.0]: com.android.systemui.ImageWallpaper
04-13 11:42:03.234  1626  1667 I WindowManager:   SURFACE Surface(name=com.miui.securitycore/com.miui.securityspace.ui.activity.PrivateSpaceMainActivity)---MATRIX [1.0,0.0,0.0,1.0]: com.miui.securitycore/com.miui.securityspace.ui.activity.PrivateSpaceMainActivity
04-13 11:42:03.234  1626  1667 I WindowManager:   SURFACE Surface(name=StatusBar)---MATRIX [1.0,0.0,0.0,1.0]: StatusBar
04-13 11:42:03.234  1626  1667 I WindowManager:   SURFACE Surface(name=)---MATRIX [1.0,0.0,0.0,1.0]: 
04-13 11:42:03.236  1626  1667 I WindowManager: <<< CLOSE TRANSACTION animateLocked
04-13 11:42:03.236  1626  1667 I WindowManager: >>> OPEN TRANSACTION performLayoutAndPlaceSurfaces
04-13 11:42:03.237  1626  1667 I WindowManager:   SURFACE Surface(name=)---MATRIX [1.0,0.0,0.0,1.0]: 
04-13 11:42:03.237  1626  1667 I WindowManager:   SURFACE Surface(name=StatusBar)---MATRIX [1.0,0.0,0.0,1.0]: StatusBar
04-13 11:42:03.237  1626  1667 I WindowManager:   SURFACE Surface(name=com.miui.securitycore/com.miui.securityspace.ui.activity.PrivateSpaceMainActivity)---MATRIX [1.0,0.0,0.0,1.0]: com.miui.securitycore/com.miui.securityspace.ui.activity.PrivateSpaceMainActivity
04-13 11:42:03.237  1626  1667 I WindowManager:   SURFACE Surface(name=com.android.systemui.ImageWallpaper)---MATRIX [1.0,0.0,0.0,1.0]: com.android.systemui.ImageWallpaper
04-13 11:42:03.237  1626  1667 I WindowManager: <<< CLOSE TRANSACTION performLayoutAndPlaceSurfaces
04-13 11:42:03.250  1626  1667 I WindowManager: >>> OPEN TRANSACTION animateLocked
04-13 11:42:03.250  1626  1667 I WindowManager:   SURFACE Surface(name=com.android.systemui.ImageWallpaper)---MATRIX [1.0,0.0,0.0,1.0]: com.android.systemui.ImageWallpaper
04-13 11:42:03.251  1626  1667 I WindowManager:   SURFACE Surface(name=com.miui.securitycore/com.miui.securityspace.ui.activity.PrivateSpaceMainActivity)---MATRIX [1.0,0.0,0.0,1.0]: com.miui.securitycore/com.miui.securityspace.ui.activity.PrivateSpaceMainActivity
04-13 11:42:03.251  1626  1667 I WindowManager:   SURFACE Surface(name=StatusBar)---MATRIX [1.0,0.0,0.0,1.0]: StatusBar
04-13 11:42:03.251  1626  1667 I WindowManager:   SURFACE Surface(name=)---MATRIX [1.0,0.0,0.0,1.0]: 
04-13 11:42:03.265  1626  1667 I WindowManager: <<< CLOSE TRANSACTION animateLocked
04-13 11:42:03.265   549   549 E AAAA    : setUpHWComposer: empty: hasOne  wasEmpty: notEmpty
04-13 11:42:03.265   549   549 E AAAA    : layer name 
04-13 11:42:03.266   549   549 E AAAA    : setUpHWComposer: empty: hasOne  wasEmpty: notEmpty
04-13 11:42:03.266   549   549 E AAAA    : layer name 
04-13 11:42:03.294  1626  1662 E AAAA    : start user in foreground
04-13 11:42:03.294  1626  1662 E AAAA    : startFreezingScreen
04-13 11:42:03.294  1626  1662 E AAAA    : java.lang.Throwable
04-13 11:42:03.294  1626  1662 E AAAA    : 	at com.android.server.wm.WindowManagerService.startFreezingDisplayLocked(WindowManagerService.java:10068)
04-13 11:42:03.294  1626  1662 E AAAA    : 	at com.android.server.wm.WindowManagerService.startFreezingScreen(WindowManagerService.java:5515)
04-13 11:42:03.294  1626  1662 E AAAA    : 	at com.android.server.am.UserController.startUser(UserController.java:859)
04-13 11:42:03.294  1626  1662 E AAAA    : 	at com.android.server.am.UserController.startUserInForeground(UserController.java:1017)
04-13 11:42:03.294  1626  1662 E AAAA    : 	at com.android.server.am.UserSwitchingDialogInjector.startUserInForeground(UserSwitchingDialogInjector.java:36)
04-13 11:42:03.294  1626  1662 E AAAA    : 	at com.android.server.am.BaseUserSwitchingDialog.startUser(BaseUserSwitchingDialog.java:57)
04-13 11:42:03.294  1626  1662 E AAAA    : 	at com.android.server.am.UserSwitchingDialogInjector$1.onWindowShown(UserSwitchingDialogInjector.java:19)
04-13 11:42:03.294  1626  1662 E AAAA    : 	at android.view.ViewTreeObserver.dispatchOnWindowShown(ViewTreeObserver.java:966)
04-13 11:42:03.294  1626  1662 E AAAA    : 	at android.view.ViewRootImpl.handleDispatchWindowShown(ViewRootImpl.java:5661)
04-13 11:42:03.294  1626  1662 E AAAA    : 	at android.view.ViewRootImpl$ViewRootHandler.handleMessage(ViewRootImpl.java:3725)
04-13 11:42:03.294  1626  1662 E AAAA    : 	at android.os.Handler.dispatchMessage(Handler.java:102)
04-13 11:42:03.294  1626  1662 E AAAA    : 	at android.os.Looper.loop(Looper.java:165)
04-13 11:42:03.294  1626  1662 E AAAA    : 	at android.os.HandlerThread.run(HandlerThread.java:61)
04-13 11:42:03.294  1626  1662 E AAAA    : 	at com.android.server.ServiceThread.run(ServiceThread.java:46)
04-13 11:42:03.295  1626  1662 D WindowManager: startFreezingDisplayLocked: inTransaction=false exitAnim=17432705 enterAnim=17432704 called by com.android.server.wm.WindowManagerService.startFreezingScreen:5515 com.android.server.am.UserController.startUser:859 com.android.server.am.UserController.startUserInForeground:1017 com.android.server.am.UserSwitchingDialogInjector.startUserInForeground:36 com.android.server.am.BaseUserSwitchingDialog.startUser:57 com.android.server.am.UserSwitchingDialogInjector$1.onWindowShown:19 android.view.ViewTreeObserver.dispatchOnWindowShown:966 android.view.ViewRootImpl.handleDispatchWindowShown:5661 
04-13 11:42:03.296  1626  1662 I WindowManager: >>> OPEN TRANSACTION ScreenRotationAnimation
04-13 11:42:03.311  1626  1662 I WindowManager:   FREEZE Surface(name=ScreenshotSurface): CREATE
04-13 11:42:03.311  1626  1662 V WindowManager: **** ROTATION: 0
04-13 11:42:03.311  1626  1662 I WindowManager: Original  : (0.0,0.0)-(1080.0,1920.0)
04-13 11:42:03.311  1626  1662 I WindowManager: Transformed: (0.0,0.0)-(1080.0,1920.0)
04-13 11:42:03.312   549   549 E AAAA    : setUpHWComposer: empty: hasOne  wasEmpty: notEmpty
04-13 11:42:03.312   549   549 E AAAA    : layer name 
04-13 11:42:03.312  1626  1662 I WindowManager: <<< CLOSE TRANSACTION ScreenRotationAnimation
04-13 11:42:03.315  1626  1662 I WindowManager: >>> OPEN TRANSACTION performLayoutAndPlaceSurfaces
04-13 11:42:03.315  1626  1662 I WindowManager:   SURFACE Surface(name=)---MATRIX [1.0,0.0,0.0,1.0]: 
04-13 11:42:03.316  1626  1662 I WindowManager:   SURFACE Surface(name=StatusBar)---MATRIX [1.0,0.0,0.0,1.0]: StatusBar
04-13 11:42:03.316  1626  1662 I WindowManager:   SURFACE Surface(name=com.miui.securitycore/com.miui.securityspace.ui.activity.PrivateSpaceMainActivity)---MATRIX [1.0,0.0,0.0,1.0]: com.miui.securitycore/com.miui.securityspace.ui.activity.PrivateSpaceMainActivity
04-13 11:42:03.316  1626  1662 I WindowManager:   SURFACE Surface(name=com.android.systemui.ImageWallpaper)---MATRIX [1.0,0.0,0.0,1.0]: com.android.systemui.ImageWallpaper
04-13 11:42:03.317   549   549 E AAAA    : setUpHWComposer: empty: more  wasEmpty: notEmpty
04-13 11:42:03.318  1626  1662 I WindowManager: <<< CLOSE TRANSACTION performLayoutAndPlaceSurfaces
04-13 11:42:03.318  1626  1662 V WindowManager: With display frozen, orientationChangeComplete=true
04-13 11:42:03.318  1626  1662 D WindowManager: stopFreezingDisplayLocked: Returning mWaitingForConfig=false, mAppsFreezingScreen=0, mWindowsFreezingScreen=0, mClientFreezingScreen=true, mOpeningApps.size()=0
04-13 11:42:03.324  1626  1662 I WindowManager: >>> OPEN TRANSACTION performLayoutAndPlaceSurfaces
04-13 11:42:03.324  1626  1662 I WindowManager:   SURFACE Surface(name=)---MATRIX [1.0,0.0,0.0,1.0]: 
04-13 11:42:03.324  1626  1662 I WindowManager:   SURFACE Surface(name=StatusBar)---MATRIX [1.0,0.0,0.0,1.0]: StatusBar
04-13 11:42:03.324  1626  1662 I WindowManager:   SURFACE Surface(name=com.miui.securitycore/com.miui.securityspace.ui.activity.PrivateSpaceMainActivity)---MATRIX [1.0,0.0,0.0,1.0]: com.miui.securitycore/com.miui.securityspace.ui.activity.PrivateSpaceMainActivity
04-13 11:42:03.324  1626  1662 I WindowManager:   SURFACE Surface(name=com.android.systemui.ImageWallpaper)---MATRIX [1.0,0.0,0.0,1.0]: com.android.systemui.ImageWallpaper
04-13 11:42:03.325  1626  1662 I WindowManager: <<< CLOSE TRANSACTION performLayoutAndPlaceSurfaces
04-13 11:42:03.325  1626  1662 V WindowManager: With display frozen, orientationChangeComplete=true
04-13 11:42:03.325  1626  1662 D WindowManager: stopFreezingDisplayLocked: Returning mWaitingForConfig=false, mAppsFreezingScreen=0, mWindowsFreezingScreen=0, mClientFreezingScreen=true, mOpeningApps.size()=0
04-13 11:42:03.326  1626  1662 V WindowManager: Done at AppWindowToken{ceb8b29 token=Token{cc530b0 ActivityRecord{9256bf3 u0 com.miui.securitycore/com.miui.securityspace.ui.activity.PrivateSpaceMainActivity t139}}} -- full screen, return 1
04-13 11:42:03.327  1626  1662 I WindowManager: >>> OPEN TRANSACTION performLayoutAndPlaceSurfaces
04-13 11:42:03.327  1626  1662 I WindowManager:   SURFACE Surface(name=)---MATRIX [1.0,0.0,0.0,1.0]: 
04-13 11:42:03.327  1626  1662 I WindowManager:   SURFACE Surface(name=StatusBar)---MATRIX [1.0,0.0,0.0,1.0]: StatusBar
04-13 11:42:03.327  1626  1662 I WindowManager:   SURFACE Surface(name=com.miui.securitycore/com.miui.securityspace.ui.activity.PrivateSpaceMainActivity)---MATRIX [1.0,0.0,0.0,1.0]: com.miui.securitycore/com.miui.securityspace.ui.activity.PrivateSpaceMainActivity
04-13 11:42:03.327  1626  1662 I WindowManager:   SURFACE Surface(name=com.android.systemui.ImageWallpaper)---MATRIX [1.0,0.0,0.0,1.0]: com.android.systemui.ImageWallpaper
04-13 11:42:03.328  1626  1662 I WindowManager: <<< CLOSE TRANSACTION performLayoutAndPlaceSurfaces
04-13 11:42:03.328  1626  1662 V WindowManager: With display frozen, orientationChangeComplete=true
04-13 11:42:03.328  1626  1662 D WindowManager: stopFreezingDisplayLocked: Returning mWaitingForConfig=false, mAppsFreezingScreen=0, mWindowsFreezingScreen=0, mClientFreezingScreen=true, mOpeningApps.size()=0
04-13 11:42:03.330  1626  1662 I WindowManager: >>> OPEN TRANSACTION performLayoutAndPlaceSurfaces
04-13 11:42:03.330  1626  1662 I WindowManager:   SURFACE Surface(name=)---MATRIX [1.0,0.0,0.0,1.0]: 
04-13 11:42:03.330  1626  1662 I WindowManager:   SURFACE Surface(name=StatusBar)---MATRIX [1.0,0.0,0.0,1.0]: StatusBar
04-13 11:42:03.330  1626  1662 I WindowManager:   SURFACE Surface(name=com.miui.securitycore/com.miui.securityspace.ui.activity.PrivateSpaceMainActivity)---MATRIX [1.0,0.0,0.0,1.0]: com.miui.securitycore/com.miui.securityspace.ui.activity.PrivateSpaceMainActivity
04-13 11:42:03.330  1626  1662 I WindowManager:   SURFACE Surface(name=com.android.systemui.ImageWallpaper)---MATRIX [1.0,0.0,0.0,1.0]: com.android.systemui.ImageWallpaper
04-13 11:42:03.331  1626  1662 I WindowManager: <<< CLOSE TRANSACTION performLayoutAndPlaceSurfaces
04-13 11:42:03.331  1626  1662 V WindowManager: With display frozen, orientationChangeComplete=true
04-13 11:42:03.331  1626  1662 D WindowManager: stopFreezingDisplayLocked: Returning mWaitingForConfig=false, mAppsFreezingScreen=0, mWindowsFreezingScreen=0, mClientFreezingScreen=true, mOpeningApps.size()=0
04-13 11:42:03.332  1626  1662 I WindowManager: >>> OPEN TRANSACTION performLayoutAndPlaceSurfaces
04-13 11:42:03.332  1626  1662 I WindowManager:   SURFACE Surface(name=)---MATRIX [1.0,0.0,0.0,1.0]: 
04-13 11:42:03.332  1626  1662 I WindowManager:   SURFACE Surface(name=StatusBar)---MATRIX [1.0,0.0,0.0,1.0]: StatusBar
04-13 11:42:03.332  1626  1662 I WindowManager:   SURFACE Surface(name=com.miui.securitycore/com.miui.securityspace.ui.activity.PrivateSpaceMainActivity)---MATRIX [1.0,0.0,0.0,1.0]: com.miui.securitycore/com.miui.securityspace.ui.activity.PrivateSpaceMainActivity
04-13 11:42:03.332  1626  1662 I WindowManager:   SURFACE Surface(name=com.android.systemui.ImageWallpaper)---MATRIX [1.0,0.0,0.0,1.0]: com.android.systemui.ImageWallpaper
04-13 11:42:03.333  1626  1662 I WindowManager: <<< CLOSE TRANSACTION performLayoutAndPlaceSurfaces
04-13 11:42:03.333  1626  1662 V WindowManager: With display frozen, orientationChangeComplete=true
04-13 11:42:03.333  1626  1662 D WindowManager: stopFreezingDisplayLocked: Returning mWaitingForConfig=false, mAppsFreezingScreen=0, mWindowsFreezingScreen=0, mClientFreezingScreen=true, mOpeningApps.size()=0
04-13 11:42:03.334   549   549 E AAAA    : setUpHWComposer: empty: more  wasEmpty: notEmpty
04-13 11:42:03.335  1626  1662 I WindowManager: >>> OPEN TRANSACTION performLayoutAndPlaceSurfaces
04-13 11:42:03.335  1626  1662 I WindowManager:   SURFACE Surface(name=)---MATRIX [1.0,0.0,0.0,1.0]: 
04-13 11:42:03.335  1626  1662 I WindowManager:   SURFACE Surface(name=StatusBar)---MATRIX [1.0,0.0,0.0,1.0]: StatusBar
04-13 11:42:03.335  1626  1662 I WindowManager:   SURFACE Surface(name=com.miui.securitycore/com.miui.securityspace.ui.activity.PrivateSpaceMainActivity)---MATRIX [1.0,0.0,0.0,1.0]: com.miui.securitycore/com.miui.securityspace.ui.activity.PrivateSpaceMainActivity
04-13 11:42:03.335  1626  1662 I WindowManager:   SURFACE Surface(name=com.android.systemui.ImageWallpaper)---MATRIX [1.0,0.0,0.0,1.0]: com.android.systemui.ImageWallpaper
04-13 11:42:03.336  1626  1662 I WindowManager: <<< CLOSE TRANSACTION performLayoutAndPlaceSurfaces
04-13 11:42:03.336  1626  1662 V WindowManager: With display frozen, orientationChangeComplete=true
04-13 11:42:03.336  1626  1662 D WindowManager: stopFreezingDisplayLocked: Returning mWaitingForConfig=false, mAppsFreezingScreen=0, mWindowsFreezingScreen=0, mClientFreezingScreen=true, mOpeningApps.size()=0
04-13 11:42:03.336  1626  1662 E AAAA    : start user in home
04-13 11:42:03.344  1626  1662 V WindowManager: Prepare app transition: transit=TRANSIT_TASK_OPEN mNextAppTransition=TRANSIT_UNSET alwaysKeepCurrent=false Callers=com.android.server.wm.WindowManagerService.prepareAppTransition:4074 com.android.server.am.ActivityStack.startActivityLocked:2862 com.android.server.am.ActivityStarter.startActivityUnchecked:1295 
