07-02 20:22:30.146  1451  1514 I WindowManager: >>> OPEN TRANSACTION performLayoutAndPlaceSurfaces
07-02 20:22:30.147  1451  1514 I WindowStateAnimator: commitFinishDrawingLocked: mDrawState=READY_TO_SHOW Surface(name=)
07-02 20:22:30.147  1451  1514 V WindowStateAnimator: performShow on WindowStateAnimator{a516d75 }: mDrawState=READY_TO_SHOW readyForDisplay=true starting=false during animation: policyVis=true attHidden=false tok.hiddenRequested=false tok.hidden=false animating=false tok animating=false Callers=com.android.server.wm.WindowStateAnimator.commitFinishDrawingLocked:547 com.android.server.wm.WindowManagerService.performLayoutAndPlaceSurfacesLockedInner:10254 com.android.server.wm.WindowManagerService.performLayoutAndPlaceSurfacesLockedLoop:9131 
07-02 20:22:30.147  1451  1514 I WindowManager:   SURFACE SHOW (performShowLocked): Window{fe3d103 u0 android}
07-02 20:22:30.148  1451  1514 V WindowStateAnimator: Showing WindowStateAnimator{a516d75 } during animation: policyVis=true attHidden=false tok.hiddenRequested=false tok.hidden=false animating=false tok animating=false
07-02 20:22:30.155  1451  1514 V WindowStateAnimator: applyAnimation: win=WindowStateAnimator{a516d75 } anim=0 attr=0x0 a=android.view.animation.AnimationSet@f0458b3 transit=1 isEntrance=true Callers com.android.server.wm.WindowStateAnimator.applyEnterAnimationLocked:1827 com.android.server.wm.WindowStateAnimator.performShowLocked:1732 com.android.server.wm.WindowStateAnimator.commitFinishDrawingLocked:547 
07-02 20:22:30.155  1451  1514 V WindowStateAnimator: Loaded animation android.view.animation.AnimationSet@f0458b3 for WindowStateAnimator{a516d75 }
07-02 20:22:30.156  1451  1514 V WindowStateAnimator: performShowLocked: mDrawState=HAS_DRAWN in WindowStateAnimator{a516d75 }
07-02 20:22:30.156  1451  1514 I WindowManager: <<< CLOSE TRANSACTION performLayoutAndPlaceSurfaces
07-02 20:22:30.161  1451  1514 I WindowAnimator: >>> OPEN TRANSACTION animateLocked
07-02 20:22:30.161  1451  1514 V WindowStateAnimator: Starting animation in WindowStateAnimator{a516d75 } @ 74925: ww=720 wh=1280 dw=720 dh=1280 scale=1.0
07-02 20:22:30.162  1451  1514 I WindowManager:   SURFACE POS 0.0, -48.0: Window{756c23f u0 StatusBar}
07-02 20:22:30.162  1451  1514 V WindowStateAnimator: prepareSurface: No changes in animation for WindowStateAnimator{6eddd6a StatusBar}
07-02 20:22:30.162  1451  1514 I WindowManager:   SURFACE POS 36.000008, 64.000015: Window{fe3d103 u0 android}
07-02 20:22:30.162  1451  1514 I WindowManager:   SURFACE alpha=0.0 layer=231000 matrix=[0.9*1.0,0.0*1.0][0.0*1.0,0.9*1.0]: Window{fe3d103 u0 android}
07-02 20:22:30.162  1451  1514 I WindowManager:   SURFACE SHOW (performLayout): Window{fe3d103 u0 android}
07-02 20:22:30.162  1451  1514 V WindowStateAnimator: Showing Window{fe3d103 u0 android} during relayout
07-02 20:22:30.163  1451  1514 I WindowAnimator: <<< CLOSE TRANSACTION animateLocked
07-02 20:22:30.163  1451  1514 I WindowManager: >>> OPEN TRANSACTION performLayoutAndPlaceSurfaces
07-02 20:22:30.164  1451  1514 I WindowManager: <<< CLOSE TRANSACTION performLayoutAndPlaceSurfaces
07-02 20:22:30.177  1451  1514 I WindowAnimator: >>> OPEN TRANSACTION animateLocked
07-02 20:22:30.177  1451  1514 V WindowStateAnimator: Finished animation in WindowStateAnimator{6eddd6a StatusBar} @ 74942
07-02 20:22:30.177  1451  1514 V WindowStateAnimator: Animation done in WindowStateAnimator{6eddd6a StatusBar}: exiting=false, reportedVisible=false
07-02 20:22:30.177  1451  1514 V WindowStateAnimator: Policy visibility changing after anim in WindowStateAnimator{6eddd6a StatusBar}: false
07-02 20:22:30.177  1451  1514 V WindowStateAnimator: finishExit in WindowStateAnimator{6eddd6a StatusBar}: exiting=false remove=false windowAnimating=false
07-02 20:22:30.178  1451  1514 I WindowManager:   SURFACE POS 0.0, 0.0: Window{756c23f u0 StatusBar}
07-02 20:22:30.178  1451  1514 I WindowManager:   SURFACE HIDE (performLayout): Window{756c23f u0 StatusBar}
07-02 20:22:30.178  1451  1514 I WindowManager:   SURFACE POS 24.080723, 42.810173: Window{fe3d103 u0 android}
07-02 20:22:30.178  1451  1514 I WindowManager:   SURFACE alpha=0.3029224 layer=231000 matrix=[0.9331091*1.0,0.0*1.0][0.0*1.0,0.9331091*1.0]: Window{fe3d103 u0 android}
07-02 20:22:30.180  1451  1514 I WindowAnimator: <<< CLOSE TRANSACTION animateLocked
07-02 20:22:30.181  1451  1514 I WindowManager: >>> OPEN TRANSACTION performLayoutAndPlaceSurfaces
07-02 20:22:30.181  1451  1514 V WindowManager: Resize reasons for w=Window{fe3d103 u0 android}:  contentInsetsChanged=false [0,48][0,0] visibleInsetsChanged=true [0,0][0,0] stableInsetsChanged=false [0,48][0,0] outsetsChanged=false [0,0][0,0] surfaceResized=false configChanged=false
07-02 20:22:30.181  1451  1514 V WindowManager: Resizing window Window{fe3d103 u0 android} to 720.0x1280.0
07-02 20:22:30.181  1451  1514 V WindowManager: Resize reasons for w=Window{a94fc89 u0 com.miui.securitycore/com.miui.securityspace.ui.activity.PrivateSpaceMainActivity}:  contentInsetsChanged=false [0,48][0,0] visibleInsetsChanged=true [0,0][0,0] stableInsetsChanged=false [0,48][0,0] outsetsChanged=false [0,0][0,0] surfaceResized=false configChanged=false
07-02 20:22:30.181  1451  1514 V WindowManager: Resizing window Window{a94fc89 u0 com.miui.securitycore/com.miui.securityspace.ui.activity.PrivateSpaceMainActivity} to 720.0x1280.0
07-02 20:22:30.183  1451  1514 I WindowManager: <<< CLOSE TRANSACTION performLayoutAndPlaceSurfaces
07-02 20:22:30.199  1451  1514 I WindowAnimator: >>> OPEN TRANSACTION animateLocked
07-02 20:22:30.199  1451  1514 I WindowManager:   SURFACE POS 15.550847, 27.64595: Window{fe3d103 u0 android}
07-02 20:22:30.199  1451  1514 I WindowManager:   SURFACE alpha=0.53751236 layer=231000 matrix=[0.9568032*1.0,0.0*1.0][0.0*1.0,0.9568032*1.0]: Window{fe3d103 u0 android}
07-02 20:22:30.208  1451  1514 I WindowAnimator: <<< CLOSE TRANSACTION animateLocked
07-02 20:22:30.210  1451  1514 I WindowAnimator: >>> OPEN TRANSACTION animateLocked
07-02 20:22:30.211  1451  1514 I WindowManager:   SURFACE POS 9.91823, 17.632408: Window{fe3d103 u0 android}
07-02 20:22:30.211  1451  1514 I WindowManager:   SURFACE alpha=0.70370376 layer=231000 matrix=[0.97244936*1.0,0.0*1.0][0.0*1.0,0.97244936*1.0]: Window{fe3d103 u0 android}
07-02 20:22:30.212  1451  1514 I WindowAnimator: <<< CLOSE TRANSACTION animateLocked
07-02 20:22:30.227  1451  1514 I WindowAnimator: >>> OPEN TRANSACTION animateLocked
07-02 20:22:30.227  1451  1514 I WindowManager:   SURFACE POS 5.856614, 10.411758: Window{fe3d103 u0 android}
07-02 20:22:30.227  1451  1514 I WindowManager:   SURFACE alpha=0.8305816 layer=231000 matrix=[0.9837316*1.0,0.0*1.0][0.0*1.0,0.9837316*1.0]: Window{fe3d103 u0 android}
07-02 20:22:30.228  1451  1514 I WindowAnimator: <<< CLOSE TRANSACTION animateLocked
07-02 20:22:30.243  1451  1514 I WindowAnimator: >>> OPEN TRANSACTION animateLocked
07-02 20:22:30.244  1451  1514 I WindowManager:   SURFACE POS 3.2500005, 5.7777786: Window{fe3d103 u0 android}
07-02 20:22:30.244  1451  1514 I WindowManager:   SURFACE alpha=0.914816 layer=231000 matrix=[0.9909722*1.0,0.0*1.0][0.0*1.0,0.9909722*1.0]: Window{fe3d103 u0 android}
07-02 20:22:30.245  1451  1514 I WindowAnimator: <<< CLOSE TRANSACTION animateLocked
07-02 20:22:30.260  1451  1514 I WindowAnimator: >>> OPEN TRANSACTION animateLocked
07-02 20:22:30.261  1451  1514 I WindowManager:   SURFACE POS 1.7381787, 3.0900955: Window{fe3d103 u0 android}
07-02 20:22:30.261  1451  1514 I WindowManager:   SURFACE alpha=0.962963 layer=231000 matrix=[0.9951717*1.0,0.0*1.0][0.0*1.0,0.9951717*1.0]: Window{fe3d103 u0 android}
07-02 20:22:30.262  1451  1514 I WindowAnimator: <<< CLOSE TRANSACTION animateLocked
07-02 20:22:30.277  1451  1514 I WindowAnimator: >>> OPEN TRANSACTION animateLocked
07-02 20:22:30.277  1451  1514 I WindowManager:   SURFACE POS 0.8097911, 1.4396286: Window{fe3d103 u0 android}
07-02 20:22:30.277  1451  1514 I WindowManager:   SURFACE alpha=0.989352 layer=231000 matrix=[0.9977506*1.0,0.0*1.0][0.0*1.0,0.9977506*1.0]: Window{fe3d103 u0 android}
07-02 20:22:30.278  1451  1514 I WindowAnimator: <<< CLOSE TRANSACTION animateLocked
07-02 20:22:30.294  1451  1514 I WindowAnimator: >>> OPEN TRANSACTION animateLocked
07-02 20:22:30.294  1451  1514 I WindowManager:   SURFACE POS 0.3286028, 0.58418274: Window{fe3d103 u0 android}
07-02 20:22:30.295  1451  1514 I WindowManager:   SURFACE alpha=0.9987864 layer=231000 matrix=[0.9990872*1.0,0.0*1.0][0.0*1.0,0.9990872*1.0]: Window{fe3d103 u0 android}
07-02 20:22:30.295  1451  1514 I WindowAnimator: <<< CLOSE TRANSACTION animateLocked
07-02 20:22:30.311  1451  1514 I WindowAnimator: >>> OPEN TRANSACTION animateLocked
07-02 20:22:30.311  1451  1514 I WindowManager:   SURFACE POS 0.10926247, 0.19424438: Window{fe3d103 u0 android}
07-02 20:22:30.311  1451  1514 I WindowManager:   SURFACE alpha=1.0 layer=231000 matrix=[0.9996965*1.0,0.0*1.0][0.0*1.0,0.9996965*1.0]: Window{fe3d103 u0 android}
07-02 20:22:30.312  1451  1514 I WindowAnimator: <<< CLOSE TRANSACTION animateLocked
07-02 20:22:30.327  1451  1514 I WindowAnimator: >>> OPEN TRANSACTION animateLocked
07-02 20:22:30.328  1451  1514 I WindowManager:   SURFACE POS 0.029203892, 0.05191803: Window{fe3d103 u0 android}
07-02 20:22:30.333  1451  1514 I WindowManager:   SURFACE alpha=1.0 layer=231000 matrix=[0.9999189*1.0,0.0*1.0][0.0*1.0,0.9999189*1.0]: Window{fe3d103 u0 android}
07-02 20:22:30.335  1451  1514 I WindowAnimator: <<< CLOSE TRANSACTION animateLocked
07-02 20:22:30.344  1451  1514 I WindowAnimator: >>> OPEN TRANSACTION animateLocked
07-02 20:22:30.344  1451  1514 I WindowManager:   SURFACE POS 0.0042271614, 0.0075149536: Window{fe3d103 u0 android}
07-02 20:22:30.344  1451  1514 I WindowManager:   SURFACE alpha=1.0 layer=231000 matrix=[0.99998826*1.0,0.0*1.0][0.0*1.0,0.99998826*1.0]: Window{fe3d103 u0 android}
07-02 20:22:30.347  1451  1514 I WindowAnimator: <<< CLOSE TRANSACTION animateLocked
07-02 20:22:30.360  1451  1514 I WindowAnimator: >>> OPEN TRANSACTION animateLocked
07-02 20:22:30.361  1451  1514 I WindowManager:   SURFACE POS 1.7166138E-4, 3.0517578E-4: Window{fe3d103 u0 android}
07-02 20:22:30.361  1451  1514 I WindowManager:   SURFACE alpha=1.0 layer=231000 matrix=[0.9999995*1.0,0.0*1.0][0.0*1.0,0.9999995*1.0]: Window{fe3d103 u0 android}
07-02 20:22:30.364  1451  1514 I WindowAnimator: <<< CLOSE TRANSACTION animateLocked
07-02 20:22:30.379  1451  1514 I WindowAnimator: >>> OPEN TRANSACTION animateLocked
07-02 20:22:30.379  1451  1514 I WindowManager:   SURFACE POS 0.0, 0.0: Window{fe3d103 u0 android}
07-02 20:22:30.380  1451  1514 I WindowManager:   SURFACE alpha=1.0 layer=231000 matrix=[1.0*1.0,0.0*1.0][0.0*1.0,1.0*1.0]: Window{fe3d103 u0 android}
07-02 20:22:30.381  1451  1514 I WindowAnimator: <<< CLOSE TRANSACTION animateLocked
07-02 20:22:30.394  1451  1514 I WindowAnimator: >>> OPEN TRANSACTION animateLocked
07-02 20:22:30.394  1451  1514 V WindowStateAnimator: prepareSurface: No changes in animation for WindowStateAnimator{a516d75 }
07-02 20:22:30.396  1451  1514 I WindowAnimator: <<< CLOSE TRANSACTION animateLocked
07-02 20:22:30.411  1451  1514 I WindowAnimator: >>> OPEN TRANSACTION animateLocked
07-02 20:22:30.411  1451  1514 V WindowStateAnimator: Finished animation in WindowStateAnimator{a516d75 } @ 75176
07-02 20:22:30.411  1451  1514 V WindowStateAnimator: Animation done in WindowStateAnimator{a516d75 }: exiting=false, reportedVisible=false
07-02 20:22:30.411  1451  1514 V WindowStateAnimator: finishExit in WindowStateAnimator{a516d75 }: exiting=false remove=false windowAnimating=false
07-02 20:22:30.412  1451  1488 E AAAA    : start user in foreground
07-02 20:22:30.412  1451  1514 I WindowAnimator: <<< CLOSE TRANSACTION animateLocked
07-02 20:22:30.413  1451  1514 I WindowManager: >>> OPEN TRANSACTION performLayoutAndPlaceSurfaces
07-02 20:22:30.413  1451  1514 I WindowManager: <<< CLOSE TRANSACTION performLayoutAndPlaceSurfaces
07-02 20:22:30.427  1451  1514 I WindowAnimator: >>> OPEN TRANSACTION animateLocked
07-02 20:22:30.429  1451  1514 I WindowAnimator: <<< CLOSE TRANSACTION animateLocked
07-02 20:22:30.541  1451  1488 E AAAA    : startFreezingScreen
07-02 20:22:30.541  1451  1488 E AAAA    : java.lang.Throwable
07-02 20:22:30.541  1451  1488 E AAAA    : 	at com.android.server.wm.WindowManagerService.startFreezingDisplayLocked(WindowManagerService.java:10997)
07-02 20:22:30.541  1451  1488 E AAAA    : 	at com.android.server.wm.WindowManagerService.startFreezingScreen(WindowManagerService.java:5429)
07-02 20:22:30.541  1451  1488 E AAAA    : 	at com.android.server.am.ActivityManagerService.startUser(ActivityManagerService.java:21039)
07-02 20:22:30.541  1451  1488 E AAAA    : 	at com.android.server.am.ActivityManagerService.startUserInForeground(ActivityManagerService.java:20921)
07-02 20:22:30.541  1451  1488 E AAAA    : 	at com.android.server.am.UserSwitchingDialogInjector.startUserInForeground(UserSwitchingDialogInjector.java:36)
07-02 20:22:30.541  1451  1488 E AAAA    : 	at com.android.server.am.BaseUserSwitchingDialog.startUser(BaseUserSwitchingDialog.java:57)
07-02 20:22:30.541  1451  1488 E AAAA    : 	at com.android.server.am.UserSwitchingDialogInjector$1.onWindowShown(UserSwitchingDialogInjector.java:19)
07-02 20:22:30.541  1451  1488 E AAAA    : 	at android.view.ViewTreeObserver.dispatchOnWindowShown(ViewTreeObserver.java:966)
07-02 20:22:30.541  1451  1488 E AAAA    : 	at android.view.ViewRootImpl.handleDispatchWindowShown(ViewRootImpl.java:5408)
07-02 20:22:30.541  1451  1488 E AAAA    : 	at android.view.ViewRootImpl$ViewRootHandler.handleMessage(ViewRootImpl.java:3526)
07-02 20:22:30.541  1451  1488 E AAAA    : 	at android.os.Handler.dispatchMessage(Handler.java:102)
07-02 20:22:30.541  1451  1488 E AAAA    : 	at android.os.Looper.loop(Looper.java:157)
07-02 20:22:30.541  1451  1488 E AAAA    : 	at android.os.HandlerThread.run(HandlerThread.java:61)
07-02 20:22:30.541  1451  1488 E AAAA    : 	at com.android.server.ServiceThread.run(ServiceThread.java:46)
07-02 20:22:30.543  1451  1488 I WindowManager: >>> OPEN TRANSACTION ScreenRotationAnimation
07-02 20:22:30.551  1451  1488 I WindowManager:   FREEZE Surface(name=ScreenshotSurface): CREATE
07-02 20:22:30.554  1451  1488 I WindowManager: <<< CLOSE TRANSACTION ScreenRotationAnimation
07-02 20:22:30.570  1451  1488 W WindowManager: user changing, hiding Window{329fa77 u0 com.android.systemui.ImageWallpaper}, attrs=2013, belonging to 1000
07-02 20:22:30.573  1451  1488 W WindowManager: user changing, hiding Window{7781708 u0 com.miui.home/com.miui.home.launcher.Launcher}, attrs=1, belonging to 10021
07-02 20:22:30.573  1451  1488 W WindowManager: user changing, hiding Window{6250b5c u0 com.android.settings/com.android.settings.MainSettings}, attrs=1, belonging to 1000
07-02 20:22:30.573  1451  1488 W WindowManager: user changing, hiding Window{a94fc89 u0 com.miui.securitycore/com.miui.securityspace.ui.activity.PrivateSpaceMainActivity}, attrs=1, belonging to 1000
07-02 20:22:30.574  1451  1488 W WindowManager: user changing, hiding Window{82389bf u0 AssistPreviewPanel}, attrs=2033, belonging to 1000
07-02 20:22:30.574  1451  1488 I WindowManager: >>> OPEN TRANSACTION performLayoutAndPlaceSurfaces
07-02 20:22:30.575  1451  1488 I WindowManager: <<< CLOSE TRANSACTION performLayoutAndPlaceSurfaces
07-02 20:22:30.575  1451  1488 V WindowManager: With display frozen, orientationChangeComplete=true
07-02 20:22:30.575  1451  1488 D WindowManager: stopFreezingDisplayLocked: Returning mWaitingForConfig=false, mAppsFreezingScreen=0, mWindowsFreezingScreen=0, mClientFreezingScreen=true, mOpeningApps.size()=0
07-02 20:22:30.578  1451  1514 I WindowAnimator: >>> OPEN TRANSACTION animateLocked
07-02 20:22:30.579  1451  1514 I WindowManager:   SURFACE HIDE (performLayout): Window{a94fc89 u0 com.miui.securitycore/com.miui.securityspace.ui.activity.PrivateSpaceMainActivity}
07-02 20:22:30.579  1451  1488 E AAAA    : set user initializing == true
07-02 20:22:30.579  1451  1488 E AAAA    : java.lang.Throwable
07-02 20:22:30.579  1451  1488 E AAAA    : 	at com.android.server.am.ActivityManagerService.startUser(ActivityManagerService.java:21163)
07-02 20:22:30.579  1451  1488 E AAAA    : 	at com.android.server.am.ActivityManagerService.startUserInForeground(ActivityManagerService.java:20921)
07-02 20:22:30.579  1451  1488 E AAAA    : 	at com.android.server.am.UserSwitchingDialogInjector.startUserInForeground(UserSwitchingDialogInjector.java:36)
07-02 20:22:30.579  1451  1488 E AAAA    : 	at com.android.server.am.BaseUserSwitchingDialog.startUser(BaseUserSwitchingDialog.java:57)
07-02 20:22:30.579  1451  1488 E AAAA    : 	at com.android.server.am.UserSwitchingDialogInjector$1.onWindowShown(UserSwitchingDialogInjector.java:19)
07-02 20:22:30.579  1451  1488 E AAAA    : 	at android.view.ViewTreeObserver.dispatchOnWindowShown(ViewTreeObserver.java:966)
07-02 20:22:30.579  1451  1488 E AAAA    : 	at android.view.ViewRootImpl.handleDispatchWindowShown(ViewRootImpl.java:5408)
07-02 20:22:30.579  1451  1488 E AAAA    : 	at android.view.ViewRootImpl$ViewRootHandler.handleMessage(ViewRootImpl.java:3526)
07-02 20:22:30.579  1451  1488 E AAAA    : 	at android.os.Handler.dispatchMessage(Handler.java:102)
07-02 20:22:30.579  1451  1488 E AAAA    : 	at android.os.Looper.loop(Looper.java:157)
07-02 20:22:30.579  1451  1488 E AAAA    : 	at android.os.HandlerThread.run(HandlerThread.java:61)
07-02 20:22:30.579  1451  1488 E AAAA    : 	at com.android.server.ServiceThread.run(ServiceThread.java:46)
07-02 20:22:30.579  1451  1514 I WindowAnimator: <<< CLOSE TRANSACTION animateLocked
07-02 20:22:30.582  1451  1488 W WindowStateAnimator: Window WindowStateAnimator{a516d75 } destroying surface Surface(name=), session Session{8e7a76a 1451:1000}
07-02 20:22:30.584  1451  1488 I WindowManager:   SURFACE DESTROY: Window{fe3d103 u0 android}
07-02 20:22:30.585  1451  1488 I WindowManager: >>> OPEN TRANSACTION performLayoutAndPlaceSurfaces
07-02 20:22:30.585  1451  1488 I WindowManager: <<< CLOSE TRANSACTION performLayoutAndPlaceSurfaces
07-02 20:22:30.588  1451  1488 V WindowManager: With display frozen, orientationChangeComplete=true
07-02 20:22:30.588  1451  1488 D WindowManager: stopFreezingDisplayLocked: Returning mWaitingForConfig=false, mAppsFreezingScreen=0, mWindowsFreezingScreen=0, mClientFreezingScreen=true, mOpeningApps.size()=0
07-02 20:22:30.591  1451  1488 E AAAA    : dialog dismiss
07-02 20:22:30.596  1451  1514 I WindowAnimator: >>> OPEN TRANSACTION animateLocked
07-02 20:22:30.600  1451  1514 I WindowAnimator: <<< CLOSE TRANSACTION animateLocked
07-02 20:22:30.704  1451  1486 E AAAA    : set user switching == true
07-02 20:22:30.704  1451  1486 E AAAA    : java.lang.Throwable
07-02 20:22:30.704  1451  1486 E AAAA    : 	at com.android.server.am.ActivityManagerService.dispatchUserSwitch(ActivityManagerService.java:21288)
07-02 20:22:30.704  1451  1486 E AAAA    : 	at com.android.server.am.ActivityManagerService$MainHandler.handleMessage(ActivityManagerService.java:1947)
07-02 20:22:30.704  1451  1486 E AAAA    : 	at android.os.Handler.dispatchMessage(Handler.java:102)
07-02 20:22:30.704  1451  1486 E AAAA    : 	at android.os.Looper.loop(Looper.java:157)
07-02 20:22:30.704  1451  1486 E AAAA    : 	at android.os.HandlerThread.run(HandlerThread.java:61)
07-02 20:22:30.704  1451  1486 E AAAA    : 	at com.android.server.ServiceThread.run(ServiceThread.java:46)
07-02 20:22:31.033  1451  2742 W WindowStateAnimator: Window WindowStateAnimator{9f2fa81 com.android.systemui.ImageWallpaper} destroying surface Surface(name=com.android.systemui.ImageWallpaper), session Session{43e4020 1863:1000}
07-02 20:22:31.033  1451  2742 I WindowManager:   SURFACE DESTROY: Window{329fa77 u0 com.android.systemui.ImageWallpaper}
07-02 20:22:31.035  1451  2742 I WindowManager: >>> OPEN TRANSACTION performLayoutAndPlaceSurfaces
07-02 20:22:31.036  1451  2742 V WindowManager: Resize reasons for w=Window{a94fc89 u0 com.miui.securitycore/com.miui.securityspace.ui.activity.PrivateSpaceMainActivity}:  contentInsetsChanged=false [0,48][0,0] visibleInsetsChanged=true [0,48][0,0] stableInsetsChanged=false [0,48][0,0] outsetsChanged=false [0,0][0,0] surfaceResized=false configChanged=false
07-02 20:22:31.036  1451  2742 V WindowManager: Changing surface while display frozen: Window{a94fc89 u0 com.miui.securitycore/com.miui.securityspace.ui.activity.PrivateSpaceMainActivity}
07-02 20:22:31.036  1451  2742 V WindowManager: Orientation start waiting for draw mDrawState=DRAW_PENDING in Window{a94fc89 u0 com.miui.securitycore/com.miui.securityspace.ui.activity.PrivateSpaceMainActivity}, surface Surface(name=com.miui.securitycore/com.miui.securityspace.ui.activity.PrivateSpaceMainActivity)
07-02 20:22:31.036  1451  2742 V WindowManager: Resizing window Window{a94fc89 u0 com.miui.securitycore/com.miui.securityspace.ui.activity.PrivateSpaceMainActivity} to 720.0x1280.0
07-02 20:22:31.037  1451  2742 I WindowManager: <<< CLOSE TRANSACTION performLayoutAndPlaceSurfaces
07-02 20:22:31.037  1451  2742 V WindowManager: With display frozen, orientationChangeComplete=false
07-02 20:22:31.047  1451  1514 I WindowAnimator: >>> OPEN TRANSACTION animateLocked
07-02 20:22:31.048  1451  1514 V WindowStateAnimator: Orientation change skips hidden Window{a94fc89 u0 com.miui.securitycore/com.miui.securityspace.ui.activity.PrivateSpaceMainActivity}
07-02 20:22:31.048  1451  1514 I WindowManager:   SURFACE alpha=1.0 layer=161000 matrix=[1.0*1.0,0.0*1.0][0.0*1.0,1.0*1.0]: Window{756c23f u0 StatusBar}
07-02 20:22:31.048  1451  1514 I WindowManager:   SURFACE SHOW (performLayout): Window{756c23f u0 StatusBar}
07-02 20:22:31.048  1451  1514 V WindowStateAnimator: Showing Window{756c23f u0 StatusBar} during relayout
07-02 20:22:31.052  1451  1514 I WindowAnimator: <<< CLOSE TRANSACTION animateLocked
07-02 20:22:31.053  1451  1468 V WindowStateAnimator: finishDrawingLocked: mDrawState=COMMIT_DRAW_PENDING WindowStateAnimator{b9414af com.miui.securitycore/com.miui.securityspace.ui.activity.PrivateSpaceMainActivity} in Surface(name=com.miui.securitycore/com.miui.securityspace.ui.activity.PrivateSpaceMainActivity)
07-02 20:22:31.053  1451  1514 I WindowManager: >>> OPEN TRANSACTION performLayoutAndPlaceSurfaces
07-02 20:22:31.054  1451  1514 I WindowStateAnimator: commitFinishDrawingLocked: mDrawState=READY_TO_SHOW Surface(name=com.miui.securitycore/com.miui.securityspace.ui.activity.PrivateSpaceMainActivity)
07-02 20:22:31.054  1451  1514 V WindowManager: Eval win Window{a94fc89 u0 com.miui.securitycore/com.miui.securityspace.ui.activity.PrivateSpaceMainActivity}: isDrawn=true, isAnimating=false
07-02 20:22:31.054  1451  1514 V WindowManager: tokenMayBeDrawn: AppWindowToken{5652283 token=Token{eb78532 ActivityRecord{f46193d u0 com.miui.securitycore/com.miui.securityspace.ui.activity.PrivateSpaceMainActivity t91}}} freezingScreen=false mAppFreezing=false
07-02 20:22:31.054  1451  1514 V WindowManager: allDrawn: AppWindowToken{5652283 token=Token{eb78532 ActivityRecord{f46193d u0 com.miui.securitycore/com.miui.securityspace.ui.activity.PrivateSpaceMainActivity t91}}} interesting=1 drawn=1
07-02 20:22:31.055  1451  1514 I WindowManager: <<< CLOSE TRANSACTION performLayoutAndPlaceSurfaces
07-02 20:22:31.055  1451  1514 V WindowManager: With display frozen, orientationChangeComplete=true
07-02 20:22:31.055  1451  1514 D WindowManager: stopFreezingDisplayLocked: Returning mWaitingForConfig=false, mAppsFreezingScreen=0, mWindowsFreezingScreen=0, mClientFreezingScreen=true, mOpeningApps.size()=0
07-02 20:22:31.057  1451  1514 I WindowManager: >>> OPEN TRANSACTION performLayoutAndPlaceSurfaces
07-02 20:22:31.057  1451  1514 I WindowStateAnimator: commitFinishDrawingLocked: mDrawState=READY_TO_SHOW Surface(name=com.miui.securitycore/com.miui.securityspace.ui.activity.PrivateSpaceMainActivity)
07-02 20:22:31.057  1451  1514 W WindowStateAnimator: hiding Window{a94fc89 u0 com.miui.securitycore/com.miui.securityspace.ui.activity.PrivateSpaceMainActivity}, belonging to 1000
07-02 20:22:31.058  1451  1514 I WindowManager: <<< CLOSE TRANSACTION performLayoutAndPlaceSurfaces
07-02 20:22:31.058  1451  1514 V WindowManager: With display frozen, orientationChangeComplete=true
07-02 20:22:31.058  1451  1514 D WindowManager: stopFreezingDisplayLocked: Returning mWaitingForConfig=false, mAppsFreezingScreen=0, mWindowsFreezingScreen=0, mClientFreezingScreen=true, mOpeningApps.size()=0
07-02 20:22:31.062  1451  1514 I WindowAnimator: >>> OPEN TRANSACTION animateLocked
07-02 20:22:31.062  1451  1514 V AppWindowAnimator: performing show on: WindowStateAnimator{3f0fceb Starting com.miui.securitycore}
07-02 20:22:31.063  1451  1514 V WindowStateAnimator: performShow on WindowStateAnimator{3f0fceb Starting com.miui.securitycore}: mDrawState=NO_SURFACE readyForDisplay=false starting=true during animation: policyVis=true attHidden=false tok.hiddenRequested=false tok.hidden=false animating=false tok animating=false Callers=com.android.server.wm.AppWindowAnimator.showAllWindowsLocked:396 com.android.server.wm.WindowAnimator.testTokenMayBeDrawnLocked:629 com.android.server.wm.WindowAnimator.animateLocked:703 
07-02 20:22:31.065  1451  1514 I WindowAnimator: <<< CLOSE TRANSACTION animateLocked
07-02 20:22:31.065  1451  1514 I WindowManager: >>> OPEN TRANSACTION performLayoutAndPlaceSurfaces
07-02 20:22:31.066  1451  1514 I WindowStateAnimator: commitFinishDrawingLocked: mDrawState=READY_TO_SHOW Surface(name=com.miui.securitycore/com.miui.securityspace.ui.activity.PrivateSpaceMainActivity)
07-02 20:22:31.066  1451  1514 W WindowStateAnimator: hiding Window{a94fc89 u0 com.miui.securitycore/com.miui.securityspace.ui.activity.PrivateSpaceMainActivity}, belonging to 1000
07-02 20:22:31.067  1451  1514 I WindowManager: <<< CLOSE TRANSACTION performLayoutAndPlaceSurfaces
07-02 20:22:31.067  1451  1514 V WindowManager: With display frozen, orientationChangeComplete=true
07-02 20:22:31.067  1451  1514 D WindowManager: stopFreezingDisplayLocked: Returning mWaitingForConfig=false, mAppsFreezingScreen=0, mWindowsFreezingScreen=0, mClientFreezingScreen=true, mOpeningApps.size()=0
07-02 20:22:31.079  1451  1514 I WindowAnimator: >>> OPEN TRANSACTION animateLocked
07-02 20:22:31.079  1451  1514 I WindowAnimator: <<< CLOSE TRANSACTION animateLocked
07-02 20:22:31.350  1451  1488 V WindowManager: updateRotationUnchecked(alwaysSendConfiguration=false)
07-02 20:22:31.351  1451  1488 V WindowManager: Application requested orientation 1, got rotation 0 which has compatible metrics
07-02 20:22:31.351  1451  1488 I WindowManager: >>> OPEN TRANSACTION performLayoutAndPlaceSurfaces
07-02 20:22:31.351  1451  1488 I WindowStateAnimator: commitFinishDrawingLocked: mDrawState=READY_TO_SHOW Surface(name=com.miui.securitycore/com.miui.securityspace.ui.activity.PrivateSpaceMainActivity)
07-02 20:22:31.351  1451  1488 W WindowStateAnimator: hiding Window{a94fc89 u0 com.miui.securitycore/com.miui.securityspace.ui.activity.PrivateSpaceMainActivity}, belonging to 1000
07-02 20:22:31.354  1451  1488 I WindowManager: <<< CLOSE TRANSACTION performLayoutAndPlaceSurfaces
07-02 20:22:31.355  1451  1488 V WindowManager: With display frozen, orientationChangeComplete=true
07-02 20:22:31.355  1451  1488 D WindowManager: stopFreezingDisplayLocked: Returning mWaitingForConfig=false, mAppsFreezingScreen=0, mWindowsFreezingScreen=0, mClientFreezingScreen=true, mOpeningApps.size()=0
07-02 20:22:31.371  1451  1514 I WindowAnimator: >>> OPEN TRANSACTION animateLocked
07-02 20:22:31.372  1451  1514 I WindowAnimator: <<< CLOSE TRANSACTION animateLocked
07-02 20:22:32.217  1451  2057 I WindowManager:   NEW SURFACE SESSION android.view.SurfaceSession@5e0c3b9
07-02 20:22:32.218  1451  2057 V WindowManager: Done at AppWindowToken{5652283 token=Token{eb78532 ActivityRecord{f46193d u0 com.miui.securitycore/com.miui.securityspace.ui.activity.PrivateSpaceMainActivity t91}}} -- full screen, return 1
07-02 20:22:32.222  1451  2692 I WindowStateAnimator: createSurface WindowStateAnimator{66be3fe com.android.systemui.ImageWallpaper}: mDrawState=DRAW_PENDING
07-02 20:22:32.222  1451  2692 V WindowManager: Changing surface while display frozen: Window{80b180 u10 com.android.systemui.ImageWallpaper}
07-02 20:22:32.223  1451  2692 V WindowStateAnimator: Creating surface in session android.view.SurfaceSession@5e0c3b9 window WindowStateAnimator{66be3fe com.android.systemui.ImageWallpaper} w=1 h=1 x=0.0 y=0.0 format=2 flags=4
07-02 20:22:32.224  1451  2692 I WindowStateAnimator:   CREATE SURFACE Surface(name=com.android.systemui.ImageWallpaper) IN SESSION android.view.SurfaceSession@5e0c3b9: pid=6135 format=2 flags=0x404 / WindowStateAnimator{66be3fe com.android.systemui.ImageWallpaper}
07-02 20:22:32.224  1451  2692 I WindowStateAnimator: >>> OPEN TRANSACTION createSurfaceLocked
07-02 20:22:32.225  1451  2692 I WindowManager:   SURFACE CREATE pos=(0,0) (0x0), layer=21015 HIDE: Window{80b180 u10 com.android.systemui.ImageWallpaper}
07-02 20:22:32.225  1451  2692 I WindowStateAnimator: <<< CLOSE TRANSACTION createSurfaceLocked
07-02 20:22:32.225  1451  2692 I WindowManager:   OUT SURFACE Surface(name=null)/@0xfdba75f: copied
07-02 20:22:32.225  1451  2692 V WindowManager: Done at AppWindowToken{5652283 token=Token{eb78532 ActivityRecord{f46193d u0 com.miui.securitycore/com.miui.securityspace.ui.activity.PrivateSpaceMainActivity t91}}} -- full screen, return 1
07-02 20:22:32.226  1451  2692 I WindowManager: >>> OPEN TRANSACTION performLayoutAndPlaceSurfaces
07-02 20:22:32.226  1451  2692 I WindowStateAnimator: commitFinishDrawingLocked: mDrawState=READY_TO_SHOW Surface(name=com.miui.securitycore/com.miui.securityspace.ui.activity.PrivateSpaceMainActivity)
07-02 20:22:32.226  1451  2692 W WindowStateAnimator: hiding Window{a94fc89 u0 com.miui.securitycore/com.miui.securityspace.ui.activity.PrivateSpaceMainActivity}, belonging to 1000
07-02 20:22:32.226  1451  2692 I WindowManager:   SURFACE SIZE 720x1280: Window{80b180 u10 com.android.systemui.ImageWallpaper}
07-02 20:22:32.226  1451  2692 I WindowManager:   SURFACE CROP [0,0][720,1280]: Window{80b180 u10 com.android.systemui.ImageWallpaper}
07-02 20:22:32.227  1451  2692 V WindowManager: Resize reasons for w=Window{80b180 u10 com.android.systemui.ImageWallpaper}:  contentInsetsChanged=false [0,0][0,0] visibleInsetsChanged=true [0,48][0,0] stableInsetsChanged=true [0,48][0,0] outsetsChanged=false [0,0][0,0] surfaceResized=true configChanged=true
07-02 20:22:32.227  1451  2692 V WindowManager: Changing surface while display frozen: Window{80b180 u10 com.android.systemui.ImageWallpaper}
07-02 20:22:32.227  1451  2692 V WindowManager: Orientation start waiting for draw mDrawState=DRAW_PENDING in Window{80b180 u10 com.android.systemui.ImageWallpaper}, surface Surface(name=com.android.systemui.ImageWallpaper)
07-02 20:22:32.227  1451  2692 V WindowManager: Resizing window Window{80b180 u10 com.android.systemui.ImageWallpaper} to 720.0x1280.0
07-02 20:22:32.232  1451  2692 I WindowManager: <<< CLOSE TRANSACTION performLayoutAndPlaceSurfaces
07-02 20:22:32.232  1451  2692 V WindowManager: With display frozen, orientationChangeComplete=false
07-02 20:22:32.234  1451  2692 I WindowManager: >>> OPEN TRANSACTION performLayoutAndPlaceSurfaces
07-02 20:22:32.235  1451  2692 I WindowStateAnimator: commitFinishDrawingLocked: mDrawState=READY_TO_SHOW Surface(name=com.miui.securitycore/com.miui.securityspace.ui.activity.PrivateSpaceMainActivity)
07-02 20:22:32.235  1451  2692 W WindowStateAnimator: hiding Window{a94fc89 u0 com.miui.securitycore/com.miui.securityspace.ui.activity.PrivateSpaceMainActivity}, belonging to 1000
07-02 20:22:32.235  1451  2692 I WindowManager: <<< CLOSE TRANSACTION performLayoutAndPlaceSurfaces
07-02 20:22:32.236  1451  2692 V WindowManager: With display frozen, orientationChangeComplete=false
07-02 20:22:32.248  1451  1514 I WindowAnimator: >>> OPEN TRANSACTION animateLocked
07-02 20:22:32.250  1451  1514 I WindowAnimator: <<< CLOSE TRANSACTION animateLocked
07-02 20:22:32.250  1451  1514 I WindowManager: >>> OPEN TRANSACTION performLayoutAndPlaceSurfaces
07-02 20:22:32.250  1451  1514 I WindowStateAnimator: commitFinishDrawingLocked: mDrawState=READY_TO_SHOW Surface(name=com.miui.securitycore/com.miui.securityspace.ui.activity.PrivateSpaceMainActivity)
07-02 20:22:32.251  1451  1514 W WindowStateAnimator: hiding Window{a94fc89 u0 com.miui.securitycore/com.miui.securityspace.ui.activity.PrivateSpaceMainActivity}, belonging to 1000
07-02 20:22:32.253  1451  1514 I WindowManager: <<< CLOSE TRANSACTION performLayoutAndPlaceSurfaces
07-02 20:22:32.254  1451  1514 V WindowManager: With display frozen, orientationChangeComplete=true
07-02 20:22:32.254  1451  1514 D WindowManager: stopFreezingDisplayLocked: Returning mWaitingForConfig=false, mAppsFreezingScreen=0, mWindowsFreezingScreen=0, mClientFreezingScreen=true, mOpeningApps.size()=0
07-02 20:22:32.264  1451  2133 V WindowStateAnimator: finishDrawingLocked: mDrawState=COMMIT_DRAW_PENDING WindowStateAnimator{66be3fe com.android.systemui.ImageWallpaper} in Surface(name=com.android.systemui.ImageWallpaper)
07-02 20:22:32.265  1451  1514 I WindowManager: >>> OPEN TRANSACTION performLayoutAndPlaceSurfaces
07-02 20:22:32.265  1451  1514 I WindowStateAnimator: commitFinishDrawingLocked: mDrawState=READY_TO_SHOW Surface(name=com.miui.securitycore/com.miui.securityspace.ui.activity.PrivateSpaceMainActivity)
07-02 20:22:32.265  1451  2344 E AAAA    : sendContinueUserSwitchLocked
07-02 20:22:32.265  1451  2344 E AAAA    : java.lang.Throwable
07-02 20:22:32.265  1451  2344 E AAAA    : 	at com.android.server.am.ActivityManagerService.sendContinueUserSwitchLocked(ActivityManagerService.java:21318)
07-02 20:22:32.265  1451  2344 E AAAA    : 	at com.android.server.am.ActivityManagerService$28.sendResult(ActivityManagerService.java:21280)
07-02 20:22:32.265  1451  2344 E AAAA    : 	at com.android.server.wallpaper.WallpaperManagerService$WallpaperConnection.engineShown(WallpaperManagerService.java:323)
07-02 20:22:32.265  1451  2344 E AAAA    : 	at android.service.wallpaper.IWallpaperConnection$Stub.onTransact(IWallpaperConnection.java:62)
07-02 20:22:32.265  1451  2344 E AAAA    : 	at android.os.Binder.execTransact(Binder.java:455)
07-02 20:22:32.265  1451  1514 W WindowStateAnimator: hiding Window{a94fc89 u0 com.miui.securitycore/com.miui.securityspace.ui.activity.PrivateSpaceMainActivity}, belonging to 1000
07-02 20:22:32.266  1451  1514 I WindowStateAnimator: commitFinishDrawingLocked: mDrawState=READY_TO_SHOW Surface(name=com.android.systemui.ImageWallpaper)
07-02 20:22:32.266  1451  1486 E AAAA    : completeSwitchAndInitialize
07-02 20:22:32.266  1451  1486 E AAAA    : java.lang.Throwable
07-02 20:22:32.266  1451  1486 E AAAA    : 	at com.android.server.am.ActivityManagerService.completeSwitchAndInitialize(ActivityManagerService.java:21350)
07-02 20:22:32.266  1451  1486 E AAAA    : 	at com.android.server.am.ActivityManagerService.continueUserSwitch(ActivityManagerService.java:21344)
07-02 20:22:32.266  1451  1486 E AAAA    : 	at com.android.server.am.ActivityManagerService$MainHandler.handleMessage(ActivityManagerService.java:1951)
07-02 20:22:32.266  1451  1486 E AAAA    : 	at android.os.Handler.dispatchMessage(Handler.java:102)
07-02 20:22:32.266  1451  1486 E AAAA    : 	at android.os.Looper.loop(Looper.java:157)
07-02 20:22:32.266  1451  1486 E AAAA    : 	at android.os.HandlerThread.run(HandlerThread.java:61)
07-02 20:22:32.266  1451  1486 E AAAA    : 	at com.android.server.ServiceThread.run(ServiceThread.java:46)
07-02 20:22:32.266  1451  1514 V WindowStateAnimator: performShow on WindowStateAnimator{66be3fe com.android.systemui.ImageWallpaper}: mDrawState=READY_TO_SHOW readyForDisplay=false starting=false during animation: policyVis=true attHidden=false tok.hiddenRequested=false tok.hidden=false animating=false tok animating=false Callers=com.android.server.wm.WindowStateAnimator.commitFinishDrawingLocked:547 com.android.server.wm.WindowManagerService.performLayoutAndPlaceSurfacesLockedInner:10254 com.android.server.wm.WindowManagerService.performLayoutAndPlaceSurfacesLockedLoop:9131 
07-02 20:22:32.267  1451  1486 E AAAA    : set user switching == false
07-02 20:22:32.267  1451  1486 E AAAA    : java.lang.Throwable
07-02 20:22:32.267  1451  1486 E AAAA    : 	at com.android.server.am.ActivityManagerService.completeSwitchAndInitialize(ActivityManagerService.java:21359)
07-02 20:22:32.267  1451  1486 E AAAA    : 	at com.android.server.am.ActivityManagerService.continueUserSwitch(ActivityManagerService.java:21344)
07-02 20:22:32.267  1451  1486 E AAAA    : 	at com.android.server.am.ActivityManagerService$MainHandler.handleMessage(ActivityManagerService.java:1951)
07-02 20:22:32.267  1451  1486 E AAAA    : 	at android.os.Handler.dispatchMessage(Handler.java:102)
07-02 20:22:32.267  1451  1486 E AAAA    : 	at android.os.Looper.loop(Looper.java:157)
07-02 20:22:32.267  1451  1486 E AAAA    : 	at android.os.HandlerThread.run(HandlerThread.java:61)
07-02 20:22:32.267  1451  1486 E AAAA    : 	at com.android.server.ServiceThread.run(ServiceThread.java:46)
07-02 20:22:32.268  1451  1514 I WindowManager: <<< CLOSE TRANSACTION performLayoutAndPlaceSurfaces
07-02 20:22:32.268  1451  1514 V WindowManager: With display frozen, orientationChangeComplete=true
07-02 20:22:32.268  1451  1514 D WindowManager: stopFreezingDisplayLocked: Returning mWaitingForConfig=false, mAppsFreezingScreen=0, mWindowsFreezingScreen=0, mClientFreezingScreen=true, mOpeningApps.size()=0
07-02 20:22:32.272  1451  2741 I WindowManager:   OUT SURFACE Surface(name=null)/@0x3d33098: copied
07-02 20:22:32.273  1451  2741 V WindowManager: Done at AppWindowToken{5652283 token=Token{eb78532 ActivityRecord{f46193d u0 com.miui.securitycore/com.miui.securityspace.ui.activity.PrivateSpaceMainActivity t91}}} -- full screen, return 1
07-02 20:22:32.273  1451  2741 I WindowManager: >>> OPEN TRANSACTION performLayoutAndPlaceSurfaces
07-02 20:22:32.273  1451  2741 I WindowStateAnimator: commitFinishDrawingLocked: mDrawState=READY_TO_SHOW Surface(name=com.miui.securitycore/com.miui.securityspace.ui.activity.PrivateSpaceMainActivity)
07-02 20:22:32.273  1451  2741 W WindowStateAnimator: hiding Window{a94fc89 u0 com.miui.securitycore/com.miui.securityspace.ui.activity.PrivateSpaceMainActivity}, belonging to 1000
07-02 20:22:32.273  1451  2741 I WindowStateAnimator: commitFinishDrawingLocked: mDrawState=READY_TO_SHOW Surface(name=com.android.systemui.ImageWallpaper)
07-02 20:22:32.274  1451  2741 V WindowStateAnimator: performShow on WindowStateAnimator{66be3fe com.android.systemui.ImageWallpaper}: mDrawState=READY_TO_SHOW readyForDisplay=false starting=false during animation: policyVis=true attHidden=false tok.hiddenRequested=false tok.hidden=false animating=false tok animating=false Callers=com.android.server.wm.WindowStateAnimator.commitFinishDrawingLocked:547 com.android.server.wm.WindowManagerService.performLayoutAndPlaceSurfacesLockedInner:10254 com.android.server.wm.WindowManagerService.performLayoutAndPlaceSurfacesLockedLoop:9131 
07-02 20:22:32.278  1451  2741 I WindowManager: <<< CLOSE TRANSACTION performLayoutAndPlaceSurfaces
07-02 20:22:32.278  1451  2741 V WindowManager: With display frozen, orientationChangeComplete=true
07-02 20:22:32.278  1451  2741 D WindowManager: stopFreezingDisplayLocked: Returning mWaitingForConfig=false, mAppsFreezingScreen=0, mWindowsFreezingScreen=0, mClientFreezingScreen=true, mOpeningApps.size()=0
07-02 20:22:32.281  1451  1514 I WindowAnimator: >>> OPEN TRANSACTION animateLocked
07-02 20:22:32.282  1451  1514 V WindowStateAnimator: performShow on WindowStateAnimator{66be3fe com.android.systemui.ImageWallpaper}: mDrawState=READY_TO_SHOW readyForDisplay=false starting=false during animation: policyVis=true attHidden=false tok.hiddenRequested=false tok.hidden=false animating=false tok animating=false Callers=com.android.server.wm.WindowAnimator.updateWindowsLocked:440 com.android.server.wm.WindowAnimator.animateLocked:688 com.android.server.wm.WindowAnimator.access$000:53 
07-02 20:22:32.284  1451  1514 I WindowAnimator: <<< CLOSE TRANSACTION animateLocked
07-02 20:22:32.285  1451  2729 I WindowManager:   OUT SURFACE Surface(name=null)/@0x74a30f1: copied
07-02 20:22:32.285  1451  2729 V WindowManager: Done at AppWindowToken{5652283 token=Token{eb78532 ActivityRecord{f46193d u0 com.miui.securitycore/com.miui.securityspace.ui.activity.PrivateSpaceMainActivity t91}}} -- full screen, return 1
07-02 20:22:32.285  1451  2729 I WindowManager: >>> OPEN TRANSACTION performLayoutAndPlaceSurfaces
07-02 20:22:32.286  1451  2729 I WindowStateAnimator: commitFinishDrawingLocked: mDrawState=READY_TO_SHOW Surface(name=com.miui.securitycore/com.miui.securityspace.ui.activity.PrivateSpaceMainActivity)
07-02 20:22:32.286  1451  2729 W WindowStateAnimator: hiding Window{a94fc89 u0 com.miui.securitycore/com.miui.securityspace.ui.activity.PrivateSpaceMainActivity}, belonging to 1000
07-02 20:22:32.286  1451  2729 I WindowStateAnimator: commitFinishDrawingLocked: mDrawState=READY_TO_SHOW Surface(name=com.android.systemui.ImageWallpaper)
07-02 20:22:32.286  1451  2729 V WindowStateAnimator: performShow on WindowStateAnimator{66be3fe com.android.systemui.ImageWallpaper}: mDrawState=READY_TO_SHOW readyForDisplay=false starting=false during animation: policyVis=true attHidden=false tok.hiddenRequested=false tok.hidden=false animating=false tok animating=false Callers=com.android.server.wm.WindowStateAnimator.commitFinishDrawingLocked:547 com.android.server.wm.WindowManagerService.performLayoutAndPlaceSurfacesLockedInner:10254 com.android.server.wm.WindowManagerService.performLayoutAndPlaceSurfacesLockedLoop:9131 
07-02 20:22:32.288  1451  2729 I WindowManager: <<< CLOSE TRANSACTION performLayoutAndPlaceSurfaces
07-02 20:22:32.298  1451  1514 I WindowAnimator: >>> OPEN TRANSACTION animateLocked
07-02 20:22:32.299  1451  1514 V WindowStateAnimator: performShow on WindowStateAnimator{66be3fe com.android.systemui.ImageWallpaper}: mDrawState=READY_TO_SHOW readyForDisplay=false starting=false during animation: policyVis=true attHidden=false tok.hiddenRequested=false tok.hidden=false animating=false tok animating=false Callers=com.android.server.wm.WindowAnimator.updateWindowsLocked:440 com.android.server.wm.WindowAnimator.animateLocked:688 com.android.server.wm.WindowAnimator.access$000:53 
07-02 20:22:34.091  1451  1486 E AAAA    : completeSwitchAndInitialize
07-02 20:22:34.091  1451  1486 E AAAA    : java.lang.Throwable
07-02 20:22:34.091  1451  1486 E AAAA    : 	at com.android.server.am.ActivityManagerService.completeSwitchAndInitialize(ActivityManagerService.java:21350)
07-02 20:22:34.091  1451  1486 E AAAA    : 	at com.android.server.am.ActivityManagerService.onUserInitialized(ActivityManagerService.java:21328)
07-02 20:22:34.091  1451  1486 E AAAA    : 	at com.android.server.am.ActivityManagerService$26.performReceive(ActivityManagerService.java:21156)
07-02 20:22:34.091  1451  1486 E AAAA    : 	at com.android.server.am.BroadcastQueue.performReceiveLocked(BroadcastQueue.java:481)
07-02 20:22:34.091  1451  1486 E AAAA    : 	at com.android.server.am.BroadcastQueue.processNextBroadcast(BroadcastQueue.java:840)
07-02 20:22:34.091  1451  1486 E AAAA    : 	at com.android.server.am.BroadcastQueue.processNextBroadcast(BroadcastQueue.java:697)
07-02 20:22:34.091  1451  1486 E AAAA    : 	at com.android.server.am.BroadcastQueue$BroadcastHandler.handleMessage(BroadcastQueue.java:174)
07-02 20:22:34.091  1451  1486 E AAAA    : 	at android.os.Handler.dispatchMessage(Handler.java:102)
07-02 20:22:34.091  1451  1486 E AAAA    : 	at android.os.Looper.loop(Looper.java:157)
07-02 20:22:34.091  1451  1486 E AAAA    : 	at android.os.HandlerThread.run(HandlerThread.java:61)
07-02 20:22:34.091  1451  1486 E AAAA    : 	at com.android.server.ServiceThread.run(ServiceThread.java:46)
07-02 20:22:34.091  1451  1486 E AAAA    : set user initializing == false
07-02 20:22:34.091  1451  1486 E AAAA    : java.lang.Throwable
07-02 20:22:34.091  1451  1486 E AAAA    : 	at com.android.server.am.ActivityManagerService.completeSwitchAndInitialize(ActivityManagerService.java:21354)
07-02 20:22:34.091  1451  1486 E AAAA    : 	at com.android.server.am.ActivityManagerService.onUserInitialized(ActivityManagerService.java:21328)
07-02 20:22:34.091  1451  1486 E AAAA    : 	at com.android.server.am.ActivityManagerService$26.performReceive(ActivityManagerService.java:21156)
07-02 20:22:34.091  1451  1486 E AAAA    : 	at com.android.server.am.BroadcastQueue.performReceiveLocked(BroadcastQueue.java:481)
07-02 20:22:34.091  1451  1486 E AAAA    : 	at com.android.server.am.BroadcastQueue.processNextBroadcast(BroadcastQueue.java:840)
07-02 20:22:34.091  1451  1486 E AAAA    : 	at com.android.server.am.BroadcastQueue.processNextBroadcast(BroadcastQueue.java:697)
07-02 20:22:34.091  1451  1486 E AAAA    : 	at com.android.server.am.BroadcastQueue$BroadcastHandler.handleMessage(BroadcastQueue.java:174)
07-02 20:22:34.091  1451  1486 E AAAA    : 	at android.os.Handler.dispatchMessage(Handler.java:102)
07-02 20:22:34.091  1451  1486 E AAAA    : 	at android.os.Looper.loop(Looper.java:157)
07-02 20:22:34.091  1451  1486 E AAAA    : 	at android.os.HandlerThread.run(HandlerThread.java:61)
07-02 20:22:34.091  1451  1486 E AAAA    : 	at com.android.server.ServiceThread.run(ServiceThread.java:46)
07-02 20:22:34.092  1451  1486 E AAAA    : stopForzen mClientFreezingScreen=false
07-02 20:22:34.092  1451  1486 E AAAA    : java.lang.Throwable
07-02 20:22:34.092  1451  1486 E AAAA    : 	at com.android.server.wm.WindowManagerService.stopFreezingScreen(WindowManagerService.java:5448)
07-02 20:22:34.092  1451  1486 E AAAA    : 	at com.android.server.am.ActivityManagerService.completeSwitchAndInitialize(ActivityManagerService.java:21362)
07-02 20:22:34.092  1451  1486 E AAAA    : 	at com.android.server.am.ActivityManagerService.onUserInitialized(ActivityManagerService.java:21328)
07-02 20:22:34.092  1451  1486 E AAAA    : 	at com.android.server.am.ActivityManagerService$26.performReceive(ActivityManagerService.java:21156)
07-02 20:22:34.092  1451  1486 E AAAA    : 	at com.android.server.am.BroadcastQueue.performReceiveLocked(BroadcastQueue.java:481)
07-02 20:22:34.092  1451  1486 E AAAA    : 	at com.android.server.am.BroadcastQueue.processNextBroadcast(BroadcastQueue.java:840)
07-02 20:22:34.092  1451  1486 E AAAA    : 	at com.android.server.am.BroadcastQueue.processNextBroadcast(BroadcastQueue.java:697)
07-02 20:22:34.092  1451  1486 E AAAA    : 	at com.android.server.am.BroadcastQueue$BroadcastHandler.handleMessage(BroadcastQueue.java:174)
07-02 20:22:34.092  1451  1486 E AAAA    : 	at android.os.Handler.dispatchMessage(Handler.java:102)
07-02 20:22:34.092  1451  1486 E AAAA    : 	at android.os.Looper.loop(Looper.java:157)
07-02 20:22:34.092  1451  1486 E AAAA    : 	at android.os.HandlerThread.run(HandlerThread.java:61)
07-02 20:22:34.092  1451  1486 E AAAA    : 	at com.android.server.ServiceThread.run(ServiceThread.java:46)
07-02 20:22:34.093  1451  1486 E AAAA    : stopFreezingDisplayLocked
07-02 20:22:34.093  1451  1486 E AAAA    : java.lang.Exception
07-02 20:22:34.093  1451  1486 E AAAA    : 	at com.android.server.wm.WindowManagerService.stopFreezingDisplayLocked(WindowManagerService.java:11072)
07-02 20:22:34.093  1451  1486 E AAAA    : 	at com.android.server.wm.WindowManagerService.stopFreezingScreen(WindowManagerService.java:5452)
07-02 20:22:34.093  1451  1486 E AAAA    : 	at com.android.server.am.ActivityManagerService.completeSwitchAndInitialize(ActivityManagerService.java:21362)
07-02 20:22:34.093  1451  1486 E AAAA    : 	at com.android.server.am.ActivityManagerService.onUserInitialized(ActivityManagerService.java:21328)
07-02 20:22:34.093  1451  1486 E AAAA    : 	at com.android.server.am.ActivityManagerService$26.performReceive(ActivityManagerService.java:21156)
07-02 20:22:34.093  1451  1486 E AAAA    : 	at com.android.server.am.BroadcastQueue.performReceiveLocked(BroadcastQueue.java:481)
07-02 20:22:34.093  1451  1486 E AAAA    : 	at com.android.server.am.BroadcastQueue.processNextBroadcast(BroadcastQueue.java:840)
07-02 20:22:34.093  1451  1486 E AAAA    : 	at com.android.server.am.BroadcastQueue.processNextBroadcast(BroadcastQueue.java:697)
07-02 20:22:34.093  1451  1486 E AAAA    : 	at com.android.server.am.BroadcastQueue$BroadcastHandler.handleMessage(BroadcastQueue.java:174)
07-02 20:22:34.093  1451  1486 E AAAA    : 	at android.os.Handler.dispatchMessage(Handler.java:102)
07-02 20:22:34.093  1451  1486 E AAAA    : 	at android.os.Looper.loop(Looper.java:157)
07-02 20:22:34.093  1451  1486 E AAAA    : 	at android.os.HandlerThread.run(HandlerThread.java:61)
07-02 20:22:34.093  1451  1486 E AAAA    : 	at com.android.server.ServiceThread.run(ServiceThread.java:46)
07-02 20:22:34.094  1451  1486 I WindowManager: Screen frozen for +3s551ms due to client
07-02 20:22:34.094  1451  1486 I WindowManager: **** Dismissing screen rotation animation
07-02 20:22:34.095  1451  1486 I WindowManager: >>> OPEN TRANSACTION ScreenRotationAnimation.startAnimation
07-02 20:22:34.098  1451  1486 I WindowManager:   BLACK Surface(name=BlackSurface): CREATE layer=2000000
07-02 20:22:34.099  1451  1486 I WindowManager:   BLACK Surface(name=BlackSurface): CREATE layer=2000000
07-02 20:22:34.100  1451  1486 I WindowManager:   BLACK Surface(name=BlackSurface): CREATE layer=2000000
07-02 20:22:34.102  1451  1486 I WindowManager:   BLACK Surface(name=BlackSurface): CREATE layer=2000000
07-02 20:22:34.104  1451  1486 I WindowManager: <<< CLOSE TRANSACTION ScreenRotationAnimation.startAnimation
