07-03 20:31:41.426  1423  1724 V WindowStateAnimator: performShow on WindowStateAnimator{c19f9f6 com.android.systemui.ImageWallpaper}: mDrawState=READY_TO_SHOW readyForDisplay=false starting=false during animation: policyVis=true attHidden=false tok.hiddenRequested=false tok.hidden=false animating=false tok animating=false Callers=com.android.server.wm.WindowStateAnimator.commitFinishDrawingLocked:547 com.android.server.wm.WindowManagerService.performLayoutAndPlaceSurfacesLockedInner:10254 com.android.server.wm.WindowManagerService.performLayoutAndPlaceSurfacesLockedLoop:9131 
07-03 20:31:41.427  1423  1724 I WindowManager: <<< CLOSE TRANSACTION performLayoutAndPlaceSurfaces
07-03 20:31:41.429   431   431 E AAAA    : setUpHWComposer: empty: more  wasEmpty: notEmpty
07-03 20:31:41.430  1423  1518 I WindowAnimator: >>> OPEN TRANSACTION animateLocked
07-03 20:31:41.430  1423  1518 V AAAA    : Step: finishNow=201
07-03 20:31:41.430  1423  1518 V AAAA    : Stepped rotate exit: Transformation{alpha=0.6515177 matrix=[1.0, 0.0, 0.0][0.0, 1.0, 0.0][0.0, 0.0, 1.0]}
07-03 20:31:41.430  1423  1518 V AAAA    : Stepped rotate enter: Transformation{alpha=0.3484823 matrix=[1.0, 0.0, 0.0][0.0, 1.0, 0.0][0.0, 0.0, 1.0]}
07-03 20:31:41.430  1423  1518 V AAAA    : Final exit: Transformation{alpha=0.6515177 matrix=[1.0, 0.0, 0.0][0.0, 1.0, 0.0][0.0, 0.0, 1.0]}
07-03 20:31:41.430  1423  1518 V AAAA    : Final enter: Transformation{alpha=0.3484823 matrix=[1.0, 0.0, 0.0][0.0, 1.0, 0.0][0.0, 0.0, 1.0]}
07-03 20:31:41.430  1423  1518 V AAAA    : Step: more=true
07-03 20:31:41.431  1423  1518 V WindowStateAnimator: performShow on WindowStateAnimator{c19f9f6 com.android.systemui.ImageWallpaper}: mDrawState=READY_TO_SHOW readyForDisplay=false starting=false during animation: policyVis=true attHidden=false tok.hiddenRequested=false tok.hidden=false animating=false tok animating=false Callers=com.android.server.wm.WindowAnimator.updateWindowsLocked:440 com.android.server.wm.WindowAnimator.animateLocked:688 com.android.server.wm.WindowAnimator.access$000:53 
07-03 20:31:41.431  1423  1518 I WindowManager:   SURFACE alpha=0.3484823 layer=161000 matrix=[1.0*1.0,0.0*1.0][0.0*1.0,1.0*1.0]: Window{f239461 u0 StatusBar}
07-03 20:31:41.432  1423  1518 I AAAA    : Original  : (0.0,0.0)-(720.0,1280.0)
07-03 20:31:41.432  1423  1518 I AAAA    : Transformed: (0.0,0.0)-(720.0,1280.0)
07-03 20:31:41.433  1423  1518 I WindowAnimator: <<< CLOSE TRANSACTION animateLocked
07-03 20:31:41.446  1423  1518 I WindowAnimator: >>> OPEN TRANSACTION animateLocked
07-03 20:31:41.446   431   431 E AAAA    : setUpHWComposer: empty: more  wasEmpty: notEmpty
07-03 20:31:41.446  1423  1518 V AAAA    : Step: finishNow=218
07-03 20:31:41.446  1423  1518 V AAAA    : Stepped rotate exit: Transformation{alpha=0.599855 matrix=[1.0, 0.0, 0.0][0.0, 1.0, 0.0][0.0, 0.0, 1.0]}
07-03 20:31:41.446  1423  1518 V AAAA    : Stepped rotate enter: Transformation{alpha=0.400145 matrix=[1.0, 0.0, 0.0][0.0, 1.0, 0.0][0.0, 0.0, 1.0]}
07-03 20:31:41.447  1423  1518 V AAAA    : Final exit: Transformation{alpha=0.599855 matrix=[1.0, 0.0, 0.0][0.0, 1.0, 0.0][0.0, 0.0, 1.0]}
07-03 20:31:41.447  1423  1518 V AAAA    : Final enter: Transformation{alpha=0.400145 matrix=[1.0, 0.0, 0.0][0.0, 1.0, 0.0][0.0, 0.0, 1.0]}
07-03 20:31:41.447  1423  1518 V AAAA    : Step: more=true
07-03 20:31:41.447  1423  1518 V WindowStateAnimator: performShow on WindowStateAnimator{c19f9f6 com.android.systemui.ImageWallpaper}: mDrawState=READY_TO_SHOW readyForDisplay=false starting=false during animation: policyVis=true attHidden=false tok.hiddenRequested=false tok.hidden=false animating=false tok animating=false Callers=com.android.server.wm.WindowAnimator.updateWindowsLocked:440 com.android.server.wm.WindowAnimator.animateLocked:688 com.android.server.wm.WindowAnimator.access$000:53 
07-03 20:31:41.448  1423  1518 I WindowManager:   SURFACE alpha=0.400145 layer=161000 matrix=[1.0*1.0,0.0*1.0][0.0*1.0,1.0*1.0]: Window{f239461 u0 StatusBar}
07-03 20:31:41.448  1423  1518 I AAAA    : Original  : (0.0,0.0)-(720.0,1280.0)
07-03 20:31:41.448  1423  1518 I AAAA    : Transformed: (0.0,0.0)-(720.0,1280.0)
07-03 20:31:41.453  1423  1518 I WindowAnimator: <<< CLOSE TRANSACTION animateLocked
07-03 20:31:41.463  1423  1518 I WindowAnimator: >>> OPEN TRANSACTION animateLocked
07-03 20:31:41.463  1423  1518 V AAAA    : Step: finishNow=234
07-03 20:31:41.463   431   431 E AAAA    : setUpHWComposer: empty: more  wasEmpty: notEmpty
07-03 20:31:41.463  1423  1518 V AAAA    : Stepped rotate exit: Transformation{alpha=0.550181 matrix=[1.0, 0.0, 0.0][0.0, 1.0, 0.0][0.0, 0.0, 1.0]}
07-03 20:31:41.463  1423  1518 V AAAA    : Stepped rotate enter: Transformation{alpha=0.44981903 matrix=[1.0, 0.0, 0.0][0.0, 1.0, 0.0][0.0, 0.0, 1.0]}
07-03 20:31:41.463  1423  1518 V AAAA    : Final exit: Transformation{alpha=0.550181 matrix=[1.0, 0.0, 0.0][0.0, 1.0, 0.0][0.0, 0.0, 1.0]}
07-03 20:31:41.463  1423  1518 V AAAA    : Final enter: Transformation{alpha=0.44981903 matrix=[1.0, 0.0, 0.0][0.0, 1.0, 0.0][0.0, 0.0, 1.0]}
07-03 20:31:41.463  1423  1518 V AAAA    : Step: more=true
07-03 20:31:41.464  1423  1518 V WindowStateAnimator: performShow on WindowStateAnimator{c19f9f6 com.android.systemui.ImageWallpaper}: mDrawState=READY_TO_SHOW readyForDisplay=false starting=false during animation: policyVis=true attHidden=false tok.hiddenRequested=false tok.hidden=false animating=false tok animating=false Callers=com.android.server.wm.WindowAnimator.updateWindowsLocked:440 com.android.server.wm.WindowAnimator.animateLocked:688 com.android.server.wm.WindowAnimator.access$000:53 
07-03 20:31:41.464  1423  1518 I WindowManager:   SURFACE alpha=0.44981903 layer=161000 matrix=[1.0*1.0,0.0*1.0][0.0*1.0,1.0*1.0]: Window{f239461 u0 StatusBar}
07-03 20:31:41.465  1423  1518 I AAAA    : Original  : (0.0,0.0)-(720.0,1280.0)
07-03 20:31:41.465  1423  1518 I AAAA    : Transformed: (0.0,0.0)-(720.0,1280.0)
07-03 20:31:41.465  1423  1518 I WindowAnimator: <<< CLOSE TRANSACTION animateLocked
07-03 20:31:41.479  1423  1423 V WindowManager: updateRotationUnchecked(alwaysSendConfiguration=false)
07-03 20:31:41.479  1423  1423 V WindowManager: Deferring rotation, animation in progress.
07-03 20:31:41.479  1423  1423 I WindowManager: >>> OPEN TRANSACTION performLayoutAndPlaceSurfaces
07-03 20:31:41.480   431   431 E AAAA    : setUpHWComposer: empty: more  wasEmpty: notEmpty
07-03 20:31:41.480  1423  1423 I WindowStateAnimator: commitFinishDrawingLocked: mDrawState=READY_TO_SHOW Surface(name=com.miui.securitycore/com.miui.securityspace.ui.activity.PrivateSpaceMainActivity)
07-03 20:31:41.480  1423  1423 W WindowStateAnimator: hiding Window{31040f9 u0 com.miui.securitycore/com.miui.securityspace.ui.activity.PrivateSpaceMainActivity}, belonging to 1000
07-03 20:31:41.480  1423  1423 I WindowStateAnimator: commitFinishDrawingLocked: mDrawState=READY_TO_SHOW Surface(name=com.android.systemui.ImageWallpaper)
07-03 20:31:41.481  1423  1423 V WindowStateAnimator: performShow on WindowStateAnimator{c19f9f6 com.android.systemui.ImageWallpaper}: mDrawState=READY_TO_SHOW readyForDisplay=false starting=false during animation: policyVis=true attHidden=false tok.hiddenRequested=false tok.hidden=false animating=false tok animating=false Callers=com.android.server.wm.WindowStateAnimator.commitFinishDrawingLocked:547 com.android.server.wm.WindowManagerService.performLayoutAndPlaceSurfacesLockedInner:10254 com.android.server.wm.WindowManagerService.performLayoutAndPlaceSurfacesLockedLoop:9131 
07-03 20:31:41.481  1423  1423 I WindowManager: <<< CLOSE TRANSACTION performLayoutAndPlaceSurfaces
07-03 20:31:41.494  1423  1518 I WindowAnimator: >>> OPEN TRANSACTION animateLocked
07-03 20:31:41.494  1423  1518 V AAAA    : Step: finishNow=251
07-03 20:31:41.494  1423  1518 V AAAA    : Stepped rotate exit: Transformation{alpha=0.49685848 matrix=[1.0, 0.0, 0.0][0.0, 1.0, 0.0][0.0, 0.0, 1.0]}
07-03 20:31:41.494  1423  1518 V AAAA    : Stepped rotate enter: Transformation{alpha=0.5031415 matrix=[1.0, 0.0, 0.0][0.0, 1.0, 0.0][0.0, 0.0, 1.0]}
07-03 20:31:41.494  1423  1518 V AAAA    : Final exit: Transformation{alpha=0.49685848 matrix=[1.0, 0.0, 0.0][0.0, 1.0, 0.0][0.0, 0.0, 1.0]}
07-03 20:31:41.494  1423  1518 V AAAA    : Final enter: Transformation{alpha=0.5031415 matrix=[1.0, 0.0, 0.0][0.0, 1.0, 0.0][0.0, 0.0, 1.0]}
07-03 20:31:41.495  1423  1518 V AAAA    : Step: more=true
07-03 20:31:41.495  1423  1518 V WindowStateAnimator: performShow on WindowStateAnimator{c19f9f6 com.android.systemui.ImageWallpaper}: mDrawState=READY_TO_SHOW readyForDisplay=false starting=false during animation: policyVis=true attHidden=false tok.hiddenRequested=false tok.hidden=false animating=false tok animating=false Callers=com.android.server.wm.WindowAnimator.updateWindowsLocked:440 com.android.server.wm.WindowAnimator.animateLocked:688 com.android.server.wm.WindowAnimator.access$000:53 
07-03 20:31:41.496  1423  1518 I WindowManager:   SURFACE alpha=0.5031415 layer=161000 matrix=[1.0*1.0,0.0*1.0][0.0*1.0,1.0*1.0]: Window{f239461 u0 StatusBar}
07-03 20:31:41.496  1423  1518 I AAAA    : Original  : (0.0,0.0)-(720.0,1280.0)
07-03 20:31:41.496  1423  1518 I AAAA    : Transformed: (0.0,0.0)-(720.0,1280.0)
07-03 20:31:41.509  1423  1518 I WindowAnimator: <<< CLOSE TRANSACTION animateLocked
07-03 20:31:41.514  1423  1518 I WindowAnimator: >>> OPEN TRANSACTION animateLocked
07-03 20:31:41.514  1423  1518 V AAAA    : Step: finishNow=284
07-03 20:31:41.514   431   431 E AAAA    : setUpHWComposer: empty: more  wasEmpty: notEmpty
07-03 20:31:41.514  1423  1518 V AAAA    : Stepped rotate exit: Transformation{alpha=0.39399636 matrix=[1.0, 0.0, 0.0][0.0, 1.0, 0.0][0.0, 0.0, 1.0]}
07-03 20:31:41.514  1423  1518 V AAAA    : Stepped rotate enter: Transformation{alpha=0.60600364 matrix=[1.0, 0.0, 0.0][0.0, 1.0, 0.0][0.0, 0.0, 1.0]}
07-03 20:31:41.514  1423  1518 V AAAA    : Final exit: Transformation{alpha=0.39399636 matrix=[1.0, 0.0, 0.0][0.0, 1.0, 0.0][0.0, 0.0, 1.0]}
07-03 20:31:41.514  1423  1518 V AAAA    : Final enter: Transformation{alpha=0.60600364 matrix=[1.0, 0.0, 0.0][0.0, 1.0, 0.0][0.0, 0.0, 1.0]}
07-03 20:31:41.514  1423  1518 V AAAA    : Step: more=true
07-03 20:31:41.515  1423  1518 V WindowStateAnimator: performShow on WindowStateAnimator{c19f9f6 com.android.systemui.ImageWallpaper}: mDrawState=READY_TO_SHOW readyForDisplay=false starting=false during animation: policyVis=true attHidden=false tok.hiddenRequested=false tok.hidden=false animating=false tok animating=false Callers=com.android.server.wm.WindowAnimator.updateWindowsLocked:440 com.android.server.wm.WindowAnimator.animateLocked:688 com.android.server.wm.WindowAnimator.access$000:53 
07-03 20:31:41.515  1423  1518 I WindowManager:   SURFACE alpha=0.60600364 layer=161000 matrix=[1.0*1.0,0.0*1.0][0.0*1.0,1.0*1.0]: Window{f239461 u0 StatusBar}
07-03 20:31:41.515  1423  1518 I AAAA    : Original  : (0.0,0.0)-(720.0,1280.0)
07-03 20:31:41.516  1423  1518 I AAAA    : Transformed: (0.0,0.0)-(720.0,1280.0)
07-03 20:31:41.524  1423  1518 I WindowAnimator: <<< CLOSE TRANSACTION animateLocked
07-03 20:31:41.525  1423  2725 I WindowManager: >>> OPEN TRANSACTION performLayoutAndPlaceSurfaces
07-03 20:31:41.526  1423  2725 I WindowStateAnimator: commitFinishDrawingLocked: mDrawState=READY_TO_SHOW Surface(name=com.miui.securitycore/com.miui.securityspace.ui.activity.PrivateSpaceMainActivity)
07-03 20:31:41.527  1423  2725 W WindowStateAnimator: hiding Window{31040f9 u0 com.miui.securitycore/com.miui.securityspace.ui.activity.PrivateSpaceMainActivity}, belonging to 1000
07-03 20:31:41.527  1423  2725 I WindowStateAnimator: commitFinishDrawingLocked: mDrawState=READY_TO_SHOW Surface(name=com.android.systemui.ImageWallpaper)
07-03 20:31:41.528  1423  2725 V WindowStateAnimator: performShow on WindowStateAnimator{c19f9f6 com.android.systemui.ImageWallpaper}: mDrawState=READY_TO_SHOW readyForDisplay=false starting=false during animation: policyVis=true attHidden=false tok.hiddenRequested=false tok.hidden=false animating=false tok animating=false Callers=com.android.server.wm.WindowStateAnimator.commitFinishDrawingLocked:547 com.android.server.wm.WindowManagerService.performLayoutAndPlaceSurfacesLockedInner:10254 com.android.server.wm.WindowManagerService.performLayoutAndPlaceSurfacesLockedLoop:9131 
07-03 20:31:41.529  1423  2725 I WindowManager: <<< CLOSE TRANSACTION performLayoutAndPlaceSurfaces
07-03 20:31:41.530   431   431 E AAAA    : setUpHWComposer: empty: more  wasEmpty: notEmpty
07-03 20:31:41.533  1423  1518 I WindowAnimator: >>> OPEN TRANSACTION animateLocked
07-03 20:31:41.533  1423  1518 V AAAA    : Step: finishNow=301
07-03 20:31:41.533  1423  1518 V AAAA    : Stepped rotate exit: Transformation{alpha=0.34250677 matrix=[1.0, 0.0, 0.0][0.0, 1.0, 0.0][0.0, 0.0, 1.0]}
07-03 20:31:41.533  1423  1518 V AAAA    : Stepped rotate enter: Transformation{alpha=0.65749323 matrix=[1.0, 0.0, 0.0][0.0, 1.0, 0.0][0.0, 0.0, 1.0]}
07-03 20:31:41.533  1423  1518 V AAAA    : Final exit: Transformation{alpha=0.34250677 matrix=[1.0, 0.0, 0.0][0.0, 1.0, 0.0][0.0, 0.0, 1.0]}
07-03 20:31:41.533  1423  1518 V AAAA    : Final enter: Transformation{alpha=0.65749323 matrix=[1.0, 0.0, 0.0][0.0, 1.0, 0.0][0.0, 0.0, 1.0]}
07-03 20:31:41.534  1423  1518 V AAAA    : Step: more=true
07-03 20:31:41.534  1423  1518 V WindowStateAnimator: performShow on WindowStateAnimator{c19f9f6 com.android.systemui.ImageWallpaper}: mDrawState=READY_TO_SHOW readyForDisplay=false starting=false during animation: policyVis=true attHidden=false tok.hiddenRequested=false tok.hidden=false animating=false tok animating=false Callers=com.android.server.wm.WindowAnimator.updateWindowsLocked:440 com.android.server.wm.WindowAnimator.animateLocked:688 com.android.server.wm.WindowAnimator.access$000:53 
07-03 20:31:41.535  1423  1518 I WindowManager:   SURFACE alpha=0.65749323 layer=161000 matrix=[1.0*1.0,0.0*1.0][0.0*1.0,1.0*1.0]: Window{f239461 u0 StatusBar}
07-03 20:31:41.535  1423  1518 I AAAA    : Original  : (0.0,0.0)-(720.0,1280.0)
07-03 20:31:41.536  1423  1518 I AAAA    : Transformed: (0.0,0.0)-(720.0,1280.0)
07-03 20:31:41.537  1423  1518 I WindowAnimator: <<< CLOSE TRANSACTION animateLocked
07-03 20:31:41.542  1423  2725 I WindowManager: >>> OPEN TRANSACTION performLayoutAndPlaceSurfaces
07-03 20:31:41.542  1423  2725 I WindowStateAnimator: commitFinishDrawingLocked: mDrawState=READY_TO_SHOW Surface(name=com.miui.securitycore/com.miui.securityspace.ui.activity.PrivateSpaceMainActivity)
07-03 20:31:41.542  1423  2725 W WindowStateAnimator: hiding Window{31040f9 u0 com.miui.securitycore/com.miui.securityspace.ui.activity.PrivateSpaceMainActivity}, belonging to 1000
07-03 20:31:41.542  1423  2725 I WindowStateAnimator: commitFinishDrawingLocked: mDrawState=READY_TO_SHOW Surface(name=com.android.systemui.ImageWallpaper)
07-03 20:31:41.544  1423  2725 V WindowStateAnimator: performShow on WindowStateAnimator{c19f9f6 com.android.systemui.ImageWallpaper}: mDrawState=READY_TO_SHOW readyForDisplay=false starting=false during animation: policyVis=true attHidden=false tok.hiddenRequested=false tok.hidden=false animating=false tok animating=false Callers=com.android.server.wm.WindowStateAnimator.commitFinishDrawingLocked:547 com.android.server.wm.WindowManagerService.performLayoutAndPlaceSurfacesLockedInner:10254 com.android.server.wm.WindowManagerService.performLayoutAndPlaceSurfacesLockedLoop:9131 
07-03 20:31:41.545  1423  2725 I WindowManager: <<< CLOSE TRANSACTION performLayoutAndPlaceSurfaces
07-03 20:31:41.546   431   431 E AAAA    : setUpHWComposer: empty: more  wasEmpty: notEmpty
07-03 20:31:41.547  1423  2725 I WindowManager: >>> OPEN TRANSACTION setFocusedApp
07-03 20:31:41.548  1423  2725 I WindowManager: >>> CLOSE TRANSACTION setFocusedApp
07-03 20:31:41.551  1423  1518 I WindowAnimator: >>> OPEN TRANSACTION animateLocked
07-03 20:31:41.551  1423  1518 V AAAA    : Step: finishNow=318
07-03 20:31:41.551  1423  1518 V AAAA    : Stepped rotate exit: Transformation{alpha=0.29281235 matrix=[1.0, 0.0, 0.0][0.0, 1.0, 0.0][0.0, 0.0, 1.0]}
07-03 20:31:41.551  1423  1518 V AAAA    : Stepped rotate enter: Transformation{alpha=0.70718765 matrix=[1.0, 0.0, 0.0][0.0, 1.0, 0.0][0.0, 0.0, 1.0]}
07-03 20:31:41.551  1423  1518 V AAAA    : Final exit: Transformation{alpha=0.29281235 matrix=[1.0, 0.0, 0.0][0.0, 1.0, 0.0][0.0, 0.0, 1.0]}
07-03 20:31:41.551  1423  1518 V AAAA    : Final enter: Transformation{alpha=0.70718765 matrix=[1.0, 0.0, 0.0][0.0, 1.0, 0.0][0.0, 0.0, 1.0]}
07-03 20:31:41.551  1423  1518 V AAAA    : Step: more=true
07-03 20:31:41.552  1423  1518 V WindowStateAnimator: performShow on WindowStateAnimator{c19f9f6 com.android.systemui.ImageWallpaper}: mDrawState=READY_TO_SHOW readyForDisplay=false starting=false during animation: policyVis=true attHidden=false tok.hiddenRequested=false tok.hidden=false animating=false tok animating=false Callers=com.android.server.wm.WindowAnimator.updateWindowsLocked:440 com.android.server.wm.WindowAnimator.animateLocked:688 com.android.server.wm.WindowAnimator.access$000:53 
07-03 20:31:41.552  1423  1518 I WindowManager:   SURFACE alpha=0.70718765 layer=161000 matrix=[1.0*1.0,0.0*1.0][0.0*1.0,1.0*1.0]: Window{f239461 u0 StatusBar}
07-03 20:31:41.553  1423  1518 I AAAA    : Original  : (0.0,0.0)-(720.0,1280.0)
07-03 20:31:41.553  1423  1518 I AAAA    : Transformed: (0.0,0.0)-(720.0,1280.0)
07-03 20:31:41.563   431   431 E AAAA    : setUpHWComposer: empty: more  wasEmpty: notEmpty
07-03 20:31:41.571  1423  1518 I WindowAnimator: <<< CLOSE TRANSACTION animateLocked
07-03 20:31:41.572  1423  1518 I WindowStateAnimator: createSurface WindowStateAnimator{7d0ceb8 Starting com.miui.securitycore}: mDrawState=DRAW_PENDING
07-03 20:31:41.572  1423  1518 V WindowStateAnimator: Creating surface in session android.view.SurfaceSession@40bee3f window WindowStateAnimator{7d0ceb8 Starting com.miui.securitycore} w=1 h=1 x=0.0 y=0.0 format=-1 flags=4
07-03 20:31:41.574  1423  1518 I WindowStateAnimator:   CREATE SURFACE Surface(name=Starting com.miui.securitycore) IN SESSION android.view.SurfaceSession@40bee3f: pid=1423 format=-1 flags=0x404 / WindowStateAnimator{7d0ceb8 Starting com.miui.securitycore}
07-03 20:31:41.574  1423  1518 I WindowStateAnimator: >>> OPEN TRANSACTION createSurfaceLocked
07-03 20:31:41.574  1423  1518 I WindowManager:   SURFACE CREATE pos=(0,0) (0x0), layer=21020 HIDE: Window{a21eb2a u0 Starting com.miui.securitycore}
07-03 20:31:41.575  1423  1518 I WindowStateAnimator: <<< CLOSE TRANSACTION createSurfaceLocked
07-03 20:31:41.575  1423  1518 I WindowManager:   OUT SURFACE Surface(name=null)/@0xd344491: copied
07-03 20:31:41.575  1423  1518 V WindowManager: Skipping AppWindowToken{6cd5e5d token=Token{8524034 ActivityRecord{36eb707 u11 com.miui.securitycore/com.miui.securityspace.ui.activity.GuideStartActivity t125}}} -- hidden on top
07-03 20:31:41.575  1423  1518 V WindowManager: Done at AppWindowToken{e60bb70 token=Token{8a169b3 ActivityRecord{c88ab22 u0 com.miui.securitycore/com.miui.securityspace.ui.activity.PrivateSpaceMainActivity t123}}} -- full screen, return 1
07-03 20:31:41.576  1423  1518 I WindowManager: >>> OPEN TRANSACTION performLayoutAndPlaceSurfaces
07-03 20:31:41.576  1423  1518 I WindowManager:   SURFACE SIZE 720x1280: Window{a21eb2a u0 Starting com.miui.securitycore}
07-03 20:31:41.576  1423  1518 I WindowManager:   SURFACE CROP [0,0][720,1280]: Window{a21eb2a u0 Starting com.miui.securitycore}
07-03 20:31:41.576  1423  1518 V WindowManager: Resize reasons for w=Window{a21eb2a u0 Starting com.miui.securitycore}:  contentInsetsChanged=false [0,0][0,0] visibleInsetsChanged=false [0,0][0,0] stableInsetsChanged=true [0,48][0,0] outsetsChanged=false [0,0][0,0] surfaceResized=true configChanged=true
07-03 20:31:41.576  1423  1518 V WindowManager: Resizing window Window{a21eb2a u0 Starting com.miui.securitycore} to 720.0x1280.0
07-03 20:31:41.576  1423  1518 I WindowStateAnimator: commitFinishDrawingLocked: mDrawState=READY_TO_SHOW Surface(name=com.miui.securitycore/com.miui.securityspace.ui.activity.PrivateSpaceMainActivity)
07-03 20:31:41.577  1423  1518 W WindowStateAnimator: hiding Window{31040f9 u0 com.miui.securitycore/com.miui.securityspace.ui.activity.PrivateSpaceMainActivity}, belonging to 1000
07-03 20:31:41.577  1423  1518 I WindowStateAnimator: commitFinishDrawingLocked: mDrawState=READY_TO_SHOW Surface(name=com.android.systemui.ImageWallpaper)
07-03 20:31:41.577  1423  1518 V WindowStateAnimator: performShow on WindowStateAnimator{c19f9f6 com.android.systemui.ImageWallpaper}: mDrawState=READY_TO_SHOW readyForDisplay=false starting=false during animation: policyVis=true attHidden=false tok.hiddenRequested=false tok.hidden=false animating=false tok animating=false Callers=com.android.server.wm.WindowStateAnimator.commitFinishDrawingLocked:547 com.android.server.wm.WindowManagerService.performLayoutAndPlaceSurfacesLockedInner:10254 com.android.server.wm.WindowManagerService.performLayoutAndPlaceSurfacesLockedLoop:9131 
07-03 20:31:41.580  1423  1518 I WindowManager: <<< CLOSE TRANSACTION performLayoutAndPlaceSurfaces
07-03 20:31:41.580   431   431 E AAAA    : setUpHWComposer: empty: more  wasEmpty: notEmpty
07-03 20:31:41.590  1423  1518 I WindowManager: >>> OPEN TRANSACTION performLayoutAndPlaceSurfaces
07-03 20:31:41.591  1423  1518 I WindowStateAnimator: commitFinishDrawingLocked: mDrawState=READY_TO_SHOW Surface(name=com.miui.securitycore/com.miui.securityspace.ui.activity.PrivateSpaceMainActivity)
07-03 20:31:41.591  1423  1518 W WindowStateAnimator: hiding Window{31040f9 u0 com.miui.securitycore/com.miui.securityspace.ui.activity.PrivateSpaceMainActivity}, belonging to 1000
07-03 20:31:41.591  1423  1518 I WindowStateAnimator: commitFinishDrawingLocked: mDrawState=READY_TO_SHOW Surface(name=com.android.systemui.ImageWallpaper)
07-03 20:31:41.592  1423  1518 V WindowStateAnimator: performShow on WindowStateAnimator{c19f9f6 com.android.systemui.ImageWallpaper}: mDrawState=READY_TO_SHOW readyForDisplay=false starting=false during animation: policyVis=true attHidden=false tok.hiddenRequested=false tok.hidden=false animating=false tok animating=false Callers=com.android.server.wm.WindowStateAnimator.commitFinishDrawingLocked:547 com.android.server.wm.WindowManagerService.performLayoutAndPlaceSurfacesLockedInner:10254 com.android.server.wm.WindowManagerService.performLayoutAndPlaceSurfacesLockedLoop:9131 
07-03 20:31:41.592  1423  1518 I WindowManager: <<< CLOSE TRANSACTION performLayoutAndPlaceSurfaces
07-03 20:31:41.593  1423  1518 V WindowManager: Update reported visibility: AppWindowToken{6cd5e5d token=Token{8524034 ActivityRecord{36eb707 u11 com.miui.securitycore/com.miui.securityspace.ui.activity.GuideStartActivity t125}}}
07-03 20:31:41.593  1423  1518 V WindowManager: VIS AppWindowToken{6cd5e5d token=Token{8524034 ActivityRecord{36eb707 u11 com.miui.securitycore/com.miui.securityspace.ui.activity.GuideStartActivity t125}}}: interesting=0 visible=0
07-03 20:31:41.596  1423  1518 I WindowAnimator: >>> OPEN TRANSACTION animateLocked
07-03 20:31:41.596  1423  1518 V AAAA    : Step: finishNow=351
07-03 20:31:41.596  1423  1518 V AAAA    : Stepped rotate exit: Transformation{alpha=0.20357156 matrix=[1.0, 0.0, 0.0][0.0, 1.0, 0.0][0.0, 0.0, 1.0]}
07-03 20:31:41.596  1423  1518 V AAAA    : Stepped rotate enter: Transformation{alpha=0.79642844 matrix=[1.0, 0.0, 0.0][0.0, 1.0, 0.0][0.0, 0.0, 1.0]}
07-03 20:31:41.596  1423  1518 V AAAA    : Final exit: Transformation{alpha=0.20357156 matrix=[1.0, 0.0, 0.0][0.0, 1.0, 0.0][0.0, 0.0, 1.0]}
07-03 20:31:41.596  1423  1518 V AAAA    : Final enter: Transformation{alpha=0.79642844 matrix=[1.0, 0.0, 0.0][0.0, 1.0, 0.0][0.0, 0.0, 1.0]}
07-03 20:31:41.596  1423  1518 V AAAA    : Step: more=true
07-03 20:31:41.597  1423  1518 V WindowStateAnimator: performShow on WindowStateAnimator{c19f9f6 com.android.systemui.ImageWallpaper}: mDrawState=READY_TO_SHOW readyForDisplay=false starting=false during animation: policyVis=true attHidden=false tok.hiddenRequested=false tok.hidden=false animating=false tok animating=false Callers=com.android.server.wm.WindowAnimator.updateWindowsLocked:440 com.android.server.wm.WindowAnimator.animateLocked:688 com.android.server.wm.WindowAnimator.access$000:53 
07-03 20:31:41.597  1423  1518 I WindowManager:   SURFACE alpha=0.79642844 layer=161000 matrix=[1.0*1.0,0.0*1.0][0.0*1.0,1.0*1.0]: Window{f239461 u0 StatusBar}
07-03 20:31:41.597  1423  1518 I AAAA    : Original  : (0.0,0.0)-(720.0,1280.0)
07-03 20:31:41.597  1423  1518 I AAAA    : Transformed: (0.0,0.0)-(720.0,1280.0)
07-03 20:31:41.598  1423  1518 I WindowAnimator: <<< CLOSE TRANSACTION animateLocked
07-03 20:31:41.598  1423  2719 W WindowStateAnimator: Window WindowStateAnimator{5065a69 com.miui.securitycore/com.miui.securityspace.ui.activity.PrivateSpaceMainActivity} destroying surface Surface(name=com.miui.securitycore/com.miui.securityspace.ui.activity.PrivateSpaceMainActivity), session Session{4fc09a7 4073:1000}
07-03 20:31:41.598  1423  2719 I WindowManager:   SURFACE DESTROY: Window{31040f9 u0 com.miui.securitycore/com.miui.securityspace.ui.activity.PrivateSpaceMainActivity}
07-03 20:31:41.616   431   431 E AAAA    : setUpHWComposer: empty: more  wasEmpty: notEmpty
07-03 20:31:41.635  1423  2719 I WindowManager: >>> OPEN TRANSACTION performLayoutAndPlaceSurfaces
07-03 20:31:41.635  1423  2719 I WindowStateAnimator: commitFinishDrawingLocked: mDrawState=READY_TO_SHOW Surface(name=com.android.systemui.ImageWallpaper)
07-03 20:31:41.636  1423  2719 V WindowStateAnimator: performShow on WindowStateAnimator{c19f9f6 com.android.systemui.ImageWallpaper}: mDrawState=READY_TO_SHOW readyForDisplay=false starting=false during animation: policyVis=true attHidden=false tok.hiddenRequested=false tok.hidden=false animating=false tok animating=false Callers=com.android.server.wm.WindowStateAnimator.commitFinishDrawingLocked:547 com.android.server.wm.WindowManagerService.performLayoutAndPlaceSurfacesLockedInner:10254 com.android.server.wm.WindowManagerService.performLayoutAndPlaceSurfacesLockedLoop:9131 
07-03 20:31:41.637  1423  2719 I WindowManager: <<< CLOSE TRANSACTION performLayoutAndPlaceSurfaces
07-03 20:31:41.639  1423  2719 V WindowManager: Update reported visibility: AppWindowToken{e60bb70 token=Token{8a169b3 ActivityRecord{c88ab22 u0 com.miui.securitycore/com.miui.securityspace.ui.activity.PrivateSpaceMainActivity t123}}}
07-03 20:31:41.639  1423  2719 V WindowManager: VIS AppWindowToken{e60bb70 token=Token{8a169b3 ActivityRecord{c88ab22 u0 com.miui.securitycore/com.miui.securityspace.ui.activity.PrivateSpaceMainActivity t123}}}: interesting=0 visible=0
07-03 20:31:41.639  1423  2719 V WindowManager: Visibility changed in AppWindowToken{e60bb70 token=Token{8a169b3 ActivityRecord{c88ab22 u0 com.miui.securitycore/com.miui.securityspace.ui.activity.PrivateSpaceMainActivity t123}}}: vis=false
07-03 20:31:41.644  1423  1518 V WindowStateAnimator: finishDrawingLocked: mDrawState=COMMIT_DRAW_PENDING WindowStateAnimator{7d0ceb8 Starting com.miui.securitycore} in Surface(name=Starting com.miui.securitycore)
07-03 20:31:41.645  1423  1518 I WindowAnimator: >>> OPEN TRANSACTION animateLocked
07-03 20:31:41.645  1423  1518 V AAAA    : Step: finishNow=401
07-03 20:31:41.645  1423  1518 V AAAA    : Stepped rotate exit: Transformation{alpha=0.093652844 matrix=[1.0, 0.0, 0.0][0.0, 1.0, 0.0][0.0, 0.0, 1.0]}
07-03 20:31:41.645  1423  1518 V AAAA    : Stepped rotate enter: Transformation{alpha=0.90634716 matrix=[1.0, 0.0, 0.0][0.0, 1.0, 0.0][0.0, 0.0, 1.0]}
07-03 20:31:41.645  1423  1518 V AAAA    : Final exit: Transformation{alpha=0.093652844 matrix=[1.0, 0.0, 0.0][0.0, 1.0, 0.0][0.0, 0.0, 1.0]}
07-03 20:31:41.645  1423  1518 V AAAA    : Final enter: Transformation{alpha=0.90634716 matrix=[1.0, 0.0, 0.0][0.0, 1.0, 0.0][0.0, 0.0, 1.0]}
07-03 20:31:41.645  1423  1518 V AAAA    : Step: more=true
07-03 20:31:41.646  1423  1518 V WindowStateAnimator: performShow on WindowStateAnimator{c19f9f6 com.android.systemui.ImageWallpaper}: mDrawState=READY_TO_SHOW readyForDisplay=false starting=false during animation: policyVis=true attHidden=false tok.hiddenRequested=false tok.hidden=false animating=false tok animating=false Callers=com.android.server.wm.WindowAnimator.updateWindowsLocked:440 com.android.server.wm.WindowAnimator.animateLocked:688 com.android.server.wm.WindowAnimator.access$000:53 
07-03 20:31:41.646  1423  1518 I WindowManager:   SURFACE alpha=0.90634716 layer=161000 matrix=[1.0*1.0,0.0*1.0][0.0*1.0,1.0*1.0]: Window{f239461 u0 StatusBar}
07-03 20:31:41.646  1423  1518 I AAAA    : Original  : (0.0,0.0)-(720.0,1280.0)
07-03 20:31:41.646  1423  1518 I AAAA    : Transformed: (0.0,0.0)-(720.0,1280.0)
07-03 20:31:41.650  1423  1518 I WindowAnimator: <<< CLOSE TRANSACTION animateLocked
07-03 20:31:41.650  1423  1518 V WindowManager: Reporting visible in AppWindowToken{e60bb70 token=Token{8a169b3 ActivityRecord{c88ab22 u0 com.miui.securitycore/com.miui.securityspace.ui.activity.PrivateSpaceMainActivity t123}}} visible=false gone=true
07-03 20:31:41.663   431   431 E AAAA    : setUpHWComposer: empty: more  wasEmpty: notEmpty
07-03 20:31:41.672  1423  1518 I WindowManager: >>> OPEN TRANSACTION performLayoutAndPlaceSurfaces
07-03 20:31:41.672  1423  1518 I WindowStateAnimator: commitFinishDrawingLocked: mDrawState=READY_TO_SHOW Surface(name=Starting com.miui.securitycore)
07-03 20:31:41.673  1423  1518 V WindowStateAnimator: performShow on WindowStateAnimator{7d0ceb8 Starting com.miui.securitycore}: mDrawState=READY_TO_SHOW readyForDisplay=false starting=true during animation: policyVis=true attHidden=false tok.hiddenRequested=true tok.hidden=true animating=false tok animating=false Callers=com.android.server.wm.WindowStateAnimator.commitFinishDrawingLocked:547 com.android.server.wm.WindowManagerService.performLayoutAndPlaceSurfacesLockedInner:10254 com.android.server.wm.WindowManagerService.performLayoutAndPlaceSurfacesLockedLoop:9131 
07-03 20:31:41.673  1423  1518 I WindowStateAnimator: commitFinishDrawingLocked: mDrawState=READY_TO_SHOW Surface(name=com.android.systemui.ImageWallpaper)
07-03 20:31:41.673  1423  1518 V WindowStateAnimator: performShow on WindowStateAnimator{c19f9f6 com.android.systemui.ImageWallpaper}: mDrawState=READY_TO_SHOW readyForDisplay=false starting=false during animation: policyVis=true attHidden=false tok.hiddenRequested=false tok.hidden=false animating=false tok animating=false Callers=com.android.server.wm.WindowStateAnimator.commitFinishDrawingLocked:547 com.android.server.wm.WindowManagerService.performLayoutAndPlaceSurfacesLockedInner:10254 com.android.server.wm.WindowManagerService.performLayoutAndPlaceSurfacesLockedLoop:9131 
07-03 20:31:41.674  1423  1518 I WindowManager: <<< CLOSE TRANSACTION performLayoutAndPlaceSurfaces
07-03 20:31:41.676  1423  1518 I WindowAnimator: >>> OPEN TRANSACTION animateLocked
07-03 20:31:41.676  1423  1518 V AAAA    : Step: finishNow=435
07-03 20:31:41.676  1423  1518 V AAAA    : Stepped rotate exit: Transformation{alpha=0.041122675 matrix=[1.0, 0.0, 0.0][0.0, 1.0, 0.0][0.0, 0.0, 1.0]}
07-03 20:31:41.676  1423  1518 V AAAA    : Stepped rotate enter: Transformation{alpha=0.9588773 matrix=[1.0, 0.0, 0.0][0.0, 1.0, 0.0][0.0, 0.0, 1.0]}
07-03 20:31:41.676  1423  1518 V AAAA    : Final exit: Transformation{alpha=0.041122675 matrix=[1.0, 0.0, 0.0][0.0, 1.0, 0.0][0.0, 0.0, 1.0]}
07-03 20:31:41.676  1423  1518 V AAAA    : Final enter: Transformation{alpha=0.9588773 matrix=[1.0, 0.0, 0.0][0.0, 1.0, 0.0][0.0, 0.0, 1.0]}
07-03 20:31:41.676  1423  1518 V AAAA    : Step: more=true
07-03 20:31:41.677  1423  1518 V WindowStateAnimator: performShow on WindowStateAnimator{c19f9f6 com.android.systemui.ImageWallpaper}: mDrawState=READY_TO_SHOW readyForDisplay=false starting=false during animation: policyVis=true attHidden=false tok.hiddenRequested=false tok.hidden=false animating=false tok animating=false Callers=com.android.server.wm.WindowAnimator.updateWindowsLocked:440 com.android.server.wm.WindowAnimator.animateLocked:688 com.android.server.wm.WindowAnimator.access$000:53 
07-03 20:31:41.677  1423  1518 I WindowManager:   SURFACE alpha=0.9588773 layer=161000 matrix=[1.0*1.0,0.0*1.0][0.0*1.0,1.0*1.0]: Window{f239461 u0 StatusBar}
07-03 20:31:41.677  1423  1518 I AAAA    : Original  : (0.0,0.0)-(720.0,1280.0)
07-03 20:31:41.677  1423  1518 I AAAA    : Transformed: (0.0,0.0)-(720.0,1280.0)
07-03 20:31:41.678  1423  1518 I WindowAnimator: <<< CLOSE TRANSACTION animateLocked
07-03 20:31:41.680  1423  1518 I WindowAnimator: >>> OPEN TRANSACTION animateLocked
07-03 20:31:41.680  1423  1518 V AAAA    : Step: finishNow=451
07-03 20:31:41.680  1423  1518 V AAAA    : Stepped rotate exit: Transformation{alpha=0.023510337 matrix=[1.0, 0.0, 0.0][0.0, 1.0, 0.0][0.0, 0.0, 1.0]}
07-03 20:31:41.680   431   431 E AAAA    : setUpHWComposer: empty: more  wasEmpty: notEmpty
07-03 20:31:41.680  1423  1518 V AAAA    : Stepped rotate enter: Transformation{alpha=0.97648966 matrix=[1.0, 0.0, 0.0][0.0, 1.0, 0.0][0.0, 0.0, 1.0]}
07-03 20:31:41.680  1423  1518 V AAAA    : Final exit: Transformation{alpha=0.023510337 matrix=[1.0, 0.0, 0.0][0.0, 1.0, 0.0][0.0, 0.0, 1.0]}
07-03 20:31:41.680  1423  1518 V AAAA    : Final enter: Transformation{alpha=0.97648966 matrix=[1.0, 0.0, 0.0][0.0, 1.0, 0.0][0.0, 0.0, 1.0]}
07-03 20:31:41.680  1423  1518 V AAAA    : Step: more=true
07-03 20:31:41.681  1423  1518 V WindowStateAnimator: performShow on WindowStateAnimator{c19f9f6 com.android.systemui.ImageWallpaper}: mDrawState=READY_TO_SHOW readyForDisplay=false starting=false during animation: policyVis=true attHidden=false tok.hiddenRequested=false tok.hidden=false animating=false tok animating=false Callers=com.android.server.wm.WindowAnimator.updateWindowsLocked:440 com.android.server.wm.WindowAnimator.animateLocked:688 com.android.server.wm.WindowAnimator.access$000:53 
07-03 20:31:41.681  1423  1518 I WindowManager:   SURFACE alpha=0.97648966 layer=161000 matrix=[1.0*1.0,0.0*1.0][0.0*1.0,1.0*1.0]: Window{f239461 u0 StatusBar}
07-03 20:31:41.681  1423  1518 I AAAA    : Original  : (0.0,0.0)-(720.0,1280.0)
07-03 20:31:41.681  1423  1518 I AAAA    : Transformed: (0.0,0.0)-(720.0,1280.0)
07-03 20:31:41.683  1423  1518 I WindowAnimator: <<< CLOSE TRANSACTION animateLocked
07-03 20:31:41.695  1423  2725 V WindowStateAnimator: applyAnimation: win=WindowStateAnimator{3dca575 StatusBar} anim=17432606 attr=0xffffffff a=android.view.animation.AnimationSet@7f9e894 transit=2 isEntrance=false Callers com.android.server.wm.WindowManagerService.removeWindowLocked:2788 com.android.server.wm.WindowManagerService.removeWindow:2742 com.android.server.wm.Session.remove:197 
07-03 20:31:41.695  1423  2725 V WindowStateAnimator: Loaded animation android.view.animation.AnimationSet@7f9e894 for WindowStateAnimator{3dca575 StatusBar}
07-03 20:31:41.695  1423  2725 I WindowManager: >>> OPEN TRANSACTION performLayoutAndPlaceSurfaces
07-03 20:31:41.697   431   431 E AAAA    : setUpHWComposer: empty: more  wasEmpty: notEmpty
07-03 20:31:41.707  1423  2725 I WindowStateAnimator: commitFinishDrawingLocked: mDrawState=READY_TO_SHOW Surface(name=Starting com.miui.securitycore)
07-03 20:31:41.707  1423  2725 V WindowStateAnimator: performShow on WindowStateAnimator{7d0ceb8 Starting com.miui.securitycore}: mDrawState=READY_TO_SHOW readyForDisplay=false starting=true during animation: policyVis=true attHidden=false tok.hiddenRequested=true tok.hidden=true animating=false tok animating=false Callers=com.android.server.wm.WindowStateAnimator.commitFinishDrawingLocked:547 com.android.server.wm.WindowManagerService.performLayoutAndPlaceSurfacesLockedInner:10254 com.android.server.wm.WindowManagerService.performLayoutAndPlaceSurfacesLockedLoop:9131 
07-03 20:31:41.708  1423  2725 I WindowStateAnimator: commitFinishDrawingLocked: mDrawState=READY_TO_SHOW Surface(name=com.android.systemui.ImageWallpaper)
07-03 20:31:41.708  1423  2725 V WindowStateAnimator: performShow on WindowStateAnimator{c19f9f6 com.android.systemui.ImageWallpaper}: mDrawState=READY_TO_SHOW readyForDisplay=false starting=false during animation: policyVis=true attHidden=false tok.hiddenRequested=false tok.hidden=false animating=false tok animating=false Callers=com.android.server.wm.WindowStateAnimator.commitFinishDrawingLocked:547 com.android.server.wm.WindowManagerService.performLayoutAndPlaceSurfacesLockedInner:10254 com.android.server.wm.WindowManagerService.performLayoutAndPlaceSurfacesLockedLoop:9131 
07-03 20:31:41.778  1423  2725 I WindowManager: <<< CLOSE TRANSACTION performLayoutAndPlaceSurfaces
07-03 20:31:41.780   431   431 E AAAA    : setUpHWComposer: empty: more  wasEmpty: notEmpty
07-03 20:31:41.781  1423  1518 I WindowAnimator: >>> OPEN TRANSACTION animateLocked
07-03 20:31:41.783  1423  1518 V AAAA    : Step: finishNow=468
07-03 20:31:41.783  1423  1518 V AAAA    : Stepped rotate exit: Transformation{alpha=0.01007247 matrix=[1.0, 0.0, 0.0][0.0, 1.0, 0.0][0.0, 0.0, 1.0]}
07-03 20:31:41.784  1423  1518 V AAAA    : Stepped rotate enter: Transformation{alpha=0.98992753 matrix=[1.0, 0.0, 0.0][0.0, 1.0, 0.0][0.0, 0.0, 1.0]}
07-03 20:31:41.784  1423  1518 V AAAA    : Final exit: Transformation{alpha=0.01007247 matrix=[1.0, 0.0, 0.0][0.0, 1.0, 0.0][0.0, 0.0, 1.0]}
07-03 20:31:41.784  1423  1518 V AAAA    : Final enter: Transformation{alpha=0.98992753 matrix=[1.0, 0.0, 0.0][0.0, 1.0, 0.0][0.0, 0.0, 1.0]}
07-03 20:31:41.784  1423  1518 V AAAA    : Step: more=true
07-03 20:31:41.784  1423  1518 V WindowStateAnimator: Starting animation in WindowStateAnimator{3dca575 StatusBar} @ 151302: ww=720 wh=48 dw=720 dh=1280 scale=1.0
07-03 20:31:41.785  1423  1518 V WindowStateAnimator: performShow on WindowStateAnimator{c19f9f6 com.android.systemui.ImageWallpaper}: mDrawState=READY_TO_SHOW readyForDisplay=false starting=false during animation: policyVis=true attHidden=false tok.hiddenRequested=false tok.hidden=false animating=false tok animating=false Callers=com.android.server.wm.WindowAnimator.updateWindowsLocked:440 com.android.server.wm.WindowAnimator.animateLocked:688 com.android.server.wm.WindowAnimator.access$000:53 
07-03 20:31:41.785  1423  1518 I WindowManager:   SURFACE alpha=0.98992753 layer=161000 matrix=[1.0*1.0,0.0*1.0][0.0*1.0,1.0*1.0]: Window{f239461 u0 StatusBar EXITING}
07-03 20:31:41.785  1423  1518 I AAAA    : Original  : (0.0,0.0)-(720.0,1280.0)
07-03 20:31:41.785  1423  1518 I AAAA    : Transformed: (0.0,0.0)-(720.0,1280.0)
07-03 20:31:41.790  1423  1518 I WindowAnimator: <<< CLOSE TRANSACTION animateLocked
07-03 20:31:41.791  1423  2127 I WindowManager: >>> OPEN TRANSACTION performLayoutAndPlaceSurfaces
07-03 20:31:41.791  1423  2127 I WindowStateAnimator: commitFinishDrawingLocked: mDrawState=READY_TO_SHOW Surface(name=Starting com.miui.securitycore)
07-03 20:31:41.792  1423  2127 V WindowStateAnimator: performShow on WindowStateAnimator{7d0ceb8 Starting com.miui.securitycore}: mDrawState=READY_TO_SHOW readyForDisplay=false starting=true during animation: policyVis=true attHidden=false tok.hiddenRequested=true tok.hidden=true animating=false tok animating=false Callers=com.android.server.wm.WindowStateAnimator.commitFinishDrawingLocked:547 com.android.server.wm.WindowManagerService.performLayoutAndPlaceSurfacesLockedInner:10254 com.android.server.wm.WindowManagerService.performLayoutAndPlaceSurfacesLockedLoop:9131 
07-03 20:31:41.792  1423  2127 I WindowStateAnimator: commitFinishDrawingLocked: mDrawState=READY_TO_SHOW Surface(name=com.android.systemui.ImageWallpaper)
07-03 20:31:41.792  1423  2127 V WindowStateAnimator: performShow on WindowStateAnimator{c19f9f6 com.android.systemui.ImageWallpaper}: mDrawState=READY_TO_SHOW readyForDisplay=false starting=false during animation: policyVis=true attHidden=false tok.hiddenRequested=false tok.hidden=false animating=false tok animating=false Callers=com.android.server.wm.WindowStateAnimator.commitFinishDrawingLocked:547 com.android.server.wm.WindowManagerService.performLayoutAndPlaceSurfacesLockedInner:10254 com.android.server.wm.WindowManagerService.performLayoutAndPlaceSurfacesLockedLoop:9131 
07-03 20:31:41.793  1423  2127 I WindowManager: <<< CLOSE TRANSACTION performLayoutAndPlaceSurfaces
07-03 20:31:41.797   431   431 E AAAA    : setUpHWComposer: empty: more  wasEmpty: notEmpty
07-03 20:31:41.798  1423  1518 I WindowAnimator: >>> OPEN TRANSACTION animateLocked
07-03 20:31:41.798  1423  1518 V AAAA    : Step: finishNow=568
07-03 20:31:41.798  1423  1518 V AAAA    : Stepped rotate exit: Transformation{alpha=0.0 matrix=[1.0, 0.0, 0.0][0.0, 1.0, 0.0][0.0, 0.0, 1.0]}
07-03 20:31:41.798  1423  1518 V AAAA    : Stepped rotate enter: Transformation{alpha=1.0 matrix=[1.0, 0.0, 0.0][0.0, 1.0, 0.0][0.0, 0.0, 1.0]}
07-03 20:31:41.798  1423  1518 V AAAA    : Final exit: Transformation{alpha=0.0 matrix=[1.0, 0.0, 0.0][0.0, 1.0, 0.0][0.0, 0.0, 1.0]}
07-03 20:31:41.799  1423  1518 V AAAA    : Final enter: Transformation{alpha=1.0 matrix=[1.0, 0.0, 0.0][0.0, 1.0, 0.0][0.0, 0.0, 1.0]}
07-03 20:31:41.799  1423  1518 V AAAA    : Step: more=true
07-03 20:31:41.800  1423  1518 V WindowStateAnimator: performShow on WindowStateAnimator{c19f9f6 com.android.systemui.ImageWallpaper}: mDrawState=READY_TO_SHOW readyForDisplay=false starting=false during animation: policyVis=true attHidden=false tok.hiddenRequested=false tok.hidden=false animating=false tok animating=false Callers=com.android.server.wm.WindowAnimator.updateWindowsLocked:440 com.android.server.wm.WindowAnimator.animateLocked:688 com.android.server.wm.WindowAnimator.access$000:53 
07-03 20:31:41.800  1423  1518 I WindowManager:   SURFACE POS 0.0, -1.7777779: Window{f239461 u0 StatusBar EXITING}
07-03 20:31:41.800  1423  1518 I WindowManager:   SURFACE alpha=1.0 layer=161000 matrix=[1.0*1.0,0.0*1.0][0.0*1.0,1.0*1.0]: Window{f239461 u0 StatusBar EXITING}
07-03 20:31:41.801  1423  1518 I AAAA    : Original  : (0.0,0.0)-(720.0,1280.0)
07-03 20:31:41.801  1423  1518 I AAAA    : Transformed: (0.0,0.0)-(720.0,1280.0)
07-03 20:31:41.803  1423  1518 I WindowAnimator: <<< CLOSE TRANSACTION animateLocked
07-03 20:31:41.814  1423  1518 I WindowAnimator: >>> OPEN TRANSACTION animateLocked
07-03 20:31:41.814  1423  1518 V AAAA    : Step: finishNow=585
07-03 20:31:41.814  1423  1518 V AAAA    : Stepped rotate exit: Transformation{alpha=0.0 matrix=[1.0, 0.0, 0.0][0.0, 1.0, 0.0][0.0, 0.0, 1.0]}
07-03 20:31:41.814  1423  1518 V AAAA    : Stepped rotate enter: Transformation{alpha=1.0 matrix=[1.0, 0.0, 0.0][0.0, 1.0, 0.0][0.0, 0.0, 1.0]}
07-03 20:31:41.814   431   431 E AAAA    : setUpHWComposer: empty: hasOne  wasEmpty: notEmpty
07-03 20:31:41.814   431   431 E AAAA    : layer name StatusBar
07-03 20:31:41.814  1423  1518 V AAAA    : Exit animations done, clearing rotate exit anim!
07-03 20:31:41.814  1423  1518 V AAAA    : Enter animations done, clearing rotate enter anim!
07-03 20:31:41.814  1423  1518 V AAAA    : Final exit: Transformation{alpha=1.0 matrix=[1.0, 0.0, 0.0][0.0, 1.0, 0.0][0.0, 0.0, 1.0]}
07-03 20:31:41.814  1423  1518 V AAAA    : Final enter: Transformation{alpha=1.0 matrix=[1.0, 0.0, 0.0][0.0, 1.0, 0.0][0.0, 0.0, 1.0]}
07-03 20:31:41.814  1423  1518 V AAAA    : Step: more=false
07-03 20:31:41.814  1423  1518 V AAAA    : Kill!
07-03 20:31:41.814  1423  1518 I WindowManager:   FREEZE Surface(name=ScreenshotSurface): DESTROY
07-03 20:31:41.827  1423  1518 I WindowManager:   BLACK Surface(name=BlackSurface): DESTROY
07-03 20:31:41.832   431   431 E AAAA    : setUpHWComposer: empty: hasOne  wasEmpty: notEmpty
07-03 20:31:41.834   431   431 E AAAA    : layer name StatusBar
07-03 20:31:41.838  1423  1518 I WindowManager:   BLACK Surface(name=BlackSurface): DESTROY
07-03 20:31:41.838  1423  1518 I WindowManager:   BLACK Surface(name=BlackSurface): DESTROY
07-03 20:31:41.840  1423  1518 I WindowManager:   BLACK Surface(name=BlackSurface): DESTROY
07-03 20:31:41.841  1423  1518 V WindowStateAnimator: performShow on WindowStateAnimator{c19f9f6 com.android.systemui.ImageWallpaper}: mDrawState=READY_TO_SHOW readyForDisplay=false starting=false during animation: policyVis=true attHidden=false tok.hiddenRequested=false tok.hidden=false animating=false tok animating=false Callers=com.android.server.wm.WindowAnimator.updateWindowsLocked:440 com.android.server.wm.WindowAnimator.animateLocked:688 com.android.server.wm.WindowAnimator.access$000:53 
07-03 20:31:41.842  1423  1518 I WindowManager:   SURFACE POS 0.0, -2.8473117: Window{f239461 u0 StatusBar EXITING}
07-03 20:31:41.842  1423  1518 V WindowStateAnimator: prepareSurface: No changes in animation for WindowStateAnimator{3dca575 StatusBar}
07-03 20:31:41.843  1423  1518 I WindowAnimator: <<< CLOSE TRANSACTION animateLocked
07-03 20:31:41.843  1423  1518 I WindowManager: >>> OPEN TRANSACTION performLayoutAndPlaceSurfaces
07-03 20:31:41.843  1423  1518 I WindowStateAnimator: commitFinishDrawingLocked: mDrawState=READY_TO_SHOW Surface(name=Starting com.miui.securitycore)
07-03 20:31:41.844  1423  1518 V WindowStateAnimator: performShow on WindowStateAnimator{7d0ceb8 Starting com.miui.securitycore}: mDrawState=READY_TO_SHOW readyForDisplay=false starting=true during animation: policyVis=true attHidden=false tok.hiddenRequested=true tok.hidden=true animating=false tok animating=false Callers=com.android.server.wm.WindowStateAnimator.commitFinishDrawingLocked:547 com.android.server.wm.WindowManagerService.performLayoutAndPlaceSurfacesLockedInner:10254 com.android.server.wm.WindowManagerService.performLayoutAndPlaceSurfacesLockedLoop:9131 
07-03 20:31:41.844  1423  1518 I WindowStateAnimator: commitFinishDrawingLocked: mDrawState=READY_TO_SHOW Surface(name=com.android.systemui.ImageWallpaper)
07-03 20:31:41.845  1423  1518 V WindowStateAnimator: performShow on WindowStateAnimator{c19f9f6 com.android.systemui.ImageWallpaper}: mDrawState=READY_TO_SHOW readyForDisplay=false starting=false during animation: policyVis=true attHidden=false tok.hiddenRequested=false tok.hidden=false animating=false tok animating=false Callers=com.android.server.wm.WindowStateAnimator.commitFinishDrawingLocked:547 com.android.server.wm.WindowManagerService.performLayoutAndPlaceSurfacesLockedInner:10254 com.android.server.wm.WindowManagerService.performLayoutAndPlaceSurfacesLockedLoop:9131 
07-03 20:31:41.846  1423  1518 I WindowManager: <<< CLOSE TRANSACTION performLayoutAndPlaceSurfaces
07-03 20:31:41.847  1423  1518 D WindowManager: Performing post-rotate rotation
07-03 20:31:41.847  1423  1518 V WindowManager: Application requested orientation 1, got rotation 0 which has compatible metrics
07-03 20:31:41.848   431   431 E AAAA    : setUpHWComposer: empty: hasOne  wasEmpty: notEmpty
07-03 20:31:41.848   431   431 E AAAA    : layer name StatusBar
07-03 20:31:41.851  1423  1518 I WindowAnimator: >>> OPEN TRANSACTION animateLocked
07-03 20:31:41.852  1423  1518 V WindowStateAnimator: performShow on WindowStateAnimator{c19f9f6 com.android.systemui.ImageWallpaper}: mDrawState=READY_TO_SHOW readyForDisplay=false starting=false during animation: policyVis=true attHidden=false tok.hiddenRequested=false tok.hidden=false animating=false tok animating=false Callers=com.android.server.wm.WindowAnimator.updateWindowsLocked:440 com.android.server.wm.WindowAnimator.animateLocked:688 com.android.server.wm.WindowAnimator.access$000:53 
07-03 20:31:41.852  1423  1518 I WindowManager:   SURFACE POS 0.0, -6.120802: Window{f239461 u0 StatusBar EXITING}
07-03 20:31:41.852  1423  1518 V WindowStateAnimator: prepareSurface: No changes in animation for WindowStateAnimator{3dca575 StatusBar}
07-03 20:31:41.854  1423  1518 I WindowAnimator: <<< CLOSE TRANSACTION animateLocked
07-03 20:31:41.864  1423  1518 I WindowAnimator: >>> OPEN TRANSACTION animateLocked
07-03 20:31:41.864   431   431 E AAAA    : setUpHWComposer: empty: hasOne  wasEmpty: notEmpty
07-03 20:31:41.864   431   431 E AAAA    : layer name StatusBar
07-03 20:31:41.865  1423  1518 V WindowStateAnimator: performShow on WindowStateAnimator{c19f9f6 com.android.systemui.ImageWallpaper}: mDrawState=READY_TO_SHOW readyForDisplay=false starting=false during animation: policyVis=true attHidden=false tok.hiddenRequested=false tok.hidden=false animating=false tok animating=false Callers=com.android.server.wm.WindowAnimator.updateWindowsLocked:440 com.android.server.wm.WindowAnimator.animateLocked:688 com.android.server.wm.WindowAnimator.access$000:53 
07-03 20:31:41.865  1423  1518 I WindowManager:   SURFACE POS 0.0, -8.279934: Window{f239461 u0 StatusBar EXITING}
07-03 20:31:41.865  1423  1518 V WindowStateAnimator: prepareSurface: No changes in animation for WindowStateAnimator{3dca575 StatusBar}
07-03 20:31:41.866  1423  1518 I WindowAnimator: <<< CLOSE TRANSACTION animateLocked
07-03 20:31:41.880  1423  1518 I WindowAnimator: >>> OPEN TRANSACTION animateLocked
07-03 20:31:41.880   431   431 E AAAA    : setUpHWComposer: empty: hasOne  wasEmpty: notEmpty
07-03 20:31:41.881   431   431 E AAAA    : layer name StatusBar
07-03 20:31:41.881  1423  1518 V WindowStateAnimator: performShow on WindowStateAnimator{c19f9f6 com.android.systemui.ImageWallpaper}: mDrawState=READY_TO_SHOW readyForDisplay=false starting=false during animation: policyVis=true attHidden=false tok.hiddenRequested=false tok.hidden=false animating=false tok animating=false Callers=com.android.server.wm.WindowAnimator.updateWindowsLocked:440 com.android.server.wm.WindowAnimator.animateLocked:688 com.android.server.wm.WindowAnimator.access$000:53 
07-03 20:31:41.881  1423  1518 I WindowManager:   SURFACE POS 0.0, -11.074675: Window{f239461 u0 StatusBar EXITING}
07-03 20:31:41.881  1423  1518 V WindowStateAnimator: prepareSurface: No changes in animation for WindowStateAnimator{3dca575 StatusBar}
07-03 20:31:41.882  1423  1518 I WindowAnimator: <<< CLOSE TRANSACTION animateLocked
