04-13 09:37:30.460  1590  1651 I WindowManager:   SURFACE Surface(name=StatusBar)---MATRIX [1.0,0.0,0.0,1.0]: StatusBar
04-13 09:37:30.460  1590  1651 I WindowManager:   SURFACE Surface(name=com.miui.securitycore/com.miui.securityspace.ui.activity.PrivateSpaceMainActivity)---MATRIX [1.0,0.0,0.0,1.0]: com.miui.securitycore/com.miui.securityspace.ui.activity.PrivateSpaceMainActivity
04-13 09:37:30.460  1590  1651 I WindowManager:   SURFACE Surface(name=com.android.systemui.ImageWallpaper)---MATRIX [1.0,0.0,0.0,1.0]: com.android.systemui.ImageWallpaper
04-13 09:37:30.461  1590  1651 I WindowManager: <<< CLOSE TRANSACTION performLayoutAndPlaceSurfaces
04-13 09:37:30.461  1590  1651 V WindowManager: With display frozen, orientationChangeComplete=true
04-13 09:37:30.461  1590  1651 D WindowManager: stopFreezingDisplayLocked: Returning mWaitingForConfig=false, mAppsFreezingScreen=0, mWindowsFreezingScreen=0, mClientFreezingScreen=true, mOpeningApps.size()=0
04-13 09:37:30.461   544   544 E AAAA    : setUpHWComposer: empty: more  wasEmpty: notEmpty
04-13 09:37:30.464  1590  1651 I WindowManager: >>> OPEN TRANSACTION performLayoutAndPlaceSurfaces
04-13 09:37:30.464  1590  1651 I WindowManager:   SURFACE Surface(name=)---MATRIX [1.0,0.0,0.0,1.0]: 
04-13 09:37:30.465  1590  1651 I WindowManager:   SURFACE Surface(name=StatusBar)---MATRIX [1.0,0.0,0.0,1.0]: StatusBar
04-13 09:37:30.465  1590  1651 I WindowManager:   SURFACE Surface(name=com.miui.securitycore/com.miui.securityspace.ui.activity.PrivateSpaceMainActivity)---MATRIX [1.0,0.0,0.0,1.0]: com.miui.securitycore/com.miui.securityspace.ui.activity.PrivateSpaceMainActivity
04-13 09:37:30.465  1590  1651 I WindowManager:   SURFACE Surface(name=com.android.systemui.ImageWallpaper)---MATRIX [1.0,0.0,0.0,1.0]: com.android.systemui.ImageWallpaper
04-13 09:37:30.467  1590  1651 I WindowManager: <<< CLOSE TRANSACTION performLayoutAndPlaceSurfaces
04-13 09:37:30.467  1590  1651 V WindowManager: With display frozen, orientationChangeComplete=true
04-13 09:37:30.467  1590  1651 D WindowManager: stopFreezingDisplayLocked: Returning mWaitingForConfig=false, mAppsFreezingScreen=0, mWindowsFreezingScreen=0, mClientFreezingScreen=true, mOpeningApps.size()=0
04-13 09:37:30.476  1590  1651 I WindowManager: >>> OPEN TRANSACTION performLayoutAndPlaceSurfaces
04-13 09:37:30.476  1590  1651 I WindowManager:   SURFACE Surface(name=)---MATRIX [1.0,0.0,0.0,1.0]: 
04-13 09:37:30.476  1590  1651 I WindowManager:   SURFACE Surface(name=StatusBar)---MATRIX [1.0,0.0,0.0,1.0]: StatusBar
04-13 09:37:30.476  1590  1651 I WindowManager:   SURFACE Surface(name=com.miui.securitycore/com.miui.securityspace.ui.activity.PrivateSpaceMainActivity)---MATRIX [1.0,0.0,0.0,1.0]: com.miui.securitycore/com.miui.securityspace.ui.activity.PrivateSpaceMainActivity
04-13 09:37:30.476  1590  1651 I WindowManager:   SURFACE Surface(name=com.android.systemui.ImageWallpaper)---MATRIX [1.0,0.0,0.0,1.0]: com.android.systemui.ImageWallpaper
04-13 09:37:30.477  1590  1651 I WindowManager: <<< CLOSE TRANSACTION performLayoutAndPlaceSurfaces
04-13 09:37:30.477  1590  1651 V WindowManager: With display frozen, orientationChangeComplete=true
04-13 09:37:30.477  1590  1651 D WindowManager: stopFreezingDisplayLocked: Returning mWaitingForConfig=false, mAppsFreezingScreen=0, mWindowsFreezingScreen=0, mClientFreezingScreen=true, mOpeningApps.size()=0
04-13 09:37:30.478   544   544 E AAAA    : setUpHWComposer: empty: more  wasEmpty: notEmpty
04-13 09:37:30.479  1590  1651 I WindowManager: >>> OPEN TRANSACTION performLayoutAndPlaceSurfaces
04-13 09:37:30.479  1590  1651 I WindowManager:   SURFACE Surface(name=)---MATRIX [1.0,0.0,0.0,1.0]: 
04-13 09:37:30.479  1590  1651 I WindowManager:   SURFACE Surface(name=StatusBar)---MATRIX [1.0,0.0,0.0,1.0]: StatusBar
04-13 09:37:30.479  1590  1651 I WindowManager:   SURFACE Surface(name=com.miui.securitycore/com.miui.securityspace.ui.activity.PrivateSpaceMainActivity)---MATRIX [1.0,0.0,0.0,1.0]: com.miui.securitycore/com.miui.securityspace.ui.activity.PrivateSpaceMainActivity
04-13 09:37:30.480  1590  1651 I WindowManager:   SURFACE Surface(name=com.android.systemui.ImageWallpaper)---MATRIX [1.0,0.0,0.0,1.0]: com.android.systemui.ImageWallpaper
04-13 09:37:30.480  1590  1651 I WindowManager: <<< CLOSE TRANSACTION performLayoutAndPlaceSurfaces
04-13 09:37:30.480  1590  1651 V WindowManager: With display frozen, orientationChangeComplete=true
04-13 09:37:30.480  1590  1651 D WindowManager: stopFreezingDisplayLocked: Returning mWaitingForConfig=false, mAppsFreezingScreen=0, mWindowsFreezingScreen=0, mClientFreezingScreen=true, mOpeningApps.size()=0
04-13 09:37:30.480  1590  1651 E AAAA    : start user in home
04-13 09:37:30.491  1590  1651 V WindowManager: Prepare app transition: transit=TRANSIT_TASK_OPEN mNextAppTransition=TRANSIT_UNSET alwaysKeepCurrent=false Callers=com.android.server.wm.WindowManagerService.prepareAppTransition:4074 com.android.server.am.ActivityStack.startActivityLocked:2862 com.android.server.am.ActivityStarter.startActivityUnchecked:1295 
04-13 09:37:30.494   544   544 E AAAA    : setUpHWComposer: empty: more  wasEmpty: notEmpty
04-13 09:37:30.496  1590  1651 I WindowManager: Failed to capture screenshot of Token{66b1cc ActivityRecord{e9e0fff u0 com.miui.securitycore/com.miui.securityspace.ui.activity.PrivateSpaceMainActivity t135}} appWin=Window{613330 u0 com.miui.securitycore/com.miui.securityspace.ui.activity.PrivateSpaceMainActivity} drawState=4
04-13 09:37:30.497  1590  1651 V WindowManager: Clear freezing of Token{66b1cc ActivityRecord{e9e0fff u0 com.miui.securitycore/com.miui.securityspace.ui.activity.PrivateSpaceMainActivity t135}}: hidden=false freezing=false
04-13 09:37:30.498  1590  1651 V WindowManager: setAppVisibility(Token{eb4cd52 ActivityRecord{e88eddd u11 com.miui.home/.launcher.Launcher t1100000}}, visible=true): mNextAppTransition=TRANSIT_TASK_OPEN hidden=true hiddenRequested=true Callers=com.android.server.am.ActivityStack.setVisible:1499 com.android.server.am.ActivityStack.makeVisibleAndRestartIfNeeded:1937 com.android.server.am.ActivityStack.ensureActivitiesVisibleLocked:1805 com.android.server.am.ActivityStackSupervisor.ensureActivitiesVisibleLocked:3187 com.android.server.am.ActivityStack.completePauseLocked:1419 com.android.server.am.ActivityStack.startPausingLocked:1211 
04-13 09:37:30.498  1590  1651 V WindowManager: Changing app AppWindowToken{16ba120 token=Token{eb4cd52 ActivityRecord{e88eddd u11 com.miui.home/.launcher.Launcher t1100000}}} hidden=true performLayout=true
04-13 09:37:30.498  1590  1651 V WindowManager: setTokenVisibilityLocked: AppWindowToken{16ba120 token=Token{eb4cd52 ActivityRecord{e88eddd u11 com.miui.home/.launcher.Launcher t1100000}}}: hidden=false hiddenRequested=false
04-13 09:37:30.515  1590  1651 I WindowManager: Failed to capture screenshot of Token{66b1cc ActivityRecord{e9e0fff u0 com.miui.securitycore/com.miui.securityspace.ui.activity.PrivateSpaceMainActivity t135}} appWin=Window{613330 u0 com.miui.securitycore/com.miui.securityspace.ui.activity.PrivateSpaceMainActivity} drawState=4
04-13 09:37:30.516  1590  1651 V WindowManager: setAppVisibility(Token{66b1cc ActivityRecord{e9e0fff u0 com.miui.securitycore/com.miui.securityspace.ui.activity.PrivateSpaceMainActivity t135}}, visible=false): mNextAppTransition=TRANSIT_TASK_OPEN hidden=false hiddenRequested=false Callers=com.android.server.am.ActivityStack.setVisible:1499 com.android.server.am.ActivityStack.makeInvisible:1956 com.android.server.am.ActivityStack.ensureActivitiesVisibleLocked:1838 com.android.server.am.ActivityStackSupervisor.ensureActivitiesVisibleLocked:3187 com.android.server.am.ActivityStack.completePauseLocked:1419 com.android.server.am.ActivityStack.startPausingLocked:1211 
04-13 09:37:30.516  1590  1651 V WindowManager: Changing app AppWindowToken{5ae0c15 token=Token{66b1cc ActivityRecord{e9e0fff u0 com.miui.securitycore/com.miui.securityspace.ui.activity.PrivateSpaceMainActivity t135}}} hidden=false performLayout=true
04-13 09:37:30.516  1590  1651 V WindowManager: setTokenVisibilityLocked: AppWindowToken{5ae0c15 token=Token{66b1cc ActivityRecord{e9e0fff u0 com.miui.securitycore/com.miui.securityspace.ui.activity.PrivateSpaceMainActivity t135}}}: hidden=true hiddenRequested=true
04-13 09:37:30.517  1590  1651 V WindowManager: Prepare app transition: transit=TRANSIT_ACTIVITY_OPEN mNextAppTransition=TRANSIT_TASK_OPEN alwaysKeepCurrent=false Callers=com.android.server.wm.WindowManagerService.prepareAppTransition:4074 com.android.server.am.ActivityStack.resumeTopActivityInnerLocked:2463 com.android.server.am.ActivityStack.resumeTopActivityUncheckedLocked:2174 
04-13 09:37:30.517  1590  1651 I WindowManager: >>> OPEN TRANSACTION performLayoutAndPlaceSurfaces
04-13 09:37:30.518  1590  1651 I WindowManager:   SURFACE Surface(name=)---MATRIX [1.0,0.0,0.0,1.0]: 
04-13 09:37:30.518  1590  1651 I WindowManager:   SURFACE Surface(name=StatusBar)---MATRIX [1.0,0.0,0.0,1.0]: StatusBar
04-13 09:37:30.518  1590  1651 I WindowManager:   SURFACE Surface(name=com.miui.securitycore/com.miui.securityspace.ui.activity.PrivateSpaceMainActivity)---MATRIX [1.0,0.0,0.0,1.0]: com.miui.securitycore/com.miui.securityspace.ui.activity.PrivateSpaceMainActivity
04-13 09:37:30.518  1590  1651 I WindowManager:   SURFACE Surface(name=com.android.systemui.ImageWallpaper)---MATRIX [1.0,0.0,0.0,1.0]: com.android.systemui.ImageWallpaper
04-13 09:37:30.518  1590  1651 I WindowManager: <<< CLOSE TRANSACTION performLayoutAndPlaceSurfaces
04-13 09:37:30.519  1590  1651 V WindowManager: With display frozen, orientationChangeComplete=true
04-13 09:37:30.519  1590  1651 D WindowManager: stopFreezingDisplayLocked: Returning mWaitingForConfig=false, mAppsFreezingScreen=0, mWindowsFreezingScreen=0, mClientFreezingScreen=true, mOpeningApps.size()=0
04-13 09:37:30.523  1590  1651 V WindowManager: Remove Window{6dcbb5c u0 android}: mSurfaceController=Surface(name=) mAnimatingExit=false mRemoveOnExit=false mHasSurface=true surfaceShowing=true isAnimationSet=false app-animation=null mWillReplaceWindow=false inPendingTransaction=false mDisplayFrozen=true callers=com.android.server.wm.WindowManagerService.removeWindowLocked:2439 com.android.server.wm.WindowManagerService.removeWindow:2434 com.android.server.wm.Session.remove:202 android.view.ViewRootImpl.dispatchDetachedFromWindow:3323 android.view.ViewRootImpl.doDie:5934 android.view.ViewRootImpl.die:5911 
04-13 09:37:30.524  1590  1651 I WindowManager:   SURFACE DESTROY: Window{6dcbb5c u0 android}
04-13 09:37:30.524  1590  1651 I WindowManager: Destroying surface Surface(name=) called by com.android.server.wm.WindowStateAnimator.destroySurface:2043 com.android.server.wm.WindowStateAnimator.destroySurfaceLocked:895 com.android.server.wm.WindowState.removeLocked:1458 com.android.server.wm.WindowManagerService.removeWindowInnerLocked:2612 com.android.server.wm.WindowManagerService.removeWindowLocked:2570 com.android.server.wm.WindowManagerService.removeWindowLocked:2439 com.android.server.wm.WindowManagerService.removeWindow:2434 com.android.server.wm.Session.remove:202 
04-13 09:37:30.524  1590  1651 I WindowManager: >>> OPEN TRANSACTION performLayoutAndPlaceSurfaces
04-13 09:37:30.525  1590  1651 I WindowManager:   SURFACE Surface(name=StatusBar)---MATRIX [1.0,0.0,0.0,1.0]: StatusBar
04-13 09:37:30.525  1590  1651 I WindowManager:   SURFACE Surface(name=com.miui.securitycore/com.miui.securityspace.ui.activity.PrivateSpaceMainActivity)---MATRIX [1.0,0.0,0.0,1.0]: com.miui.securitycore/com.miui.securityspace.ui.activity.PrivateSpaceMainActivity
04-13 09:37:30.525  1590  1651 I WindowManager:   SURFACE Surface(name=com.android.systemui.ImageWallpaper)---MATRIX [1.0,0.0,0.0,1.0]: com.android.systemui.ImageWallpaper
04-13 09:37:30.526  1590  1651 I WindowManager: <<< CLOSE TRANSACTION performLayoutAndPlaceSurfaces
04-13 09:37:30.526  1590  1651 V WindowManager: With display frozen, orientationChangeComplete=true
04-13 09:37:30.526  1590  1651 D WindowManager: stopFreezingDisplayLocked: Returning mWaitingForConfig=false, mAppsFreezingScreen=0, mWindowsFreezingScreen=0, mClientFreezingScreen=true, mOpeningApps.size()=0
04-13 09:37:30.528   544   544 E AAAA    : setUpHWComposer: empty: more  wasEmpty: notEmpty
04-13 09:37:30.529  1590  3047 V WindowManager: Saving surface: Window{613330 u0 com.miui.securitycore/com.miui.securityspace.ui.activity.PrivateSpaceMainActivity}
04-13 09:37:30.530  1590  3047 I WindowManager:   SURFACE transparentRegionHint=SkRegion(): Window{613330 u0 com.miui.securitycore/com.miui.securityspace.ui.activity.PrivateSpaceMainActivity}
04-13 09:37:30.530  1590  3047 I WindowManager: >>> OPEN TRANSACTION setTransparentRegion
04-13 09:37:30.530  1590  3047 I WindowManager: <<< CLOSE TRANSACTION setTransparentRegion
04-13 09:37:30.530  1590  3047 I WindowManager:   SURFACE Surface(name=com.miui.securitycore/com.miui.securityspace.ui.activity.PrivateSpaceMainActivity)---HIDE ( saved surface ): com.miui.securitycore/com.miui.securityspace.ui.activity.PrivateSpaceMainActivity
04-13 09:37:30.530  1590  3047 I WindowManager: Disconnecting client: Surface(name=com.miui.securitycore/com.miui.securityspace.ui.activity.PrivateSpaceMainActivity)
04-13 09:37:30.535  1590  3047 V WindowManager: Done at AppWindowToken{16ba120 token=Token{eb4cd52 ActivityRecord{e88eddd u11 com.miui.home/.launcher.Launcher t1100000}}} -- full screen, return 1
04-13 09:37:30.535  1590  3047 I WindowManager: >>> OPEN TRANSACTION performLayoutAndPlaceSurfaces
04-13 09:37:30.535  1590  3047 I WindowManager:   SURFACE Surface(name=StatusBar)---MATRIX [1.0,0.0,0.0,1.0]: StatusBar
04-13 09:37:30.535  1590  3047 I WindowManager:   SURFACE Surface(name=com.android.systemui.ImageWallpaper)---MATRIX [1.0,0.0,0.0,1.0]: com.android.systemui.ImageWallpaper
04-13 09:37:30.536  1590  3047 I WindowManager: <<< CLOSE TRANSACTION performLayoutAndPlaceSurfaces
04-13 09:37:30.536  1590  3047 V WindowManager: With display frozen, orientationChangeComplete=true
04-13 09:37:30.536  1590  3047 D WindowManager: stopFreezingDisplayLocked: Returning mWaitingForConfig=false, mAppsFreezingScreen=0, mWindowsFreezingScreen=0, mClientFreezingScreen=true, mOpeningApps.size()=0
04-13 09:37:30.536  1590  1656 I WindowManager: >>> OPEN TRANSACTION animateLocked
04-13 09:37:30.537  1590  1656 I WindowManager:   SURFACE Surface(name=com.android.systemui.ImageWallpaper)---MATRIX [1.0,0.0,0.0,1.0]: com.android.systemui.ImageWallpaper
04-13 09:37:30.537  1590  1656 I WindowManager:   SURFACE Surface(name=StatusBar)---MATRIX [1.0,0.0,0.0,1.0]: StatusBar
04-13 09:37:30.537  1590  1656 I WindowManager: <<< CLOSE TRANSACTION animateLocked
04-13 09:37:30.544   544   544 E AAAA    : setUpHWComposer: empty: hasOne  wasEmpty: notEmpty
04-13 09:37:30.544   544   544 E AAAA    : layer name ScreenshotSurface
04-13 09:37:30.563  1590  5294 I WindowManager: Set freezing of Token{eb4cd52 ActivityRecord{e88eddd u11 com.miui.home/.launcher.Launcher t1100000}}: hidden=false freezing=false
04-13 09:37:30.563  1590  5294 V WindowManager: setAppVisibility(Token{eb4cd52 ActivityRecord{e88eddd u11 com.miui.home/.launcher.Launcher t1100000}}, visible=true): mNextAppTransition=TRANSIT_TASK_OPEN hidden=false hiddenRequested=false Callers=com.android.server.am.ActivityStackSupervisor.realStartActivityLocked:1259 com.android.server.am.ActivityStackSupervisor.attachApplicationLocked:911 com.android.server.am.ActivityManagerService.attachApplicationLocked:6953 com.android.server.am.ActivityManagerService.attachApplication:7017 android.app.ActivityManagerNative.onTransact:542 com.android.server.am.ActivityManagerService.onTransact:2898 
04-13 09:37:30.563  1590  5294 V WindowManager: Done at AppWindowToken{16ba120 token=Token{eb4cd52 ActivityRecord{e88eddd u11 com.miui.home/.launcher.Launcher t1100000}}} -- full screen, return 1
04-13 09:37:30.564  1590  5294 I WindowManager: >>> OPEN TRANSACTION performLayoutAndPlaceSurfaces
04-13 09:37:30.564  1590  5294 I WindowManager:   SURFACE Surface(name=StatusBar)---MATRIX [1.0,0.0,0.0,1.0]: StatusBar
04-13 09:37:30.564  1590  5294 I WindowManager:   SURFACE Surface(name=com.android.systemui.ImageWallpaper)---MATRIX [1.0,0.0,0.0,1.0]: com.android.systemui.ImageWallpaper
04-13 09:37:30.565  1590  5294 I WindowManager: <<< CLOSE TRANSACTION performLayoutAndPlaceSurfaces
04-13 09:37:30.565  1590  5294 V WindowManager: With display frozen, orientationChangeComplete=true
04-13 09:37:30.565  1590  5294 D WindowManager: stopFreezingDisplayLocked: Returning mWaitingForConfig=false, mAppsFreezingScreen=1, mWindowsFreezingScreen=0, mClientFreezingScreen=true, mOpeningApps.size()=0
04-13 09:37:30.570  1590  5294 W WindowManager: Execute app transition: mNextAppTransition=TRANSIT_TASK_OPEN Callers=com.android.server.am.ActivityStackSupervisor.reportResumedActivityLocked:3075 com.android.server.am.ActivityStack.completeResumeLocked:1471 com.android.server.am.ActivityStack.minimalResumeActivityLocked:945 com.android.server.am.ActivityStackSupervisor.realStartActivityLocked:1417 com.android.server.am.ActivityStackSupervisor.attachApplicationLocked:911 
04-13 09:37:30.570  1590  5294 I WindowManager: >>> OPEN TRANSACTION performLayoutAndPlaceSurfaces
04-13 09:37:30.571  1590  5294 I WindowManager:   SURFACE Surface(name=StatusBar)---MATRIX [1.0,0.0,0.0,1.0]: StatusBar
04-13 09:37:30.571  1590  5294 I WindowManager:   SURFACE Surface(name=com.android.systemui.ImageWallpaper)---MATRIX [1.0,0.0,0.0,1.0]: com.android.systemui.ImageWallpaper
04-13 09:37:30.572  1590  5294 I WindowManager: <<< CLOSE TRANSACTION performLayoutAndPlaceSurfaces
04-13 09:37:30.573  1590  5294 V WindowManager: Checking 0 opening apps (frozen=true timeout=false)...
04-13 09:37:30.573  1590  5294 V WindowManager: **** GOOD TO GO
04-13 09:37:30.573  1590  5294 V WindowManager: New wallpaper target=null, oldWallpaper=null, lower target=null, upper target=null, openingApps={}, closingApps={}
04-13 09:37:30.574  1590  5294 V WindowManager: With display frozen, orientationChangeComplete=true
04-13 09:37:30.574  1590  5294 D WindowManager: stopFreezingDisplayLocked: Returning mWaitingForConfig=false, mAppsFreezingScreen=1, mWindowsFreezingScreen=0, mClientFreezingScreen=true, mOpeningApps.size()=0
04-13 09:37:30.578   544   544 E AAAA    : setUpHWComposer: empty: hasOne  wasEmpty: notEmpty
04-13 09:37:30.578   544   544 E AAAA    : layer name ScreenshotSurface
04-13 09:37:30.580  1590  5294 I WindowManager: >>> OPEN TRANSACTION performLayoutAndPlaceSurfaces
04-13 09:37:30.580  1590  5294 V WindowManager: Done at AppWindowToken{16ba120 token=Token{eb4cd52 ActivityRecord{e88eddd u11 com.miui.home/.launcher.Launcher t1100000}}} -- full screen, return 1
04-13 09:37:30.581  1590  5294 I WindowManager:   SURFACE Surface(name=StatusBar)---MATRIX [1.0,0.0,0.0,1.0]: StatusBar
04-13 09:37:30.581  1590  5294 I WindowManager:   SURFACE Surface(name=com.android.systemui.ImageWallpaper)---MATRIX [1.0,0.0,0.0,1.0]: com.android.systemui.ImageWallpaper
04-13 09:37:30.582  1590  5294 I WindowManager: <<< CLOSE TRANSACTION performLayoutAndPlaceSurfaces
04-13 09:37:30.582  1590  5294 V WindowManager: With display frozen, orientationChangeComplete=true
04-13 09:37:30.582  1590  5294 D WindowManager: stopFreezingDisplayLocked: Returning mWaitingForConfig=false, mAppsFreezingScreen=1, mWindowsFreezingScreen=0, mClientFreezingScreen=true, mOpeningApps.size()=0
04-13 09:37:30.594   544   544 E AAAA    : setUpHWComposer: empty: hasOne  wasEmpty: notEmpty
04-13 09:37:30.594   544   544 E AAAA    : layer name ScreenshotSurface
04-13 09:37:30.609  1590  1656 I WindowManager: >>> OPEN TRANSACTION animateLocked
04-13 09:37:30.609  1590  1656 I WindowManager:   SURFACE Surface(name=com.android.systemui.ImageWallpaper)---MATRIX [1.0,0.0,0.0,1.0]: com.android.systemui.ImageWallpaper
04-13 09:37:30.609  1590  1656 I WindowManager:   SURFACE Surface(name=StatusBar)---MATRIX [1.0,0.0,0.0,1.0]: StatusBar
04-13 09:37:30.610  1590  1656 I WindowManager: <<< CLOSE TRANSACTION animateLocked
04-13 09:37:30.612   544   544 E AAAA    : setUpHWComposer: empty: hasOne  wasEmpty: notEmpty
04-13 09:37:30.612   544   544 E AAAA    : layer name ScreenshotSurface
04-13 09:37:30.687   544   544 E AAAA    : setUpHWComposer: empty: hasOne  wasEmpty: notEmpty
04-13 09:37:30.761   544   544 E AAAA    : setUpHWComposer: empty: hasOne  wasEmpty: notEmpty
04-13 09:37:30.929  1590  1651 V WindowManager: updateRotationUnchecked(alwaysSendConfiguration=false)
04-13 09:37:30.929  1590  1651 V WindowManager: Application requested orientation 1, got rotation 0 which has compatible metrics
04-13 09:37:30.929  1590  1651 I WindowManager: >>> OPEN TRANSACTION performLayoutAndPlaceSurfaces
04-13 09:37:30.929  1590  1651 I WindowManager:   SURFACE Surface(name=StatusBar)---MATRIX [1.0,0.0,0.0,1.0]: StatusBar
04-13 09:37:30.930  1590  1651 I WindowManager:   SURFACE Surface(name=com.android.systemui.ImageWallpaper)---MATRIX [1.0,0.0,0.0,1.0]: com.android.systemui.ImageWallpaper
04-13 09:37:30.933  1590  1651 I WindowManager: <<< CLOSE TRANSACTION performLayoutAndPlaceSurfaces
04-13 09:37:30.933  1590  1651 V WindowManager: With display frozen, orientationChangeComplete=true
04-13 09:37:30.933  1590  1651 D WindowManager: stopFreezingDisplayLocked: Returning mWaitingForConfig=false, mAppsFreezingScreen=1, mWindowsFreezingScreen=0, mClientFreezingScreen=true, mOpeningApps.size()=0
04-13 09:37:30.944  1590  1656 I WindowManager: >>> OPEN TRANSACTION animateLocked
04-13 09:37:30.944  1590  1656 I WindowManager:   SURFACE Surface(name=com.android.systemui.ImageWallpaper)---MATRIX [1.0,0.0,0.0,1.0]: com.android.systemui.ImageWallpaper
04-13 09:37:30.944  1590  1656 I WindowManager:   SURFACE Surface(name=StatusBar)---MATRIX [1.0,0.0,0.0,1.0]: StatusBar
04-13 09:37:30.945  1590  1656 I WindowManager: <<< CLOSE TRANSACTION animateLocked
04-13 09:37:30.945   544   544 E AAAA    : setUpHWComposer: empty: hasOne  wasEmpty: notEmpty
04-13 09:37:30.945   544   544 E AAAA    : layer name ScreenshotSurface
04-13 09:37:31.224  1590  5294 V WindowManager: Remove Window{3a5ab49 u0 com.android.systemui.ImageWallpaper}: mSurfaceController=Surface(name=com.android.systemui.ImageWallpaper) mAnimatingExit=false mRemoveOnExit=false mHasSurface=true surfaceShowing=false isAnimationSet=false app-animation=null mWillReplaceWindow=false inPendingTransaction=false mDisplayFrozen=true callers=com.android.server.wm.WindowManagerService.removeWindowLocked:2439 com.android.server.wm.WindowManagerService.removeWindow:2434 com.android.server.wm.Session.remove:202 android.view.IWindowSession$Stub.onTransact:242 com.android.server.wm.Session.onTransact:145 android.os.Binder.execTransact:567 
04-13 09:37:31.224  1590  5294 I WindowManager:   SURFACE DESTROY: Window{3a5ab49 u0 com.android.systemui.ImageWallpaper}
04-13 09:37:31.225  1590  5294 I WindowManager: Destroying surface Surface(name=com.android.systemui.ImageWallpaper) called by com.android.server.wm.WindowStateAnimator.destroySurface:2043 com.android.server.wm.WindowStateAnimator.destroySurfaceLocked:895 com.android.server.wm.WindowState.removeLocked:1458 com.android.server.wm.WindowManagerService.removeWindowInnerLocked:2612 com.android.server.wm.WindowManagerService.removeWindowLocked:2570 com.android.server.wm.WindowManagerService.removeWindowLocked:2439 com.android.server.wm.WindowManagerService.removeWindow:2434 com.android.server.wm.Session.remove:202 
04-13 09:37:31.226  1590  5294 I WindowManager: >>> OPEN TRANSACTION performLayoutAndPlaceSurfaces
04-13 09:37:31.226  1590  5294 I WindowManager:   SURFACE Surface(name=StatusBar)---MATRIX [1.0,0.0,0.0,1.0]: StatusBar
04-13 09:37:31.227  1590  5294 I WindowManager: <<< CLOSE TRANSACTION performLayoutAndPlaceSurfaces
04-13 09:37:31.227  1590  5294 V WindowManager: With display frozen, orientationChangeComplete=true
04-13 09:37:31.227  1590  5294 D WindowManager: stopFreezingDisplayLocked: Returning mWaitingForConfig=false, mAppsFreezingScreen=1, mWindowsFreezingScreen=0, mClientFreezingScreen=true, mOpeningApps.size()=0
04-13 09:37:31.229   544   544 E AAAA    : setUpHWComposer: empty: hasOne  wasEmpty: notEmpty
04-13 09:37:31.229   544   544 E AAAA    : layer name ScreenshotSurface
04-13 09:37:31.244  1590  1656 I WindowManager: >>> OPEN TRANSACTION animateLocked
04-13 09:37:31.244  1590  1656 I WindowManager:   SURFACE Surface(name=StatusBar)---MATRIX [1.0,0.0,0.0,1.0]: StatusBar
04-13 09:37:31.245  1590  1656 I WindowManager: <<< CLOSE TRANSACTION animateLocked
04-13 09:37:31.259  1590  1650 V WindowManager: setAppVisibility(Token{66b1cc ActivityRecord{e9e0fff u0 com.miui.securitycore/com.miui.securityspace.ui.activity.PrivateSpaceMainActivity t135}}, visible=false): mNextAppTransition=TRANSIT_UNSET hidden=true hiddenRequested=true Callers=com.android.server.am.ActivityStack.stopActivityLocked:3415 com.android.server.am.ActivityStackSupervisor.activityIdleInternalLocked:1784 com.android.server.am.ActivityStackSupervisor$ActivityStackSupervisorHandler.activityIdleInternal:4054 com.android.server.am.ActivityStackSupervisor$ActivityStackSupervisorHandler.handleMessage:4093 android.os.Handler.dispatchMessage:102 android.os.Looper.loop:165 
04-13 09:37:31.261   544   544 E AAAA    : setUpHWComposer: empty: hasOne  wasEmpty: notEmpty
04-13 09:37:31.261   544   544 E AAAA    : layer name ScreenshotSurface
04-13 09:37:31.344   544   544 E AAAA    : setUpHWComposer: empty: hasOne  wasEmpty: notEmpty
04-13 09:37:31.380  1590  1590 V WindowManager: updateRotationUnchecked(alwaysSendConfiguration=false)
04-13 09:37:31.380  1590  1590 V WindowManager: Application requested orientation 1, got rotation 0 which has compatible metrics
04-13 09:37:31.380  1590  1590 I WindowManager: >>> OPEN TRANSACTION performLayoutAndPlaceSurfaces
04-13 09:37:31.380  1590  1590 I WindowManager:   SURFACE Surface(name=StatusBar)---MATRIX [1.0,0.0,0.0,1.0]: StatusBar
04-13 09:37:31.381  1590  1590 I WindowManager: <<< CLOSE TRANSACTION performLayoutAndPlaceSurfaces
04-13 09:37:31.381  1590  1590 V WindowManager: With display frozen, orientationChangeComplete=true
04-13 09:37:31.381  1590  1590 D WindowManager: stopFreezingDisplayLocked: Returning mWaitingForConfig=false, mAppsFreezingScreen=1, mWindowsFreezingScreen=0, mClientFreezingScreen=true, mOpeningApps.size()=0
04-13 09:37:31.394   544   544 E AAAA    : setUpHWComposer: empty: hasOne  wasEmpty: notEmpty
04-13 09:37:31.394   544   544 E AAAA    : layer name ScreenshotSurface
04-13 09:37:31.410   544   544 E AAAA    : setUpHWComposer: empty: hasOne  wasEmpty: notEmpty
04-13 09:37:31.461  1590  1656 I WindowManager: >>> OPEN TRANSACTION animateLocked
04-13 09:37:31.461  1590  1656 I WindowManager:   SURFACE Surface(name=StatusBar)---MATRIX [1.0,0.0,0.0,1.0]: StatusBar
04-13 09:37:31.461  1590  1656 I WindowManager: <<< CLOSE TRANSACTION animateLocked
04-13 09:37:31.477   544   544 E AAAA    : setUpHWComposer: empty: hasOne  wasEmpty: notEmpty
04-13 09:37:31.477   544   544 E AAAA    : layer name ScreenshotSurface
04-13 09:37:31.494   544   544 E AAAA    : setUpHWComposer: empty: hasOne  wasEmpty: notEmpty
04-13 09:37:31.494   544   544 E AAAA    : layer name ScreenshotSurface
04-13 09:37:31.628   544   544 E AAAA    : setUpHWComposer: empty: hasOne  wasEmpty: notEmpty
04-13 09:37:31.644   544   544 E AAAA    : setUpHWComposer: empty: hasOne  wasEmpty: notEmpty
04-13 09:37:31.661   544   544 E AAAA    : setUpHWComposer: empty: hasOne  wasEmpty: notEmpty
04-13 09:37:31.679   544   544 E AAAA    : setUpHWComposer: empty: hasOne  wasEmpty: notEmpty
04-13 09:37:31.694   544   544 E AAAA    : setUpHWComposer: empty: hasOne  wasEmpty: notEmpty
04-13 09:37:31.711   544   544 E AAAA    : setUpHWComposer: empty: hasOne  wasEmpty: notEmpty
04-13 09:37:31.727   544   544 E AAAA    : setUpHWComposer: empty: hasOne  wasEmpty: notEmpty
04-13 09:37:31.747   544   544 E AAAA    : setUpHWComposer: empty: hasOne  wasEmpty: notEmpty
04-13 09:37:31.748  1590  8650 V WindowManager: Prepare app transition: transit=TRANSIT_TASK_OPEN mNextAppTransition=TRANSIT_UNSET alwaysKeepCurrent=false Callers=com.android.server.wm.WindowManagerService.prepareAppTransition:4074 com.android.server.am.ActivityStack.startActivityLocked:2862 com.android.server.am.ActivityStarter.startActivityUnchecked:1295 
04-13 09:37:31.754  1590  8650 I WindowManager: >>> OPEN TRANSACTION performLayoutAndPlaceSurfaces
04-13 09:37:31.754  1590  8650 I WindowManager:   SURFACE Surface(name=StatusBar)---MATRIX [1.0,0.0,0.0,1.0]: StatusBar
04-13 09:37:31.755  1590  8650 I WindowManager: <<< CLOSE TRANSACTION performLayoutAndPlaceSurfaces
04-13 09:37:31.757  1590  8650 V WindowManager: With display frozen, orientationChangeComplete=true
04-13 09:37:31.757  1590  8650 D WindowManager: stopFreezingDisplayLocked: Returning mWaitingForConfig=false, mAppsFreezingScreen=1, mWindowsFreezingScreen=0, mClientFreezingScreen=true, mOpeningApps.size()=0
04-13 09:37:31.761   544   544 E AAAA    : setUpHWComposer: empty: hasOne  wasEmpty: notEmpty
04-13 09:37:31.762   544   544 E AAAA    : layer name ScreenshotSurface
04-13 09:37:31.777  1590  1656 I WindowManager: >>> OPEN TRANSACTION animateLocked
04-13 09:37:31.777   544   544 E AAAA    : setUpHWComposer: empty: hasOne  wasEmpty: notEmpty
04-13 09:37:31.779  1590  1656 I WindowManager:   SURFACE Surface(name=StatusBar)---MATRIX [1.0,0.0,0.0,1.0]: StatusBar
04-13 09:37:31.779  1590  1656 I WindowManager: <<< CLOSE TRANSACTION animateLocked
04-13 09:37:31.789  1590  3045 V WindowManager: setAppVisibility(Token{8105ba ActivityRecord{f0aa6e5 u11 com.miui.securitycore/com.miui.securityspace.ui.activity.GuideStartActivity t1100001}}, visible=true): mNextAppTransition=TRANSIT_TASK_OPEN hidden=true hiddenRequested=true Callers=com.android.server.am.ActivityStack.setVisible:1499 com.android.server.am.ActivityStack.makeVisibleAndRestartIfNeeded:1937 com.android.server.am.ActivityStack.ensureActivitiesVisibleLocked:1805 com.android.server.am.ActivityStackSupervisor.ensureActivitiesVisibleLocked:3187 com.android.server.am.ActivityStackSupervisor.attachApplicationLocked:924 com.android.server.am.ActivityManagerService.attachApplicationLocked:6953 
04-13 09:37:31.789  1590  3045 V WindowManager: Changing app AppWindowToken{9ed53c8 token=Token{8105ba ActivityRecord{f0aa6e5 u11 com.miui.securitycore/com.miui.securityspace.ui.activity.GuideStartActivity t1100001}}} hidden=true performLayout=true
04-13 09:37:31.789  1590  3045 V WindowManager: setTokenVisibilityLocked: AppWindowToken{9ed53c8 token=Token{8105ba ActivityRecord{f0aa6e5 u11 com.miui.securitycore/com.miui.securityspace.ui.activity.GuideStartActivity t1100001}}}: hidden=false hiddenRequested=false
04-13 09:37:31.794   544   544 E AAAA    : setUpHWComposer: empty: hasOne  wasEmpty: notEmpty
04-13 09:37:31.794   544   544 E AAAA    : layer name ScreenshotSurface
04-13 09:37:31.811  1590  3045 V WindowManager: setAppVisibility(Token{eb4cd52 ActivityRecord{e88eddd u11 com.miui.home/.launcher.Launcher t1100000}}, visible=false): mNextAppTransition=TRANSIT_TASK_OPEN hidden=false hiddenRequested=false Callers=com.android.server.am.ActivityStack.setVisible:1499 com.android.server.am.ActivityStack.makeInvisible:1956 com.android.server.am.ActivityStack.ensureActivitiesVisibleLocked:1838 com.android.server.am.ActivityStackSupervisor.ensureActivitiesVisibleLocked:3187 com.android.server.am.ActivityStackSupervisor.attachApplicationLocked:924 com.android.server.am.ActivityManagerService.attachApplicationLocked:6953 
04-13 09:37:31.811  1590  3045 V WindowManager: Changing app AppWindowToken{16ba120 token=Token{eb4cd52 ActivityRecord{e88eddd u11 com.miui.home/.launcher.Launcher t1100000}}} hidden=false performLayout=true
04-13 09:37:31.811  1590  3045 V WindowManager: Clear freezing of AppWindowToken{16ba120 token=Token{eb4cd52 ActivityRecord{e88eddd u11 com.miui.home/.launcher.Launcher t1100000}}} force=true
04-13 09:37:31.811  1590  3045 V WindowManager: No longer freezing: AppWindowToken{16ba120 token=Token{eb4cd52 ActivityRecord{e88eddd u11 com.miui.home/.launcher.Launcher t1100000}}}
04-13 09:37:31.811  1590  3045 D WindowManager: stopFreezingDisplayLocked: Returning mWaitingForConfig=false, mAppsFreezingScreen=0, mWindowsFreezingScreen=0, mClientFreezingScreen=true, mOpeningApps.size()=0
04-13 09:37:31.811  1590  3045 V WindowManager: setTokenVisibilityLocked: AppWindowToken{16ba120 token=Token{eb4cd52 ActivityRecord{e88eddd u11 com.miui.home/.launcher.Launcher t1100000}}}: hidden=true hiddenRequested=true
04-13 09:37:31.849  1590  1897 V WindowManager: Remove Window{613330 u0 com.miui.securitycore/com.miui.securityspace.ui.activity.PrivateSpaceMainActivity}: mSurfaceController=Surface(name=com.miui.securitycore/com.miui.securityspace.ui.activity.PrivateSpaceMainActivity) mAnimatingExit=false mRemoveOnExit=false mHasSurface=false surfaceShowing=false isAnimationSet=false app-animation=null mWillReplaceWindow=false inPendingTransaction=false mDisplayFrozen=true callers=com.android.server.wm.WindowManagerService.removeWindowLocked:2439 com.android.server.wm.WindowManagerService.removeWindow:2434 com.android.server.wm.Session.remove:202 android.view.IWindowSession$Stub.onTransact:242 com.android.server.wm.Session.onTransact:145 android.os.Binder.execTransact:567 
04-13 09:37:31.849  1590  1897 I WindowManager:   SURFACE DESTROY: Window{613330 u0 com.miui.securitycore/com.miui.securityspace.ui.activity.PrivateSpaceMainActivity}
04-13 09:37:31.849  1590  1897 I WindowManager: Destroying surface Surface(name=com.miui.securitycore/com.miui.securityspace.ui.activity.PrivateSpaceMainActivity) called by com.android.server.wm.WindowStateAnimator.destroySurface:2043 com.android.server.wm.WindowStateAnimator.destroySurfaceLocked:895 com.android.server.wm.WindowState.removeLocked:1458 com.android.server.wm.WindowManagerService.removeWindowInnerLocked:2612 com.android.server.wm.WindowManagerService.removeWindowLocked:2570 com.android.server.wm.WindowManagerService.removeWindowLocked:2439 com.android.server.wm.WindowManagerService.removeWindow:2434 com.android.server.wm.Session.remove:202 
04-13 09:37:31.850  1590  1897 I WindowManager: >>> OPEN TRANSACTION performLayoutAndPlaceSurfaces
04-13 09:37:31.850  1590  1897 I WindowManager:   SURFACE Surface(name=StatusBar)---MATRIX [1.0,0.0,0.0,1.0]: StatusBar
04-13 09:37:31.851  1590  1897 I WindowManager: <<< CLOSE TRANSACTION performLayoutAndPlaceSurfaces
04-13 09:37:31.851  1590  1897 V WindowManager: With display frozen, orientationChangeComplete=true
04-13 09:37:31.851  1590  1897 D WindowManager: stopFreezingDisplayLocked: Returning mWaitingForConfig=false, mAppsFreezingScreen=0, mWindowsFreezingScreen=0, mClientFreezingScreen=true, mOpeningApps.size()=0
04-13 09:37:31.854  1590  1650 V WindowManager: setAppVisibility(Token{eb4cd52 ActivityRecord{e88eddd u11 com.miui.home/.launcher.Launcher t1100000}}, visible=false): mNextAppTransition=TRANSIT_TASK_OPEN hidden=true hiddenRequested=true Callers=com.android.server.am.ActivityStack.stopActivityLocked:3415 com.android.server.am.ActivityStackSupervisor.activityIdleInternalLocked:1784 com.android.server.am.ActivityStackSupervisor$ActivityStackSupervisorHandler.activityIdleInternal:4054 com.android.server.am.ActivityStackSupervisor$ActivityStackSupervisorHandler.handleMessage:4093 android.os.Handler.dispatchMessage:102 android.os.Looper.loop:165 
04-13 09:37:31.862   544   544 E AAAA    : setUpHWComposer: empty: hasOne  wasEmpty: notEmpty
04-13 09:37:31.862   544   544 E AAAA    : layer name ScreenshotSurface
04-13 09:37:31.878  1590  1656 I WindowManager: >>> OPEN TRANSACTION animateLocked
04-13 09:37:31.879  1590  1656 I WindowManager:   SURFACE Surface(name=StatusBar)---MATRIX [1.0,0.0,0.0,1.0]: StatusBar
04-13 09:37:31.879  1590  1656 I WindowManager: <<< CLOSE TRANSACTION animateLocked
04-13 09:37:31.895   544   544 E AAAA    : setUpHWComposer: empty: hasOne  wasEmpty: notEmpty
04-13 09:37:31.895   544   544 E AAAA    : layer name ScreenshotSurface
04-13 09:37:31.904  1590  2846 I WindowManager: Set freezing of Token{8105ba ActivityRecord{f0aa6e5 u11 com.miui.securitycore/com.miui.securityspace.ui.activity.GuideStartActivity t1100001}}: hidden=false freezing=false
04-13 09:37:31.904  1590  2846 V WindowManager: setAppVisibility(Token{8105ba ActivityRecord{f0aa6e5 u11 com.miui.securitycore/com.miui.securityspace.ui.activity.GuideStartActivity t1100001}}, visible=true): mNextAppTransition=TRANSIT_TASK_OPEN hidden=false hiddenRequested=false Callers=com.android.server.am.ActivityStackSupervisor.realStartActivityLocked:1259 com.android.server.am.ActivityStackSupervisor.attachApplicationLocked:911 com.android.server.am.ActivityManagerService.attachApplicationLocked:6953 com.android.server.am.ActivityManagerService.attachApplication:7017 android.app.ActivityManagerNative.onTransact:542 com.android.server.am.ActivityManagerService.onTransact:2898 
04-13 09:37:31.904  1590  2846 V WindowManager: Done at AppWindowToken{9ed53c8 token=Token{8105ba ActivityRecord{f0aa6e5 u11 com.miui.securitycore/com.miui.securityspace.ui.activity.GuideStartActivity t1100001}}} -- full screen, return 1
04-13 09:37:31.905  1590  2846 I WindowManager: >>> OPEN TRANSACTION performLayoutAndPlaceSurfaces
04-13 09:37:31.905  1590  2846 I WindowManager:   SURFACE Surface(name=StatusBar)---MATRIX [1.0,0.0,0.0,1.0]: StatusBar
04-13 09:37:31.906  1590  2846 I WindowManager: <<< CLOSE TRANSACTION performLayoutAndPlaceSurfaces
04-13 09:37:31.906  1590  2846 V WindowManager: With display frozen, orientationChangeComplete=true
04-13 09:37:31.906  1590  2846 D WindowManager: stopFreezingDisplayLocked: Returning mWaitingForConfig=false, mAppsFreezingScreen=1, mWindowsFreezingScreen=0, mClientFreezingScreen=true, mOpeningApps.size()=0
04-13 09:37:31.911  1590  2846 W WindowManager: Execute app transition: mNextAppTransition=TRANSIT_TASK_OPEN Callers=com.android.server.am.ActivityStackSupervisor.reportResumedActivityLocked:3075 com.android.server.am.ActivityStack.completeResumeLocked:1471 com.android.server.am.ActivityStack.minimalResumeActivityLocked:945 com.android.server.am.ActivityStackSupervisor.realStartActivityLocked:1417 com.android.server.am.ActivityStackSupervisor.attachApplicationLocked:911 
04-13 09:37:31.911  1590  2846 I WindowManager: >>> OPEN TRANSACTION performLayoutAndPlaceSurfaces
04-13 09:37:31.911   544   544 E AAAA    : setUpHWComposer: empty: hasOne  wasEmpty: notEmpty
04-13 09:37:31.911  1590  2846 I WindowManager:   SURFACE Surface(name=StatusBar)---MATRIX [1.0,0.0,0.0,1.0]: StatusBar
04-13 09:37:31.911   544   544 E AAAA    : layer name ScreenshotSurface
04-13 09:37:31.912  1590  2846 I WindowManager: <<< CLOSE TRANSACTION performLayoutAndPlaceSurfaces
04-13 09:37:31.912  1590  2846 V WindowManager: Checking 0 opening apps (frozen=true timeout=false)...
04-13 09:37:31.912  1590  2846 V WindowManager: **** GOOD TO GO
04-13 09:37:31.912  1590  2846 V WindowManager: New wallpaper target=null, oldWallpaper=null, lower target=null, upper target=null, openingApps={}, closingApps={}
04-13 09:37:31.912  1590  2846 V WindowManager: With display frozen, orientationChangeComplete=true
04-13 09:37:31.912  1590  2846 D WindowManager: stopFreezingDisplayLocked: Returning mWaitingForConfig=false, mAppsFreezingScreen=1, mWindowsFreezingScreen=0, mClientFreezingScreen=true, mOpeningApps.size()=0
04-13 09:37:31.913  1590  2846 I WindowManager: >>> OPEN TRANSACTION performLayoutAndPlaceSurfaces
04-13 09:37:31.913  1590  2846 V WindowManager: Done at AppWindowToken{9ed53c8 token=Token{8105ba ActivityRecord{f0aa6e5 u11 com.miui.securitycore/com.miui.securityspace.ui.activity.GuideStartActivity t1100001}}} -- full screen, return 1
04-13 09:37:31.913  1590  2846 I WindowManager:   SURFACE Surface(name=StatusBar)---MATRIX [1.0,0.0,0.0,1.0]: StatusBar
04-13 09:37:31.913  1590  2846 I WindowManager: <<< CLOSE TRANSACTION performLayoutAndPlaceSurfaces
04-13 09:37:31.913  1590  2846 V WindowManager: With display frozen, orientationChangeComplete=true
04-13 09:37:31.913  1590  2846 D WindowManager: stopFreezingDisplayLocked: Returning mWaitingForConfig=false, mAppsFreezingScreen=1, mWindowsFreezingScreen=0, mClientFreezingScreen=true, mOpeningApps.size()=0
04-13 09:37:31.914  1590  1656 I WindowManager: >>> OPEN TRANSACTION animateLocked
04-13 09:37:31.914  1590  1656 I WindowManager:   SURFACE Surface(name=StatusBar)---MATRIX [1.0,0.0,0.0,1.0]: StatusBar
04-13 09:37:31.915  1590  1656 I WindowManager: <<< CLOSE TRANSACTION animateLocked
04-13 09:37:31.928   544   544 E AAAA    : setUpHWComposer: empty: hasOne  wasEmpty: notEmpty
04-13 09:37:31.928   544   544 E AAAA    : layer name ScreenshotSurface
04-13 09:37:31.994   544   544 E AAAA    : setUpHWComposer: empty: hasOne  wasEmpty: notEmpty
04-13 09:37:32.021  1590  1780 V WindowManager: Removing app token: AppWindowToken{5ae0c15 token=Token{66b1cc ActivityRecord{e9e0fff u0 com.miui.securitycore/com.miui.securityspace.ui.activity.PrivateSpaceMainActivity t135}}}
04-13 09:37:32.021  1590  1780 V WindowManager: Removing app AppWindowToken{5ae0c15 token=Token{66b1cc ActivityRecord{e9e0fff u0 com.miui.securitycore/com.miui.securityspace.ui.activity.PrivateSpaceMainActivity t135}}} delayed=false animation=null animating=false
04-13 09:37:32.075  1590  8786 V WindowManager: Remove Window{cfe72ff u0 StatusBar}: mSurfaceController=Surface(name=StatusBar) mAnimatingExit=false mRemoveOnExit=false mHasSurface=true surfaceShowing=false isAnimationSet=false app-animation=null mWillReplaceWindow=false inPendingTransaction=false mDisplayFrozen=true callers=com.android.server.wm.WindowManagerService.removeWindowLocked:2439 com.android.server.wm.WindowManagerService.removeWindow:2434 com.android.server.wm.Session.remove:202 android.view.IWindowSession$Stub.onTransact:242 com.android.server.wm.Session.onTransact:145 android.os.Binder.execTransact:567 
04-13 09:37:32.076  1590  8786 I WindowManager:   SURFACE DESTROY: Window{cfe72ff u0 StatusBar}
04-13 09:37:32.076  1590  8786 I WindowManager: Destroying surface Surface(name=StatusBar) called by com.android.server.wm.WindowStateAnimator.destroySurface:2043 com.android.server.wm.WindowStateAnimator.destroySurfaceLocked:895 com.android.server.wm.WindowState.removeLocked:1458 com.android.server.wm.WindowManagerService.removeWindowInnerLocked:2612 com.android.server.wm.WindowManagerService.removeWindowLocked:2570 com.android.server.wm.WindowManagerService.removeWindowLocked:2439 com.android.server.wm.WindowManagerService.removeWindow:2434 com.android.server.wm.Session.remove:202 
04-13 09:37:32.076  1590  8786 I WindowManager: >>> OPEN TRANSACTION performLayoutAndPlaceSurfaces
04-13 09:37:32.079   544   544 E AAAA    : setUpHWComposer: empty: hasOne  wasEmpty: notEmpty
04-13 09:37:32.079   544   544 E AAAA    : layer name ScreenshotSurface
04-13 09:37:32.079  1590  8786 I WindowManager: <<< CLOSE TRANSACTION performLayoutAndPlaceSurfaces
04-13 09:37:32.079  1590  8786 V WindowManager: With display frozen, orientationChangeComplete=true
04-13 09:37:32.079  1590  8786 D WindowManager: stopFreezingDisplayLocked: Returning mWaitingForConfig=false, mAppsFreezingScreen=1, mWindowsFreezingScreen=0, mClientFreezingScreen=true, mOpeningApps.size()=0
04-13 09:37:32.083  1590  2951 V WindowManager: Remove Window{8f9940f u0 FloatNotificationPanel}: mSurfaceController=null mAnimatingExit=false mRemoveOnExit=false mHasSurface=false surfaceShowing=false isAnimationSet=false app-animation=null mWillReplaceWindow=false inPendingTransaction=false mDisplayFrozen=true callers=com.android.server.wm.WindowManagerService.removeWindowLocked:2439 com.android.server.wm.WindowManagerService.removeWindow:2434 com.android.server.wm.Session.remove:202 android.view.IWindowSession$Stub.onTransact:242 com.android.server.wm.Session.onTransact:145 android.os.Binder.execTransact:567 
04-13 09:37:32.083  1590  2951 I WindowManager: >>> OPEN TRANSACTION performLayoutAndPlaceSurfaces
04-13 09:37:32.084  1590  2951 I WindowManager: <<< CLOSE TRANSACTION performLayoutAndPlaceSurfaces
04-13 09:37:32.084  1590  2951 V WindowManager: With display frozen, orientationChangeComplete=true
04-13 09:37:32.084  1590  2951 D WindowManager: stopFreezingDisplayLocked: Returning mWaitingForConfig=false, mAppsFreezingScreen=1, mWindowsFreezingScreen=0, mClientFreezingScreen=true, mOpeningApps.size()=0
04-13 09:37:32.158  1590  1656 I WindowManager: >>> OPEN TRANSACTION animateLocked
04-13 09:37:32.158  1590  1656 I WindowManager: <<< CLOSE TRANSACTION animateLocked
04-13 09:37:32.256  1590  2838 I WindowManager:   NEW SURFACE SESSION android.view.SurfaceSession@9f02798
04-13 09:37:32.286  1590  1780 I WindowManager: Sending new config to window Window{967cd7b u11 com.miui.securitycore/com.miui.securityspace.ui.activity.GuideStartActivity}:  / mergedConfig={1.0 ?mcc?mnc [zh_CN] ldltr sw360dp w360dp h620dp 480dpi nrml long port finger -keyb/v/h -nav/h s.5 themeChanged=0 themeChangedFlags=0}
04-13 09:37:32.286  1590  1780 I WindowManager: createSurface WindowStateAnimator{808a6c8 com.miui.securitycore/com.miui.securityspace.ui.activity.GuideStartActivity}: mDrawState=DRAW_PENDING
04-13 09:37:32.286  1590  1780 V WindowManager: Changing surface while display frozen: Window{967cd7b u11 com.miui.securitycore/com.miui.securityspace.ui.activity.GuideStartActivity}
04-13 09:37:32.288  1590  1780 I WindowManager:   CREATE SURFACE Surface(name=com.miui.securitycore/com.miui.securityspace.ui.activity.GuideStartActivity) IN SESSION android.view.SurfaceSession@9f02798: pid=8864 format=-1 flags=0x404 / WindowStateAnimator{808a6c8 com.miui.securitycore/com.miui.securityspace.ui.activity.GuideStartActivity}
04-13 09:37:32.288  1590  1780 I WindowManager: >>> OPEN TRANSACTION createSurfaceLocked
04-13 09:37:32.288  1590  1780 I WindowManager:   SURFACE CREATE pos=(0,0) (1x1), layer=21010 HIDE: Window{967cd7b u11 com.miui.securitycore/com.miui.securityspace.ui.activity.GuideStartActivity}
04-13 09:37:32.288  1590  1780 I WindowManager:   SURFACE Surface(name=com.miui.securitycore/com.miui.securityspace.ui.activity.GuideStartActivity)---POS (setPositionAndLayer) @ (0.0,0.0): com.miui.securitycore/com.miui.securityspace.ui.activity.GuideStartActivity
04-13 09:37:32.288  1590  1780 I WindowManager: <<< CLOSE TRANSACTION setPositionAndLayer
04-13 09:37:32.288  1590  1780 I WindowManager:   OUT SURFACE Surface(name=null)/@0x5302361: copied
04-13 09:37:32.289  1590  1780 V WindowManager: Done at AppWindowToken{9ed53c8 token=Token{8105ba ActivityRecord{f0aa6e5 u11 com.miui.securitycore/com.miui.securityspace.ui.activity.GuideStartActivity t1100001}}} -- full screen, return 1
04-13 09:37:32.289  1590  1780 I WindowManager: >>> OPEN TRANSACTION performLayoutAndPlaceSurfaces
04-13 09:37:32.290  1590  1780 I WindowManager:   SURFACE Surface(name=com.miui.securitycore/com.miui.securityspace.ui.activity.GuideStartActivity)---SIZE 1080x1920: com.miui.securitycore/com.miui.securityspace.ui.activity.GuideStartActivity
04-13 09:37:32.290  1590  1780 I WindowManager:   SURFACE Surface(name=com.miui.securitycore/com.miui.securityspace.ui.activity.GuideStartActivity)---CROP [0,0][1080,1920]: com.miui.securitycore/com.miui.securityspace.ui.activity.GuideStartActivity
04-13 09:37:32.290  1590  1780 I WindowManager:   SURFACE Surface(name=com.miui.securitycore/com.miui.securityspace.ui.activity.GuideStartActivity)---MATRIX [1.0,0.0,0.0,1.0]: com.miui.securitycore/com.miui.securityspace.ui.activity.GuideStartActivity
04-13 09:37:32.290  1590  1780 V WindowManager: Eval win Window{967cd7b u11 com.miui.securitycore/com.miui.securityspace.ui.activity.GuideStartActivity}: isDrawn=false, isAnimationSet=false
04-13 09:37:32.290  1590  1780 V WindowManager: Not displayed: s=Surface(name=com.miui.securitycore/com.miui.securityspace.ui.activity.GuideStartActivity) pv=true mDrawState=DRAW_PENDING ah=false th=false a=false
04-13 09:37:32.290  1590  1780 V WindowManager: Resize reasons for w=Window{967cd7b u11 com.miui.securitycore/com.miui.securityspace.ui.activity.GuideStartActivity}:  contentInsetsChanged=false [0,0][0,0] visibleInsetsChanged=false [0,0][0,0] stableInsetsChanged=false [0,0][0,0] outsetsChanged=false [0,0][0,0] surfaceResized=true configChanged=false dragResizingChanged=false resizedWhileNotDragResizingReported=false
04-13 09:37:32.290  1590  1780 V WindowManager: Changing surface while display frozen: Window{967cd7b u11 com.miui.securitycore/com.miui.securityspace.ui.activity.GuideStartActivity}
04-13 09:37:32.290  1590  1780 V WindowManager: Orientation or resize start waiting for draw, mDrawState=DRAW_PENDING in Window{967cd7b u11 com.miui.securitycore/com.miui.securityspace.ui.activity.GuideStartActivity}, surfaceController Surface(name=com.miui.securitycore/com.miui.securityspace.ui.activity.GuideStartActivity)
04-13 09:37:32.290  1590  1780 V WindowManager: Resizing window Window{967cd7b u11 com.miui.securitycore/com.miui.securityspace.ui.activity.GuideStartActivity}
04-13 09:37:32.294  1590  1780 I WindowManager: <<< CLOSE TRANSACTION performLayoutAndPlaceSurfaces
04-13 09:37:32.294   544   544 E AAAA    : setUpHWComposer: empty: hasOne  wasEmpty: notEmpty
04-13 09:37:32.294   544   544 E AAAA    : layer name ScreenshotSurface
04-13 09:37:32.294  1590  1780 V WindowManager: Reporting new frame to Window{967cd7b u11 com.miui.securitycore/com.miui.securityspace.ui.activity.GuideStartActivity}: Rect(0, 0 - 1080, 1920)
04-13 09:37:32.294  1590  1780 I WindowManager: Resizing Window{967cd7b u11 com.miui.securitycore/com.miui.securityspace.ui.activity.GuideStartActivity} WITH DRAW PENDING
04-13 09:37:32.294  1590  1780 V WindowManager: With display frozen, orientationChangeComplete=false
04-13 09:37:32.295  1590  1780 I WindowManager: >>> OPEN TRANSACTION performLayoutAndPlaceSurfaces
