07-02 20:00:47.194  1463  1716 V WindowStateAnimator: performShow on WindowStateAnimator{f796627 com.android.systemui.ImageWallpaper}: mDrawState=READY_TO_SHOW readyForDisplay=false starting=false during animation: policyVis=true attHidden=false tok.hiddenRequested=false tok.hidden=false animating=false tok animating=false Callers=com.android.server.wm.WindowAnimator.updateWindowsLocked:440 com.android.server.wm.WindowAnimator.animateLocked:688 com.android.server.wm.WindowAnimator.access$000:53 
07-02 20:00:47.208  1463  1716 I WindowAnimator: <<< CLOSE TRANSACTION animateLocked
07-02 20:00:47.210  1463  1716 I WindowAnimator: >>> OPEN TRANSACTION animateLocked
07-02 20:00:47.211  1463  1716 V WindowStateAnimator: performShow on WindowStateAnimator{f796627 com.android.systemui.ImageWallpaper}: mDrawState=READY_TO_SHOW readyForDisplay=false starting=false during animation: policyVis=true attHidden=false tok.hiddenRequested=false tok.hidden=false animating=false tok animating=false Callers=com.android.server.wm.WindowAnimator.updateWindowsLocked:440 com.android.server.wm.WindowAnimator.animateLocked:688 com.android.server.wm.WindowAnimator.access$000:53 
07-02 20:00:47.213  1463  1716 I WindowAnimator: <<< CLOSE TRANSACTION animateLocked
07-02 20:00:47.227  1463  1716 I WindowAnimator: >>> OPEN TRANSACTION animateLocked
07-02 20:00:47.228  1463  1716 V WindowStateAnimator: performShow on WindowStateAnimator{f796627 com.android.systemui.ImageWallpaper}: mDrawState=READY_TO_SHOW readyForDisplay=false starting=false during animation: policyVis=true attHidden=false tok.hiddenRequested=false tok.hidden=false animating=false tok animating=false Callers=com.android.server.wm.WindowAnimator.updateWindowsLocked:440 com.android.server.wm.WindowAnimator.animateLocked:688 com.android.server.wm.WindowAnimator.access$000:53 
07-02 20:00:47.230  1463  1716 I WindowAnimator: <<< CLOSE TRANSACTION animateLocked
07-02 20:00:47.244  1463  1716 I WindowAnimator: >>> OPEN TRANSACTION animateLocked
07-02 20:00:47.244  1463  1716 V WindowStateAnimator: performShow on WindowStateAnimator{f796627 com.android.systemui.ImageWallpaper}: mDrawState=READY_TO_SHOW readyForDisplay=false starting=false during animation: policyVis=true attHidden=false tok.hiddenRequested=false tok.hidden=false animating=false tok animating=false Callers=com.android.server.wm.WindowAnimator.updateWindowsLocked:440 com.android.server.wm.WindowAnimator.animateLocked:688 com.android.server.wm.WindowAnimator.access$000:53 
07-02 20:00:47.245  1463  1716 I WindowAnimator: <<< CLOSE TRANSACTION animateLocked
07-02 20:00:47.261  1463  1716 I WindowAnimator: >>> OPEN TRANSACTION animateLocked
07-02 20:00:47.261  1463  1716 V WindowStateAnimator: performShow on WindowStateAnimator{f796627 com.android.systemui.ImageWallpaper}: mDrawState=READY_TO_SHOW readyForDisplay=false starting=false during animation: policyVis=true attHidden=false tok.hiddenRequested=false tok.hidden=false animating=false tok animating=false Callers=com.android.server.wm.WindowAnimator.updateWindowsLocked:440 com.android.server.wm.WindowAnimator.animateLocked:688 com.android.server.wm.WindowAnimator.access$000:53 
07-02 20:00:47.262  1463  1716 I WindowAnimator: <<< CLOSE TRANSACTION animateLocked
07-02 20:00:47.277  1463  1716 I WindowAnimator: >>> OPEN TRANSACTION animateLocked
07-02 20:00:47.278  1463  1716 V WindowStateAnimator: performShow on WindowStateAnimator{f796627 com.android.systemui.ImageWallpaper}: mDrawState=READY_TO_SHOW readyForDisplay=false starting=false during animation: policyVis=true attHidden=false tok.hiddenRequested=false tok.hidden=false animating=false tok animating=false Callers=com.android.server.wm.WindowAnimator.updateWindowsLocked:440 com.android.server.wm.WindowAnimator.animateLocked:688 com.android.server.wm.WindowAnimator.access$000:53 
07-02 20:00:47.281  1463  1716 I WindowAnimator: <<< CLOSE TRANSACTION animateLocked
07-02 20:00:47.294  1463  1716 I WindowAnimator: >>> OPEN TRANSACTION animateLocked
07-02 20:00:47.295  1463  1716 V WindowStateAnimator: performShow on WindowStateAnimator{f796627 com.android.systemui.ImageWallpaper}: mDrawState=READY_TO_SHOW readyForDisplay=false starting=false during animation: policyVis=true attHidden=false tok.hiddenRequested=false tok.hidden=false animating=false tok animating=false Callers=com.android.server.wm.WindowAnimator.updateWindowsLocked:440 com.android.server.wm.WindowAnimator.animateLocked:688 com.android.server.wm.WindowAnimator.access$000:53 
07-02 20:00:47.298  1463  1716 I WindowAnimator: <<< CLOSE TRANSACTION animateLocked
07-02 20:00:47.311  1463  1716 I WindowAnimator: >>> OPEN TRANSACTION animateLocked
07-02 20:00:47.311  1463  1716 V WindowStateAnimator: performShow on WindowStateAnimator{f796627 com.android.systemui.ImageWallpaper}: mDrawState=READY_TO_SHOW readyForDisplay=false starting=false during animation: policyVis=true attHidden=false tok.hiddenRequested=false tok.hidden=false animating=false tok animating=false Callers=com.android.server.wm.WindowAnimator.updateWindowsLocked:440 com.android.server.wm.WindowAnimator.animateLocked:688 com.android.server.wm.WindowAnimator.access$000:53 
07-02 20:00:47.314  1463  1716 I WindowAnimator: <<< CLOSE TRANSACTION animateLocked
07-02 20:00:47.327  1463  1716 I WindowAnimator: >>> OPEN TRANSACTION animateLocked
07-02 20:00:47.328  1463  1716 V WindowStateAnimator: performShow on WindowStateAnimator{f796627 com.android.systemui.ImageWallpaper}: mDrawState=READY_TO_SHOW readyForDisplay=false starting=false during animation: policyVis=true attHidden=false tok.hiddenRequested=false tok.hidden=false animating=false tok animating=false Callers=com.android.server.wm.WindowAnimator.updateWindowsLocked:440 com.android.server.wm.WindowAnimator.animateLocked:688 com.android.server.wm.WindowAnimator.access$000:53 
07-02 20:00:47.329  1463  1716 I WindowAnimator: <<< CLOSE TRANSACTION animateLocked
07-02 20:00:47.344  1463  1716 I WindowAnimator: >>> OPEN TRANSACTION animateLocked
07-02 20:00:47.345  1463  1716 V WindowStateAnimator: performShow on WindowStateAnimator{f796627 com.android.systemui.ImageWallpaper}: mDrawState=READY_TO_SHOW readyForDisplay=false starting=false during animation: policyVis=true attHidden=false tok.hiddenRequested=false tok.hidden=false animating=false tok animating=false Callers=com.android.server.wm.WindowAnimator.updateWindowsLocked:440 com.android.server.wm.WindowAnimator.animateLocked:688 com.android.server.wm.WindowAnimator.access$000:53 
07-02 20:00:47.345  1463  1716 I WindowAnimator: <<< CLOSE TRANSACTION animateLocked
07-02 20:00:47.361  1463  1716 I WindowAnimator: >>> OPEN TRANSACTION animateLocked
07-02 20:00:47.361  1463  1716 V WindowStateAnimator: Finished animation in WindowStateAnimator{ff4fb9 com.android.systemui.ImageWallpaper} @ 111166
07-02 20:00:47.361  1463  1716 V WindowStateAnimator: Animation done in WindowStateAnimator{ff4fb9 com.android.systemui.ImageWallpaper}: exiting=true, reportedVisible=false
07-02 20:00:47.361  1463  1716 V WindowStateAnimator: finishExit in WindowStateAnimator{ff4fb9 com.android.systemui.ImageWallpaper}: exiting=true remove=true windowAnimating=false
07-02 20:00:47.362  1463  1716 I WindowManager:   SURFACE HIDE (finishExit): Window{c50648b u10 com.android.systemui.ImageWallpaper EXITING}
07-02 20:00:47.362  1463  1716 V WindowStateAnimator: performShow on WindowStateAnimator{f796627 com.android.systemui.ImageWallpaper}: mDrawState=READY_TO_SHOW readyForDisplay=false starting=false during animation: policyVis=true attHidden=false tok.hiddenRequested=false tok.hidden=false animating=false tok animating=false Callers=com.android.server.wm.WindowAnimator.updateWindowsLocked:440 com.android.server.wm.WindowAnimator.animateLocked:688 com.android.server.wm.WindowAnimator.access$000:53 
07-02 20:00:47.363  1463  1716 I WindowAnimator: <<< CLOSE TRANSACTION animateLocked
07-02 20:00:47.363  1463  1716 I WindowManager: >>> OPEN TRANSACTION performLayoutAndPlaceSurfaces
07-02 20:00:47.363  1463  1716 I WindowStateAnimator: commitFinishDrawingLocked: mDrawState=READY_TO_SHOW Surface(name=com.android.systemui.ImageWallpaper)
07-02 20:00:47.364  1463  1716 V WindowStateAnimator: performShow on WindowStateAnimator{f796627 com.android.systemui.ImageWallpaper}: mDrawState=READY_TO_SHOW readyForDisplay=false starting=false during animation: policyVis=true attHidden=false tok.hiddenRequested=false tok.hidden=false animating=false tok animating=false Callers=com.android.server.wm.WindowStateAnimator.commitFinishDrawingLocked:547 com.android.server.wm.WindowManagerService.performLayoutAndPlaceSurfacesLockedInner:10254 com.android.server.wm.WindowManagerService.performLayoutAndPlaceSurfacesLockedLoop:9131 
07-02 20:00:47.364  1463  1716 I WindowManager: <<< CLOSE TRANSACTION performLayoutAndPlaceSurfaces
07-02 20:00:47.366  1463  1716 W WindowStateAnimator: Window WindowStateAnimator{ff4fb9 com.android.systemui.ImageWallpaper} destroying surface Surface(name=com.android.systemui.ImageWallpaper), session Session{31a6211 5865:u10a1000}
07-02 20:00:47.367  1463  1716 I WindowManager:   SURFACE DESTROY: Window{c50648b u10 com.android.systemui.ImageWallpaper}
07-02 20:00:47.370  1463  1716 I WindowManager: >>> OPEN TRANSACTION performLayoutAndPlaceSurfaces
07-02 20:00:47.370  1463  1716 I WindowStateAnimator: commitFinishDrawingLocked: mDrawState=READY_TO_SHOW Surface(name=com.android.systemui.ImageWallpaper)
07-02 20:00:47.371  1463  1716 V WindowStateAnimator: performShow on WindowStateAnimator{f796627 com.android.systemui.ImageWallpaper}: mDrawState=READY_TO_SHOW readyForDisplay=false starting=false during animation: policyVis=true attHidden=false tok.hiddenRequested=false tok.hidden=false animating=false tok animating=false Callers=com.android.server.wm.WindowStateAnimator.commitFinishDrawingLocked:547 com.android.server.wm.WindowManagerService.performLayoutAndPlaceSurfacesLockedInner:10254 com.android.server.wm.WindowManagerService.performLayoutAndPlaceSurfacesLockedLoop:9131 
07-02 20:00:47.372  1463  1716 I WindowManager: <<< CLOSE TRANSACTION performLayoutAndPlaceSurfaces
07-02 20:00:47.383  1463  1716 I WindowAnimator: >>> OPEN TRANSACTION animateLocked
07-02 20:00:47.384  1463  1716 V WindowStateAnimator: performShow on WindowStateAnimator{f796627 com.android.systemui.ImageWallpaper}: mDrawState=READY_TO_SHOW readyForDisplay=false starting=false during animation: policyVis=true attHidden=false tok.hiddenRequested=false tok.hidden=false animating=false tok animating=false Callers=com.android.server.wm.WindowAnimator.updateWindowsLocked:440 com.android.server.wm.WindowAnimator.animateLocked:688 com.android.server.wm.WindowAnimator.access$000:53 
07-02 20:00:47.384  1463  1716 I WindowManager:   SURFACE alpha=1.0 layer=21015 matrix=[1.0*1.0,0.0*1.0][0.0*1.0,1.0*1.0]: Window{edb8dd4 u10 com.miui.securitycore/com.miui.securityspace.ui.activity.GuideStartActivity}
07-02 20:00:47.387  1463  1716 I WindowAnimator: <<< CLOSE TRANSACTION animateLocked
07-02 20:00:47.446  1463  2738 V WindowManager: Done at AppWindowToken{432da47 token=Token{e0651c8 ActivityRecord{ebc6ce5 u10 com.miui.securitycore/com.miui.securityspace.ui.activity.GuideStartActivity t89}}} -- full screen, return 1
07-02 20:00:47.678  1463  2107 I WindowManager: >>> OPEN TRANSACTION performLayoutAndPlaceSurfaces
07-02 20:00:47.679  1463  2107 V WindowManager: Resize reasons for w=Window{edb8dd4 u10 com.miui.securitycore/com.miui.securityspace.ui.activity.GuideStartActivity}:  contentInsetsChanged=true [0,48][0,0] visibleInsetsChanged=false [0,0][0,0] stableInsetsChanged=true [0,48][0,0] outsetsChanged=false [0,0][0,0] surfaceResized=false configChanged=false
07-02 20:00:47.679  1463  2107 V WindowManager: Resizing window Window{edb8dd4 u10 com.miui.securitycore/com.miui.securityspace.ui.activity.GuideStartActivity} to 720.0x1280.0
07-02 20:00:47.679  1463  2107 I WindowStateAnimator: commitFinishDrawingLocked: mDrawState=READY_TO_SHOW Surface(name=com.android.systemui.ImageWallpaper)
07-02 20:00:47.680  1463  2107 V WindowStateAnimator: performShow on WindowStateAnimator{f796627 com.android.systemui.ImageWallpaper}: mDrawState=READY_TO_SHOW readyForDisplay=false starting=false during animation: policyVis=true attHidden=false tok.hiddenRequested=false tok.hidden=false animating=false tok animating=false Callers=com.android.server.wm.WindowStateAnimator.commitFinishDrawingLocked:547 com.android.server.wm.WindowManagerService.performLayoutAndPlaceSurfacesLockedInner:10254 com.android.server.wm.WindowManagerService.performLayoutAndPlaceSurfacesLockedLoop:9131 
07-02 20:00:47.680  1463  2107 I WindowManager: <<< CLOSE TRANSACTION performLayoutAndPlaceSurfaces
07-02 20:00:47.693  1463  2273 I WindowManager: Releasing surface in: Window{6e81db3 u0 RecentsPanel}
07-02 20:00:47.693  1463  2273 V WindowManager: Done at AppWindowToken{432da47 token=Token{e0651c8 ActivityRecord{ebc6ce5 u10 com.miui.securitycore/com.miui.securityspace.ui.activity.GuideStartActivity t89}}} -- full screen, return 1
07-02 20:00:47.693  1463  2273 I WindowManager: >>> OPEN TRANSACTION performLayoutAndPlaceSurfaces
07-02 20:00:47.694  1463  2273 I WindowStateAnimator: commitFinishDrawingLocked: mDrawState=READY_TO_SHOW Surface(name=com.android.systemui.ImageWallpaper)
07-02 20:00:47.694  1463  2273 V WindowStateAnimator: performShow on WindowStateAnimator{f796627 com.android.systemui.ImageWallpaper}: mDrawState=READY_TO_SHOW readyForDisplay=false starting=false during animation: policyVis=true attHidden=false tok.hiddenRequested=false tok.hidden=false animating=false tok animating=false Callers=com.android.server.wm.WindowStateAnimator.commitFinishDrawingLocked:547 com.android.server.wm.WindowManagerService.performLayoutAndPlaceSurfacesLockedInner:10254 com.android.server.wm.WindowManagerService.performLayoutAndPlaceSurfacesLockedLoop:9131 
07-02 20:00:47.696  1463  2273 I WindowManager: <<< CLOSE TRANSACTION performLayoutAndPlaceSurfaces
07-02 20:00:47.699  1463  1716 I WindowAnimator: >>> OPEN TRANSACTION animateLocked
07-02 20:00:47.701  1463  1716 V WindowStateAnimator: performShow on WindowStateAnimator{f796627 com.android.systemui.ImageWallpaper}: mDrawState=READY_TO_SHOW readyForDisplay=false starting=false during animation: policyVis=true attHidden=false tok.hiddenRequested=false tok.hidden=false animating=false tok animating=false Callers=com.android.server.wm.WindowAnimator.updateWindowsLocked:440 com.android.server.wm.WindowAnimator.animateLocked:688 com.android.server.wm.WindowAnimator.access$000:53 
07-02 20:00:47.705  1463  1716 I WindowAnimator: <<< CLOSE TRANSACTION animateLocked
07-02 20:00:47.706  1463  2105 I WindowManager:   OUT SURFACE Surface(name=null)/@0x55856df: copied
07-02 20:00:47.706  1463  2105 V WindowManager: Done at AppWindowToken{432da47 token=Token{e0651c8 ActivityRecord{ebc6ce5 u10 com.miui.securitycore/com.miui.securityspace.ui.activity.GuideStartActivity t89}}} -- full screen, return 1
07-02 20:00:47.706  1463  2105 I WindowManager: >>> OPEN TRANSACTION performLayoutAndPlaceSurfaces
07-02 20:00:47.706  1463  2105 I WindowStateAnimator: commitFinishDrawingLocked: mDrawState=READY_TO_SHOW Surface(name=com.android.systemui.ImageWallpaper)
07-02 20:00:47.707  1463  2105 V WindowStateAnimator: performShow on WindowStateAnimator{f796627 com.android.systemui.ImageWallpaper}: mDrawState=READY_TO_SHOW readyForDisplay=false starting=false during animation: policyVis=true attHidden=false tok.hiddenRequested=false tok.hidden=false animating=false tok animating=false Callers=com.android.server.wm.WindowStateAnimator.commitFinishDrawingLocked:547 com.android.server.wm.WindowManagerService.performLayoutAndPlaceSurfacesLockedInner:10254 com.android.server.wm.WindowManagerService.performLayoutAndPlaceSurfacesLockedLoop:9131 
07-02 20:00:47.707  1463  2105 I WindowManager: <<< CLOSE TRANSACTION performLayoutAndPlaceSurfaces
07-02 20:00:47.709  1463  2105 V WindowManager: Update reported visibility: AppWindowToken{432da47 token=Token{e0651c8 ActivityRecord{ebc6ce5 u10 com.miui.securitycore/com.miui.securityspace.ui.activity.GuideStartActivity t89}}}
07-02 20:00:47.709  1463  2105 V WindowManager: Win Window{edb8dd4 u10 com.miui.securitycore/com.miui.securityspace.ui.activity.GuideStartActivity}: isDrawn=true, isAnimating=false
07-02 20:00:47.709  1463  2105 V WindowManager: VIS AppWindowToken{432da47 token=Token{e0651c8 ActivityRecord{ebc6ce5 u10 com.miui.securitycore/com.miui.securityspace.ui.activity.GuideStartActivity t89}}}: interesting=1 visible=1
07-02 20:00:47.714  1463  1716 I WindowAnimator: >>> OPEN TRANSACTION animateLocked
07-02 20:00:47.715  1463  1716 V WindowStateAnimator: performShow on WindowStateAnimator{f796627 com.android.systemui.ImageWallpaper}: mDrawState=READY_TO_SHOW readyForDisplay=false starting=false during animation: policyVis=true attHidden=false tok.hiddenRequested=false tok.hidden=false animating=false tok animating=false Callers=com.android.server.wm.WindowAnimator.updateWindowsLocked:440 com.android.server.wm.WindowAnimator.animateLocked:688 com.android.server.wm.WindowAnimator.access$000:53 
07-02 20:00:47.716  1463  1716 I WindowAnimator: <<< CLOSE TRANSACTION animateLocked
07-02 20:00:47.858  1463  2076 I WindowStateAnimator: createSurface WindowStateAnimator{d74be1 StatusBar}: mDrawState=DRAW_PENDING
07-02 20:00:47.858  1463  2076 V WindowStateAnimator: Creating surface in session android.view.SurfaceSession@7b9457e window WindowStateAnimator{d74be1 StatusBar} w=720 h=1 x=0.0 y=0.0 format=-3 flags=4
07-02 20:00:47.862  1463  2076 I WindowStateAnimator:   CREATE SURFACE Surface(name=StatusBar) IN SESSION android.view.SurfaceSession@7b9457e: pid=1869 format=-3 flags=0x4 / WindowStateAnimator{d74be1 StatusBar}
07-02 20:00:47.862  1463  2076 I WindowStateAnimator: >>> OPEN TRANSACTION createSurfaceLocked
07-02 20:00:47.862  1463  2076 I WindowManager:   SURFACE CREATE pos=(0,0) (720x0), layer=161000 HIDE: Window{2776682 u0 StatusBar}
07-02 20:00:47.865  1463  2076 I WindowStateAnimator: <<< CLOSE TRANSACTION createSurfaceLocked
07-02 20:00:47.865  1463  2076 I WindowManager:   OUT SURFACE Surface(name=null)/@0x5d00d06: copied
07-02 20:00:47.866  1463  2076 V WindowManager: Done at AppWindowToken{432da47 token=Token{e0651c8 ActivityRecord{ebc6ce5 u10 com.miui.securitycore/com.miui.securityspace.ui.activity.GuideStartActivity t89}}} -- full screen, return 1
07-02 20:00:47.866  1463  2076 I WindowManager: >>> OPEN TRANSACTION performLayoutAndPlaceSurfaces
07-02 20:00:47.866  1463  2076 I WindowManager:   SURFACE SIZE 720x48: Window{2776682 u0 StatusBar}
07-02 20:00:47.866  1463  2076 I WindowManager:   SURFACE CROP [0,0][720,48]: Window{2776682 u0 StatusBar}
07-02 20:00:47.867  1463  2076 V WindowManager: Resize reasons for w=Window{2776682 u0 StatusBar}:  contentInsetsChanged=false [0,0][0,0] visibleInsetsChanged=false [0,0][0,0] stableInsetsChanged=false [0,0][0,0] outsetsChanged=false [0,0][0,0] surfaceResized=true configChanged=true
07-02 20:00:47.867  1463  2076 V WindowManager: Resizing window Window{2776682 u0 StatusBar} to 720.0x48.0
07-02 20:00:47.867  1463  2076 V WindowManager: Resize reasons for w=Window{edb8dd4 u10 com.miui.securitycore/com.miui.securityspace.ui.activity.GuideStartActivity}:  contentInsetsChanged=false [0,48][0,0] visibleInsetsChanged=true [0,48][0,0] stableInsetsChanged=false [0,48][0,0] outsetsChanged=false [0,0][0,0] surfaceResized=false configChanged=false
07-02 20:00:47.867  1463  2076 V WindowManager: Resizing window Window{edb8dd4 u10 com.miui.securitycore/com.miui.securityspace.ui.activity.GuideStartActivity} to 720.0x1280.0
07-02 20:00:47.867  1463  2076 I WindowStateAnimator: commitFinishDrawingLocked: mDrawState=READY_TO_SHOW Surface(name=com.android.systemui.ImageWallpaper)
07-02 20:00:47.868  1463  2076 V WindowStateAnimator: performShow on WindowStateAnimator{f796627 com.android.systemui.ImageWallpaper}: mDrawState=READY_TO_SHOW readyForDisplay=false starting=false during animation: policyVis=true attHidden=false tok.hiddenRequested=false tok.hidden=false animating=false tok animating=false Callers=com.android.server.wm.WindowStateAnimator.commitFinishDrawingLocked:547 com.android.server.wm.WindowManagerService.performLayoutAndPlaceSurfacesLockedInner:10254 com.android.server.wm.WindowManagerService.performLayoutAndPlaceSurfacesLockedLoop:9131 
07-02 20:00:47.879  1463  2076 I WindowManager: <<< CLOSE TRANSACTION performLayoutAndPlaceSurfaces
07-02 20:00:47.881  1463  2076 I WindowManager: >>> OPEN TRANSACTION performLayoutAndPlaceSurfaces
07-02 20:00:47.881  1463  2076 I WindowStateAnimator: commitFinishDrawingLocked: mDrawState=READY_TO_SHOW Surface(name=com.android.systemui.ImageWallpaper)
07-02 20:00:47.882  1463  2076 V WindowStateAnimator: performShow on WindowStateAnimator{f796627 com.android.systemui.ImageWallpaper}: mDrawState=READY_TO_SHOW readyForDisplay=false starting=false during animation: policyVis=true attHidden=false tok.hiddenRequested=false tok.hidden=false animating=false tok animating=false Callers=com.android.server.wm.WindowStateAnimator.commitFinishDrawingLocked:547 com.android.server.wm.WindowManagerService.performLayoutAndPlaceSurfacesLockedInner:10254 com.android.server.wm.WindowManagerService.performLayoutAndPlaceSurfacesLockedLoop:9131 
07-02 20:00:47.882  1463  2076 I WindowManager: <<< CLOSE TRANSACTION performLayoutAndPlaceSurfaces
07-02 20:00:47.897  1463  1716 I WindowAnimator: >>> OPEN TRANSACTION animateLocked
07-02 20:00:47.898  1463  1716 V WindowStateAnimator: performShow on WindowStateAnimator{f796627 com.android.systemui.ImageWallpaper}: mDrawState=READY_TO_SHOW readyForDisplay=false starting=false during animation: policyVis=true attHidden=false tok.hiddenRequested=false tok.hidden=false animating=false tok animating=false Callers=com.android.server.wm.WindowAnimator.updateWindowsLocked:440 com.android.server.wm.WindowAnimator.animateLocked:688 com.android.server.wm.WindowAnimator.access$000:53 
07-02 20:00:47.898  1463  1716 I WindowManager:   SURFACE alpha=1.0 layer=161000 matrix=[1.0*1.0,0.0*1.0][0.0*1.0,1.0*1.0]: Window{2776682 u0 StatusBar}
07-02 20:00:47.899  1463  1716 I WindowAnimator: <<< CLOSE TRANSACTION animateLocked
07-02 20:00:47.934  1463  2744 I WindowManager: Releasing surface in: Window{e96e583 u0 AssistPreviewPanel}
07-02 20:00:47.934  1463  2744 V WindowManager: Done at AppWindowToken{432da47 token=Token{e0651c8 ActivityRecord{ebc6ce5 u10 com.miui.securitycore/com.miui.securityspace.ui.activity.GuideStartActivity t89}}} -- full screen, return 1
07-02 20:00:47.934  1463  2744 I WindowManager: >>> OPEN TRANSACTION performLayoutAndPlaceSurfaces
07-02 20:00:47.934  1463  2744 I WindowStateAnimator: commitFinishDrawingLocked: mDrawState=READY_TO_SHOW Surface(name=com.android.systemui.ImageWallpaper)
07-02 20:00:47.935  1463  2744 V WindowStateAnimator: performShow on WindowStateAnimator{f796627 com.android.systemui.ImageWallpaper}: mDrawState=READY_TO_SHOW readyForDisplay=false starting=false during animation: policyVis=true attHidden=false tok.hiddenRequested=false tok.hidden=false animating=false tok animating=false Callers=com.android.server.wm.WindowStateAnimator.commitFinishDrawingLocked:547 com.android.server.wm.WindowManagerService.performLayoutAndPlaceSurfacesLockedInner:10254 com.android.server.wm.WindowManagerService.performLayoutAndPlaceSurfacesLockedLoop:9131 
07-02 20:00:47.936  1463  2744 I WindowManager: <<< CLOSE TRANSACTION performLayoutAndPlaceSurfaces
07-02 20:00:47.946  1463  1716 I WindowAnimator: >>> OPEN TRANSACTION animateLocked
07-02 20:00:47.946  1463  1716 V WindowStateAnimator: performShow on WindowStateAnimator{f796627 com.android.systemui.ImageWallpaper}: mDrawState=READY_TO_SHOW readyForDisplay=false starting=false during animation: policyVis=true attHidden=false tok.hiddenRequested=false tok.hidden=false animating=false tok animating=false Callers=com.android.server.wm.WindowAnimator.updateWindowsLocked:440 com.android.server.wm.WindowAnimator.animateLocked:688 com.android.server.wm.WindowAnimator.access$000:53 
07-02 20:00:47.947  1463  1716 I WindowManager:   SURFACE alpha=1.0 layer=161000 matrix=[1.0*1.0,0.0*1.0][0.0*1.0,1.0*1.0]: Window{2776682 u0 StatusBar}
07-02 20:00:47.947  1463  1716 I WindowAnimator: <<< CLOSE TRANSACTION animateLocked
07-02 20:00:47.988  1463  2738 I WindowManager: >>> OPEN TRANSACTION performLayoutAndPlaceSurfaces
07-02 20:00:47.989  1463  2738 I WindowStateAnimator: commitFinishDrawingLocked: mDrawState=READY_TO_SHOW Surface(name=com.android.systemui.ImageWallpaper)
07-02 20:00:47.989  1463  2738 V WindowStateAnimator: performShow on WindowStateAnimator{f796627 com.android.systemui.ImageWallpaper}: mDrawState=READY_TO_SHOW readyForDisplay=false starting=false during animation: policyVis=true attHidden=false tok.hiddenRequested=false tok.hidden=false animating=false tok animating=false Callers=com.android.server.wm.WindowStateAnimator.commitFinishDrawingLocked:547 com.android.server.wm.WindowManagerService.performLayoutAndPlaceSurfacesLockedInner:10254 com.android.server.wm.WindowManagerService.performLayoutAndPlaceSurfacesLockedLoop:9131 
07-02 20:00:47.990  1463  2738 I WindowManager: <<< CLOSE TRANSACTION performLayoutAndPlaceSurfaces
07-02 20:00:47.995  1463  1716 I WindowAnimator: >>> OPEN TRANSACTION animateLocked
07-02 20:00:47.996  1463  1716 V WindowStateAnimator: performShow on WindowStateAnimator{f796627 com.android.systemui.ImageWallpaper}: mDrawState=READY_TO_SHOW readyForDisplay=false starting=false during animation: policyVis=true attHidden=false tok.hiddenRequested=false tok.hidden=false animating=false tok animating=false Callers=com.android.server.wm.WindowAnimator.updateWindowsLocked:440 com.android.server.wm.WindowAnimator.animateLocked:688 com.android.server.wm.WindowAnimator.access$000:53 
07-02 20:00:47.996  1463  1716 I WindowManager:   SURFACE alpha=1.0 layer=161000 matrix=[1.0*1.0,0.0*1.0][0.0*1.0,1.0*1.0]: Window{2776682 u0 StatusBar}
07-02 20:00:47.997  1463  1716 I WindowAnimator: <<< CLOSE TRANSACTION animateLocked
07-02 20:00:48.115  1463  2386 V WindowStateAnimator: finishDrawingLocked: mDrawState=COMMIT_DRAW_PENDING WindowStateAnimator{d74be1 StatusBar} in Surface(name=StatusBar)
07-02 20:00:48.115  1463  1716 I WindowManager: >>> OPEN TRANSACTION performLayoutAndPlaceSurfaces
07-02 20:00:48.116  1463  1716 I WindowStateAnimator: commitFinishDrawingLocked: mDrawState=READY_TO_SHOW Surface(name=StatusBar)
07-02 20:00:48.116  1463  1716 V WindowStateAnimator: performShow on WindowStateAnimator{d74be1 StatusBar}: mDrawState=READY_TO_SHOW readyForDisplay=true starting=false during animation: policyVis=true attHidden=false tok.hiddenRequested=false tok.hidden=false animating=false tok animating=false Callers=com.android.server.wm.WindowStateAnimator.commitFinishDrawingLocked:547 com.android.server.wm.WindowManagerService.performLayoutAndPlaceSurfacesLockedInner:10254 com.android.server.wm.WindowManagerService.performLayoutAndPlaceSurfacesLockedLoop:9131 
07-02 20:00:48.116  1463  1716 I WindowManager:   SURFACE SHOW (performShowLocked): Window{2776682 u0 StatusBar}
07-02 20:00:48.116  1463  1716 V WindowStateAnimator: Showing WindowStateAnimator{d74be1 StatusBar} during animation: policyVis=true attHidden=false tok.hiddenRequested=false tok.hidden=false animating=false tok animating=false
07-02 20:00:48.118  1463  1716 V WindowStateAnimator: applyAnimation: win=WindowStateAnimator{d74be1 StatusBar} anim=17432605 attr=0xffffffff a=android.view.animation.AnimationSet@c399db transit=1 isEntrance=true Callers com.android.server.wm.WindowStateAnimator.applyEnterAnimationLocked:1827 com.android.server.wm.WindowStateAnimator.performShowLocked:1732 com.android.server.wm.WindowStateAnimator.commitFinishDrawingLocked:547 
07-02 20:00:48.118  1463  1716 V WindowStateAnimator: Loaded animation android.view.animation.AnimationSet@c399db for WindowStateAnimator{d74be1 StatusBar}
07-02 20:00:48.118  1463  1716 V WindowStateAnimator: performShowLocked: mDrawState=HAS_DRAWN in WindowStateAnimator{d74be1 StatusBar}
07-02 20:00:48.119  1463  1716 I WindowStateAnimator: commitFinishDrawingLocked: mDrawState=READY_TO_SHOW Surface(name=com.android.systemui.ImageWallpaper)
07-02 20:00:48.119  1463  1716 V WindowStateAnimator: performShow on WindowStateAnimator{f796627 com.android.systemui.ImageWallpaper}: mDrawState=READY_TO_SHOW readyForDisplay=false starting=false during animation: policyVis=true attHidden=false tok.hiddenRequested=false tok.hidden=false animating=false tok animating=false Callers=com.android.server.wm.WindowStateAnimator.commitFinishDrawingLocked:547 com.android.server.wm.WindowManagerService.performLayoutAndPlaceSurfacesLockedInner:10254 com.android.server.wm.WindowManagerService.performLayoutAndPlaceSurfacesLockedLoop:9131 
07-02 20:00:48.122  1463  1716 I WindowManager: <<< CLOSE TRANSACTION performLayoutAndPlaceSurfaces
07-02 20:00:48.129  1463  1716 I WindowAnimator: >>> OPEN TRANSACTION animateLocked
07-02 20:00:48.129  1463  1716 V WindowStateAnimator: Starting animation in WindowStateAnimator{d74be1 StatusBar} @ 111934: ww=720 wh=48 dw=720 dh=1280 scale=1.0
07-02 20:00:48.130  1463  1716 V WindowStateAnimator: performShow on WindowStateAnimator{f796627 com.android.systemui.ImageWallpaper}: mDrawState=READY_TO_SHOW readyForDisplay=false starting=false during animation: policyVis=true attHidden=false tok.hiddenRequested=false tok.hidden=false animating=false tok animating=false Callers=com.android.server.wm.WindowAnimator.updateWindowsLocked:440 com.android.server.wm.WindowAnimator.animateLocked:688 com.android.server.wm.WindowAnimator.access$000:53 
07-02 20:00:48.131  1463  1716 I WindowManager:   SURFACE POS 0.0, -48.0: Window{2776682 u0 StatusBar}
07-02 20:00:48.131  1463  1716 I WindowManager:   SURFACE alpha=1.0 layer=161000 matrix=[1.0*1.0,0.0*1.0][0.0*1.0,1.0*1.0]: Window{2776682 u0 StatusBar}
07-02 20:00:48.131  1463  1716 I WindowManager:   SURFACE SHOW (performLayout): Window{2776682 u0 StatusBar}
07-02 20:00:48.131  1463  1716 V WindowStateAnimator: Showing Window{2776682 u0 StatusBar} during relayout
07-02 20:00:48.135  1463  1716 I WindowAnimator: <<< CLOSE TRANSACTION animateLocked
07-02 20:00:48.135  1463  1716 I WindowManager: >>> OPEN TRANSACTION performLayoutAndPlaceSurfaces
07-02 20:00:48.136  1463  1716 I WindowStateAnimator: commitFinishDrawingLocked: mDrawState=READY_TO_SHOW Surface(name=com.android.systemui.ImageWallpaper)
07-02 20:00:48.138  1463  1716 V WindowStateAnimator: performShow on WindowStateAnimator{f796627 com.android.systemui.ImageWallpaper}: mDrawState=READY_TO_SHOW readyForDisplay=false starting=false during animation: policyVis=true attHidden=false tok.hiddenRequested=false tok.hidden=false animating=false tok animating=false Callers=com.android.server.wm.WindowStateAnimator.commitFinishDrawingLocked:547 com.android.server.wm.WindowManagerService.performLayoutAndPlaceSurfacesLockedInner:10254 com.android.server.wm.WindowManagerService.performLayoutAndPlaceSurfacesLockedLoop:9131 
07-02 20:00:48.138  1463  1716 I WindowManager: <<< CLOSE TRANSACTION performLayoutAndPlaceSurfaces
07-02 20:00:48.147  1463  1716 I WindowAnimator: >>> OPEN TRANSACTION animateLocked
07-02 20:00:48.147  1463  1716 V WindowStateAnimator: performShow on WindowStateAnimator{f796627 com.android.systemui.ImageWallpaper}: mDrawState=READY_TO_SHOW readyForDisplay=false starting=false during animation: policyVis=true attHidden=false tok.hiddenRequested=false tok.hidden=false animating=false tok animating=false Callers=com.android.server.wm.WindowAnimator.updateWindowsLocked:440 com.android.server.wm.WindowAnimator.animateLocked:688 com.android.server.wm.WindowAnimator.access$000:53 
07-02 20:00:48.148  1463  1716 I WindowManager:   SURFACE POS 0.0, -38.85876: Window{2776682 u0 StatusBar}
07-02 20:00:48.148  1463  1716 V WindowStateAnimator: prepareSurface: No changes in animation for WindowStateAnimator{d74be1 StatusBar}
07-02 20:00:48.149  1463  1716 I WindowAnimator: <<< CLOSE TRANSACTION animateLocked
07-02 20:00:48.163  1463  1716 I WindowAnimator: >>> OPEN TRANSACTION animateLocked
07-02 20:00:48.163  1463  1716 V WindowStateAnimator: performShow on WindowStateAnimator{f796627 com.android.systemui.ImageWallpaper}: mDrawState=READY_TO_SHOW readyForDisplay=false starting=false during animation: policyVis=true attHidden=false tok.hiddenRequested=false tok.hidden=false animating=false tok animating=false Callers=com.android.server.wm.WindowAnimator.updateWindowsLocked:440 com.android.server.wm.WindowAnimator.animateLocked:688 com.android.server.wm.WindowAnimator.access$000:53 
07-02 20:00:48.164  1463  1716 I WindowManager:   SURFACE POS 0.0, -31.39066: Window{2776682 u0 StatusBar}
07-02 20:00:48.164  1463  1716 V WindowStateAnimator: prepareSurface: No changes in animation for WindowStateAnimator{d74be1 StatusBar}
07-02 20:00:48.164  1463  1716 I WindowAnimator: <<< CLOSE TRANSACTION animateLocked
07-02 20:00:48.179  1463  1716 I WindowAnimator: >>> OPEN TRANSACTION animateLocked
07-02 20:00:48.180  1463  1716 V WindowStateAnimator: performShow on WindowStateAnimator{f796627 com.android.systemui.ImageWallpaper}: mDrawState=READY_TO_SHOW readyForDisplay=false starting=false during animation: policyVis=true attHidden=false tok.hiddenRequested=false tok.hidden=false animating=false tok animating=false Callers=com.android.server.wm.WindowAnimator.updateWindowsLocked:440 com.android.server.wm.WindowAnimator.animateLocked:688 com.android.server.wm.WindowAnimator.access$000:53 
07-02 20:00:48.180  1463  1716 I WindowManager:   SURFACE POS 0.0, -24.576: Window{2776682 u0 StatusBar}
07-02 20:00:48.182  1463  1716 V WindowStateAnimator: prepareSurface: No changes in animation for WindowStateAnimator{d74be1 StatusBar}
07-02 20:00:48.183  1463  1716 I WindowAnimator: <<< CLOSE TRANSACTION animateLocked
07-02 20:00:48.196  1463  1716 I WindowAnimator: >>> OPEN TRANSACTION animateLocked
07-02 20:00:48.196  1463  1716 V WindowStateAnimator: performShow on WindowStateAnimator{f796627 com.android.systemui.ImageWallpaper}: mDrawState=READY_TO_SHOW readyForDisplay=false starting=false during animation: policyVis=true attHidden=false tok.hiddenRequested=false tok.hidden=false animating=false tok animating=false Callers=com.android.server.wm.WindowAnimator.updateWindowsLocked:440 com.android.server.wm.WindowAnimator.animateLocked:688 com.android.server.wm.WindowAnimator.access$000:53 
07-02 20:00:48.197  1463  1716 I WindowManager:   SURFACE POS 0.0, -18.826714: Window{2776682 u0 StatusBar}
07-02 20:00:48.197  1463  1716 V WindowStateAnimator: prepareSurface: No changes in animation for WindowStateAnimator{d74be1 StatusBar}
07-02 20:00:48.198  1463  1716 I WindowAnimator: <<< CLOSE TRANSACTION animateLocked
07-02 20:00:48.213  1463  1716 I WindowAnimator: >>> OPEN TRANSACTION animateLocked
07-02 20:00:48.213  1463  1716 V WindowStateAnimator: performShow on WindowStateAnimator{f796627 com.android.systemui.ImageWallpaper}: mDrawState=READY_TO_SHOW readyForDisplay=false starting=false during animation: policyVis=true attHidden=false tok.hiddenRequested=false tok.hidden=false animating=false tok animating=false Callers=com.android.server.wm.WindowAnimator.updateWindowsLocked:440 com.android.server.wm.WindowAnimator.animateLocked:688 com.android.server.wm.WindowAnimator.access$000:53 
07-02 20:00:48.214  1463  1716 I WindowManager:   SURFACE POS 0.0, -14.307724: Window{2776682 u0 StatusBar}
07-02 20:00:48.214  1463  1716 V WindowStateAnimator: prepareSurface: No changes in animation for WindowStateAnimator{d74be1 StatusBar}
07-02 20:00:48.215  1463  1716 I WindowAnimator: <<< CLOSE TRANSACTION animateLocked
07-02 20:00:48.229  1463  1716 I WindowAnimator: >>> OPEN TRANSACTION animateLocked
07-02 20:00:48.230  1463  1716 V WindowStateAnimator: performShow on WindowStateAnimator{f796627 com.android.systemui.ImageWallpaper}: mDrawState=READY_TO_SHOW readyForDisplay=false starting=false during animation: policyVis=true attHidden=false tok.hiddenRequested=false tok.hidden=false animating=false tok animating=false Callers=com.android.server.wm.WindowAnimator.updateWindowsLocked:440 com.android.server.wm.WindowAnimator.animateLocked:688 com.android.server.wm.WindowAnimator.access$000:53 
07-02 20:00:48.230  1463  1716 I WindowManager:   SURFACE POS 0.0, -10.368: Window{2776682 u0 StatusBar}
07-02 20:00:48.231  1463  1716 V WindowStateAnimator: prepareSurface: No changes in animation for WindowStateAnimator{d74be1 StatusBar}
07-02 20:00:48.231  1463  1716 I WindowAnimator: <<< CLOSE TRANSACTION animateLocked
07-02 20:00:48.246  1463  1716 I WindowAnimator: >>> OPEN TRANSACTION animateLocked
07-02 20:00:48.247  1463  1716 V WindowStateAnimator: performShow on WindowStateAnimator{f796627 com.android.systemui.ImageWallpaper}: mDrawState=READY_TO_SHOW readyForDisplay=false starting=false during animation: policyVis=true attHidden=false tok.hiddenRequested=false tok.hidden=false animating=false tok animating=false Callers=com.android.server.wm.WindowAnimator.updateWindowsLocked:440 com.android.server.wm.WindowAnimator.animateLocked:688 com.android.server.wm.WindowAnimator.access$000:53 
07-02 20:00:48.247  1463  1716 I WindowManager:   SURFACE POS 0.0, -7.2273026: Window{2776682 u0 StatusBar}
07-02 20:00:48.247  1463  1716 V WindowStateAnimator: prepareSurface: No changes in animation for WindowStateAnimator{d74be1 StatusBar}
07-02 20:00:48.250  1463  1716 I WindowAnimator: <<< CLOSE TRANSACTION animateLocked
07-02 20:00:48.263  1463  1716 I WindowAnimator: >>> OPEN TRANSACTION animateLocked
07-02 20:00:48.264  1463  1716 V WindowStateAnimator: performShow on WindowStateAnimator{f796627 com.android.systemui.ImageWallpaper}: mDrawState=READY_TO_SHOW readyForDisplay=false starting=false during animation: policyVis=true attHidden=false tok.hiddenRequested=false tok.hidden=false animating=false tok animating=false Callers=com.android.server.wm.WindowAnimator.updateWindowsLocked:440 com.android.server.wm.WindowAnimator.animateLocked:688 com.android.server.wm.WindowAnimator.access$000:53 
07-02 20:00:48.265  1463  1716 I WindowManager:   SURFACE POS 0.0, -4.7950706: Window{2776682 u0 StatusBar}
07-02 20:00:48.265  1463  1716 V WindowStateAnimator: prepareSurface: No changes in animation for WindowStateAnimator{d74be1 StatusBar}
07-02 20:00:48.265  1463  1716 I WindowAnimator: <<< CLOSE TRANSACTION animateLocked
07-02 20:00:48.281  1463  1716 I WindowAnimator: >>> OPEN TRANSACTION animateLocked
07-02 20:00:48.282  1463  1716 V WindowStateAnimator: performShow on WindowStateAnimator{f796627 com.android.systemui.ImageWallpaper}: mDrawState=READY_TO_SHOW readyForDisplay=false starting=false during animation: policyVis=true attHidden=false tok.hiddenRequested=false tok.hidden=false animating=false tok animating=false Callers=com.android.server.wm.WindowAnimator.updateWindowsLocked:440 com.android.server.wm.WindowAnimator.animateLocked:688 com.android.server.wm.WindowAnimator.access$000:53 
07-02 20:00:48.282  1463  1716 I WindowManager:   SURFACE POS 0.0, -3.0719986: Window{2776682 u0 StatusBar}
07-02 20:00:48.282  1463  1716 V WindowStateAnimator: prepareSurface: No changes in animation for WindowStateAnimator{d74be1 StatusBar}
07-02 20:00:48.286  1463  1716 I WindowAnimator: <<< CLOSE TRANSACTION animateLocked
07-02 20:00:48.296  1463  1716 I WindowAnimator: >>> OPEN TRANSACTION animateLocked
07-02 20:00:48.297  1463  1716 V WindowStateAnimator: performShow on WindowStateAnimator{f796627 com.android.systemui.ImageWallpaper}: mDrawState=READY_TO_SHOW readyForDisplay=false starting=false during animation: policyVis=true attHidden=false tok.hiddenRequested=false tok.hidden=false animating=false tok animating=false Callers=com.android.server.wm.WindowAnimator.updateWindowsLocked:440 com.android.server.wm.WindowAnimator.animateLocked:688 com.android.server.wm.WindowAnimator.access$000:53 
07-02 20:00:48.297  1463  1716 I WindowManager:   SURFACE POS 0.0, -1.7565308: Window{2776682 u0 StatusBar}
07-02 20:00:48.297  1463  1716 V WindowStateAnimator: prepareSurface: No changes in animation for WindowStateAnimator{d74be1 StatusBar}
07-02 20:00:48.299  1463  1716 I WindowAnimator: <<< CLOSE TRANSACTION animateLocked
07-02 20:00:48.313  1463  1716 I WindowAnimator: >>> OPEN TRANSACTION animateLocked
07-02 20:00:48.313  1463  1716 V WindowStateAnimator: performShow on WindowStateAnimator{f796627 com.android.systemui.ImageWallpaper}: mDrawState=READY_TO_SHOW readyForDisplay=false starting=false during animation: policyVis=true attHidden=false tok.hiddenRequested=false tok.hidden=false animating=false tok animating=false Callers=com.android.server.wm.WindowAnimator.updateWindowsLocked:440 com.android.server.wm.WindowAnimator.animateLocked:688 com.android.server.wm.WindowAnimator.access$000:53 
07-02 20:00:48.314  1463  1716 I WindowManager:   SURFACE POS 0.0, -0.88318634: Window{2776682 u0 StatusBar}
07-02 20:00:48.314  1463  1716 V WindowStateAnimator: prepareSurface: No changes in animation for WindowStateAnimator{d74be1 StatusBar}
07-02 20:00:48.316  1463  1716 I WindowAnimator: <<< CLOSE TRANSACTION animateLocked
07-02 20:00:48.334  1463  2076 I WindowStateAnimator: createSurface WindowStateAnimator{4fa3789 FloatNotificationPanel}: mDrawState=DRAW_PENDING
07-02 20:00:48.334  1463  2076 V WindowStateAnimator: Creating surface in session android.view.SurfaceSession@7b9457e window WindowStateAnimator{4fa3789 FloatNotificationPanel} w=1 h=1 x=0.0 y=0.0 format=-2 flags=4
07-02 20:00:48.337  1463  2076 I WindowStateAnimator:   CREATE SURFACE Surface(name=FloatNotificationPanel) IN SESSION android.view.SurfaceSession@7b9457e: pid=1869 format=-2 flags=0x4 / WindowStateAnimator{4fa3789 FloatNotificationPanel}
07-02 20:00:48.337  1463  2076 I WindowStateAnimator: >>> OPEN TRANSACTION createSurfaceLocked
07-02 20:00:48.337  1463  2076 I WindowManager:   SURFACE CREATE pos=(0,0) (0x0), layer=171005 HIDE: Window{42b5290 u0 FloatNotificationPanel}
07-02 20:00:48.339  1463  2076 I WindowStateAnimator: <<< CLOSE TRANSACTION createSurfaceLocked
07-02 20:00:48.339  1463  2076 I WindowManager:   OUT SURFACE Surface(name=null)/@0x86b938e: copied
07-02 20:00:48.339  1463  2076 V WindowManager: Done at AppWindowToken{432da47 token=Token{e0651c8 ActivityRecord{ebc6ce5 u10 com.miui.securitycore/com.miui.securityspace.ui.activity.GuideStartActivity t89}}} -- full screen, return 1
07-02 20:00:48.339  1463  2076 I WindowManager: >>> OPEN TRANSACTION performLayoutAndPlaceSurfaces
07-02 20:00:48.340  1463  2076 I WindowManager:   SURFACE SIZE 720x189: Window{42b5290 u0 FloatNotificationPanel}
07-02 20:00:48.340  1463  2076 I WindowManager:   SURFACE CROP [0,0][720,189]: Window{42b5290 u0 FloatNotificationPanel}
07-02 20:00:48.340  1463  2076 V WindowManager: Resize reasons for w=Window{42b5290 u0 FloatNotificationPanel}:  contentInsetsChanged=false [0,0][0,0] visibleInsetsChanged=false [0,0][0,0] stableInsetsChanged=true [0,48][0,0] outsetsChanged=false [0,0][0,0] surfaceResized=true configChanged=true
07-02 20:00:48.340  1463  2076 V WindowManager: Resizing window Window{42b5290 u0 FloatNotificationPanel} to 720.0x189.0
07-02 20:00:48.340  1463  2076 I WindowStateAnimator: commitFinishDrawingLocked: mDrawState=READY_TO_SHOW Surface(name=com.android.systemui.ImageWallpaper)
07-02 20:00:48.341  1463  2076 V WindowStateAnimator: performShow on WindowStateAnimator{f796627 com.android.systemui.ImageWallpaper}: mDrawState=READY_TO_SHOW readyForDisplay=false starting=false during animation: policyVis=true attHidden=false tok.hiddenRequested=false tok.hidden=false animating=false tok animating=false Callers=com.android.server.wm.WindowStateAnimator.commitFinishDrawingLocked:547 com.android.server.wm.WindowManagerService.performLayoutAndPlaceSurfacesLockedInner:10254 com.android.server.wm.WindowManagerService.performLayoutAndPlaceSurfacesLockedLoop:9131 
07-02 20:00:48.349  1463  2076 I WindowManager: <<< CLOSE TRANSACTION performLayoutAndPlaceSurfaces
07-02 20:00:48.351  1463  2076 I WindowManager: >>> OPEN TRANSACTION performLayoutAndPlaceSurfaces
07-02 20:00:48.351  1463  2076 I WindowStateAnimator: commitFinishDrawingLocked: mDrawState=READY_TO_SHOW Surface(name=com.android.systemui.ImageWallpaper)
07-02 20:00:48.352  1463  2076 V WindowStateAnimator: performShow on WindowStateAnimator{f796627 com.android.systemui.ImageWallpaper}: mDrawState=READY_TO_SHOW readyForDisplay=false starting=false during animation: policyVis=true attHidden=false tok.hiddenRequested=false tok.hidden=false animating=false tok animating=false Callers=com.android.server.wm.WindowStateAnimator.commitFinishDrawingLocked:547 com.android.server.wm.WindowManagerService.performLayoutAndPlaceSurfacesLockedInner:10254 com.android.server.wm.WindowManagerService.performLayoutAndPlaceSurfacesLockedLoop:9131 
07-02 20:00:48.352  1463  2076 I WindowManager: <<< CLOSE TRANSACTION performLayoutAndPlaceSurfaces
07-02 20:00:48.355  1463  1716 I WindowAnimator: >>> OPEN TRANSACTION animateLocked
07-02 20:00:48.355  1463  1716 V WindowStateAnimator: performShow on WindowStateAnimator{f796627 com.android.systemui.ImageWallpaper}: mDrawState=READY_TO_SHOW readyForDisplay=false starting=false during animation: policyVis=true attHidden=false tok.hiddenRequested=false tok.hidden=false animating=false tok animating=false Callers=com.android.server.wm.WindowAnimator.updateWindowsLocked:440 com.android.server.wm.WindowAnimator.animateLocked:688 com.android.server.wm.WindowAnimator.access$000:53 
07-02 20:00:48.356  1463  1716 I WindowManager:   SURFACE POS 0.0, -0.3840027: Window{2776682 u0 StatusBar}
07-02 20:00:48.358  1463  1716 V WindowStateAnimator: prepareSurface: No changes in animation for WindowStateAnimator{d74be1 StatusBar}
07-02 20:00:48.358  1463  1716 I WindowManager:   SURFACE alpha=1.0 layer=171005 matrix=[1.0*1.0,0.0*1.0][0.0*1.0,1.0*1.0]: Window{42b5290 u0 FloatNotificationPanel}
07-02 20:00:48.359  1463  1716 I WindowAnimator: <<< CLOSE TRANSACTION animateLocked
07-02 20:00:48.365  1463  1716 I WindowAnimator: >>> OPEN TRANSACTION animateLocked
07-02 20:00:48.366  1463  1716 V WindowStateAnimator: performShow on WindowStateAnimator{f796627 com.android.systemui.ImageWallpaper}: mDrawState=READY_TO_SHOW readyForDisplay=false starting=false during animation: policyVis=true attHidden=false tok.hiddenRequested=false tok.hidden=false animating=false tok animating=false Callers=com.android.server.wm.WindowAnimator.updateWindowsLocked:440 com.android.server.wm.WindowAnimator.animateLocked:688 com.android.server.wm.WindowAnimator.access$000:53 
07-02 20:00:48.366  1463  1716 I WindowManager:   SURFACE POS 0.0, -0.012580872: Window{2776682 u0 StatusBar}
07-02 20:00:48.366  1463  1716 V WindowStateAnimator: prepareSurface: No changes in animation for WindowStateAnimator{d74be1 StatusBar}
07-02 20:00:48.366  1463  1716 I WindowManager:   SURFACE alpha=1.0 layer=171005 matrix=[1.0*1.0,0.0*1.0][0.0*1.0,1.0*1.0]: Window{42b5290 u0 FloatNotificationPanel}
07-02 20:00:48.375  1463  1716 I WindowAnimator: <<< CLOSE TRANSACTION animateLocked
07-02 20:00:48.375  1463  2387 V WindowStateAnimator: finishDrawingLocked: mDrawState=COMMIT_DRAW_PENDING WindowStateAnimator{4fa3789 FloatNotificationPanel} in Surface(name=FloatNotificationPanel)
07-02 20:00:48.377  1463  1716 I WindowManager: >>> OPEN TRANSACTION performLayoutAndPlaceSurfaces
07-02 20:00:48.377  1463  1716 I WindowStateAnimator: commitFinishDrawingLocked: mDrawState=READY_TO_SHOW Surface(name=FloatNotificationPanel)
07-02 20:00:48.378  1463  1716 V WindowStateAnimator: performShow on WindowStateAnimator{4fa3789 FloatNotificationPanel}: mDrawState=READY_TO_SHOW readyForDisplay=true starting=false during animation: policyVis=true attHidden=false tok.hiddenRequested=false tok.hidden=false animating=false tok animating=false Callers=com.android.server.wm.WindowStateAnimator.commitFinishDrawingLocked:547 com.android.server.wm.WindowManagerService.performLayoutAndPlaceSurfacesLockedInner:10254 com.android.server.wm.WindowManagerService.performLayoutAndPlaceSurfacesLockedLoop:9131 
07-02 20:00:48.378  1463  1716 I WindowManager:   SURFACE SHOW (performShowLocked): Window{42b5290 u0 FloatNotificationPanel}
07-02 20:00:48.378  1463  1716 V WindowStateAnimator: Showing WindowStateAnimator{4fa3789 FloatNotificationPanel} during animation: policyVis=true attHidden=false tok.hiddenRequested=false tok.hidden=false animating=false tok animating=false
07-02 20:00:48.379  1463  1716 V WindowStateAnimator: applyAnimation: win=WindowStateAnimator{4fa3789 FloatNotificationPanel} anim=0 attr=0x0 a=null transit=1 isEntrance=true Callers com.android.server.wm.WindowStateAnimator.applyEnterAnimationLocked:1827 com.android.server.wm.WindowStateAnimator.performShowLocked:1732 com.android.server.wm.WindowStateAnimator.commitFinishDrawingLocked:547 
07-02 20:00:48.379  1463  1716 V WindowStateAnimator: performShowLocked: mDrawState=HAS_DRAWN in WindowStateAnimator{4fa3789 FloatNotificationPanel}
07-02 20:00:48.379  1463  1716 I WindowStateAnimator: commitFinishDrawingLocked: mDrawState=READY_TO_SHOW Surface(name=com.android.systemui.ImageWallpaper)
07-02 20:00:48.380  1463  1716 V WindowStateAnimator: performShow on WindowStateAnimator{f796627 com.android.systemui.ImageWallpaper}: mDrawState=READY_TO_SHOW readyForDisplay=false starting=false during animation: policyVis=true attHidden=false tok.hiddenRequested=false tok.hidden=false animating=false tok animating=false Callers=com.android.server.wm.WindowStateAnimator.commitFinishDrawingLocked:547 com.android.server.wm.WindowManagerService.performLayoutAndPlaceSurfacesLockedInner:10254 com.android.server.wm.WindowManagerService.performLayoutAndPlaceSurfacesLockedLoop:9131 
