04-13 11:42:05.811  1626  1667 V WindowManager: Starting animation in WindowStateAnimator{c08f21e StatusBar} @ 86840: ww=1080 wh=60 dx=1080 dy=1920 scale=1.0
04-13 11:42:05.811  1626  1667 I WindowManager:   SURFACE Surface(name=com.miui.securitycore/com.miui.securityspace.ui.activity.GuideStartActivity)---MATRIX [1.0,0.0,0.0,1.0]: com.miui.securitycore/com.miui.securityspace.ui.activity.GuideStartActivity
04-13 11:42:05.811  1626  1667 I WindowManager:   SURFACE Surface(name=com.android.systemui.ImageWallpaper)---MATRIX [1.0,0.0,0.0,1.0]: com.android.systemui.ImageWallpaper
04-13 11:42:05.811  1626  1667 I WindowManager:   SURFACE Surface(name=StatusBar)---POS (setPositionInTransaction) @ (0.0,-60.0): StatusBar
04-13 11:42:05.811  1626  1667 I WindowManager:   SURFACE Surface(name=StatusBar)---MATRIX [1.0,0.0,0.0,1.0]: StatusBar
04-13 11:42:05.811  1626  1667 I WindowManager:   SURFACE controller=Surface(name=StatusBar)alpha=1.0 layer=161000 matrix=[1.0*1.0,0.0*1.0][0.0*1.0,1.0*1.0]: Window{c15c682 u0 StatusBar}
04-13 11:42:05.811  1626  1667 I WindowManager:   SURFACE Surface(name=StatusBar)---SHOW (performLayout): StatusBar
04-13 11:42:05.812  1626  1667 I WindowManager: <<< CLOSE TRANSACTION animateLocked
04-13 11:42:05.812  1626  1667 I WindowManager: >>> OPEN TRANSACTION removeReplacedWindows
04-13 11:42:05.812  1626  1667 I WindowManager: <<< CLOSE TRANSACTION removeReplacedWindows
04-13 11:42:05.812  1626  1667 I WindowManager: >>> OPEN TRANSACTION performLayoutAndPlaceSurfaces
04-13 11:42:05.813  1626  1667 I WindowManager:   SURFACE Surface(name=StatusBar)---MATRIX [1.0,0.0,0.0,1.0]: StatusBar
04-13 11:42:05.813  1626  1667 I WindowManager: commitFinishDrawingLocked: mDrawState=READY_TO_SHOW Surface(name=com.android.systemui.ImageWallpaper)
04-13 11:42:05.813  1626  1667 I WindowManager:   SURFACE Surface(name=com.android.systemui.ImageWallpaper)---MATRIX [1.0,0.0,0.0,1.0]: com.android.systemui.ImageWallpaper
04-13 11:42:05.813  1626  1667 I WindowManager:   SURFACE Surface(name=com.miui.securitycore/com.miui.securityspace.ui.activity.GuideStartActivity)---MATRIX [1.0,0.0,0.0,1.0]: com.miui.securitycore/com.miui.securityspace.ui.activity.GuideStartActivity
04-13 11:42:05.813  1626  1667 V WindowManager: Eval win Window{2833785 u11 com.miui.home/com.miui.home.launcher.Launcher}: isDrawn=false, isAnimationSet=false
04-13 11:42:05.813  1626  1667 V WindowManager: Not displayed: s=null pv=true mDrawState=NO_SURFACE ah=false th=true a=false
04-13 11:42:05.814  1626  1667 I WindowManager: <<< CLOSE TRANSACTION performLayoutAndPlaceSurfaces
04-13 11:42:05.817  1626  1667 I WindowManager: >>> OPEN TRANSACTION animateLocked
04-13 11:42:05.817   549   549 E AAAA    : setUpHWComposer: empty: hasOne  wasEmpty: notEmpty
04-13 11:42:05.817   549   549 E AAAA    : layer name com.miui.securitycore/com.miui.securityspace.ui.activity.GuideStartActivity
04-13 11:42:05.817  1626  1667 I WindowManager:   SURFACE Surface(name=com.miui.securitycore/com.miui.securityspace.ui.activity.GuideStartActivity)---MATRIX [1.0,0.0,0.0,1.0]: com.miui.securitycore/com.miui.securityspace.ui.activity.GuideStartActivity
04-13 11:42:05.817  1626  1667 I WindowManager:   SURFACE Surface(name=com.android.systemui.ImageWallpaper)---MATRIX [1.0,0.0,0.0,1.0]: com.android.systemui.ImageWallpaper
04-13 11:42:05.817  1626  1667 I WindowManager:   SURFACE Surface(name=StatusBar)---POS (setPositionInTransaction) @ (0.0,-49.0): StatusBar
04-13 11:42:05.817  1626  1667 I WindowManager:   SURFACE Surface(name=StatusBar)---MATRIX [1.0,0.0,0.0,1.0]: StatusBar
04-13 11:42:05.817  1626  1667 V WindowManager: prepareSurface: No changes in animation for WindowStateAnimator{c08f21e StatusBar}
04-13 11:42:05.818  1626  1667 I WindowManager: <<< CLOSE TRANSACTION animateLocked
04-13 11:42:05.834   549   549 E AAAA    : setUpHWComposer: empty: more  wasEmpty: notEmpty
04-13 11:42:05.834  1626  1667 I WindowManager: >>> OPEN TRANSACTION animateLocked
04-13 11:42:05.834  1626  1667 I WindowManager:   SURFACE Surface(name=com.miui.securitycore/com.miui.securityspace.ui.activity.GuideStartActivity)---MATRIX [1.0,0.0,0.0,1.0]: com.miui.securitycore/com.miui.securityspace.ui.activity.GuideStartActivity
04-13 11:42:05.834  1626  1667 I WindowManager:   SURFACE Surface(name=com.android.systemui.ImageWallpaper)---MATRIX [1.0,0.0,0.0,1.0]: com.android.systemui.ImageWallpaper
04-13 11:42:05.834  1626  1667 I WindowManager:   SURFACE Surface(name=StatusBar)---POS (setPositionInTransaction) @ (0.0,-39.0): StatusBar
04-13 11:42:05.834  1626  1667 I WindowManager:   SURFACE Surface(name=StatusBar)---MATRIX [1.0,0.0,0.0,1.0]: StatusBar
04-13 11:42:05.834  1626  1667 V WindowManager: prepareSurface: No changes in animation for WindowStateAnimator{c08f21e StatusBar}
04-13 11:42:05.835  1626  1667 I WindowManager: <<< CLOSE TRANSACTION animateLocked
04-13 11:42:05.850   549   549 E AAAA    : setUpHWComposer: empty: more  wasEmpty: notEmpty
04-13 11:42:05.850  1626  1667 I WindowManager: >>> OPEN TRANSACTION animateLocked
04-13 11:42:05.851  1626  1667 I WindowManager:   SURFACE Surface(name=com.miui.securitycore/com.miui.securityspace.ui.activity.GuideStartActivity)---MATRIX [1.0,0.0,0.0,1.0]: com.miui.securitycore/com.miui.securityspace.ui.activity.GuideStartActivity
04-13 11:42:05.851  1626  1667 I WindowManager:   SURFACE Surface(name=com.android.systemui.ImageWallpaper)---MATRIX [1.0,0.0,0.0,1.0]: com.android.systemui.ImageWallpaper
04-13 11:42:05.851  1626  1667 I WindowManager:   SURFACE Surface(name=StatusBar)---POS (setPositionInTransaction) @ (0.0,-31.0): StatusBar
04-13 11:42:05.851  1626  1667 I WindowManager:   SURFACE Surface(name=StatusBar)---MATRIX [1.0,0.0,0.0,1.0]: StatusBar
04-13 11:42:05.851  1626  1667 V WindowManager: prepareSurface: No changes in animation for WindowStateAnimator{c08f21e StatusBar}
04-13 11:42:05.852  1626  1667 I WindowManager: <<< CLOSE TRANSACTION animateLocked
04-13 11:42:05.867   549   549 E AAAA    : setUpHWComposer: empty: more  wasEmpty: notEmpty
04-13 11:42:05.867  1626  1667 I WindowManager: >>> OPEN TRANSACTION animateLocked
04-13 11:42:05.867  1626  1667 I WindowManager:   SURFACE Surface(name=com.miui.securitycore/com.miui.securityspace.ui.activity.GuideStartActivity)---MATRIX [1.0,0.0,0.0,1.0]: com.miui.securitycore/com.miui.securityspace.ui.activity.GuideStartActivity
04-13 11:42:05.868  1626  1667 I WindowManager:   SURFACE Surface(name=com.android.systemui.ImageWallpaper)---MATRIX [1.0,0.0,0.0,1.0]: com.android.systemui.ImageWallpaper
04-13 11:42:05.868  1626  1667 I WindowManager:   SURFACE Surface(name=StatusBar)---POS (setPositionInTransaction) @ (0.0,-24.0): StatusBar
04-13 11:42:05.868  1626  1667 I WindowManager:   SURFACE Surface(name=StatusBar)---MATRIX [1.0,0.0,0.0,1.0]: StatusBar
04-13 11:42:05.868  1626  1667 V WindowManager: prepareSurface: No changes in animation for WindowStateAnimator{c08f21e StatusBar}
04-13 11:42:05.868  1626  1667 I WindowManager: <<< CLOSE TRANSACTION animateLocked
04-13 11:42:05.884  1626  1667 I WindowManager: >>> OPEN TRANSACTION animateLocked
04-13 11:42:05.884   549   549 E AAAA    : setUpHWComposer: empty: more  wasEmpty: notEmpty
04-13 11:42:05.884  1626  1667 I WindowManager:   SURFACE Surface(name=com.miui.securitycore/com.miui.securityspace.ui.activity.GuideStartActivity)---MATRIX [1.0,0.0,0.0,1.0]: com.miui.securitycore/com.miui.securityspace.ui.activity.GuideStartActivity
04-13 11:42:05.884  1626  1667 I WindowManager:   SURFACE Surface(name=com.android.systemui.ImageWallpaper)---MATRIX [1.0,0.0,0.0,1.0]: com.android.systemui.ImageWallpaper
04-13 11:42:05.884  1626  1667 I WindowManager:   SURFACE Surface(name=StatusBar)---POS (setPositionInTransaction) @ (0.0,-18.0): StatusBar
04-13 11:42:05.884  1626  1667 I WindowManager:   SURFACE Surface(name=StatusBar)---MATRIX [1.0,0.0,0.0,1.0]: StatusBar
04-13 11:42:05.884  1626  1667 V WindowManager: prepareSurface: No changes in animation for WindowStateAnimator{c08f21e StatusBar}
04-13 11:42:05.886  1626  1667 I WindowManager: <<< CLOSE TRANSACTION animateLocked
04-13 11:42:05.900   549   549 E AAAA    : setUpHWComposer: empty: more  wasEmpty: notEmpty
04-13 11:42:05.901  1626  1667 I WindowManager: >>> OPEN TRANSACTION animateLocked
04-13 11:42:05.901  1626  1667 I WindowManager:   SURFACE Surface(name=com.miui.securitycore/com.miui.securityspace.ui.activity.GuideStartActivity)---MATRIX [1.0,0.0,0.0,1.0]: com.miui.securitycore/com.miui.securityspace.ui.activity.GuideStartActivity
04-13 11:42:05.901  1626  1667 I WindowManager:   SURFACE Surface(name=com.android.systemui.ImageWallpaper)---MATRIX [1.0,0.0,0.0,1.0]: com.android.systemui.ImageWallpaper
04-13 11:42:05.901  1626  1667 I WindowManager:   SURFACE Surface(name=StatusBar)---POS (setPositionInTransaction) @ (0.0,-13.0): StatusBar
04-13 11:42:05.901  1626  1667 I WindowManager:   SURFACE Surface(name=StatusBar)---MATRIX [1.0,0.0,0.0,1.0]: StatusBar
04-13 11:42:05.901  1626  1667 V WindowManager: prepareSurface: No changes in animation for WindowStateAnimator{c08f21e StatusBar}
04-13 11:42:05.902  1626  1667 I WindowManager: <<< CLOSE TRANSACTION animateLocked
04-13 11:42:05.917   549   549 E AAAA    : setUpHWComposer: empty: more  wasEmpty: notEmpty
04-13 11:42:05.917  1626  1667 I WindowManager: >>> OPEN TRANSACTION animateLocked
04-13 11:42:05.918  1626  1667 I WindowManager:   SURFACE Surface(name=com.miui.securitycore/com.miui.securityspace.ui.activity.GuideStartActivity)---MATRIX [1.0,0.0,0.0,1.0]: com.miui.securitycore/com.miui.securityspace.ui.activity.GuideStartActivity
04-13 11:42:05.918  1626  1667 I WindowManager:   SURFACE Surface(name=com.android.systemui.ImageWallpaper)---MATRIX [1.0,0.0,0.0,1.0]: com.android.systemui.ImageWallpaper
04-13 11:42:05.918  1626  1667 I WindowManager:   SURFACE Surface(name=StatusBar)---POS (setPositionInTransaction) @ (0.0,-9.0): StatusBar
04-13 11:42:05.918  1626  1667 I WindowManager:   SURFACE Surface(name=StatusBar)---MATRIX [1.0,0.0,0.0,1.0]: StatusBar
04-13 11:42:05.918  1626  1667 V WindowManager: prepareSurface: No changes in animation for WindowStateAnimator{c08f21e StatusBar}
04-13 11:42:05.918  1626  1667 I WindowManager: <<< CLOSE TRANSACTION animateLocked
04-13 11:42:05.934   549   549 E AAAA    : setUpHWComposer: empty: more  wasEmpty: notEmpty
04-13 11:42:05.936  1626  1667 I WindowManager: >>> OPEN TRANSACTION animateLocked
04-13 11:42:05.937  1626  1667 I WindowManager:   SURFACE Surface(name=com.miui.securitycore/com.miui.securityspace.ui.activity.GuideStartActivity)---MATRIX [1.0,0.0,0.0,1.0]: com.miui.securitycore/com.miui.securityspace.ui.activity.GuideStartActivity
04-13 11:42:05.937  1626  1667 I WindowManager:   SURFACE Surface(name=com.android.systemui.ImageWallpaper)---MATRIX [1.0,0.0,0.0,1.0]: com.android.systemui.ImageWallpaper
04-13 11:42:05.937  1626  1667 I WindowManager:   SURFACE Surface(name=StatusBar)---POS (setPositionInTransaction) @ (0.0,-6.0): StatusBar
04-13 11:42:05.938  1626  1667 I WindowManager:   SURFACE Surface(name=StatusBar)---MATRIX [1.0,0.0,0.0,1.0]: StatusBar
04-13 11:42:05.938  1626  1667 V WindowManager: prepareSurface: No changes in animation for WindowStateAnimator{c08f21e StatusBar}
04-13 11:42:05.940  1626  1667 I WindowManager: <<< CLOSE TRANSACTION animateLocked
04-13 11:42:05.950   549   549 E AAAA    : setUpHWComposer: empty: more  wasEmpty: notEmpty
04-13 11:42:05.951  1626  1667 I WindowManager: >>> OPEN TRANSACTION animateLocked
04-13 11:42:05.951  1626  1667 I WindowManager:   SURFACE Surface(name=com.miui.securitycore/com.miui.securityspace.ui.activity.GuideStartActivity)---MATRIX [1.0,0.0,0.0,1.0]: com.miui.securitycore/com.miui.securityspace.ui.activity.GuideStartActivity
04-13 11:42:05.952  1626  1667 I WindowManager:   SURFACE Surface(name=com.android.systemui.ImageWallpaper)---MATRIX [1.0,0.0,0.0,1.0]: com.android.systemui.ImageWallpaper
04-13 11:42:05.952  1626  1667 I WindowManager:   SURFACE Surface(name=StatusBar)---POS (setPositionInTransaction) @ (0.0,-4.0): StatusBar
04-13 11:42:05.952  1626  1667 I WindowManager:   SURFACE Surface(name=StatusBar)---MATRIX [1.0,0.0,0.0,1.0]: StatusBar
04-13 11:42:05.952  1626  1667 V WindowManager: prepareSurface: No changes in animation for WindowStateAnimator{c08f21e StatusBar}
04-13 11:42:05.952  1626  1667 I WindowManager: <<< CLOSE TRANSACTION animateLocked
04-13 11:42:05.968  1626  1667 I WindowManager: >>> OPEN TRANSACTION animateLocked
04-13 11:42:05.968  1626  1667 I WindowManager:   SURFACE Surface(name=com.miui.securitycore/com.miui.securityspace.ui.activity.GuideStartActivity)---MATRIX [1.0,0.0,0.0,1.0]: com.miui.securitycore/com.miui.securityspace.ui.activity.GuideStartActivity
04-13 11:42:05.968  1626  1667 I WindowManager:   SURFACE Surface(name=com.android.systemui.ImageWallpaper)---MATRIX [1.0,0.0,0.0,1.0]: com.android.systemui.ImageWallpaper
04-13 11:42:05.968  1626  1667 I WindowManager:   SURFACE Surface(name=StatusBar)---POS (setPositionInTransaction) @ (0.0,-2.0): StatusBar
04-13 11:42:05.968  1626  1667 I WindowManager:   SURFACE Surface(name=StatusBar)---MATRIX [1.0,0.0,0.0,1.0]: StatusBar
04-13 11:42:05.968  1626  1667 V WindowManager: prepareSurface: No changes in animation for WindowStateAnimator{c08f21e StatusBar}
04-13 11:42:05.968   549   549 E AAAA    : setUpHWComposer: empty: more  wasEmpty: notEmpty
04-13 11:42:05.969  1626  1667 I WindowManager: <<< CLOSE TRANSACTION animateLocked
04-13 11:42:05.984   549   549 E AAAA    : setUpHWComposer: empty: more  wasEmpty: notEmpty
04-13 11:42:05.984  1626  1667 I WindowManager: >>> OPEN TRANSACTION animateLocked
04-13 11:42:05.984  1626  1667 I WindowManager:   SURFACE Surface(name=com.miui.securitycore/com.miui.securityspace.ui.activity.GuideStartActivity)---MATRIX [1.0,0.0,0.0,1.0]: com.miui.securitycore/com.miui.securityspace.ui.activity.GuideStartActivity
04-13 11:42:05.984  1626  1667 I WindowManager:   SURFACE Surface(name=com.android.systemui.ImageWallpaper)---MATRIX [1.0,0.0,0.0,1.0]: com.android.systemui.ImageWallpaper
04-13 11:42:05.984  1626  1667 I WindowManager:   SURFACE Surface(name=StatusBar)---POS (setPositionInTransaction) @ (0.0,-1.0): StatusBar
04-13 11:42:05.984  1626  1667 I WindowManager:   SURFACE Surface(name=StatusBar)---MATRIX [1.0,0.0,0.0,1.0]: StatusBar
04-13 11:42:05.984  1626  1667 V WindowManager: prepareSurface: No changes in animation for WindowStateAnimator{c08f21e StatusBar}
04-13 11:42:05.986  1626  1667 I WindowManager: <<< CLOSE TRANSACTION animateLocked
04-13 11:42:06.000   549   549 E AAAA    : setUpHWComposer: empty: more  wasEmpty: notEmpty
04-13 11:42:06.000  1626  1667 I WindowManager: >>> OPEN TRANSACTION animateLocked
04-13 11:42:06.001  1626  1667 I WindowManager:   SURFACE Surface(name=com.miui.securitycore/com.miui.securityspace.ui.activity.GuideStartActivity)---MATRIX [1.0,0.0,0.0,1.0]: com.miui.securitycore/com.miui.securityspace.ui.activity.GuideStartActivity
04-13 11:42:06.001  1626  1667 I WindowManager:   SURFACE Surface(name=com.android.systemui.ImageWallpaper)---MATRIX [1.0,0.0,0.0,1.0]: com.android.systemui.ImageWallpaper
04-13 11:42:06.001  1626  1667 I WindowManager:   SURFACE Surface(name=StatusBar)---POS (setPositionInTransaction) @ (0.0,0.0): StatusBar
04-13 11:42:06.001  1626  1667 I WindowManager:   SURFACE Surface(name=StatusBar)---MATRIX [1.0,0.0,0.0,1.0]: StatusBar
04-13 11:42:06.001  1626  1667 V WindowManager: prepareSurface: No changes in animation for WindowStateAnimator{c08f21e StatusBar}
04-13 11:42:06.002  1626  1667 I WindowManager: <<< CLOSE TRANSACTION animateLocked
04-13 11:42:06.017   549   549 E AAAA    : setUpHWComposer: empty: more  wasEmpty: notEmpty
04-13 11:42:06.017  1626  1667 I WindowManager: >>> OPEN TRANSACTION animateLocked
04-13 11:42:06.017  1626  1667 I WindowManager:   SURFACE Surface(name=com.miui.securitycore/com.miui.securityspace.ui.activity.GuideStartActivity)---MATRIX [1.0,0.0,0.0,1.0]: com.miui.securitycore/com.miui.securityspace.ui.activity.GuideStartActivity
04-13 11:42:06.017  1626  1667 I WindowManager:   SURFACE Surface(name=com.android.systemui.ImageWallpaper)---MATRIX [1.0,0.0,0.0,1.0]: com.android.systemui.ImageWallpaper
04-13 11:42:06.017  1626  1667 I WindowManager:   SURFACE Surface(name=StatusBar)---MATRIX [1.0,0.0,0.0,1.0]: StatusBar
04-13 11:42:06.017  1626  1667 V WindowManager: prepareSurface: No changes in animation for WindowStateAnimator{c08f21e StatusBar}
04-13 11:42:06.018  1626  1667 I WindowManager: <<< CLOSE TRANSACTION animateLocked
04-13 11:42:06.034   549   549 E AAAA    : setUpHWComposer: empty: more  wasEmpty: notEmpty
04-13 11:42:06.034  1626  1667 I WindowManager: >>> OPEN TRANSACTION animateLocked
04-13 11:42:06.034  1626  1667 I WindowManager:   SURFACE Surface(name=com.miui.securitycore/com.miui.securityspace.ui.activity.GuideStartActivity)---MATRIX [1.0,0.0,0.0,1.0]: com.miui.securitycore/com.miui.securityspace.ui.activity.GuideStartActivity
04-13 11:42:06.034  1626  1667 I WindowManager:   SURFACE Surface(name=com.android.systemui.ImageWallpaper)---MATRIX [1.0,0.0,0.0,1.0]: com.android.systemui.ImageWallpaper
04-13 11:42:06.034  1626  1667 I WindowManager:   SURFACE Surface(name=StatusBar)---MATRIX [1.0,0.0,0.0,1.0]: StatusBar
04-13 11:42:06.034  1626  1667 V WindowManager: prepareSurface: No changes in animation for WindowStateAnimator{c08f21e StatusBar}
04-13 11:42:06.035  1626  1667 I WindowManager: <<< CLOSE TRANSACTION animateLocked
04-13 11:42:06.051   549   549 E AAAA    : setUpHWComposer: empty: more  wasEmpty: notEmpty
04-13 11:42:06.051  1626  1667 I WindowManager: >>> OPEN TRANSACTION animateLocked
04-13 11:42:06.051  1626  1667 I WindowManager:   SURFACE Surface(name=com.miui.securitycore/com.miui.securityspace.ui.activity.GuideStartActivity)---MATRIX [1.0,0.0,0.0,1.0]: com.miui.securitycore/com.miui.securityspace.ui.activity.GuideStartActivity
04-13 11:42:06.051  1626  1667 I WindowManager:   SURFACE Surface(name=com.android.systemui.ImageWallpaper)---MATRIX [1.0,0.0,0.0,1.0]: com.android.systemui.ImageWallpaper
04-13 11:42:06.051  1626  1667 I WindowManager:   SURFACE Surface(name=StatusBar)---MATRIX [1.0,0.0,0.0,1.0]: StatusBar
04-13 11:42:06.051  1626  1667 V WindowManager: prepareSurface: No changes in animation for WindowStateAnimator{c08f21e StatusBar}
04-13 11:42:06.052  1626  1667 I WindowManager: <<< CLOSE TRANSACTION animateLocked
04-13 11:42:06.067   549   549 E AAAA    : setUpHWComposer: empty: more  wasEmpty: notEmpty
04-13 11:42:06.067  1626  1667 I WindowManager: >>> OPEN TRANSACTION animateLocked
04-13 11:42:06.068  1626  1667 V WindowManager: Finished animation in WindowStateAnimator{c08f21e StatusBar} @ 87107
04-13 11:42:06.068  1626  1667 V WindowManager: Animation done in WindowStateAnimator{c08f21e StatusBar}: exiting=false, reportedVisible=false
04-13 11:42:06.068  1626  1667 V WindowManager: finishExit in WindowStateAnimator{c08f21e StatusBar}: exiting=false remove=false windowAnimating=false
04-13 11:42:06.068  1626  1667 I WindowManager:   SURFACE Surface(name=com.miui.securitycore/com.miui.securityspace.ui.activity.GuideStartActivity)---MATRIX [1.0,0.0,0.0,1.0]: com.miui.securitycore/com.miui.securityspace.ui.activity.GuideStartActivity
04-13 11:42:06.068  1626  1667 I WindowManager:   SURFACE Surface(name=com.android.systemui.ImageWallpaper)---MATRIX [1.0,0.0,0.0,1.0]: com.android.systemui.ImageWallpaper
04-13 11:42:06.068  1626  1667 I WindowManager:   SURFACE Surface(name=StatusBar)---MATRIX [1.0,0.0,0.0,1.0]: StatusBar
04-13 11:42:06.068  1626  1667 I WindowManager: <<< CLOSE TRANSACTION animateLocked
04-13 11:42:06.069  1626  1667 I WindowManager: >>> OPEN TRANSACTION performLayoutAndPlaceSurfaces
04-13 11:42:06.069  1626  1667 I WindowManager:   SURFACE Surface(name=StatusBar)---MATRIX [1.0,0.0,0.0,1.0]: StatusBar
04-13 11:42:06.069  1626  1667 I WindowManager: commitFinishDrawingLocked: mDrawState=READY_TO_SHOW Surface(name=com.android.systemui.ImageWallpaper)
04-13 11:42:06.069  1626  1667 I WindowManager:   SURFACE Surface(name=com.android.systemui.ImageWallpaper)---MATRIX [1.0,0.0,0.0,1.0]: com.android.systemui.ImageWallpaper
04-13 11:42:06.069  1626  1667 I WindowManager:   SURFACE Surface(name=com.miui.securitycore/com.miui.securityspace.ui.activity.GuideStartActivity)---MATRIX [1.0,0.0,0.0,1.0]: com.miui.securitycore/com.miui.securityspace.ui.activity.GuideStartActivity
04-13 11:42:06.070  1626  1667 V WindowManager: Eval win Window{2833785 u11 com.miui.home/com.miui.home.launcher.Launcher}: isDrawn=false, isAnimationSet=false
04-13 11:42:06.070  1626  1667 V WindowManager: Not displayed: s=null pv=true mDrawState=NO_SURFACE ah=false th=true a=false
04-13 11:42:06.070  1626  1667 I WindowManager: <<< CLOSE TRANSACTION performLayoutAndPlaceSurfaces
04-13 11:42:06.084  1626  1667 I WindowManager: >>> OPEN TRANSACTION animateLocked
04-13 11:42:06.084  1626  1667 I WindowManager:   SURFACE Surface(name=com.miui.securitycore/com.miui.securityspace.ui.activity.GuideStartActivity)---MATRIX [1.0,0.0,0.0,1.0]: com.miui.securitycore/com.miui.securityspace.ui.activity.GuideStartActivity
04-13 11:42:06.084   549   549 E AAAA    : setUpHWComposer: empty: more  wasEmpty: notEmpty
04-13 11:42:06.084  1626  1667 I WindowManager:   SURFACE Surface(name=com.android.systemui.ImageWallpaper)---MATRIX [1.0,0.0,0.0,1.0]: com.android.systemui.ImageWallpaper
04-13 11:42:06.084  1626  1667 I WindowManager:   SURFACE Surface(name=StatusBar)---MATRIX [1.0,0.0,0.0,1.0]: StatusBar
04-13 11:42:06.085  1626  1667 I WindowManager: <<< CLOSE TRANSACTION animateLocked
04-13 11:42:06.103   549   549 E AAAA    : setUpHWComposer: empty: more  wasEmpty: notEmpty
04-13 11:42:06.134   549   549 E AAAA    : setUpHWComposer: empty: more  wasEmpty: notEmpty
04-13 11:42:06.217   549   549 E AAAA    : setUpHWComposer: empty: more  wasEmpty: notEmpty
04-13 11:42:06.284   549   549 E AAAA    : setUpHWComposer: empty: more  wasEmpty: notEmpty
04-13 11:42:06.301   549   549 E AAAA    : setUpHWComposer: empty: more  wasEmpty: notEmpty
04-13 11:42:06.343  1626  1656 I WindowManager: Sending new config to window Window{c5ab281 u0 FloatNotificationPanel}:  / mergedConfig={1.0 ?mcc?mnc [zh_CN] ldltr sw360dp w360dp h620dp 480dpi nrml long port finger -keyb/v/h -nav/h s.5 themeChanged=0 themeChangedFlags=0}
04-13 11:42:06.343  1626  1656 I WindowManager: createSurface WindowStateAnimator{407b280 FloatNotificationPanel}: mDrawState=DRAW_PENDING
04-13 11:42:06.344  1626  1656 I WindowManager:   CREATE SURFACE Surface(name=FloatNotificationPanel) IN SESSION android.view.SurfaceSession@5a1ed8: pid=1855 format=-2 flags=0x4 / WindowStateAnimator{407b280 FloatNotificationPanel}
04-13 11:42:06.344  1626  1656 I WindowManager: >>> OPEN TRANSACTION createSurfaceLocked
04-13 11:42:06.344  1626  1656 I WindowManager:   SURFACE CREATE pos=(0,0) (1x1), layer=171005 HIDE: Window{c5ab281 u0 FloatNotificationPanel}
04-13 11:42:06.344  1626  1656 I WindowManager:   SURFACE Surface(name=FloatNotificationPanel)---POS (setPositionAndLayer) @ (0.0,0.0): FloatNotificationPanel
04-13 11:42:06.345  1626  1656 I WindowManager: <<< CLOSE TRANSACTION setPositionAndLayer
04-13 11:42:06.345  1626  1656 I WindowManager:   OUT SURFACE Surface(name=null)/@0xeaa30b9: copied
04-13 11:42:06.345  1626  1656 V WindowManager: Done at AppWindowToken{5b67298 token=Token{cab340a ActivityRecord{c025c75 u11 com.miui.securitycore/com.miui.securityspace.ui.activity.GuideStartActivity t1100001}}} -- full screen, return 1
04-13 11:42:06.345  1626  1656 I WindowManager: >>> OPEN TRANSACTION performLayoutAndPlaceSurfaces
04-13 11:42:06.346  1626  1656 I WindowManager:   SURFACE Surface(name=FloatNotificationPanel)---SIZE 1080x276: FloatNotificationPanel
04-13 11:42:06.346  1626  1656 I WindowManager:   SURFACE Surface(name=FloatNotificationPanel)---CROP [0,0][1080,276]: FloatNotificationPanel
04-13 11:42:06.346  1626  1656 I WindowManager:   SURFACE Surface(name=FloatNotificationPanel)---MATRIX [1.0,0.0,0.0,1.0]: FloatNotificationPanel
04-13 11:42:06.346  1626  1656 V WindowManager: Resize reasons for w=Window{c5ab281 u0 FloatNotificationPanel}:  contentInsetsChanged=false [0,0][0,0] visibleInsetsChanged=false [0,0][0,0] stableInsetsChanged=true [0,60][0,0] outsetsChanged=false [0,0][0,0] surfaceResized=true configChanged=false dragResizingChanged=false resizedWhileNotDragResizingReported=false
04-13 11:42:06.346  1626  1656 V WindowManager: Resizing window Window{c5ab281 u0 FloatNotificationPanel}
04-13 11:42:06.346  1626  1656 I WindowManager:   SURFACE Surface(name=StatusBar)---MATRIX [1.0,0.0,0.0,1.0]: StatusBar
04-13 11:42:06.346  1626  1656 I WindowManager: commitFinishDrawingLocked: mDrawState=READY_TO_SHOW Surface(name=com.android.systemui.ImageWallpaper)
04-13 11:42:06.346  1626  1656 I WindowManager:   SURFACE Surface(name=com.android.systemui.ImageWallpaper)---MATRIX [1.0,0.0,0.0,1.0]: com.android.systemui.ImageWallpaper
04-13 11:42:06.346  1626  1656 I WindowManager:   SURFACE Surface(name=com.miui.securitycore/com.miui.securityspace.ui.activity.GuideStartActivity)---MATRIX [1.0,0.0,0.0,1.0]: com.miui.securitycore/com.miui.securityspace.ui.activity.GuideStartActivity
04-13 11:42:06.347  1626  1656 V WindowManager: Eval win Window{2833785 u11 com.miui.home/com.miui.home.launcher.Launcher}: isDrawn=false, isAnimationSet=false
04-13 11:42:06.347  1626  1656 V WindowManager: Not displayed: s=null pv=true mDrawState=NO_SURFACE ah=false th=true a=false
04-13 11:42:06.351   549   549 E AAAA    : setUpHWComposer: empty: more  wasEmpty: notEmpty
04-13 11:42:06.353  1626  1656 I WindowManager: <<< CLOSE TRANSACTION performLayoutAndPlaceSurfaces
04-13 11:42:06.353  1626  1656 V WindowManager: Reporting new frame to Window{c5ab281 u0 FloatNotificationPanel}: Rect(0, 0 - 1080, 276)
04-13 11:42:06.353  1626  1656 I WindowManager: Resizing Window{c5ab281 u0 FloatNotificationPanel} WITH DRAW PENDING
04-13 11:42:06.354  1626  1656 I WindowManager: >>> OPEN TRANSACTION performLayoutAndPlaceSurfaces
04-13 11:42:06.355  1626  1656 I WindowManager:   SURFACE Surface(name=FloatNotificationPanel)---MATRIX [1.0,0.0,0.0,1.0]: FloatNotificationPanel
04-13 11:42:06.366  1626  1656 I WindowManager:   SURFACE Surface(name=StatusBar)---MATRIX [1.0,0.0,0.0,1.0]: StatusBar
04-13 11:42:06.366  1626  1656 I WindowManager: commitFinishDrawingLocked: mDrawState=READY_TO_SHOW Surface(name=com.android.systemui.ImageWallpaper)
04-13 11:42:06.366  1626  1656 I WindowManager:   SURFACE Surface(name=com.android.systemui.ImageWallpaper)---MATRIX [1.0,0.0,0.0,1.0]: com.android.systemui.ImageWallpaper
04-13 11:42:06.366  1626  1656 I WindowManager:   SURFACE Surface(name=com.miui.securitycore/com.miui.securityspace.ui.activity.GuideStartActivity)---MATRIX [1.0,0.0,0.0,1.0]: com.miui.securitycore/com.miui.securityspace.ui.activity.GuideStartActivity
04-13 11:42:06.366  1626  1656 V WindowManager: Eval win Window{2833785 u11 com.miui.home/com.miui.home.launcher.Launcher}: isDrawn=false, isAnimationSet=false
04-13 11:42:06.366  1626  1656 V WindowManager: Not displayed: s=null pv=true mDrawState=NO_SURFACE ah=false th=true a=false
04-13 11:42:06.367  1626  1656 I WindowManager: <<< CLOSE TRANSACTION performLayoutAndPlaceSurfaces
04-13 11:42:06.367   549   549 E AAAA    : setUpHWComposer: empty: more  wasEmpty: notEmpty
04-13 11:42:06.384   549   549 E AAAA    : setUpHWComposer: empty: more  wasEmpty: notEmpty
04-13 11:42:06.389  1626  1667 I WindowManager: >>> OPEN TRANSACTION animateLocked
04-13 11:42:06.390  1626  1667 I WindowManager:   SURFACE Surface(name=com.miui.securitycore/com.miui.securityspace.ui.activity.GuideStartActivity)---MATRIX [1.0,0.0,0.0,1.0]: com.miui.securitycore/com.miui.securityspace.ui.activity.GuideStartActivity
04-13 11:42:06.390  1626  1667 I WindowManager:   SURFACE Surface(name=com.android.systemui.ImageWallpaper)---MATRIX [1.0,0.0,0.0,1.0]: com.android.systemui.ImageWallpaper
04-13 11:42:06.390  1626  1667 I WindowManager:   SURFACE Surface(name=StatusBar)---MATRIX [1.0,0.0,0.0,1.0]: StatusBar
04-13 11:42:06.390  1626  1667 I WindowManager:   SURFACE Surface(name=FloatNotificationPanel)---MATRIX [1.0,0.0,0.0,1.0]: FloatNotificationPanel
04-13 11:42:06.390  1626  1667 I WindowManager:   SURFACE controller=Surface(name=FloatNotificationPanel)alpha=1.0 layer=171005 matrix=[1.0*1.0,0.0*1.0][0.0*1.0,1.0*1.0]: Window{c5ab281 u0 FloatNotificationPanel}
04-13 11:42:06.390  1626  1667 I WindowManager: <<< CLOSE TRANSACTION animateLocked
04-13 11:42:06.401   549   549 E AAAA    : setUpHWComposer: empty: more  wasEmpty: notEmpty
04-13 11:42:06.412  1626  3730 V WindowManager: finishDrawingLocked: mDrawState=COMMIT_DRAW_PENDING Window{c5ab281 u0 FloatNotificationPanel} in Surface(name=FloatNotificationPanel)
04-13 11:42:06.412  1626  1667 I WindowManager: >>> OPEN TRANSACTION performLayoutAndPlaceSurfaces
04-13 11:42:06.413  1626  1667 I WindowManager: commitFinishDrawingLocked: mDrawState=READY_TO_SHOW Surface(name=FloatNotificationPanel)
04-13 11:42:06.413  1626  1667 V WindowManager: Loading animations: layout params pkg=com.android.systemui resId=0x0
04-13 11:42:06.414  1626  1667 V WindowManager: applyAnimation: win=WindowStateAnimator{407b280 FloatNotificationPanel} anim=0 attr=0x0 a=null transit=1 isEntrance=true Callers com.android.server.wm.WindowStateAnimator.applyEnterAnimationLocked:1840 com.android.server.wm.WindowStateAnimator.performShowLocked:1756 com.android.server.wm.WindowStateAnimator.commitFinishDrawingLocked:631 
04-13 11:42:06.414  1626  1667 V WindowManager: performShowLocked: mDrawState=HAS_DRAWN in Window{c5ab281 u0 FloatNotificationPanel}
04-13 11:42:06.414  1626  1667 I WindowManager:   SURFACE Surface(name=FloatNotificationPanel)---MATRIX [1.0,0.0,0.0,1.0]: FloatNotificationPanel
04-13 11:42:06.414  1626  1667 I WindowManager:   SURFACE Surface(name=StatusBar)---MATRIX [1.0,0.0,0.0,1.0]: StatusBar
04-13 11:42:06.414  1626  1667 I WindowManager: commitFinishDrawingLocked: mDrawState=READY_TO_SHOW Surface(name=com.android.systemui.ImageWallpaper)
04-13 11:42:06.414  1626  1667 I WindowManager:   SURFACE Surface(name=com.android.systemui.ImageWallpaper)---MATRIX [1.0,0.0,0.0,1.0]: com.android.systemui.ImageWallpaper
04-13 11:42:06.415  1626  1667 I WindowManager:   SURFACE Surface(name=com.miui.securitycore/com.miui.securityspace.ui.activity.GuideStartActivity)---MATRIX [1.0,0.0,0.0,1.0]: com.miui.securitycore/com.miui.securityspace.ui.activity.GuideStartActivity
04-13 11:42:06.415  1626  1667 V WindowManager: Eval win Window{2833785 u11 com.miui.home/com.miui.home.launcher.Launcher}: isDrawn=false, isAnimationSet=false
04-13 11:42:06.415  1626  1667 V WindowManager: Not displayed: s=null pv=true mDrawState=NO_SURFACE ah=false th=true a=false
04-13 11:42:06.415  1626  1667 I WindowManager: <<< CLOSE TRANSACTION performLayoutAndPlaceSurfaces
04-13 11:42:06.417  1626  1667 I WindowManager: >>> OPEN TRANSACTION animateLocked
04-13 11:42:06.418   549   549 E AAAA    : setUpHWComposer: empty: more  wasEmpty: notEmpty
04-13 11:42:06.418  1626  1667 I WindowManager:   SURFACE Surface(name=com.miui.securitycore/com.miui.securityspace.ui.activity.GuideStartActivity)---MATRIX [1.0,0.0,0.0,1.0]: com.miui.securitycore/com.miui.securityspace.ui.activity.GuideStartActivity
04-13 11:42:06.418  1626  1667 I WindowManager:   SURFACE Surface(name=com.android.systemui.ImageWallpaper)---MATRIX [1.0,0.0,0.0,1.0]: com.android.systemui.ImageWallpaper
04-13 11:42:06.418  1626  1667 I WindowManager:   SURFACE Surface(name=StatusBar)---MATRIX [1.0,0.0,0.0,1.0]: StatusBar
04-13 11:42:06.418  1626  1667 I WindowManager:   SURFACE Surface(name=FloatNotificationPanel)---MATRIX [1.0,0.0,0.0,1.0]: FloatNotificationPanel
04-13 11:42:06.418  1626  1667 I WindowManager:   SURFACE controller=Surface(name=FloatNotificationPanel)alpha=1.0 layer=171005 matrix=[1.0*1.0,0.0*1.0][0.0*1.0,1.0*1.0]: Window{c5ab281 u0 FloatNotificationPanel}
04-13 11:42:06.418  1626  1667 I WindowManager:   SURFACE Surface(name=FloatNotificationPanel)---SHOW (performLayout): FloatNotificationPanel
04-13 11:42:06.421  1626  1667 I WindowManager: <<< CLOSE TRANSACTION animateLocked
04-13 11:42:06.421  1626  1667 I WindowManager: >>> OPEN TRANSACTION removeReplacedWindows
04-13 11:42:06.421  1626  1667 I WindowManager: <<< CLOSE TRANSACTION removeReplacedWindows
04-13 11:42:06.421  1626  1667 I WindowManager: >>> OPEN TRANSACTION performLayoutAndPlaceSurfaces
04-13 11:42:06.421  1626  1667 I WindowManager:   SURFACE Surface(name=FloatNotificationPanel)---MATRIX [1.0,0.0,0.0,1.0]: FloatNotificationPanel
04-13 11:42:06.422  1626  1667 I WindowManager:   SURFACE Surface(name=StatusBar)---MATRIX [1.0,0.0,0.0,1.0]: StatusBar
04-13 11:42:06.422  1626  1667 I WindowManager: commitFinishDrawingLocked: mDrawState=READY_TO_SHOW Surface(name=com.android.systemui.ImageWallpaper)
04-13 11:42:06.422  1626  1667 I WindowManager:   SURFACE Surface(name=com.android.systemui.ImageWallpaper)---MATRIX [1.0,0.0,0.0,1.0]: com.android.systemui.ImageWallpaper
04-13 11:42:06.423  1626  1667 I WindowManager:   SURFACE Surface(name=com.miui.securitycore/com.miui.securityspace.ui.activity.GuideStartActivity)---MATRIX [1.0,0.0,0.0,1.0]: com.miui.securitycore/com.miui.securityspace.ui.activity.GuideStartActivity
04-13 11:42:06.423  1626  1667 V WindowManager: Eval win Window{2833785 u11 com.miui.home/com.miui.home.launcher.Launcher}: isDrawn=false, isAnimationSet=false
04-13 11:42:06.423  1626  1667 V WindowManager: Not displayed: s=null pv=true mDrawState=NO_SURFACE ah=false th=true a=false
04-13 11:42:06.423  1626  1667 I WindowManager: <<< CLOSE TRANSACTION performLayoutAndPlaceSurfaces
04-13 11:42:06.434  1626  1667 I WindowManager: >>> OPEN TRANSACTION animateLocked
04-13 11:42:06.434  1626  1667 I WindowManager:   SURFACE Surface(name=com.miui.securitycore/com.miui.securityspace.ui.activity.GuideStartActivity)---MATRIX [1.0,0.0,0.0,1.0]: com.miui.securitycore/com.miui.securityspace.ui.activity.GuideStartActivity
04-13 11:42:06.434  1626  1667 I WindowManager:   SURFACE Surface(name=com.android.systemui.ImageWallpaper)---MATRIX [1.0,0.0,0.0,1.0]: com.android.systemui.ImageWallpaper
04-13 11:42:06.436   549   549 E AAAA    : setUpHWComposer: empty: more  wasEmpty: notEmpty
04-13 11:42:06.449  1626  1667 I WindowManager:   SURFACE Surface(name=StatusBar)---MATRIX [1.0,0.0,0.0,1.0]: StatusBar
04-13 11:42:06.449  1626  1667 I WindowManager:   SURFACE Surface(name=FloatNotificationPanel)---MATRIX [1.0,0.0,0.0,1.0]: FloatNotificationPanel
04-13 11:42:06.453  1626  1667 I WindowManager: <<< CLOSE TRANSACTION animateLocked
04-13 11:42:06.468   549   549 E AAAA    : setUpHWComposer: empty: more  wasEmpty: notEmpty
04-13 11:42:06.484   549   549 E AAAA    : setUpHWComposer: empty: more  wasEmpty: notEmpty
04-13 11:42:06.501   549   549 E AAAA    : setUpHWComposer: empty: more  wasEmpty: notEmpty
04-13 11:42:06.518   549   549 E AAAA    : setUpHWComposer: empty: more  wasEmpty: notEmpty
04-13 11:42:06.535   549   549 E AAAA    : setUpHWComposer: empty: more  wasEmpty: notEmpty
04-13 11:42:06.552   549   549 E AAAA    : setUpHWComposer: empty: more  wasEmpty: notEmpty
04-13 11:42:06.568   549   549 E AAAA    : setUpHWComposer: empty: more  wasEmpty: notEmpty
04-13 11:42:06.587   549   549 E AAAA    : setUpHWComposer: empty: more  wasEmpty: notEmpty
04-13 11:42:06.601   549   549 E AAAA    : setUpHWComposer: empty: more  wasEmpty: notEmpty
04-13 11:42:06.618   549   549 E AAAA    : setUpHWComposer: empty: more  wasEmpty: notEmpty
04-13 11:42:06.634   549   549 E AAAA    : setUpHWComposer: empty: more  wasEmpty: notEmpty
04-13 11:42:06.651   549   549 E AAAA    : setUpHWComposer: empty: more  wasEmpty: notEmpty
04-13 11:42:06.668   549   549 E AAAA    : setUpHWComposer: empty: more  wasEmpty: notEmpty
04-13 11:42:06.684   549   549 E AAAA    : setUpHWComposer: empty: more  wasEmpty: notEmpty
04-13 11:42:06.701   549   549 E AAAA    : setUpHWComposer: empty: more  wasEmpty: notEmpty
04-13 11:42:06.718   549   549 E AAAA    : setUpHWComposer: empty: more  wasEmpty: notEmpty
04-13 11:42:06.734   549   549 E AAAA    : setUpHWComposer: empty: more  wasEmpty: notEmpty
04-13 11:42:06.751   549   549 E AAAA    : setUpHWComposer: empty: more  wasEmpty: notEmpty
04-13 11:42:06.768   549   549 E AAAA    : setUpHWComposer: empty: more  wasEmpty: notEmpty
04-13 11:42:06.785   549   549 E AAAA    : setUpHWComposer: empty: more  wasEmpty: notEmpty
04-13 11:42:06.801   549   549 E AAAA    : setUpHWComposer: empty: more  wasEmpty: notEmpty
04-13 11:42:06.818   549   549 E AAAA    : setUpHWComposer: empty: more  wasEmpty: notEmpty
04-13 11:42:06.835   549   549 E AAAA    : setUpHWComposer: empty: more  wasEmpty: notEmpty
04-13 11:42:06.853   549   549 E AAAA    : setUpHWComposer: empty: more  wasEmpty: notEmpty
04-13 11:42:06.868   549   549 E AAAA    : setUpHWComposer: empty: more  wasEmpty: notEmpty
04-13 11:42:06.885   549   549 E AAAA    : setUpHWComposer: empty: more  wasEmpty: notEmpty
04-13 11:42:06.901   549   549 E AAAA    : setUpHWComposer: empty: more  wasEmpty: notEmpty
04-13 11:42:06.918   549   549 E AAAA    : setUpHWComposer: empty: more  wasEmpty: notEmpty
04-13 11:42:06.984   549   549 E AAAA    : setUpHWComposer: empty: more  wasEmpty: notEmpty
04-13 11:42:07.017   549   549 E AAAA    : setUpHWComposer: empty: more  wasEmpty: notEmpty
04-13 11:42:07.101   549   549 E AAAA    : setUpHWComposer: empty: more  wasEmpty: notEmpty
04-13 11:42:07.366  1626  1791 E AAAA    : ------- initialized
04-13 11:42:11.386   549   549 E AAAA    : setUpHWComposer: empty: more  wasEmpty: notEmpty
04-13 11:42:11.403   549   549 E AAAA    : setUpHWComposer: empty: more  wasEmpty: notEmpty
04-13 11:42:11.419   549   549 E AAAA    : setUpHWComposer: empty: more  wasEmpty: notEmpty
04-13 11:42:11.436   549   549 E AAAA    : setUpHWComposer: empty: more  wasEmpty: notEmpty
04-13 11:42:11.452   549   549 E AAAA    : setUpHWComposer: empty: more  wasEmpty: notEmpty
04-13 11:42:11.469   549   549 E AAAA    : setUpHWComposer: empty: more  wasEmpty: notEmpty
04-13 11:42:11.490   549   549 E AAAA    : setUpHWComposer: empty: more  wasEmpty: notEmpty
04-13 11:42:11.502   549   549 E AAAA    : setUpHWComposer: empty: more  wasEmpty: notEmpty
04-13 11:42:11.519   549   549 E AAAA    : setUpHWComposer: empty: more  wasEmpty: notEmpty
04-13 11:42:11.536   549   549 E AAAA    : setUpHWComposer: empty: more  wasEmpty: notEmpty
04-13 11:42:11.553   549   549 E AAAA    : setUpHWComposer: empty: more  wasEmpty: notEmpty
04-13 11:42:11.562  1626  2198 V WindowManager: Loading animations: layout params pkg=com.android.systemui resId=0x0
04-13 11:42:11.562  1626  2198 V WindowManager: applyAnimation: win=WindowStateAnimator{407b280 FloatNotificationPanel} anim=0 attr=0x1 a=null transit=2 isEntrance=false Callers com.android.server.wm.WindowManagerService.tryStartExitingAnimation:3136 com.android.server.wm.WindowManagerService.relayoutWindow:3035 com.android.server.wm.Session.relayout:224 
04-13 11:42:11.562  1626  2198 I WindowManager:   SURFACE DESTROY: Window{c5ab281 u0 FloatNotificationPanel}
04-13 11:42:11.565  1626  2198 I WindowManager: Destroying surface Surface(name=FloatNotificationPanel) called by com.android.server.wm.WindowStateAnimator.destroySurface:2043 com.android.server.wm.WindowStateAnimator.destroySurfaceLocked:895 com.android.server.wm.WindowState.destroyOrSaveSurface:2116 com.android.server.wm.WindowManagerService.tryStartExitingAnimation:3155 com.android.server.wm.WindowManagerService.relayoutWindow:3035 com.android.server.wm.Session.relayout:224 android.view.IWindowSession$Stub.onTransact:286 com.android.server.wm.Session.onTransact:145 
04-13 11:42:11.566  1626  2198 V WindowManager: Done at AppWindowToken{5b67298 token=Token{cab340a ActivityRecord{c025c75 u11 com.miui.securitycore/com.miui.securityspace.ui.activity.GuideStartActivity t1100001}}} -- full screen, return 1
04-13 11:42:11.566  1626  2198 I WindowManager: >>> OPEN TRANSACTION performLayoutAndPlaceSurfaces
04-13 11:42:11.566  1626  2198 I WindowManager:   SURFACE Surface(name=StatusBar)---MATRIX [1.0,0.0,0.0,1.0]: StatusBar
04-13 11:42:11.566  1626  2198 I WindowManager: commitFinishDrawingLocked: mDrawState=READY_TO_SHOW Surface(name=com.android.systemui.ImageWallpaper)
04-13 11:42:11.566  1626  2198 I WindowManager:   SURFACE Surface(name=com.android.systemui.ImageWallpaper)---MATRIX [1.0,0.0,0.0,1.0]:
