04-13 10:47:36.088  1576  1666 V WindowManager: Application requested orientation 1, got rotation 0 which has compatible metrics
04-13 10:47:36.088  1576  1666 I WindowManager: >>> OPEN TRANSACTION performLayoutAndPlaceSurfaces
04-13 10:47:36.089  1576  1666 I WindowManager:   SURFACE Surface(name=com.android.systemui.ImageWallpaper)---MATRIX [1.0,0.0,0.0,1.0]: com.android.systemui.ImageWallpaper
04-13 10:47:36.089  1576  1666 I WindowManager:   SURFACE Surface(name=com.miui.securitycore/com.miui.securityspace.ui.activity.GuideStartActivity)---MATRIX [1.0,0.0,0.0,1.0]: com.miui.securitycore/com.miui.securityspace.ui.activity.GuideStartActivity
04-13 10:47:36.089  1576  1666 V WindowManager: Eval win Window{dd4a291 u10 com.miui.home/com.miui.home.launcher.Launcher}: isDrawn=false, isAnimationSet=false
04-13 10:47:36.089  1576  1666 V WindowManager: Not displayed: s=null pv=true mDrawState=NO_SURFACE ah=false th=true a=false
04-13 10:47:36.089  1576  1666 I WindowManager: <<< CLOSE TRANSACTION performLayoutAndPlaceSurfaces
04-13 10:47:36.095   549   549 E AAAA    : setUpHWComposer: empty: hasOne  wasEmpty: notEmpty
04-13 10:47:36.095  1576  1671 I WindowManager: >>> OPEN TRANSACTION animateLocked
04-13 10:47:36.095   549   549 E AAAA    : layer name com.miui.securitycore/com.miui.securityspace.ui.activity.GuideStartActivity
04-13 10:47:36.095  1576  1671 I WindowManager:   SURFACE Surface(name=com.miui.securitycore/com.miui.securityspace.ui.activity.GuideStartActivity)---MATRIX [1.0,0.0,0.0,1.0]: com.miui.securitycore/com.miui.securityspace.ui.activity.GuideStartActivity
04-13 10:47:36.095  1576  1671 I WindowManager:   SURFACE Surface(name=com.android.systemui.ImageWallpaper)---MATRIX [1.0,0.0,0.0,1.0]: com.android.systemui.ImageWallpaper
04-13 10:47:36.096  1576  1671 I WindowManager: <<< CLOSE TRANSACTION animateLocked
04-13 10:47:36.112   549   549 E AAAA    : setUpHWComposer: empty: hasOne  wasEmpty: notEmpty
04-13 10:47:36.112   549   549 E AAAA    : layer name com.miui.securitycore/com.miui.securityspace.ui.activity.GuideStartActivity
04-13 10:47:36.196  1576  7490 V WindowManager: Done at AppWindowToken{cfdfd17 token=Token{d7f84b1 ActivityRecord{7e7b58 u10 com.miui.securitycore/com.miui.securityspace.ui.activity.GuideStartActivity t1000001}}} -- full screen, return 1
04-13 10:47:36.198   549   549 E AAAA    : setUpHWComposer: empty: hasOne  wasEmpty: notEmpty
04-13 10:47:36.198   549   549 E AAAA    : layer name com.miui.securitycore/com.miui.securityspace.ui.activity.GuideStartActivity
04-13 10:47:36.305  1576  3163 V WindowManager: Remove Window{9c11d3f u0 RecentsPanel}: mSurfaceController=null mAnimatingExit=false mRemoveOnExit=false mHasSurface=false surfaceShowing=false isAnimationSet=false app-animation=null mWillReplaceWindow=false inPendingTransaction=false mDisplayFrozen=false callers=com.android.server.wm.WindowManagerService.removeWindowLocked:2439 com.android.server.wm.WindowManagerService.removeWindow:2434 com.android.server.wm.Session.remove:202 android.view.IWindowSession$Stub.onTransact:242 com.android.server.wm.Session.onTransact:145 android.os.Binder.execTransact:567 
04-13 10:47:36.305  1576  3163 I WindowManager: >>> OPEN TRANSACTION performLayoutAndPlaceSurfaces
04-13 10:47:36.306  1576  3163 I WindowManager:   SURFACE Surface(name=com.android.systemui.ImageWallpaper)---MATRIX [1.0,0.0,0.0,1.0]: com.android.systemui.ImageWallpaper
04-13 10:47:36.306  1576  3163 I WindowManager:   SURFACE Surface(name=com.miui.securitycore/com.miui.securityspace.ui.activity.GuideStartActivity)---MATRIX [1.0,0.0,0.0,1.0]: com.miui.securitycore/com.miui.securityspace.ui.activity.GuideStartActivity
04-13 10:47:36.306  1576  3163 V WindowManager: Resize reasons for w=Window{122ba83 u10 com.miui.securitycore/com.miui.securityspace.ui.activity.GuideStartActivity}:  contentInsetsChanged=true [0,60][0,0] visibleInsetsChanged=false [0,0][0,0] stableInsetsChanged=true [0,60][0,0] outsetsChanged=false [0,0][0,0] surfaceResized=false configChanged=false dragResizingChanged=false resizedWhileNotDragResizingReported=true
04-13 10:47:36.306  1576  3163 V WindowManager: Resizing window Window{122ba83 u10 com.miui.securitycore/com.miui.securityspace.ui.activity.GuideStartActivity}
04-13 10:47:36.306  1576  3163 V WindowManager: Eval win Window{dd4a291 u10 com.miui.home/com.miui.home.launcher.Launcher}: isDrawn=false, isAnimationSet=false
04-13 10:47:36.306  1576  3163 V WindowManager: Not displayed: s=null pv=true mDrawState=NO_SURFACE ah=false th=true a=false
04-13 10:47:36.306  1576  3163 I WindowManager: <<< CLOSE TRANSACTION performLayoutAndPlaceSurfaces
04-13 10:47:36.307  1576  3163 V WindowManager: Reporting new frame to Window{122ba83 u10 com.miui.securitycore/com.miui.securityspace.ui.activity.GuideStartActivity}: Rect(0, 0 - 1080, 1920)
04-13 10:47:36.312   549   549 E AAAA    : setUpHWComposer: empty: hasOne  wasEmpty: notEmpty
04-13 10:47:36.312   549   549 E AAAA    : layer name com.miui.securitycore/com.miui.securityspace.ui.activity.GuideStartActivity
04-13 10:47:36.312  1576  1671 I WindowManager: >>> OPEN TRANSACTION animateLocked
04-13 10:47:36.315  1576  1671 I WindowManager:   SURFACE Surface(name=com.miui.securitycore/com.miui.securityspace.ui.activity.GuideStartActivity)---MATRIX [1.0,0.0,0.0,1.0]: com.miui.securitycore/com.miui.securityspace.ui.activity.GuideStartActivity
04-13 10:47:36.315  1576  1671 I WindowManager:   SURFACE Surface(name=com.android.systemui.ImageWallpaper)---MATRIX [1.0,0.0,0.0,1.0]: com.android.systemui.ImageWallpaper
04-13 10:47:36.318  1576  1671 I WindowManager: <<< CLOSE TRANSACTION animateLocked
04-13 10:47:36.319  1576  7490 V WindowManager: Done at AppWindowToken{cfdfd17 token=Token{d7f84b1 ActivityRecord{7e7b58 u10 com.miui.securitycore/com.miui.securityspace.ui.activity.GuideStartActivity t1000001}}} -- full screen, return 1
04-13 10:47:36.319  1576  7490 I WindowManager: >>> OPEN TRANSACTION performLayoutAndPlaceSurfaces
04-13 10:47:36.319  1576  7490 I WindowManager:   SURFACE Surface(name=com.android.systemui.ImageWallpaper)---MATRIX [1.0,0.0,0.0,1.0]: com.android.systemui.ImageWallpaper
04-13 10:47:36.320  1576  7490 I WindowManager:   SURFACE Surface(name=com.miui.securitycore/com.miui.securityspace.ui.activity.GuideStartActivity)---MATRIX [1.0,0.0,0.0,1.0]: com.miui.securitycore/com.miui.securityspace.ui.activity.GuideStartActivity
04-13 10:47:36.320  1576  7490 V WindowManager: Eval win Window{dd4a291 u10 com.miui.home/com.miui.home.launcher.Launcher}: isDrawn=false, isAnimationSet=false
04-13 10:47:36.320  1576  7490 V WindowManager: Not displayed: s=null pv=true mDrawState=NO_SURFACE ah=false th=true a=false
04-13 10:47:36.321  1576  7490 I WindowManager: <<< CLOSE TRANSACTION performLayoutAndPlaceSurfaces
04-13 10:47:36.322  1576  2165 I WindowManager:   OUT SURFACE Surface(name=null)/@0x999369e: copied
04-13 10:47:36.322  1576  2165 V WindowManager: Done at AppWindowToken{cfdfd17 token=Token{d7f84b1 ActivityRecord{7e7b58 u10 com.miui.securitycore/com.miui.securityspace.ui.activity.GuideStartActivity t1000001}}} -- full screen, return 1
04-13 10:47:36.322  1576  2165 I WindowManager: >>> OPEN TRANSACTION performLayoutAndPlaceSurfaces
04-13 10:47:36.322  1576  2165 I WindowManager:   SURFACE Surface(name=com.android.systemui.ImageWallpaper)---MATRIX [1.0,0.0,0.0,1.0]: com.android.systemui.ImageWallpaper
04-13 10:47:36.323  1576  2165 I WindowManager:   SURFACE Surface(name=com.miui.securitycore/com.miui.securityspace.ui.activity.GuideStartActivity)---MATRIX [1.0,0.0,0.0,1.0]: com.miui.securitycore/com.miui.securityspace.ui.activity.GuideStartActivity
04-13 10:47:36.323  1576  2165 V WindowManager: Eval win Window{dd4a291 u10 com.miui.home/com.miui.home.launcher.Launcher}: isDrawn=false, isAnimationSet=false
04-13 10:47:36.323  1576  2165 V WindowManager: Not displayed: s=null pv=true mDrawState=NO_SURFACE ah=false th=true a=false
04-13 10:47:36.323  1576  2165 I WindowManager: <<< CLOSE TRANSACTION performLayoutAndPlaceSurfaces
04-13 10:47:36.328   549   549 E AAAA    : setUpHWComposer: empty: hasOne  wasEmpty: notEmpty
04-13 10:47:36.328   549   549 E AAAA    : layer name com.miui.securitycore/com.miui.securityspace.ui.activity.GuideStartActivity
04-13 10:47:36.329  1576  1671 I WindowManager: >>> OPEN TRANSACTION animateLocked
04-13 10:47:36.329  1576  1671 I WindowManager:   SURFACE Surface(name=com.miui.securitycore/com.miui.securityspace.ui.activity.GuideStartActivity)---MATRIX [1.0,0.0,0.0,1.0]: com.miui.securitycore/com.miui.securityspace.ui.activity.GuideStartActivity
04-13 10:47:36.329  1576  1671 I WindowManager:   SURFACE Surface(name=com.android.systemui.ImageWallpaper)---MATRIX [1.0,0.0,0.0,1.0]: com.android.systemui.ImageWallpaper
04-13 10:47:36.329  1576  1671 I WindowManager: <<< CLOSE TRANSACTION animateLocked
04-13 10:47:36.345   549   549 E AAAA    : setUpHWComposer: empty: hasOne  wasEmpty: notEmpty
04-13 10:47:36.345   549   549 E AAAA    : layer name com.miui.securitycore/com.miui.securityspace.ui.activity.GuideStartActivity
04-13 10:47:36.412   549   549 E AAAA    : setUpHWComposer: empty: hasOne  wasEmpty: notEmpty
04-13 10:47:36.542  1576  2928 I WindowManager: Sending new config to window Window{fccbea7 u0 StatusBar}:  / mergedConfig={1.0 ?mcc?mnc [zh_CN] ldltr sw360dp w360dp h620dp 480dpi nrml long port finger -keyb/v/h -nav/h s.7 themeChanged=0 themeChangedFlags=0}
04-13 10:47:36.542  1576  2928 I WindowManager: createSurface WindowStateAnimator{79bc603 StatusBar}: mDrawState=DRAW_PENDING
04-13 10:47:36.552  1576  2928 I WindowManager:   CREATE SURFACE Surface(name=StatusBar) IN SESSION android.view.SurfaceSession@9513e0: pid=1860 format=-3 flags=0x4 / WindowStateAnimator{79bc603 StatusBar}
04-13 10:47:36.552  1576  2928 I WindowManager: >>> OPEN TRANSACTION createSurfaceLocked
04-13 10:47:36.552  1576  2928 I WindowManager:   SURFACE CREATE pos=(0,0) (1080x1), layer=161000 HIDE: Window{fccbea7 u0 StatusBar}
04-13 10:47:36.552  1576  2928 I WindowManager:   SURFACE Surface(name=StatusBar)---POS (setPositionAndLayer) @ (0.0,0.0): StatusBar
04-13 10:47:36.553  1576  2928 I WindowManager: <<< CLOSE TRANSACTION setPositionAndLayer
04-13 10:47:36.553  1576  2928 I WindowManager:   OUT SURFACE Surface(name=null)/@0xcfa6980: copied
04-13 10:47:36.553  1576  2928 V WindowManager: Done at AppWindowToken{cfdfd17 token=Token{d7f84b1 ActivityRecord{7e7b58 u10 com.miui.securitycore/com.miui.securityspace.ui.activity.GuideStartActivity t1000001}}} -- full screen, return 1
04-13 10:47:36.553  1576  2928 I WindowManager: >>> OPEN TRANSACTION performLayoutAndPlaceSurfaces
04-13 10:47:36.553  1576  2928 I WindowManager:   SURFACE Surface(name=StatusBar)---SIZE 1080x60: StatusBar
04-13 10:47:36.553  1576  2928 I WindowManager:   SURFACE Surface(name=StatusBar)---CROP [0,0][1080,60]: StatusBar
04-13 10:47:36.553  1576  2928 I WindowManager:   SURFACE Surface(name=StatusBar)---MATRIX [1.0,0.0,0.0,1.0]: StatusBar
04-13 10:47:36.554  1576  2928 V WindowManager: Resize reasons for w=Window{fccbea7 u0 StatusBar}:  contentInsetsChanged=false [0,0][0,0] visibleInsetsChanged=false [0,0][0,0] stableInsetsChanged=false [0,0][0,0] outsetsChanged=false [0,0][0,0] surfaceResized=true configChanged=false dragResizingChanged=false resizedWhileNotDragResizingReported=false
04-13 10:47:36.554  1576  2928 V WindowManager: Resizing window Window{fccbea7 u0 StatusBar}
04-13 10:47:36.554  1576  2928 I WindowManager:   SURFACE Surface(name=com.android.systemui.ImageWallpaper)---MATRIX [1.0,0.0,0.0,1.0]: com.android.systemui.ImageWallpaper
04-13 10:47:36.554  1576  2928 I WindowManager:   SURFACE Surface(name=com.miui.securitycore/com.miui.securityspace.ui.activity.GuideStartActivity)---MATRIX [1.0,0.0,0.0,1.0]: com.miui.securitycore/com.miui.securityspace.ui.activity.GuideStartActivity
04-13 10:47:36.554  1576  2928 V WindowManager: Resize reasons for w=Window{122ba83 u10 com.miui.securitycore/com.miui.securityspace.ui.activity.GuideStartActivity}:  contentInsetsChanged=false [0,60][0,0] visibleInsetsChanged=true [0,60][0,0] stableInsetsChanged=false [0,60][0,0] outsetsChanged=false [0,0][0,0] surfaceResized=false configChanged=false dragResizingChanged=false resizedWhileNotDragResizingReported=true
04-13 10:47:36.554  1576  2928 V WindowManager: Resizing window Window{122ba83 u10 com.miui.securitycore/com.miui.securityspace.ui.activity.GuideStartActivity}
04-13 10:47:36.554  1576  2928 V WindowManager: Eval win Window{dd4a291 u10 com.miui.home/com.miui.home.launcher.Launcher}: isDrawn=false, isAnimationSet=false
04-13 10:47:36.554  1576  2928 V WindowManager: Not displayed: s=null pv=true mDrawState=NO_SURFACE ah=false th=true a=false
04-13 10:47:36.562   549   549 E AAAA    : setUpHWComposer: empty: hasOne  wasEmpty: notEmpty
04-13 10:47:36.562   549   549 E AAAA    : layer name com.miui.securitycore/com.miui.securityspace.ui.activity.GuideStartActivity
04-13 10:47:36.568  1576  2928 I WindowManager: <<< CLOSE TRANSACTION performLayoutAndPlaceSurfaces
04-13 10:47:36.568  1576  2928 V WindowManager: Reporting new frame to Window{122ba83 u10 com.miui.securitycore/com.miui.securityspace.ui.activity.GuideStartActivity}: Rect(0, 0 - 1080, 1920)
04-13 10:47:36.568  1576  2928 V WindowManager: Reporting new frame to Window{fccbea7 u0 StatusBar}: Rect(0, 0 - 1080, 60)
04-13 10:47:36.568  1576  2928 I WindowManager: Resizing Window{fccbea7 u0 StatusBar} WITH DRAW PENDING
04-13 10:47:36.569  1576  2928 I WindowManager: >>> OPEN TRANSACTION performLayoutAndPlaceSurfaces
04-13 10:47:36.569  1576  2928 I WindowManager:   SURFACE Surface(name=StatusBar)---MATRIX [1.0,0.0,0.0,1.0]: StatusBar
04-13 10:47:36.570  1576  2928 I WindowManager:   SURFACE Surface(name=com.android.systemui.ImageWallpaper)---MATRIX [1.0,0.0,0.0,1.0]: com.android.systemui.ImageWallpaper
04-13 10:47:36.570  1576  2928 I WindowManager:   SURFACE Surface(name=com.miui.securitycore/com.miui.securityspace.ui.activity.GuideStartActivity)---MATRIX [1.0,0.0,0.0,1.0]: com.miui.securitycore/com.miui.securityspace.ui.activity.GuideStartActivity
04-13 10:47:36.570  1576  2928 V WindowManager: Eval win Window{dd4a291 u10 com.miui.home/com.miui.home.launcher.Launcher}: isDrawn=false, isAnimationSet=false
04-13 10:47:36.570  1576  2928 V WindowManager: Not displayed: s=null pv=true mDrawState=NO_SURFACE ah=false th=true a=false
04-13 10:47:36.570  1576  2928 I WindowManager: <<< CLOSE TRANSACTION performLayoutAndPlaceSurfaces
04-13 10:47:36.579  1576  1671 I WindowManager: >>> OPEN TRANSACTION animateLocked
04-13 10:47:36.579  1576  1671 I WindowManager:   SURFACE Surface(name=com.miui.securitycore/com.miui.securityspace.ui.activity.GuideStartActivity)---MATRIX [1.0,0.0,0.0,1.0]: com.miui.securitycore/com.miui.securityspace.ui.activity.GuideStartActivity
04-13 10:47:36.579  1576  1671 I WindowManager:   SURFACE Surface(name=com.android.systemui.ImageWallpaper)---MATRIX [1.0,0.0,0.0,1.0]: com.android.systemui.ImageWallpaper
04-13 10:47:36.579  1576  1671 I WindowManager:   SURFACE Surface(name=StatusBar)---MATRIX [1.0,0.0,0.0,1.0]: StatusBar
04-13 10:47:36.579  1576  1671 I WindowManager:   SURFACE controller=Surface(name=StatusBar)alpha=1.0 layer=161000 matrix=[1.0*1.0,0.0*1.0][0.0*1.0,1.0*1.0]: Window{fccbea7 u0 StatusBar}
04-13 10:47:36.580   549   549 E AAAA    : setUpHWComposer: empty: hasOne  wasEmpty: notEmpty
04-13 10:47:36.580   549   549 E AAAA    : layer name com.miui.securitycore/com.miui.securityspace.ui.activity.GuideStartActivity
04-13 10:47:36.581  1576  1671 I WindowManager: <<< CLOSE TRANSACTION animateLocked
04-13 10:47:36.585  1576  7617 V WindowManager: Done at AppWindowToken{cfdfd17 token=Token{d7f84b1 ActivityRecord{7e7b58 u10 com.miui.securitycore/com.miui.securityspace.ui.activity.GuideStartActivity t1000001}}} -- full screen, return 1
04-13 10:47:36.585  1576  7617 I WindowManager: >>> OPEN TRANSACTION performLayoutAndPlaceSurfaces
04-13 10:47:36.585  1576  7617 I WindowManager:   SURFACE Surface(name=StatusBar)---MATRIX [1.0,0.0,0.0,1.0]: StatusBar
04-13 10:47:36.585  1576  7617 I WindowManager:   SURFACE Surface(name=com.android.systemui.ImageWallpaper)---MATRIX [1.0,0.0,0.0,1.0]: com.android.systemui.ImageWallpaper
04-13 10:47:36.585  1576  7617 I WindowManager:   SURFACE Surface(name=com.miui.securitycore/com.miui.securityspace.ui.activity.GuideStartActivity)---MATRIX [1.0,0.0,0.0,1.0]: com.miui.securitycore/com.miui.securityspace.ui.activity.GuideStartActivity
04-13 10:47:36.585  1576  7617 V WindowManager: Eval win Window{dd4a291 u10 com.miui.home/com.miui.home.launcher.Launcher}: isDrawn=false, isAnimationSet=false
04-13 10:47:36.586  1576  7617 V WindowManager: Not displayed: s=null pv=true mDrawState=NO_SURFACE ah=false th=true a=false
04-13 10:47:36.586  1576  7617 I WindowManager: <<< CLOSE TRANSACTION performLayoutAndPlaceSurfaces
04-13 10:47:36.595   549   549 E AAAA    : setUpHWComposer: empty: hasOne  wasEmpty: notEmpty
04-13 10:47:36.596   549   549 E AAAA    : layer name com.miui.securitycore/com.miui.securityspace.ui.activity.GuideStartActivity
04-13 10:47:36.596  1576  1671 I WindowManager: >>> OPEN TRANSACTION animateLocked
04-13 10:47:36.597  1576  1671 I WindowManager:   SURFACE Surface(name=com.miui.securitycore/com.miui.securityspace.ui.activity.GuideStartActivity)---MATRIX [1.0,0.0,0.0,1.0]: com.miui.securitycore/com.miui.securityspace.ui.activity.GuideStartActivity
04-13 10:47:36.597  1576  1671 I WindowManager:   SURFACE Surface(name=com.android.systemui.ImageWallpaper)---MATRIX [1.0,0.0,0.0,1.0]: com.android.systemui.ImageWallpaper
04-13 10:47:36.597  1576  1671 I WindowManager:   SURFACE Surface(name=StatusBar)---MATRIX [1.0,0.0,0.0,1.0]: StatusBar
04-13 10:47:36.597  1576  1671 I WindowManager:   SURFACE controller=Surface(name=StatusBar)alpha=1.0 layer=161000 matrix=[1.0*1.0,0.0*1.0][0.0*1.0,1.0*1.0]: Window{fccbea7 u0 StatusBar}
04-13 10:47:36.598  1576  1671 I WindowManager: <<< CLOSE TRANSACTION animateLocked
04-13 10:47:36.612   549   549 E AAAA    : setUpHWComposer: empty: hasOne  wasEmpty: notEmpty
04-13 10:47:36.612   549   549 E AAAA    : layer name com.miui.securitycore/com.miui.securityspace.ui.activity.GuideStartActivity
04-13 10:47:36.653  1576  7617 V WindowManager: Remove Window{442c629 u0 AssistPreviewPanel}: mSurfaceController=null mAnimatingExit=false mRemoveOnExit=false mHasSurface=false surfaceShowing=false isAnimationSet=false app-animation=null mWillReplaceWindow=false inPendingTransaction=false mDisplayFrozen=false callers=com.android.server.wm.WindowManagerService.removeWindowLocked:2439 com.android.server.wm.WindowManagerService.removeWindow:2434 com.android.server.wm.Session.remove:202 android.view.IWindowSession$Stub.onTransact:242 com.android.server.wm.Session.onTransact:145 android.os.Binder.execTransact:567 
04-13 10:47:36.653  1576  7617 I WindowManager: >>> OPEN TRANSACTION performLayoutAndPlaceSurfaces
04-13 10:47:36.654  1576  7617 I WindowManager:   SURFACE Surface(name=StatusBar)---MATRIX [1.0,0.0,0.0,1.0]: StatusBar
04-13 10:47:36.654  1576  7617 I WindowManager:   SURFACE Surface(name=com.android.systemui.ImageWallpaper)---MATRIX [1.0,0.0,0.0,1.0]: com.android.systemui.ImageWallpaper
04-13 10:47:36.654  1576  7617 I WindowManager:   SURFACE Surface(name=com.miui.securitycore/com.miui.securityspace.ui.activity.GuideStartActivity)---MATRIX [1.0,0.0,0.0,1.0]: com.miui.securitycore/com.miui.securityspace.ui.activity.GuideStartActivity
04-13 10:47:36.654  1576  7617 V WindowManager: Eval win Window{dd4a291 u10 com.miui.home/com.miui.home.launcher.Launcher}: isDrawn=false, isAnimationSet=false
04-13 10:47:36.654  1576  7617 V WindowManager: Not displayed: s=null pv=true mDrawState=NO_SURFACE ah=false th=true a=false
04-13 10:47:36.655  1576  7617 I WindowManager: <<< CLOSE TRANSACTION performLayoutAndPlaceSurfaces
04-13 10:47:36.662   549   549 E AAAA    : setUpHWComposer: empty: hasOne  wasEmpty: notEmpty
04-13 10:47:36.662   549   549 E AAAA    : layer name com.miui.securitycore/com.miui.securityspace.ui.activity.GuideStartActivity
04-13 10:47:36.745   549   549 E AAAA    : setUpHWComposer: empty: hasOne  wasEmpty: notEmpty
04-13 10:47:36.819  1576  2165 V WindowManager: finishDrawingLocked: mDrawState=COMMIT_DRAW_PENDING Window{fccbea7 u0 StatusBar} in Surface(name=StatusBar)
04-13 10:47:36.829   549   549 E AAAA    : setUpHWComposer: empty: hasOne  wasEmpty: notEmpty
04-13 10:47:36.829   549   549 E AAAA    : layer name com.miui.securitycore/com.miui.securityspace.ui.activity.GuideStartActivity
04-13 10:47:36.867  1576  1671 I WindowManager: >>> OPEN TRANSACTION performLayoutAndPlaceSurfaces
04-13 10:47:36.868  1576  1671 I WindowManager: commitFinishDrawingLocked: mDrawState=READY_TO_SHOW Surface(name=StatusBar)
04-13 10:47:36.869  1576  1671 V WindowManager: applyAnimation: win=WindowStateAnimator{79bc603 StatusBar} anim=17432617 attr=0xffffffff a=android.view.animation.AnimationSet@e10620c transit=1 isEntrance=true Callers com.android.server.wm.WindowStateAnimator.applyEnterAnimationLocked:1840 com.android.server.wm.WindowStateAnimator.performShowLocked:1756 com.android.server.wm.WindowStateAnimator.commitFinishDrawingLocked:631 
04-13 10:47:36.869  1576  1671 I WindowManager: Loaded animation android.view.animation.AnimationSet@e10620c for WindowStateAnimator{79bc603 StatusBar}
04-13 10:47:36.869  1576  1671 V WindowManager: performShowLocked: mDrawState=HAS_DRAWN in Window{fccbea7 u0 StatusBar}
04-13 10:47:36.869  1576  1671 I WindowManager:   SURFACE Surface(name=StatusBar)---MATRIX [1.0,0.0,0.0,1.0]: StatusBar
04-13 10:47:36.869  1576  1671 I WindowManager:   SURFACE Surface(name=com.android.systemui.ImageWallpaper)---MATRIX [1.0,0.0,0.0,1.0]: com.android.systemui.ImageWallpaper
04-13 10:47:36.869  1576  1671 I WindowManager:   SURFACE Surface(name=com.miui.securitycore/com.miui.securityspace.ui.activity.GuideStartActivity)---MATRIX [1.0,0.0,0.0,1.0]: com.miui.securitycore/com.miui.securityspace.ui.activity.GuideStartActivity
04-13 10:47:36.869  1576  1671 V WindowManager: Eval win Window{dd4a291 u10 com.miui.home/com.miui.home.launcher.Launcher}: isDrawn=false, isAnimationSet=false
04-13 10:47:36.869  1576  1671 V WindowManager: Not displayed: s=null pv=true mDrawState=NO_SURFACE ah=false th=true a=false
04-13 10:47:36.870  1576  1671 I WindowManager: <<< CLOSE TRANSACTION performLayoutAndPlaceSurfaces
04-13 10:47:36.878   549   549 E AAAA    : setUpHWComposer: empty: hasOne  wasEmpty: notEmpty
04-13 10:47:36.878   549   549 E AAAA    : layer name com.miui.securitycore/com.miui.securityspace.ui.activity.GuideStartActivity
04-13 10:47:36.878  1576  1671 I WindowManager: >>> OPEN TRANSACTION animateLocked
04-13 10:47:36.879  1576  1671 V WindowManager: Starting animation in WindowStateAnimator{79bc603 StatusBar} @ 240700: ww=1080 wh=60 dx=1080 dy=1920 scale=1.0
04-13 10:47:36.879  1576  1671 I WindowManager:   SURFACE Surface(name=com.miui.securitycore/com.miui.securityspace.ui.activity.GuideStartActivity)---MATRIX [1.0,0.0,0.0,1.0]: com.miui.securitycore/com.miui.securityspace.ui.activity.GuideStartActivity
04-13 10:47:36.879  1576  1671 I WindowManager:   SURFACE Surface(name=com.android.systemui.ImageWallpaper)---MATRIX [1.0,0.0,0.0,1.0]: com.android.systemui.ImageWallpaper
04-13 10:47:36.879  1576  1671 I WindowManager:   SURFACE Surface(name=StatusBar)---POS (setPositionInTransaction) @ (0.0,-60.0): StatusBar
04-13 10:47:36.879  1576  1671 I WindowManager:   SURFACE Surface(name=StatusBar)---MATRIX [1.0,0.0,0.0,1.0]: StatusBar
04-13 10:47:36.879  1576  1671 I WindowManager:   SURFACE controller=Surface(name=StatusBar)alpha=1.0 layer=161000 matrix=[1.0*1.0,0.0*1.0][0.0*1.0,1.0*1.0]: Window{fccbea7 u0 StatusBar}
04-13 10:47:36.879  1576  1671 I WindowManager:   SURFACE Surface(name=StatusBar)---SHOW (performLayout): StatusBar
04-13 10:47:36.879  1576  1671 I WindowManager: <<< CLOSE TRANSACTION animateLocked
04-13 10:47:36.880  1576  1671 I WindowManager: >>> OPEN TRANSACTION removeReplacedWindows
04-13 10:47:36.880  1576  1671 I WindowManager: <<< CLOSE TRANSACTION removeReplacedWindows
04-13 10:47:36.880  1576  1671 I WindowManager: >>> OPEN TRANSACTION performLayoutAndPlaceSurfaces
04-13 10:47:36.881  1576  1671 I WindowManager:   SURFACE Surface(name=StatusBar)---MATRIX [1.0,0.0,0.0,1.0]: StatusBar
04-13 10:47:36.881  1576  1671 I WindowManager:   SURFACE Surface(name=com.android.systemui.ImageWallpaper)---MATRIX [1.0,0.0,0.0,1.0]: com.android.systemui.ImageWallpaper
04-13 10:47:36.881  1576  1671 I WindowManager:   SURFACE Surface(name=com.miui.securitycore/com.miui.securityspace.ui.activity.GuideStartActivity)---MATRIX [1.0,0.0,0.0,1.0]: com.miui.securitycore/com.miui.securityspace.ui.activity.GuideStartActivity
04-13 10:47:36.881  1576  1671 V WindowManager: Eval win Window{dd4a291 u10 com.miui.home/com.miui.home.launcher.Launcher}: isDrawn=false, isAnimationSet=false
04-13 10:47:36.881  1576  1671 V WindowManager: Not displayed: s=null pv=true mDrawState=NO_SURFACE ah=false th=true a=false
04-13 10:47:36.881  1576  1671 I WindowManager: <<< CLOSE TRANSACTION performLayoutAndPlaceSurfaces
04-13 10:47:36.895   549   549 E AAAA    : setUpHWComposer: empty: hasOne  wasEmpty: notEmpty
04-13 10:47:36.895  1576  1671 I WindowManager: >>> OPEN TRANSACTION animateLocked
04-13 10:47:36.895   549   549 E AAAA    : layer name com.miui.securitycore/com.miui.securityspace.ui.activity.GuideStartActivity
04-13 10:47:36.895  1576  1671 I WindowManager:   SURFACE Surface(name=com.miui.securitycore/com.miui.securityspace.ui.activity.GuideStartActivity)---MATRIX [1.0,0.0,0.0,1.0]: com.miui.securitycore/com.miui.securityspace.ui.activity.GuideStartActivity
04-13 10:47:36.896  1576  1671 I WindowManager:   SURFACE Surface(name=com.android.systemui.ImageWallpaper)---MATRIX [1.0,0.0,0.0,1.0]: com.android.systemui.ImageWallpaper
04-13 10:47:36.896  1576  1671 I WindowManager:   SURFACE Surface(name=StatusBar)---POS (setPositionInTransaction) @ (0.0,-49.0): StatusBar
04-13 10:47:36.896  1576  1671 I WindowManager:   SURFACE Surface(name=StatusBar)---MATRIX [1.0,0.0,0.0,1.0]: StatusBar
04-13 10:47:36.896  1576  1671 V WindowManager: prepareSurface: No changes in animation for WindowStateAnimator{79bc603 StatusBar}
04-13 10:47:36.896  1576  1671 I WindowManager: <<< CLOSE TRANSACTION animateLocked
04-13 10:47:36.913   549   549 E AAAA    : setUpHWComposer: empty: more  wasEmpty: notEmpty
04-13 10:47:36.914  1576  1671 I WindowManager: >>> OPEN TRANSACTION animateLocked
04-13 10:47:36.914  1576  1671 I WindowManager:   SURFACE Surface(name=com.miui.securitycore/com.miui.securityspace.ui.activity.GuideStartActivity)---MATRIX [1.0,0.0,0.0,1.0]: com.miui.securitycore/com.miui.securityspace.ui.activity.GuideStartActivity
04-13 10:47:36.914  1576  1671 I WindowManager:   SURFACE Surface(name=com.android.systemui.ImageWallpaper)---MATRIX [1.0,0.0,0.0,1.0]: com.android.systemui.ImageWallpaper
04-13 10:47:36.914  1576  1671 I WindowManager:   SURFACE Surface(name=StatusBar)---POS (setPositionInTransaction) @ (0.0,-39.0): StatusBar
04-13 10:47:36.914  1576  1671 I WindowManager:   SURFACE Surface(name=StatusBar)---MATRIX [1.0,0.0,0.0,1.0]: StatusBar
04-13 10:47:36.914  1576  1671 V WindowManager: prepareSurface: No changes in animation for WindowStateAnimator{79bc603 StatusBar}
04-13 10:47:36.915  1576  1671 I WindowManager: <<< CLOSE TRANSACTION animateLocked
04-13 10:47:36.928   549   549 E AAAA    : setUpHWComposer: empty: more  wasEmpty: notEmpty
04-13 10:47:36.930  1576  1671 I WindowManager: >>> OPEN TRANSACTION animateLocked
04-13 10:47:36.930  1576  1671 I WindowManager:   SURFACE Surface(name=com.miui.securitycore/com.miui.securityspace.ui.activity.GuideStartActivity)---MATRIX [1.0,0.0,0.0,1.0]: com.miui.securitycore/com.miui.securityspace.ui.activity.GuideStartActivity
04-13 10:47:36.930  1576  1671 I WindowManager:   SURFACE Surface(name=com.android.systemui.ImageWallpaper)---MATRIX [1.0,0.0,0.0,1.0]: com.android.systemui.ImageWallpaper
04-13 10:47:36.931  1576  1671 I WindowManager:   SURFACE Surface(name=StatusBar)---POS (setPositionInTransaction) @ (0.0,-31.0): StatusBar
04-13 10:47:36.931  1576  1671 I WindowManager:   SURFACE Surface(name=StatusBar)---MATRIX [1.0,0.0,0.0,1.0]: StatusBar
04-13 10:47:36.931  1576  1671 V WindowManager: prepareSurface: No changes in animation for WindowStateAnimator{79bc603 StatusBar}
04-13 10:47:36.931  1576  1671 I WindowManager: <<< CLOSE TRANSACTION animateLocked
04-13 10:47:36.945  1576  1671 I WindowManager: >>> OPEN TRANSACTION animateLocked
04-13 10:47:36.945  1576  1671 I WindowManager:   SURFACE Surface(name=com.miui.securitycore/com.miui.securityspace.ui.activity.GuideStartActivity)---MATRIX [1.0,0.0,0.0,1.0]: com.miui.securitycore/com.miui.securityspace.ui.activity.GuideStartActivity
04-13 10:47:36.945  1576  1671 I WindowManager:   SURFACE Surface(name=com.android.systemui.ImageWallpaper)---MATRIX [1.0,0.0,0.0,1.0]: com.android.systemui.ImageWallpaper
04-13 10:47:36.945  1576  1671 I WindowManager:   SURFACE Surface(name=StatusBar)---POS (setPositionInTransaction) @ (0.0,-24.0): StatusBar
04-13 10:47:36.945  1576  1671 I WindowManager:   SURFACE Surface(name=StatusBar)---MATRIX [1.0,0.0,0.0,1.0]: StatusBar
04-13 10:47:36.946  1576  1671 V WindowManager: prepareSurface: No changes in animation for WindowStateAnimator{79bc603 StatusBar}
04-13 10:47:36.946  1576  1671 I WindowManager: <<< CLOSE TRANSACTION animateLocked
04-13 10:47:36.947   549   549 E AAAA    : setUpHWComposer: empty: more  wasEmpty: notEmpty
04-13 10:47:36.952  1576  2955 E AAAA    : ------- initialized
04-13 10:47:36.962   549   549 E AAAA    : setUpHWComposer: empty: more  wasEmpty: notEmpty
04-13 10:47:36.962  1576  1671 I WindowManager: >>> OPEN TRANSACTION animateLocked
04-13 10:47:36.962  1576  1671 I WindowManager:   SURFACE Surface(name=com.miui.securitycore/com.miui.securityspace.ui.activity.GuideStartActivity)---MATRIX [1.0,0.0,0.0,1.0]: com.miui.securitycore/com.miui.securityspace.ui.activity.GuideStartActivity
04-13 10:47:36.962  1576  1671 I WindowManager:   SURFACE Surface(name=com.android.systemui.ImageWallpaper)---MATRIX [1.0,0.0,0.0,1.0]: com.android.systemui.ImageWallpaper
04-13 10:47:36.962  1576  1671 I WindowManager:   SURFACE Surface(name=StatusBar)---POS (setPositionInTransaction) @ (0.0,-18.0): StatusBar
04-13 10:47:36.962  1576  1671 I WindowManager:   SURFACE Surface(name=StatusBar)---MATRIX [1.0,0.0,0.0,1.0]: StatusBar
04-13 10:47:36.962  1576  1671 V WindowManager: prepareSurface: No changes in animation for WindowStateAnimator{79bc603 StatusBar}
04-13 10:47:36.964  1576  1671 I WindowManager: <<< CLOSE TRANSACTION animateLocked
04-13 10:47:36.979  1576  1671 I WindowManager: >>> OPEN TRANSACTION animateLocked
04-13 10:47:36.979  1576  1671 I WindowManager:   SURFACE Surface(name=com.miui.securitycore/com.miui.securityspace.ui.activity.GuideStartActivity)---MATRIX [1.0,0.0,0.0,1.0]: com.miui.securitycore/com.miui.securityspace.ui.activity.GuideStartActivity
04-13 10:47:36.979  1576  1671 I WindowManager:   SURFACE Surface(name=com.android.systemui.ImageWallpaper)---MATRIX [1.0,0.0,0.0,1.0]: com.android.systemui.ImageWallpaper
04-13 10:47:36.979  1576  1671 I WindowManager:   SURFACE Surface(name=StatusBar)---POS (setPositionInTransaction) @ (0.0,-13.0): StatusBar
04-13 10:47:36.979  1576  1671 I WindowManager:   SURFACE Surface(name=StatusBar)---MATRIX [1.0,0.0,0.0,1.0]: StatusBar
04-13 10:47:36.979  1576  1671 V WindowManager: prepareSurface: No changes in animation for WindowStateAnimator{79bc603 StatusBar}
04-13 10:47:36.979   549   549 E AAAA    : setUpHWComposer: empty: more  wasEmpty: notEmpty
04-13 10:47:36.980  1576  1671 I WindowManager: <<< CLOSE TRANSACTION animateLocked
04-13 10:47:36.995   549   549 E AAAA    : setUpHWComposer: empty: more  wasEmpty: notEmpty
04-13 10:47:36.996  1576  1671 I WindowManager: >>> OPEN TRANSACTION animateLocked
04-13 10:47:36.996  1576  1671 I WindowManager:   SURFACE Surface(name=com.miui.securitycore/com.miui.securityspace.ui.activity.GuideStartActivity)---MATRIX [1.0,0.0,0.0,1.0]: com.miui.securitycore/com.miui.securityspace.ui.activity.GuideStartActivity
04-13 10:47:36.996  1576  1671 I WindowManager:   SURFACE Surface(name=com.android.systemui.ImageWallpaper)---MATRIX [1.0,0.0,0.0,1.0]: com.android.systemui.ImageWallpaper
04-13 10:47:36.996  1576  1671 I WindowManager:   SURFACE Surface(name=StatusBar)---POS (setPositionInTransaction) @ (0.0,-9.0): StatusBar
04-13 10:47:36.996  1576  1671 I WindowManager:   SURFACE Surface(name=StatusBar)---MATRIX [1.0,0.0,0.0,1.0]: StatusBar
04-13 10:47:36.996  1576  1671 V WindowManager: prepareSurface: No changes in animation for WindowStateAnimator{79bc603 StatusBar}
04-13 10:47:36.996  1576  1671 I WindowManager: <<< CLOSE TRANSACTION animateLocked
04-13 10:47:37.012  1576  1671 I WindowManager: >>> OPEN TRANSACTION animateLocked
04-13 10:47:37.012  1576  1671 I WindowManager:   SURFACE Surface(name=com.miui.securitycore/com.miui.securityspace.ui.activity.GuideStartActivity)---MATRIX [1.0,0.0,0.0,1.0]: com.miui.securitycore/com.miui.securityspace.ui.activity.GuideStartActivity
04-13 10:47:37.012  1576  1671 I WindowManager:   SURFACE Surface(name=com.android.systemui.ImageWallpaper)---MATRIX [1.0,0.0,0.0,1.0]: com.android.systemui.ImageWallpaper
04-13 10:47:37.012  1576  1671 I WindowManager:   SURFACE Surface(name=StatusBar)---POS (setPositionInTransaction) @ (0.0,-6.0): StatusBar
04-13 10:47:37.012  1576  1671 I WindowManager:   SURFACE Surface(name=StatusBar)---MATRIX [1.0,0.0,0.0,1.0]: StatusBar
04-13 10:47:37.012  1576  1671 V WindowManager: prepareSurface: No changes in animation for WindowStateAnimator{79bc603 StatusBar}
04-13 10:47:37.013  1576  1671 I WindowManager: <<< CLOSE TRANSACTION animateLocked
04-13 10:47:37.013   549   549 E AAAA    : setUpHWComposer: empty: more  wasEmpty: notEmpty
04-13 10:47:37.028  1576  1671 I WindowManager: >>> OPEN TRANSACTION animateLocked
04-13 10:47:37.029  1576  1671 I WindowManager:   SURFACE Surface(name=com.miui.securitycore/com.miui.securityspace.ui.activity.GuideStartActivity)---MATRIX [1.0,0.0,0.0,1.0]: com.miui.securitycore/com.miui.securityspace.ui.activity.GuideStartActivity
04-13 10:47:37.029  1576  1671 I WindowManager:   SURFACE Surface(name=com.android.systemui.ImageWallpaper)---MATRIX [1.0,0.0,0.0,1.0]: com.android.systemui.ImageWallpaper
04-13 10:47:37.029  1576  1671 I WindowManager:   SURFACE Surface(name=StatusBar)---POS (setPositionInTransaction) @ (0.0,-4.0): StatusBar
04-13 10:47:37.029  1576  1671 I WindowManager:   SURFACE Surface(name=StatusBar)---MATRIX [1.0,0.0,0.0,1.0]: StatusBar
04-13 10:47:37.029  1576  1671 V WindowManager: prepareSurface: No changes in animation for WindowStateAnimator{79bc603 StatusBar}
04-13 10:47:37.030   549   549 E AAAA    : setUpHWComposer: empty: more  wasEmpty: notEmpty
04-13 10:47:37.030  1576  1671 I WindowManager: <<< CLOSE TRANSACTION animateLocked
04-13 10:47:37.045   549   549 E AAAA    : setUpHWComposer: empty: more  wasEmpty: notEmpty
04-13 10:47:37.045  1576  1671 I WindowManager: >>> OPEN TRANSACTION animateLocked
04-13 10:47:37.045  1576  1671 I WindowManager:   SURFACE Surface(name=com.miui.securitycore/com.miui.securityspace.ui.activity.GuideStartActivity)---MATRIX [1.0,0.0,0.0,1.0]: com.miui.securitycore/com.miui.securityspace.ui.activity.GuideStartActivity
04-13 10:47:37.045  1576  1671 I WindowManager:   SURFACE Surface(name=com.android.systemui.ImageWallpaper)---MATRIX [1.0,0.0,0.0,1.0]: com.android.systemui.ImageWallpaper
04-13 10:47:37.045  1576  1671 I WindowManager:   SURFACE Surface(name=StatusBar)---POS (setPositionInTransaction) @ (0.0,-2.0): StatusBar
04-13 10:47:37.046  1576  1671 I WindowManager:   SURFACE Surface(name=StatusBar)---MATRIX [1.0,0.0,0.0,1.0]: StatusBar
04-13 10:47:37.046  1576  1671 V WindowManager: prepareSurface: No changes in animation for WindowStateAnimator{79bc603 StatusBar}
04-13 10:47:37.047  1576  1671 I WindowManager: <<< CLOSE TRANSACTION animateLocked
04-13 10:47:37.062   549   549 E AAAA    : setUpHWComposer: empty: more  wasEmpty: notEmpty
04-13 10:47:37.062  1576  1671 I WindowManager: >>> OPEN TRANSACTION animateLocked
04-13 10:47:37.062  1576  1671 I WindowManager:   SURFACE Surface(name=com.miui.securitycore/com.miui.securityspace.ui.activity.GuideStartActivity)---MATRIX [1.0,0.0,0.0,1.0]: com.miui.securitycore/com.miui.securityspace.ui.activity.GuideStartActivity
04-13 10:47:37.062  1576  1671 I WindowManager:   SURFACE Surface(name=com.android.systemui.ImageWallpaper)---MATRIX [1.0,0.0,0.0,1.0]: com.android.systemui.ImageWallpaper
04-13 10:47:37.062  1576  1671 I WindowManager:   SURFACE Surface(name=StatusBar)---POS (setPositionInTransaction) @ (0.0,-1.0): StatusBar
04-13 10:47:37.062  1576  1671 I WindowManager:   SURFACE Surface(name=StatusBar)---MATRIX [1.0,0.0,0.0,1.0]: StatusBar
04-13 10:47:37.062  1576  1671 V WindowManager: prepareSurface: No changes in animation for WindowStateAnimator{79bc603 StatusBar}
04-13 10:47:37.063  1576  1671 I WindowManager: <<< CLOSE TRANSACTION animateLocked
04-13 10:47:37.078   549   549 E AAAA    : setUpHWComposer: empty: more  wasEmpty: notEmpty
04-13 10:47:37.078  1576  1671 I WindowManager: >>> OPEN TRANSACTION animateLocked
04-13 10:47:37.079  1576  1671 I WindowManager:   SURFACE Surface(name=com.miui.securitycore/com.miui.securityspace.ui.activity.GuideStartActivity)---MATRIX [1.0,0.0,0.0,1.0]: com.miui.securitycore/com.miui.securityspace.ui.activity.GuideStartActivity
04-13 10:47:37.079  1576  1671 I WindowManager:   SURFACE Surface(name=com.android.systemui.ImageWallpaper)---MATRIX [1.0,0.0,0.0,1.0]: com.android.systemui.ImageWallpaper
04-13 10:47:37.079  1576  1671 I WindowManager:   SURFACE Surface(name=StatusBar)---POS (setPositionInTransaction) @ (0.0,0.0): StatusBar
04-13 10:47:37.079  1576  1671 I WindowManager:   SURFACE Surface(name=StatusBar)---MATRIX [1.0,0.0,0.0,1.0]: StatusBar
04-13 10:47:37.079  1576  1671 V WindowManager: prepareSurface: No changes in animation for WindowStateAnimator{79bc603 StatusBar}
04-13 10:47:37.080  1576  1671 I WindowManager: <<< CLOSE TRANSACTION animateLocked
04-13 10:47:37.095  1576  1671 I WindowManager: >>> OPEN TRANSACTION animateLocked
04-13 10:47:37.095   549   549 E AAAA    : setUpHWComposer: empty: more  wasEmpty: notEmpty
04-13 10:47:37.096  1576  1671 I WindowManager:   SURFACE Surface(name=com.miui.securitycore/com.miui.securityspace.ui.activity.GuideStartActivity)---MATRIX [1.0,0.0,0.0,1.0]: com.miui.securitycore/com.miui.securityspace.ui.activity.GuideStartActivity
04-13 10:47:37.096  1576  1671 I WindowManager:   SURFACE Surface(name=com.android.systemui.ImageWallpaper)---MATRIX [1.0,0.0,0.0,1.0]: com.android.systemui.ImageWallpaper
04-13 10:47:37.096  1576  1671 I WindowManager:   SURFACE Surface(name=StatusBar)---MATRIX [1.0,0.0,0.0,1.0]: StatusBar
04-13 10:47:37.096  1576  1671 V WindowManager: prepareSurface: No changes in animation for WindowStateAnimator{79bc603 StatusBar}
04-13 10:47:37.096  1576  1671 I WindowManager: <<< CLOSE TRANSACTION animateLocked
04-13 10:47:37.112   549   549 E AAAA    : setUpHWComposer: empty: more  wasEmpty: notEmpty
04-13 10:47:37.112  1576  1671 I WindowManager: >>> OPEN TRANSACTION animateLocked
04-13 10:47:37.112  1576  1671 I WindowManager:   SURFACE Surface(name=com.miui.securitycore/com.miui.securityspace.ui.activity.GuideStartActivity)---MATRIX [1.0,0.0,0.0,1.0]: com.miui.securitycore/com.miui.securityspace.ui.activity.GuideStartActivity
04-13 10:47:37.112  1576  1671 I WindowManager:   SURFACE Surface(name=com.android.systemui.ImageWallpaper)---MATRIX [1.0,0.0,0.0,1.0]: com.android.systemui.ImageWallpaper
04-13 10:47:37.112  1576  1671 I WindowManager:   SURFACE Surface(name=StatusBar)---MATRIX [1.0,0.0,0.0,1.0]: StatusBar
04-13 10:47:37.112  1576  1671 V WindowManager: prepareSurface: No changes in animation for WindowStateAnimator{79bc603 StatusBar}
04-13 10:47:37.113  1576  1671 I WindowManager: <<< CLOSE TRANSACTION animateLocked
04-13 10:47:37.128   549   549 E AAAA    : setUpHWComposer: empty: more  wasEmpty: notEmpty
04-13 10:47:37.129  1576  1671 I WindowManager: >>> OPEN TRANSACTION animateLocked
04-13 10:47:37.129  1576  1671 I WindowManager:   SURFACE Surface(name=com.miui.securitycore/com.miui.securityspace.ui.activity.GuideStartActivity)---MATRIX [1.0,0.0,0.0,1.0]: com.miui.securitycore/com.miui.securityspace.ui.activity.GuideStartActivity
04-13 10:47:37.129  1576  1671 I WindowManager:   SURFACE Surface(name=com.android.systemui.ImageWallpaper)---MATRIX [1.0,0.0,0.0,1.0]: com.android.systemui.ImageWallpaper
04-13 10:47:37.129  1576  1671 I WindowManager:   SURFACE Surface(name=StatusBar)---MATRIX [1.0,0.0,0.0,1.0]: StatusBar
04-13 10:47:37.129  1576  1671 V WindowManager: prepareSurface: No changes in animation for WindowStateAnimator{79bc603 StatusBar}
04-13 10:47:37.129  1576  1671 I WindowManager: <<< CLOSE TRANSACTION animateLocked
04-13 10:47:37.145  1576  1671 I WindowManager: >>> OPEN TRANSACTION animateLocked
04-13 10:47:37.145  1576  1671 V WindowManager: Finished animation in WindowStateAnimator{79bc603 StatusBar} @ 240967
04-13 10:47:37.145  1576  1671 V WindowManager: Animation done in WindowStateAnimator{79bc603 StatusBar}: exiting=false, reportedVisible=false
04-13 10:47:37.145   549   549 E AAAA    : setUpHWComposer: empty: more  wasEmpty: notEmpty
04-13 10:47:37.145  1576  1671 V WindowManager: finishExit in WindowStateAnimator{79bc603 StatusBar}: exiting=false remove=false windowAnimating=false
04-13 10:47:37.146  1576  1671 I WindowManager:   SURFACE Surface(name=com.miui.securitycore/com.miui.securityspace.ui.activity.GuideStartActivity)---MATRIX [1.0,0.0,0.0,1.0]: com.miui.securitycore/com.miui.securityspace.ui.activity.GuideStartActivity
04-13 10:47:37.146  1576  1671 I WindowManager:   SURFACE Surface(name=com.android.systemui.ImageWallpaper)---MATRIX [1.0,0.0,0.0,1.0]: com.android.systemui.ImageWallpaper
04-13 10:47:37.146  1576  1671 I WindowManager:   SURFACE Surface(name=StatusBar)---MATRIX [1.0,0.0,0.0,1.0]: StatusBar
04-13 10:47:37.146  1576  1671 I WindowManager: <<< CLOSE TRANSACTION animateLocked
04-13 10:47:37.147  1576  1671 I WindowManager: >>> OPEN TRANSACTION performLayoutAndPlaceSurfaces
04-13 10:47:37.153  1576  1671 I WindowManager:   SURFACE Surface(name=StatusBar)---MATRIX [1.0,0.0,0.0,1.0]: StatusBar
04-13 10:47:37.153  1576  1671 I WindowManager:   SURFACE Surface(name=com.android.systemui.ImageWallpaper)---MATRIX [1.0,0.0,0.0,1.0]: com.android.systemui.ImageWallpaper
04-13 10:47:37.153  1576  1671 I WindowManager:   SURFACE Surface(name=com.miui.securitycore/com.miui.securityspace.ui.activity.GuideStartActivity)---MATRIX [1.0,0.0,0.0,1.0]: com.miui.securitycore/com.miui.securityspace.ui.activity.GuideStartActivity
04-13 10:47:37.153  1576  1671 V WindowManager: Eval win Window{dd4a291 u10 com.miui.home/com.miui.home.launcher.Launcher}: isDrawn=false, isAnimationSet=false
04-13 10:47:37.154  1576  1671 V WindowManager: Not displayed: s=null pv=true mDrawState=NO_SURFACE ah=false th=true a=false
04-13 10:47:37.155  1576  1671 I WindowManager: <<< CLOSE TRANSACTION performLayoutAndPlaceSurfaces
04-13 10:47:37.162   549   549 E AAAA    : setUpHWComposer: empty: more  wasEmpty: notEmpty
04-13 10:47:37.162  1576  1671 I WindowManager: >>> OPEN TRANSACTION animateLocked
04-13 10:47:37.162  1576  1671 I WindowManager:   SURFACE Surface(name=com.miui.securitycore/com.miui.securityspace.ui.activity.GuideStartActivity)---MATRIX [1.0,0.0,0.0,1.0]: com.miui.securitycore/com.miui.securityspace.ui.activity.GuideStartActivity
04-13 10:47:37.162  1576  1671 I WindowManager:   SURFACE Surface(name=com.android.systemui.ImageWallpaper)---MATRIX [1.0,0.0,0.0,1.0]: com.android.systemui.ImageWallpaper
04-13 10:47:37.162  1576  1671 I WindowManager:   SURFACE Surface(name=StatusBar)---MATRIX [1.0,0.0,0.0,1.0]: StatusBar
04-13 10:47:37.163  1576  1671 I WindowManager: <<< CLOSE TRANSACTION animateLocked
04-13 10:47:37.180   549   549 E AAAA    : setUpHWComposer: empty: more  wasEmpty: notEmpty
04-13 10:47:37.262   549   549 E AAAA    : setUpHWComposer: empty: more  wasEmpty: notEmpty
04-13 10:47:37.379   549   549 E AAAA    : setUpHWComposer: empty: more  wasEmpty: notEmpty
04-13 10:47:37.462   549   549 E AAAA    : setUpHWComposer: empty: more  wasEmpty: notEmpty
04-13 10:47:37.465  1576  1795 I WindowManager: Sending new config to window Window{ed45859 u0 FloatNotificationPanel}:  / mergedConfig={1.0 ?mcc?mnc [zh_CN] ldltr sw360dp w360dp h620dp 480dpi nrml long port finger -keyb/v/h -nav/h s.7 themeChanged=0 themeChangedFlags=0}
04-13 10:47:37.466  1576  1795 I WindowManager: createSurface WindowStateAnimator{12aec1e FloatNotificationPanel}: mDrawState=DRAW_PENDING
04-13 10:47:37.468  1576  1795 I WindowManager:   CREATE SURFACE Surface(name=FloatNotificationPanel) IN SESSION android.view.SurfaceSession@9513e0: pid=1860 format=-2 flags=0x4 / WindowStateAnimator{12aec1e FloatNotificationPanel}
04-13 10:47:37.468  1576  1795 I WindowManager: >>> OPEN TRANSACTION createSurfaceLocked
04-13 10:47:37.468  1576  1795 I WindowManager:   SURFACE CREATE pos=(0,0) (1x1), layer=171005 HIDE: Window{ed45859 u0 FloatNotificationPanel}
04-13 10:47:37.468  1576  1795 I WindowManager:   SURFACE Surface(name=FloatNotificationPanel)---POS (setPositionAndLayer) @ (0.0,0.0): FloatNotificationPanel
04-13 10:47:37.469  1576  1795 I WindowManager: <<< CLOSE TRANSACTION setPositionAndLayer
04-13 10:47:37.469  1576  1795 I WindowManager:   OUT SURFACE Surface(name=null)/@0x6bdcff: copied
04-13 10:47:37.469  1576  1795 V WindowManager: Done at AppWindowToken{cfdfd17 token=Token{d7f84b1 ActivityRecord{7e7b58 u10 com.miui.securitycore/com.miui.securityspace.ui.activity.GuideStartActivity t1000001}}} -- full screen, return 1
04-13 10:47:37.469  1576  1795 I WindowManager: >>> OPEN TRANSACTION performLayoutAndPlaceSurfaces
04-13 10:47:37.469  1576  1795 I WindowManager:   SURFACE Surface(name=FloatNotificationPanel)---SIZE 1080x276: FloatNotificationPanel
04-13 10:47:37.470  1576  1795 I WindowManager:   SURFACE Surface(name=FloatNotificationPanel)---CROP [0,0][1080,276]: FloatNotificationPanel
04-13 10:47:37.470  1576  1795 I WindowManager:   SURFACE Surface(name=FloatNotificationPanel)---MATRIX [1.0,0.0,0.0,1.0]: FloatNotificationPanel
04-13 10:47:37.470  1576  1795 V WindowManager: Resize reasons for w=Window{ed45859 u0 FloatNotificationPanel}:  contentInsetsChanged=false [0,0][0,0] visibleInsetsChanged=false [0,0][0,0] stableInsetsChanged=true [0,60][0,0] outsetsChanged=false [0,0][0,0] surfaceResized=true configChanged=false dragResizingChanged=false resizedWhileNotDragResizingReported=false
04-13 10:47:37.470  1576  1795 V WindowManager: Resizing window Window{ed45859 u0 FloatNotificationPanel}
04-13 10:47:37.470  1576  1795 I WindowManager:   SURFACE Surface(name=StatusBar)---MATRIX [1.0,0.0,0.0,1.0]: StatusBar
04-13 10:47:37.470  1576  1795 I WindowManager:   SURFACE Surface(name=com.android.systemui.ImageWallpaper)---MATRIX [1.0,0.0,0.0,1.0]: com.android.systemui.ImageWallpaper
04-13 10:47:37.470  1576  1795 I WindowManager:   SURFACE Surface(name=com.miui.securitycore/com.miui.securityspace.ui.activity.GuideStartActivity)---MATRIX [1.0,0.0,0.0,1.0]: com.miui.securitycore/com.miui.securityspace.ui.activity.GuideStartActivity
04-13 10:47:37.470  1576  1795 V WindowManager: Eval win Window{dd4a291 u10 com.miui.home/com.miui.home.launcher.Launcher}: isDrawn=false, isAnimationSet=false
04-13 10:47:37.470  1576  1795 V WindowManager: Not displayed: s=null pv=true mDrawState=NO_SURFACE ah=false th=true a=false
04-13 10:47:37.479  1576  1795 I WindowManager: <<< CLOSE TRANSACTION performLayoutAndPlaceSurfaces
04-13 10:47:37.479  1576  1795 V WindowManager: Reporting new frame to Window{ed45859 u0 FloatNotificationPanel}: Rect(0, 0 - 1080, 276)
04-13 10:47:37.479   549   549 E AAAA    : setUpHWComposer: empty: more  wasEmpty: notEmpty
04-13 10:47:37.479  1576  1795 I WindowManager: Resizing Window{ed45859 u0 FloatNotificationPanel} WITH DRAW PENDING
04-13 10:47:37.479  1576  1795 I WindowManager: >>> OPEN TRANSACTION performLayoutAndPlaceSurfaces
04-13 10:47:37.480  1576  1795 I WindowManager:   SURFACE Surface(name=FloatNotificationPanel)---MATRIX [1.0,0.0,0.0,1.0]: FloatNotificationPanel
04-13 10:47:37.480  1576  1795 I WindowManager:   SURFACE Surface(name=StatusBar)---MATRIX [1.0,0.0,0.0,1.0]: StatusBar
04-13 10:47:37.480  1576  1795 I WindowManager:   SURFACE Surface(name=com.android.systemui.ImageWallpaper)---MATRIX [1.0,0.0,0.0,1.0]: com.android.systemui.ImageWallpaper
04-13 10:47:37.480  1576  1795 I WindowManager:   SURFACE Surface(name=com.miui.securitycore/com.miui.securityspace.ui.activity.GuideStartActivity)---MATRIX [1.0,0.0,0.0,1.0]: com.miui.securitycore/com.miui.securityspace.ui.activity.GuideStartActivity
04-13 10:47:37.480  1576  1795 V WindowManager: Eval win Window{dd4a291 u10 com.miui.home/com.miui.home.launcher.Launcher}: isDrawn=false, isAnimationSet=false
04-13 10:47:37.480  1576  1795 V WindowManager: Not displayed: s=null pv=true mDrawState=NO_SURFACE ah=false th=true a=false
04-13 10:47:37.480  1576  1795 I WindowManager: <<< CLOSE TRANSACTION performLayoutAndPlaceSurfaces
04-13 10:47:37.491  1576  1795 V WindowManager: finishDrawingLocked: mDrawState=COMMIT_DRAW_PENDING Window{ed45859 u0 FloatNotificationPanel} in Surface(name=FloatNotificationPanel)
04-13 10:47:37.491  1576  1671 I WindowManager: >>> OPEN TRANSACTION performLayoutAndPlaceSurfaces
04-13 10:47:37.492  1576  1671 I WindowManager: commitFinishDrawingLocked: mDrawState=READY_TO_SHOW Surface(name=FloatNotificationPanel)
04-13 10:47:37.492  1576  1671 V WindowManager: Loading animations: layout params pkg=com.android.systemui resId=0x0
