04-12 11:31:43.747  1591  1669 I WindowManager:   SURFACE Surface(name=StatusBar)---POS (setPositionInTransaction) @ (0.0,-42.0): StatusBar
04-12 11:31:43.747  1591  1669 I WindowManager:   SURFACE Surface(name=StatusBar)---MATRIX [1.0,0.0,0.0,1.0]: StatusBar
04-12 11:31:43.747  1591  1669 V WindowManager: prepareSurface: No changes in animation for WindowStateAnimator{a020ade StatusBar}
04-12 11:31:43.747  1591  1669 I WindowManager:   SURFACE Surface(name=)---POS (setPositionInTransaction) @ (0.0,0.0): 
04-12 11:31:43.747  1591  1669 I WindowManager:   SURFACE Surface(name=)---MATRIX [0.9996739,0.0,0.0,0.9996739]: 
04-12 11:31:43.747  1591  1669 I WindowManager:   SURFACE controller=Surface(name=)alpha=1.0 layer=241000 matrix=[0.9996739*1.0,0.0*1.0][0.0*1.0,0.9996739*1.0]: Window{fc8a03c u0 android}
04-12 11:31:43.748  1591  1669 I WindowManager: <<< CLOSE TRANSACTION animateLocked
04-12 11:31:43.763  1591  1669 I WindowManager: >>> OPEN TRANSACTION animateLocked
04-12 11:31:43.763  1591  1669 I WindowManager:   SURFACE Surface(name=com.android.systemui.ImageWallpaper)---MATRIX [1.0,0.0,0.0,1.0]: com.android.systemui.ImageWallpaper
04-12 11:31:43.763  1591  1669 I WindowManager:   SURFACE Surface(name=com.miui.securitycore/com.miui.securityspace.ui.activity.PrivateSpaceMainActivity)---MATRIX [1.0,0.0,0.0,1.0]: com.miui.securitycore/com.miui.securityspace.ui.activity.PrivateSpaceMainActivity
04-12 11:31:43.763  1591  1669 I WindowManager:   SURFACE Surface(name=StatusBar)---POS (setPositionInTransaction) @ (0.0,-50.0): StatusBar
04-12 11:31:43.763  1591  1669 I WindowManager:   SURFACE Surface(name=StatusBar)---MATRIX [1.0,0.0,0.0,1.0]: StatusBar
04-12 11:31:43.764  1591  1669 V WindowManager: prepareSurface: No changes in animation for WindowStateAnimator{a020ade StatusBar}
04-12 11:31:43.764  1591  1669 I WindowManager:   SURFACE Surface(name=)---MATRIX [0.9999189,0.0,0.0,0.9999189]: 
04-12 11:31:43.764  1591  1669 I WindowManager:   SURFACE controller=Surface(name=)alpha=1.0 layer=241000 matrix=[0.9999189*1.0,0.0*1.0][0.0*1.0,0.9999189*1.0]: Window{fc8a03c u0 android}
04-12 11:31:43.766  1591  1669 I WindowManager: <<< CLOSE TRANSACTION animateLocked
04-12 11:31:43.780  1591  1669 I WindowManager: >>> OPEN TRANSACTION animateLocked
04-12 11:31:43.780  1591  1669 I WindowManager:   SURFACE Surface(name=com.android.systemui.ImageWallpaper)---MATRIX [1.0,0.0,0.0,1.0]: com.android.systemui.ImageWallpaper
04-12 11:31:43.780  1591  1669 I WindowManager:   SURFACE Surface(name=com.miui.securitycore/com.miui.securityspace.ui.activity.PrivateSpaceMainActivity)---MATRIX [1.0,0.0,0.0,1.0]: com.miui.securitycore/com.miui.securityspace.ui.activity.PrivateSpaceMainActivity
04-12 11:31:43.780  1591  1669 I WindowManager:   SURFACE Surface(name=StatusBar)---POS (setPositionInTransaction) @ (0.0,-60.0): StatusBar
04-12 11:31:43.780  1591  1669 I WindowManager:   SURFACE Surface(name=StatusBar)---MATRIX [1.0,0.0,0.0,1.0]: StatusBar
04-12 11:31:43.780  1591  1669 V WindowManager: prepareSurface: No changes in animation for WindowStateAnimator{a020ade StatusBar}
04-12 11:31:43.780  1591  1669 I WindowManager:   SURFACE Surface(name=)---MATRIX [0.99998826,0.0,0.0,0.99998826]: 
04-12 11:31:43.780  1591  1669 I WindowManager:   SURFACE controller=Surface(name=)alpha=1.0 layer=241000 matrix=[0.99998826*1.0,0.0*1.0][0.0*1.0,0.99998826*1.0]: Window{fc8a03c u0 android}
04-12 11:31:43.781  1591  1669 I WindowManager: <<< CLOSE TRANSACTION animateLocked
04-12 11:31:43.797  1591  1669 I WindowManager: >>> OPEN TRANSACTION animateLocked
04-12 11:31:43.797  1591  1669 V WindowManager: Finished animation in WindowStateAnimator{a020ade StatusBar} @ 348971
04-12 11:31:43.797  1591  1669 V WindowManager: Animation done in WindowStateAnimator{a020ade StatusBar}: exiting=false, reportedVisible=false
04-12 11:31:43.797  1591  1669 V WindowManager: finishExit in WindowStateAnimator{a020ade StatusBar}: exiting=false remove=false windowAnimating=false
04-12 11:31:43.797  1591  1669 I WindowManager:   SURFACE Surface(name=com.android.systemui.ImageWallpaper)---MATRIX [1.0,0.0,0.0,1.0]: com.android.systemui.ImageWallpaper
04-12 11:31:43.797  1591  1669 I WindowManager:   SURFACE Surface(name=com.miui.securitycore/com.miui.securityspace.ui.activity.PrivateSpaceMainActivity)---MATRIX [1.0,0.0,0.0,1.0]: com.miui.securitycore/com.miui.securityspace.ui.activity.PrivateSpaceMainActivity
04-12 11:31:43.797  1591  1669 I WindowManager:   SURFACE Surface(name=StatusBar)---POS (setPositionInTransaction) @ (0.0,0.0): StatusBar
04-12 11:31:43.798  1591  1669 I WindowManager:   SURFACE Surface(name=StatusBar)---MATRIX [1.0,0.0,0.0,1.0]: StatusBar
04-12 11:31:43.798  1591  1669 I WindowManager:   SURFACE Surface(name=StatusBar)---HIDE ( prepareSurfaceLocked ): StatusBar
04-12 11:31:43.798  1591  1669 I WindowManager:   SURFACE Surface(name=)---MATRIX [0.9999994,0.0,0.0,0.9999994]: 
04-12 11:31:43.798  1591  1669 I WindowManager:   SURFACE controller=Surface(name=)alpha=1.0 layer=241000 matrix=[0.9999994*1.0,0.0*1.0][0.0*1.0,0.9999994*1.0]: Window{fc8a03c u0 android}
04-12 11:31:43.804  1591  1669 I WindowManager: <<< CLOSE TRANSACTION animateLocked
04-12 11:31:43.804  1591  1669 I WindowManager: >>> OPEN TRANSACTION performLayoutAndPlaceSurfaces
04-12 11:31:43.805  1591  1669 I WindowManager:   SURFACE Surface(name=)---MATRIX [0.9999994,0.0,0.0,0.9999994]: 
04-12 11:31:43.805  1591  1669 I WindowManager:   SURFACE Surface(name=StatusBar)---MATRIX [1.0,0.0,0.0,1.0]: StatusBar
04-12 11:31:43.806  1591  1669 I WindowManager:   SURFACE Surface(name=com.miui.securitycore/com.miui.securityspace.ui.activity.PrivateSpaceMainActivity)---MATRIX [1.0,0.0,0.0,1.0]: com.miui.securitycore/com.miui.securityspace.ui.activity.PrivateSpaceMainActivity
04-12 11:31:43.806  1591  1669 I WindowManager:   SURFACE Surface(name=com.android.systemui.ImageWallpaper)---MATRIX [1.0,0.0,0.0,1.0]: com.android.systemui.ImageWallpaper
04-12 11:31:43.810  1591  1669 I WindowManager: <<< CLOSE TRANSACTION performLayoutAndPlaceSurfaces
04-12 11:31:43.814  1591  1669 I WindowManager: >>> OPEN TRANSACTION animateLocked
04-12 11:31:43.815  1591  1669 I WindowManager:   SURFACE Surface(name=com.android.systemui.ImageWallpaper)---MATRIX [1.0,0.0,0.0,1.0]: com.android.systemui.ImageWallpaper
04-12 11:31:43.815  1591  1669 I WindowManager:   SURFACE Surface(name=com.miui.securitycore/com.miui.securityspace.ui.activity.PrivateSpaceMainActivity)---MATRIX [1.0,0.0,0.0,1.0]: com.miui.securitycore/com.miui.securityspace.ui.activity.PrivateSpaceMainActivity
04-12 11:31:43.815  1591  1669 I WindowManager:   SURFACE Surface(name=StatusBar)---MATRIX [1.0,0.0,0.0,1.0]: StatusBar
04-12 11:31:43.815  1591  1669 I WindowManager:   SURFACE Surface(name=)---MATRIX [1.0,0.0,0.0,1.0]: 
04-12 11:31:43.815  1591  1669 I WindowManager:   SURFACE controller=Surface(name=)alpha=1.0 layer=241000 matrix=[1.0*1.0,0.0*1.0][0.0*1.0,1.0*1.0]: Window{fc8a03c u0 android}
04-12 11:31:43.816  1591  1669 I WindowManager: <<< CLOSE TRANSACTION animateLocked
04-12 11:31:43.830  1591  1669 I WindowManager: >>> OPEN TRANSACTION animateLocked
04-12 11:31:43.830  1591  1669 I WindowManager:   SURFACE Surface(name=com.android.systemui.ImageWallpaper)---MATRIX [1.0,0.0,0.0,1.0]: com.android.systemui.ImageWallpaper
04-12 11:31:43.830  1591  1669 I WindowManager:   SURFACE Surface(name=com.miui.securitycore/com.miui.securityspace.ui.activity.PrivateSpaceMainActivity)---MATRIX [1.0,0.0,0.0,1.0]: com.miui.securitycore/com.miui.securityspace.ui.activity.PrivateSpaceMainActivity
04-12 11:31:43.830  1591  1669 I WindowManager:   SURFACE Surface(name=StatusBar)---MATRIX [1.0,0.0,0.0,1.0]: StatusBar
04-12 11:31:43.830  1591  1669 I WindowManager:   SURFACE Surface(name=)---MATRIX [1.0,0.0,0.0,1.0]: 
04-12 11:31:43.830  1591  1669 V WindowManager: prepareSurface: No changes in animation for WindowStateAnimator{15abad4 }
04-12 11:31:43.831  1591  1669 I WindowManager: <<< CLOSE TRANSACTION animateLocked
04-12 11:31:43.852  1591  1669 I WindowManager: >>> OPEN TRANSACTION animateLocked
04-12 11:31:43.852  1591  1669 V WindowManager: Finished animation in WindowStateAnimator{15abad4 } @ 349021
04-12 11:31:43.852  1591  1669 V WindowManager: Animation done in WindowStateAnimator{15abad4 }: exiting=false, reportedVisible=false
04-12 11:31:43.852  1591  1669 V WindowManager: finishExit in WindowStateAnimator{15abad4 }: exiting=false remove=false windowAnimating=false
04-12 11:31:43.852  1591  1669 I WindowManager:   SURFACE Surface(name=com.android.systemui.ImageWallpaper)---MATRIX [1.0,0.0,0.0,1.0]: com.android.systemui.ImageWallpaper
04-12 11:31:43.852  1591  1669 I WindowManager:   SURFACE Surface(name=com.miui.securitycore/com.miui.securityspace.ui.activity.PrivateSpaceMainActivity)---MATRIX [1.0,0.0,0.0,1.0]: com.miui.securitycore/com.miui.securityspace.ui.activity.PrivateSpaceMainActivity
04-12 11:31:43.852  1591  1669 I WindowManager:   SURFACE Surface(name=StatusBar)---MATRIX [1.0,0.0,0.0,1.0]: StatusBar
04-12 11:31:43.852  1591  1669 I WindowManager:   SURFACE Surface(name=)---MATRIX [1.0,0.0,0.0,1.0]: 
04-12 11:31:43.853  1591  1669 I WindowManager: <<< CLOSE TRANSACTION animateLocked
04-12 11:31:43.853  1591  1669 I WindowManager: >>> OPEN TRANSACTION performLayoutAndPlaceSurfaces
04-12 11:31:43.853  1591  1669 I WindowManager:   SURFACE Surface(name=)---MATRIX [1.0,0.0,0.0,1.0]: 
04-12 11:31:43.853  1591  1669 I WindowManager:   SURFACE Surface(name=StatusBar)---MATRIX [1.0,0.0,0.0,1.0]: StatusBar
04-12 11:31:43.854  1591  1669 I WindowManager:   SURFACE Surface(name=com.miui.securitycore/com.miui.securityspace.ui.activity.PrivateSpaceMainActivity)---MATRIX [1.0,0.0,0.0,1.0]: com.miui.securitycore/com.miui.securityspace.ui.activity.PrivateSpaceMainActivity
04-12 11:31:43.854  1591  1669 I WindowManager:   SURFACE Surface(name=com.android.systemui.ImageWallpaper)---MATRIX [1.0,0.0,0.0,1.0]: com.android.systemui.ImageWallpaper
04-12 11:31:43.854  1591  1669 I WindowManager: <<< CLOSE TRANSACTION performLayoutAndPlaceSurfaces
04-12 11:31:43.863  1591  1669 I WindowManager: >>> OPEN TRANSACTION animateLocked
04-12 11:31:43.863  1591  1669 I WindowManager:   SURFACE Surface(name=com.android.systemui.ImageWallpaper)---MATRIX [1.0,0.0,0.0,1.0]: com.android.systemui.ImageWallpaper
04-12 11:31:43.863  1591  1669 I WindowManager:   SURFACE Surface(name=com.miui.securitycore/com.miui.securityspace.ui.activity.PrivateSpaceMainActivity)---MATRIX [1.0,0.0,0.0,1.0]: com.miui.securitycore/com.miui.securityspace.ui.activity.PrivateSpaceMainActivity
04-12 11:31:43.863  1591  1669 I WindowManager:   SURFACE Surface(name=StatusBar)---MATRIX [1.0,0.0,0.0,1.0]: StatusBar
04-12 11:31:43.863  1591  1669 I WindowManager:   SURFACE Surface(name=)---MATRIX [1.0,0.0,0.0,1.0]: 
04-12 11:31:43.864  1591  1669 I WindowManager: <<< CLOSE TRANSACTION animateLocked
04-12 11:31:43.977  1591  1663 E AAAA    : start user in foreground
04-12 11:31:43.978  1591  1663 I WindowManager: >>> OPEN TRANSACTION ScreenRotationAnimation
04-12 11:31:43.986  1591  1663 I WindowManager:   FREEZE Surface(name=ScreenshotSurface): CREATE
04-12 11:31:43.987  1591  1663 I WindowManager: <<< CLOSE TRANSACTION ScreenRotationAnimation
04-12 11:31:43.990  1591  1663 I WindowManager: >>> OPEN TRANSACTION performLayoutAndPlaceSurfaces
04-12 11:31:43.991  1591  1663 I WindowManager:   SURFACE Surface(name=)---MATRIX [1.0,0.0,0.0,1.0]: 
04-12 11:31:43.991  1591  1663 I WindowManager:   SURFACE Surface(name=StatusBar)---MATRIX [1.0,0.0,0.0,1.0]: StatusBar
04-12 11:31:43.991  1591  1663 I WindowManager:   SURFACE Surface(name=com.miui.securitycore/com.miui.securityspace.ui.activity.PrivateSpaceMainActivity)---MATRIX [1.0,0.0,0.0,1.0]: com.miui.securitycore/com.miui.securityspace.ui.activity.PrivateSpaceMainActivity
04-12 11:31:43.991  1591  1663 I WindowManager:   SURFACE Surface(name=com.android.systemui.ImageWallpaper)---MATRIX [1.0,0.0,0.0,1.0]: com.android.systemui.ImageWallpaper
04-12 11:31:43.992  1591  1663 I WindowManager: <<< CLOSE TRANSACTION performLayoutAndPlaceSurfaces
04-12 11:31:44.003  1591  1663 I WindowManager: >>> OPEN TRANSACTION performLayoutAndPlaceSurfaces
04-12 11:31:44.004  1591  1663 I WindowManager:   SURFACE Surface(name=)---MATRIX [1.0,0.0,0.0,1.0]: 
04-12 11:31:44.004  1591  1663 I WindowManager:   SURFACE Surface(name=StatusBar)---MATRIX [1.0,0.0,0.0,1.0]: StatusBar
04-12 11:31:44.004  1591  1663 I WindowManager:   SURFACE Surface(name=com.miui.securitycore/com.miui.securityspace.ui.activity.PrivateSpaceMainActivity)---MATRIX [1.0,0.0,0.0,1.0]: com.miui.securitycore/com.miui.securityspace.ui.activity.PrivateSpaceMainActivity
04-12 11:31:44.004  1591  1663 I WindowManager:   SURFACE Surface(name=com.android.systemui.ImageWallpaper)---MATRIX [1.0,0.0,0.0,1.0]: com.android.systemui.ImageWallpaper
04-12 11:31:44.005  1591  1663 I WindowManager: <<< CLOSE TRANSACTION performLayoutAndPlaceSurfaces
04-12 11:31:44.006  1591  1663 I WindowManager: >>> OPEN TRANSACTION performLayoutAndPlaceSurfaces
04-12 11:31:44.006  1591  1663 I WindowManager:   SURFACE Surface(name=)---MATRIX [1.0,0.0,0.0,1.0]: 
04-12 11:31:44.006  1591  1663 I WindowManager:   SURFACE Surface(name=StatusBar)---MATRIX [1.0,0.0,0.0,1.0]: StatusBar
04-12 11:31:44.006  1591  1663 I WindowManager:   SURFACE Surface(name=com.miui.securitycore/com.miui.securityspace.ui.activity.PrivateSpaceMainActivity)---MATRIX [1.0,0.0,0.0,1.0]: com.miui.securitycore/com.miui.securityspace.ui.activity.PrivateSpaceMainActivity
04-12 11:31:44.007  1591  1663 I WindowManager:   SURFACE Surface(name=com.android.systemui.ImageWallpaper)---MATRIX [1.0,0.0,0.0,1.0]: com.android.systemui.ImageWallpaper
04-12 11:31:44.007  1591  1663 I WindowManager: <<< CLOSE TRANSACTION performLayoutAndPlaceSurfaces
04-12 11:31:44.007  1591  1669 I WindowManager: >>> OPEN TRANSACTION animateLocked
04-12 11:31:44.008  1591  1669 I WindowManager:   SURFACE Surface(name=com.android.systemui.ImageWallpaper)---MATRIX [1.0,0.0,0.0,1.0]: com.android.systemui.ImageWallpaper
04-12 11:31:44.008  1591  1669 I WindowManager:   SURFACE Surface(name=com.miui.securitycore/com.miui.securityspace.ui.activity.PrivateSpaceMainActivity)---MATRIX [1.0,0.0,0.0,1.0]: com.miui.securitycore/com.miui.securityspace.ui.activity.PrivateSpaceMainActivity
04-12 11:31:44.008  1591  1669 I WindowManager:   SURFACE Surface(name=com.miui.securitycore/com.miui.securityspace.ui.activity.PrivateSpaceMainActivity)---HIDE ( prepareSurfaceLocked ): com.miui.securitycore/com.miui.securityspace.ui.activity.PrivateSpaceMainActivity
04-12 11:31:44.008  1591  1669 I WindowManager:   SURFACE Surface(name=StatusBar)---MATRIX [1.0,0.0,0.0,1.0]: StatusBar
04-12 11:31:44.008  1591  1669 I WindowManager:   SURFACE Surface(name=)---MATRIX [1.0,0.0,0.0,1.0]: 
04-12 11:31:44.008  1591  1669 I WindowManager: <<< CLOSE TRANSACTION animateLocked
04-12 11:31:44.009  1591  1663 I WindowManager: >>> OPEN TRANSACTION performLayoutAndPlaceSurfaces
04-12 11:31:44.009  1591  1663 I WindowManager:   SURFACE Surface(name=)---MATRIX [1.0,0.0,0.0,1.0]: 
04-12 11:31:44.009  1591  1663 I WindowManager:   SURFACE Surface(name=StatusBar)---MATRIX [1.0,0.0,0.0,1.0]: StatusBar
04-12 11:31:44.010  1591  1663 I WindowManager:   SURFACE Surface(name=com.miui.securitycore/com.miui.securityspace.ui.activity.PrivateSpaceMainActivity)---MATRIX [1.0,0.0,0.0,1.0]: com.miui.securitycore/com.miui.securityspace.ui.activity.PrivateSpaceMainActivity
04-12 11:31:44.010  1591  1663 I WindowManager:   SURFACE Surface(name=com.android.systemui.ImageWallpaper)---MATRIX [1.0,0.0,0.0,1.0]: com.android.systemui.ImageWallpaper
04-12 11:31:44.010  1591  1663 I WindowManager: <<< CLOSE TRANSACTION performLayoutAndPlaceSurfaces
04-12 11:31:44.011  1591  1663 I WindowManager: >>> OPEN TRANSACTION performLayoutAndPlaceSurfaces
04-12 11:31:44.011  1591  1663 I WindowManager:   SURFACE Surface(name=)---MATRIX [1.0,0.0,0.0,1.0]: 
04-12 11:31:44.011  1591  1663 I WindowManager:   SURFACE Surface(name=StatusBar)---MATRIX [1.0,0.0,0.0,1.0]: StatusBar
04-12 11:31:44.011  1591  1663 I WindowManager:   SURFACE Surface(name=com.miui.securitycore/com.miui.securityspace.ui.activity.PrivateSpaceMainActivity)---MATRIX [1.0,0.0,0.0,1.0]: com.miui.securitycore/com.miui.securityspace.ui.activity.PrivateSpaceMainActivity
04-12 11:31:44.011  1591  1663 I WindowManager:   SURFACE Surface(name=com.android.systemui.ImageWallpaper)---MATRIX [1.0,0.0,0.0,1.0]: com.android.systemui.ImageWallpaper
04-12 11:31:44.012  1591  1663 I WindowManager: <<< CLOSE TRANSACTION performLayoutAndPlaceSurfaces
04-12 11:31:44.013  1591  1663 I WindowManager: >>> OPEN TRANSACTION performLayoutAndPlaceSurfaces
04-12 11:31:44.014  1591  1663 I WindowManager:   SURFACE Surface(name=)---MATRIX [1.0,0.0,0.0,1.0]: 
04-12 11:31:44.014  1591  1663 I WindowManager:   SURFACE Surface(name=StatusBar)---MATRIX [1.0,0.0,0.0,1.0]: StatusBar
04-12 11:31:44.017  1591  1663 I WindowManager:   SURFACE Surface(name=com.miui.securitycore/com.miui.securityspace.ui.activity.PrivateSpaceMainActivity)---MATRIX [1.0,0.0,0.0,1.0]: com.miui.securitycore/com.miui.securityspace.ui.activity.PrivateSpaceMainActivity
04-12 11:31:44.017  1591  1663 I WindowManager:   SURFACE Surface(name=com.android.systemui.ImageWallpaper)---MATRIX [1.0,0.0,0.0,1.0]: com.android.systemui.ImageWallpaper
04-12 11:31:44.017  1591  1663 I WindowManager: <<< CLOSE TRANSACTION performLayoutAndPlaceSurfaces
04-12 11:31:44.018  1591  1663 E AAAA    : start user in home
04-12 11:31:44.027  1591  1663 V WindowManager: Prepare app transition: transit=TRANSIT_TASK_OPEN mNextAppTransition=TRANSIT_UNSET alwaysKeepCurrent=false Callers=com.android.server.wm.WindowManagerService.prepareAppTransition:4074 com.android.server.am.ActivityStack.startActivityLocked:2862 com.android.server.am.ActivityStarter.startActivityUnchecked:1295 
04-12 11:31:44.030  1591  1663 I WindowManager: Failed to capture screenshot of Token{8657c21 ActivityRecord{74cea88 u0 com.miui.securitycore/com.miui.securityspace.ui.activity.PrivateSpaceMainActivity t112}} appWin=Window{7c77a30 u0 com.miui.securitycore/com.miui.securityspace.ui.activity.PrivateSpaceMainActivity} drawState=4
04-12 11:31:44.032  1591  1663 V WindowManager: setAppVisibility(Token{b742d92 ActivityRecord{1a4a71d u10 com.miui.home/.launcher.Launcher t1000000}}, visible=true): mNextAppTransition=TRANSIT_TASK_OPEN hidden=true hiddenRequested=true Callers=com.android.server.am.ActivityStack.setVisible:1499 com.android.server.am.ActivityStack.makeVisibleAndRestartIfNeeded:1937 com.android.server.am.ActivityStack.ensureActivitiesVisibleLocked:1805 com.android.server.am.ActivityStackSupervisor.ensureActivitiesVisibleLocked:3187 com.android.server.am.ActivityStack.completePauseLocked:1419 com.android.server.am.ActivityStack.startPausingLocked:1211 
04-12 11:31:44.033  1591  1663 V WindowManager: Changing app AppWindowToken{4509b60 token=Token{b742d92 ActivityRecord{1a4a71d u10 com.miui.home/.launcher.Launcher t1000000}}} hidden=true performLayout=true
04-12 11:31:44.033  1591  1663 V WindowManager: setTokenVisibilityLocked: AppWindowToken{4509b60 token=Token{b742d92 ActivityRecord{1a4a71d u10 com.miui.home/.launcher.Launcher t1000000}}}: hidden=false hiddenRequested=false
04-12 11:31:44.048  1591  1663 I WindowManager: Failed to capture screenshot of Token{8657c21 ActivityRecord{74cea88 u0 com.miui.securitycore/com.miui.securityspace.ui.activity.PrivateSpaceMainActivity t112}} appWin=Window{7c77a30 u0 com.miui.securitycore/com.miui.securityspace.ui.activity.PrivateSpaceMainActivity} drawState=4
04-12 11:31:44.049  1591  1663 V WindowManager: setAppVisibility(Token{8657c21 ActivityRecord{74cea88 u0 com.miui.securitycore/com.miui.securityspace.ui.activity.PrivateSpaceMainActivity t112}}, visible=false): mNextAppTransition=TRANSIT_TASK_OPEN hidden=false hiddenRequested=false Callers=com.android.server.am.ActivityStack.setVisible:1499 com.android.server.am.ActivityStack.makeInvisible:1956 com.android.server.am.ActivityStack.ensureActivitiesVisibleLocked:1838 com.android.server.am.ActivityStackSupervisor.ensureActivitiesVisibleLocked:3187 com.android.server.am.ActivityStack.completePauseLocked:1419 com.android.server.am.ActivityStack.startPausingLocked:1211 
04-12 11:31:44.049  1591  1663 V WindowManager: Changing app AppWindowToken{18e1846 token=Token{8657c21 ActivityRecord{74cea88 u0 com.miui.securitycore/com.miui.securityspace.ui.activity.PrivateSpaceMainActivity t112}}} hidden=false performLayout=true
04-12 11:31:44.049  1591  1663 V WindowManager: setTokenVisibilityLocked: AppWindowToken{18e1846 token=Token{8657c21 ActivityRecord{74cea88 u0 com.miui.securitycore/com.miui.securityspace.ui.activity.PrivateSpaceMainActivity t112}}}: hidden=true hiddenRequested=true
04-12 11:31:44.049  1591  1663 V WindowManager: Prepare app transition: transit=TRANSIT_ACTIVITY_OPEN mNextAppTransition=TRANSIT_TASK_OPEN alwaysKeepCurrent=false Callers=com.android.server.wm.WindowManagerService.prepareAppTransition:4074 com.android.server.am.ActivityStack.resumeTopActivityInnerLocked:2463 com.android.server.am.ActivityStack.resumeTopActivityUncheckedLocked:2174 
04-12 11:31:44.050  1591  1663 I WindowManager: >>> OPEN TRANSACTION performLayoutAndPlaceSurfaces
04-12 11:31:44.051  1591  1663 I WindowManager:   SURFACE Surface(name=)---MATRIX [1.0,0.0,0.0,1.0]: 
04-12 11:31:44.051  1591  1663 I WindowManager:   SURFACE Surface(name=StatusBar)---MATRIX [1.0,0.0,0.0,1.0]: StatusBar
04-12 11:31:44.051  1591  1663 I WindowManager:   SURFACE Surface(name=com.miui.securitycore/com.miui.securityspace.ui.activity.PrivateSpaceMainActivity)---MATRIX [1.0,0.0,0.0,1.0]: com.miui.securitycore/com.miui.securityspace.ui.activity.PrivateSpaceMainActivity
04-12 11:31:44.051  1591  1663 I WindowManager:   SURFACE Surface(name=com.android.systemui.ImageWallpaper)---MATRIX [1.0,0.0,0.0,1.0]: com.android.systemui.ImageWallpaper
04-12 11:31:44.052  1591  1663 I WindowManager: <<< CLOSE TRANSACTION performLayoutAndPlaceSurfaces
04-12 11:31:44.062  1591  1663 V WindowManager: Remove Window{fc8a03c u0 android}: mSurfaceController=Surface(name=) mAnimatingExit=false mRemoveOnExit=false mHasSurface=true surfaceShowing=true isAnimationSet=false app-animation=null mWillReplaceWindow=false inPendingTransaction=false mDisplayFrozen=true callers=com.android.server.wm.WindowManagerService.removeWindowLocked:2439 com.android.server.wm.WindowManagerService.removeWindow:2434 com.android.server.wm.Session.remove:202 android.view.ViewRootImpl.dispatchDetachedFromWindow:3323 android.view.ViewRootImpl.doDie:5934 android.view.ViewRootImpl.die:5911 
04-12 11:31:44.062  1591  1663 I WindowManager:   SURFACE DESTROY: Window{fc8a03c u0 android}
04-12 11:31:44.063  1591  1663 I WindowManager: Destroying surface Surface(name=) called by com.android.server.wm.WindowStateAnimator.destroySurface:2043 com.android.server.wm.WindowStateAnimator.destroySurfaceLocked:895 com.android.server.wm.WindowState.removeLocked:1458 com.android.server.wm.WindowManagerService.removeWindowInnerLocked:2612 com.android.server.wm.WindowManagerService.removeWindowLocked:2570 com.android.server.wm.WindowManagerService.removeWindowLocked:2439 com.android.server.wm.WindowManagerService.removeWindow:2434 com.android.server.wm.Session.remove:202 
04-12 11:31:44.072  1591  1663 I WindowManager: >>> OPEN TRANSACTION performLayoutAndPlaceSurfaces
04-12 11:31:44.073  1591  1663 I WindowManager:   SURFACE Surface(name=StatusBar)---MATRIX [1.0,0.0,0.0,1.0]: StatusBar
04-12 11:31:44.073  1591  1663 I WindowManager:   SURFACE Surface(name=com.miui.securitycore/com.miui.securityspace.ui.activity.PrivateSpaceMainActivity)---MATRIX [1.0,0.0,0.0,1.0]: com.miui.securitycore/com.miui.securityspace.ui.activity.PrivateSpaceMainActivity
04-12 11:31:44.073  1591  1663 I WindowManager:   SURFACE Surface(name=com.android.systemui.ImageWallpaper)---MATRIX [1.0,0.0,0.0,1.0]: com.android.systemui.ImageWallpaper
04-12 11:31:44.073  1591  1663 I WindowManager: <<< CLOSE TRANSACTION performLayoutAndPlaceSurfaces
04-12 11:31:44.076  1591  3202 V WindowManager: Saving surface: Window{7c77a30 u0 com.miui.securitycore/com.miui.securityspace.ui.activity.PrivateSpaceMainActivity}
04-12 11:31:44.076  1591  3202 I WindowManager:   SURFACE transparentRegionHint=SkRegion(): Window{7c77a30 u0 com.miui.securitycore/com.miui.securityspace.ui.activity.PrivateSpaceMainActivity}
04-12 11:31:44.076  1591  3202 I WindowManager: >>> OPEN TRANSACTION setTransparentRegion
04-12 11:31:44.076  1591  3202 I WindowManager: <<< CLOSE TRANSACTION setTransparentRegion
04-12 11:31:44.076  1591  3202 I WindowManager: Disconnecting client: Surface(name=com.miui.securitycore/com.miui.securityspace.ui.activity.PrivateSpaceMainActivity)
04-12 11:31:44.077  1591  3202 I WindowManager: >>> OPEN TRANSACTION performLayoutAndPlaceSurfaces
04-12 11:31:44.077  1591  3202 I WindowManager:   SURFACE Surface(name=StatusBar)---MATRIX [1.0,0.0,0.0,1.0]: StatusBar
04-12 11:31:44.077  1591  3202 I WindowManager:   SURFACE Surface(name=com.android.systemui.ImageWallpaper)---MATRIX [1.0,0.0,0.0,1.0]: com.android.systemui.ImageWallpaper
04-12 11:31:44.078  1591  3202 I WindowManager: <<< CLOSE TRANSACTION performLayoutAndPlaceSurfaces
04-12 11:31:44.123  1591  3253 V WindowManager: setAppVisibility(Token{b742d92 ActivityRecord{1a4a71d u10 com.miui.home/.launcher.Launcher t1000000}}, visible=true): mNextAppTransition=TRANSIT_TASK_OPEN hidden=false hiddenRequested=false Callers=com.android.server.am.ActivityStackSupervisor.realStartActivityLocked:1259 com.android.server.am.ActivityStackSupervisor.attachApplicationLocked:911 com.android.server.am.ActivityManagerService.attachApplicationLocked:6953 com.android.server.am.ActivityManagerService.attachApplication:7017 android.app.ActivityManagerNative.onTransact:542 com.android.server.am.ActivityManagerService.onTransact:2898 
04-12 11:31:44.123  1591  3253 I WindowManager: >>> OPEN TRANSACTION performLayoutAndPlaceSurfaces
04-12 11:31:44.124  1591  3253 I WindowManager:   SURFACE Surface(name=StatusBar)---MATRIX [1.0,0.0,0.0,1.0]: StatusBar
04-12 11:31:44.124  1591  3253 I WindowManager:   SURFACE Surface(name=com.android.systemui.ImageWallpaper)---MATRIX [1.0,0.0,0.0,1.0]: com.android.systemui.ImageWallpaper
04-12 11:31:44.124  1591  3253 I WindowManager: <<< CLOSE TRANSACTION performLayoutAndPlaceSurfaces
04-12 11:31:44.128  1591  3253 W WindowManager: Execute app transition: mNextAppTransition=TRANSIT_TASK_OPEN Callers=com.android.server.am.ActivityStackSupervisor.reportResumedActivityLocked:3075 com.android.server.am.ActivityStack.completeResumeLocked:1471 com.android.server.am.ActivityStack.minimalResumeActivityLocked:945 com.android.server.am.ActivityStackSupervisor.realStartActivityLocked:1417 com.android.server.am.ActivityStackSupervisor.attachApplicationLocked:911 
04-12 11:31:44.129  1591  3253 I WindowManager: >>> OPEN TRANSACTION performLayoutAndPlaceSurfaces
04-12 11:31:44.129  1591  3253 I WindowManager:   SURFACE Surface(name=StatusBar)---MATRIX [1.0,0.0,0.0,1.0]: StatusBar
04-12 11:31:44.129  1591  3253 I WindowManager:   SURFACE Surface(name=com.android.systemui.ImageWallpaper)---MATRIX [1.0,0.0,0.0,1.0]: com.android.systemui.ImageWallpaper
04-12 11:31:44.129  1591  3253 I WindowManager: <<< CLOSE TRANSACTION performLayoutAndPlaceSurfaces
04-12 11:31:44.129  1591  3253 V WindowManager: Checking 0 opening apps (frozen=true timeout=false)...
04-12 11:31:44.129  1591  3253 V WindowManager: **** GOOD TO GO
04-12 11:31:44.129  1591  3253 V WindowManager: New wallpaper target=null, oldWallpaper=null, lower target=null, upper target=null, openingApps={}, closingApps={}
04-12 11:31:44.130  1591  3253 I WindowManager: >>> OPEN TRANSACTION performLayoutAndPlaceSurfaces
04-12 11:31:44.130  1591  3253 I WindowManager:   SURFACE Surface(name=StatusBar)---MATRIX [1.0,0.0,0.0,1.0]: StatusBar
04-12 11:31:44.130  1591  3253 I WindowManager:   SURFACE Surface(name=com.android.systemui.ImageWallpaper)---MATRIX [1.0,0.0,0.0,1.0]: com.android.systemui.ImageWallpaper
04-12 11:31:44.131  1591  3253 I WindowManager: <<< CLOSE TRANSACTION performLayoutAndPlaceSurfaces
04-12 11:31:44.271  1591  3158 V WindowManager: Prepare app transition: transit=TRANSIT_TASK_OPEN mNextAppTransition=TRANSIT_UNSET alwaysKeepCurrent=false Callers=com.android.server.wm.WindowManagerService.prepareAppTransition:4074 com.android.server.am.ActivityStack.startActivityLocked:2862 com.android.server.am.ActivityStarter.startActivityUnchecked:1295 
04-12 11:31:44.337  1591  3158 I WindowManager: >>> OPEN TRANSACTION performLayoutAndPlaceSurfaces
04-12 11:31:44.337  1591  3158 I WindowManager:   SURFACE Surface(name=StatusBar)---MATRIX [1.0,0.0,0.0,1.0]: StatusBar
04-12 11:31:44.337  1591  3158 I WindowManager:   SURFACE Surface(name=com.android.systemui.ImageWallpaper)---MATRIX [1.0,0.0,0.0,1.0]: com.android.systemui.ImageWallpaper
04-12 11:31:44.338  1591  3158 I WindowManager: <<< CLOSE TRANSACTION performLayoutAndPlaceSurfaces
04-12 11:31:44.343  1591  1795 V WindowManager: setAppVisibility(Token{75469bd ActivityRecord{d6add14 u10 com.miui.securitycore/com.miui.securityspace.ui.activity.GuideStartActivity t1000001}}, visible=true): mNextAppTransition=TRANSIT_TASK_OPEN hidden=true hiddenRequested=true Callers=com.android.server.am.ActivityStack.setVisible:1499 com.android.server.am.ActivityStack.makeVisibleAndRestartIfNeeded:1937 com.android.server.am.ActivityStack.ensureActivitiesVisibleLocked:1805 com.android.server.am.ActivityStackSupervisor.ensureActivitiesVisibleLocked:3187 com.android.server.am.ActivityStackSupervisor.attachApplicationLocked:924 com.android.server.am.ActivityManagerService.attachApplicationLocked:6953 
04-12 11:31:44.343  1591  1795 V WindowManager: Changing app AppWindowToken{d992727 token=Token{75469bd ActivityRecord{d6add14 u10 com.miui.securitycore/com.miui.securityspace.ui.activity.GuideStartActivity t1000001}}} hidden=true performLayout=true
04-12 11:31:44.343  1591  1795 V WindowManager: setTokenVisibilityLocked: AppWindowToken{d992727 token=Token{75469bd ActivityRecord{d6add14 u10 com.miui.securitycore/com.miui.securityspace.ui.activity.GuideStartActivity t1000001}}}: hidden=false hiddenRequested=false
04-12 11:31:44.378  1591  1795 V WindowManager: setAppVisibility(Token{b742d92 ActivityRecord{1a4a71d u10 com.miui.home/.launcher.Launcher t1000000}}, visible=false): mNextAppTransition=TRANSIT_TASK_OPEN hidden=false hiddenRequested=false Callers=com.android.server.am.ActivityStack.setVisible:1499 com.android.server.am.ActivityStack.makeInvisible:1956 com.android.server.am.ActivityStack.ensureActivitiesVisibleLocked:1838 com.android.server.am.ActivityStackSupervisor.ensureActivitiesVisibleLocked:3187 com.android.server.am.ActivityStackSupervisor.attachApplicationLocked:924 com.android.server.am.ActivityManagerService.attachApplicationLocked:6953 
04-12 11:31:44.378  1591  1795 V WindowManager: Changing app AppWindowToken{4509b60 token=Token{b742d92 ActivityRecord{1a4a71d u10 com.miui.home/.launcher.Launcher t1000000}}} hidden=false performLayout=true
04-12 11:31:44.378  1591  1795 V WindowManager: setTokenVisibilityLocked: AppWindowToken{4509b60 token=Token{b742d92 ActivityRecord{1a4a71d u10 com.miui.home/.launcher.Launcher t1000000}}}: hidden=true hiddenRequested=true
04-12 11:31:44.444  1591  1669 I WindowManager: >>> OPEN TRANSACTION animateLocked
04-12 11:31:44.444  1591  1669 I WindowManager:   SURFACE Surface(name=com.android.systemui.ImageWallpaper)---MATRIX [1.0,0.0,0.0,1.0]: com.android.systemui.ImageWallpaper
04-12 11:31:44.444  1591  1669 I WindowManager:   SURFACE Surface(name=StatusBar)---MATRIX [1.0,0.0,0.0,1.0]: StatusBar
04-12 11:31:44.448  1591  1669 I WindowManager: <<< CLOSE TRANSACTION animateLocked
04-12 11:31:44.804  1591  1591 I WindowManager: >>> OPEN TRANSACTION performLayoutAndPlaceSurfaces
04-12 11:31:44.804  1591  1591 I WindowManager:   SURFACE Surface(name=StatusBar)---MATRIX [1.0,0.0,0.0,1.0]: StatusBar
04-12 11:31:44.804  1591  1591 I WindowManager:   SURFACE Surface(name=com.android.systemui.ImageWallpaper)---MATRIX [1.0,0.0,0.0,1.0]: com.android.systemui.ImageWallpaper
04-12 11:31:44.805  1591  1591 I WindowManager: <<< CLOSE TRANSACTION performLayoutAndPlaceSurfaces
04-12 11:31:44.813  1591  1669 I WindowManager: >>> OPEN TRANSACTION animateLocked
04-12 11:31:44.813  1591  1669 I WindowManager:   SURFACE Surface(name=com.android.systemui.ImageWallpaper)---MATRIX [1.0,0.0,0.0,1.0]: com.android.systemui.ImageWallpaper
04-12 11:31:44.813  1591  1669 I WindowManager:   SURFACE Surface(name=StatusBar)---MATRIX [1.0,0.0,0.0,1.0]: StatusBar
04-12 11:31:44.816  1591  1669 I WindowManager: <<< CLOSE TRANSACTION animateLocked
04-12 11:31:44.946  1591  2215 V WindowManager: Remove Window{80ec1fa u0 com.android.systemui.ImageWallpaper}: mSurfaceController=Surface(name=com.android.systemui.ImageWallpaper) mAnimatingExit=false mRemoveOnExit=false mHasSurface=true surfaceShowing=false isAnimationSet=false app-animation=null mWillReplaceWindow=false inPendingTransaction=false mDisplayFrozen=true callers=com.android.server.wm.WindowManagerService.removeWindowLocked:2439 com.android.server.wm.WindowManagerService.removeWindow:2434 com.android.server.wm.Session.remove:202 android.view.IWindowSession$Stub.onTransact:242 com.android.server.wm.Session.onTransact:145 android.os.Binder.execTransact:567 
04-12 11:31:44.946  1591  2215 I WindowManager:   SURFACE DESTROY: Window{80ec1fa u0 com.android.systemui.ImageWallpaper}
04-12 11:31:44.947  1591  2215 I WindowManager: Destroying surface Surface(name=com.android.systemui.ImageWallpaper) called by com.android.server.wm.WindowStateAnimator.destroySurface:2043 com.android.server.wm.WindowStateAnimator.destroySurfaceLocked:895 com.android.server.wm.WindowState.removeLocked:1458 com.android.server.wm.WindowManagerService.removeWindowInnerLocked:2612 com.android.server.wm.WindowManagerService.removeWindowLocked:2570 com.android.server.wm.WindowManagerService.removeWindowLocked:2439 com.android.server.wm.WindowManagerService.removeWindow:2434 com.android.server.wm.Session.remove:202 
04-12 11:31:44.953  1591  2215 I WindowManager: >>> OPEN TRANSACTION performLayoutAndPlaceSurfaces
04-12 11:31:44.954  1591  2215 I WindowManager:   SURFACE Surface(name=StatusBar)---MATRIX [1.0,0.0,0.0,1.0]: StatusBar
04-12 11:31:44.955  1591  2215 I WindowManager: <<< CLOSE TRANSACTION performLayoutAndPlaceSurfaces
04-12 11:31:44.959  1591  1662 V WindowManager: setAppVisibility(Token{b742d92 ActivityRecord{1a4a71d u10 com.miui.home/.launcher.Launcher t1000000}}, visible=false): mNextAppTransition=TRANSIT_TASK_OPEN hidden=true hiddenRequested=true Callers=com.android.server.am.ActivityStack.stopActivityLocked:3415 com.android.server.am.ActivityStackSupervisor.activityIdleInternalLocked:1784 com.android.server.am.ActivityStackSupervisor$ActivityStackSupervisorHandler.activityIdleInternal:4054 com.android.server.am.ActivityStackSupervisor$ActivityStackSupervisorHandler.handleMessage:4093 android.os.Handler.dispatchMessage:102 android.os.Looper.loop:165 
04-12 11:31:44.963  1591  1669 I WindowManager: >>> OPEN TRANSACTION animateLocked
04-12 11:31:44.963  1591  1669 I WindowManager:   SURFACE Surface(name=StatusBar)---MATRIX [1.0,0.0,0.0,1.0]: StatusBar
04-12 11:31:44.963  1591  1669 I WindowManager: <<< CLOSE TRANSACTION animateLocked
04-12 11:31:44.980  1591  3204 V WindowManager: setAppVisibility(Token{75469bd ActivityRecord{d6add14 u10 com.miui.securitycore/com.miui.securityspace.ui.activity.GuideStartActivity t1000001}}, visible=true): mNextAppTransition=TRANSIT_TASK_OPEN hidden=false hiddenRequested=false Callers=com.android.server.am.ActivityStackSupervisor.realStartActivityLocked:1259 com.android.server.am.ActivityStackSupervisor.startSpecificActivityLocked:1463 com.android.server.am.ActivityStack.makeVisibleAndRestartIfNeeded:1940 com.android.server.am.ActivityStack.ensureActivitiesVisibleLocked:1805 com.android.server.am.ActivityStackSupervisor.ensureActivitiesVisibleLocked:3187 com.android.server.am.ActivityStackSupervisor.attachApplicationLocked:924 
04-12 11:31:44.985  1591  3204 W WindowManager: Execute app transition: mNextAppTransition=TRANSIT_TASK_OPEN Callers=com.android.server.am.ActivityStackSupervisor.reportResumedActivityLocked:3075 com.android.server.am.ActivityStack.completeResumeLocked:1471 com.android.server.am.ActivityStack.minimalResumeActivityLocked:945 com.android.server.am.ActivityStackSupervisor.realStartActivityLocked:1417 com.android.server.am.ActivityStackSupervisor.startSpecificActivityLocked:1463 
04-12 11:31:44.985  1591  3204 I WindowManager: >>> OPEN TRANSACTION performLayoutAndPlaceSurfaces
04-12 11:31:44.986  1591  3204 I WindowManager:   SURFACE Surface(name=StatusBar)---MATRIX [1.0,0.0,0.0,1.0]: StatusBar
04-12 11:31:44.987  1591  3204 I WindowManager: <<< CLOSE TRANSACTION performLayoutAndPlaceSurfaces
04-12 11:31:44.987  1591  3204 V WindowManager: Checking 0 opening apps (frozen=true timeout=false)...
04-12 11:31:44.987  1591  3204 V WindowManager: **** GOOD TO GO
04-12 11:31:44.987  1591  3204 V WindowManager: New wallpaper target=null, oldWallpaper=null, lower target=null, upper target=null, openingApps={}, closingApps={}
04-12 11:31:44.987  1591  3204 I WindowManager: >>> OPEN TRANSACTION performLayoutAndPlaceSurfaces
04-12 11:31:44.988  1591  3204 I WindowManager:   SURFACE Surface(name=StatusBar)---MATRIX [1.0,0.0,0.0,1.0]: StatusBar
04-12 11:31:44.988  1591  3204 I WindowManager: <<< CLOSE TRANSACTION performLayoutAndPlaceSurfaces
04-12 11:31:45.013  1591  1669 I WindowManager: >>> OPEN TRANSACTION animateLocked
04-12 11:31:45.013  1591  1669 I WindowManager:   SURFACE Surface(name=StatusBar)---MATRIX [1.0,0.0,0.0,1.0]: StatusBar
04-12 11:31:45.013  1591  1669 I WindowManager: <<< CLOSE TRANSACTION animateLocked
04-12 11:31:45.179  1591  3202 V WindowManager: Remove Window{7c77a30 u0 com.miui.securitycore/com.miui.securityspace.ui.activity.PrivateSpaceMainActivity}: mSurfaceController=Surface(name=com.miui.securitycore/com.miui.securityspace.ui.activity.PrivateSpaceMainActivity) mAnimatingExit=false mRemoveOnExit=false mHasSurface=false surfaceShowing=false isAnimationSet=false app-animation=null mWillReplaceWindow=false inPendingTransaction=false mDisplayFrozen=true callers=com.android.server.wm.WindowManagerService.removeWindowLocked:2439 com.android.server.wm.WindowManagerService.removeWindow:2434 com.android.server.wm.Session.remove:202 android.view.IWindowSession$Stub.onTransact:242 com.android.server.wm.Session.onTransact:145 android.os.Binder.execTransact:567 
04-12 11:31:45.179  1591  3202 I WindowManager:   SURFACE DESTROY: Window{7c77a30 u0 com.miui.securitycore/com.miui.securityspace.ui.activity.PrivateSpaceMainActivity}
04-12 11:31:45.180  1591  3202 I WindowManager: Destroying surface Surface(name=com.miui.securitycore/com.miui.securityspace.ui.activity.PrivateSpaceMainActivity) called by com.android.server.wm.WindowStateAnimator.destroySurface:2043 com.android.server.wm.WindowStateAnimator.destroySurfaceLocked:895 com.android.server.wm.WindowState.removeLocked:1458 com.android.server.wm.WindowManagerService.removeWindowInnerLocked:2612 com.android.server.wm.WindowManagerService.removeWindowLocked:2570 com.android.server.wm.WindowManagerService.removeWindowLocked:2439 com.android.server.wm.WindowManagerService.removeWindow:2434 com.android.server.wm.Session.remove:202 
04-12 11:31:45.183  1591  3202 I WindowManager: >>> OPEN TRANSACTION performLayoutAndPlaceSurfaces
04-12 11:31:45.183  1591  3202 I WindowManager:   SURFACE Surface(name=StatusBar)---MATRIX [1.0,0.0,0.0,1.0]: StatusBar
04-12 11:31:45.185  1591  3202 I WindowManager: <<< CLOSE TRANSACTION performLayoutAndPlaceSurfaces
04-12 11:31:45.186  1591  2159 I WindowManager:   NEW SURFACE SESSION android.view.SurfaceSession@c11ecf7
04-12 11:31:45.196  1591  1669 I WindowManager: >>> OPEN TRANSACTION animateLocked
04-12 11:31:45.196  1591  1669 I WindowManager:   SURFACE Surface(name=StatusBar)---MATRIX [1.0,0.0,0.0,1.0]: StatusBar
04-12 11:31:45.200  1591  1669 I WindowManager: <<< CLOSE TRANSACTION animateLocked
04-12 11:31:45.203  1591  3202 I WindowManager: createSurface WindowStateAnimator{cec85d0 com.miui.securitycore/com.miui.securityspace.ui.activity.GuideStartActivity}: mDrawState=DRAW_PENDING
04-12 11:31:45.205  1591  3202 I WindowManager:   CREATE SURFACE Surface(name=com.miui.securitycore/com.miui.securityspace.ui.activity.GuideStartActivity) IN SESSION android.view.SurfaceSession@c11ecf7: pid=7779 format=-1 flags=0x404 / WindowStateAnimator{cec85d0 com.miui.securitycore/com.miui.securityspace.ui.activity.GuideStartActivity}
04-12 11:31:45.205  1591  3202 I WindowManager: >>> OPEN TRANSACTION createSurfaceLocked
04-12 11:31:45.205  1591  3202 I WindowManager:   SURFACE CREATE pos=(0,0) (1x1), layer=21010 HIDE: Window{48fe0f6 u10 com.miui.securitycore/com.miui.securityspace.ui.activity.GuideStartActivity}
04-12 11:31:45.205  1591  3202 I WindowManager:   SURFACE Surface(name=com.miui.securitycore/com.miui.securityspace.ui.activity.GuideStartActivity)---POS (setPositionAndLayer) @ (0.0,0.0): com.miui.securitycore/com.miui.securityspace.ui.activity.GuideStartActivity
04-12 11:31:45.205  1591  3202 I WindowManager: <<< CLOSE TRANSACTION setPositionAndLayer
04-12 11:31:45.205  1591  3202 I WindowManager:   OUT SURFACE Surface(name=null)/@0x5a89c9: copied
04-12 11:31:45.206  1591  3202 I WindowManager: >>> OPEN TRANSACTION performLayoutAndPlaceSurfaces
04-12 11:31:45.207  1591  3202 I WindowManager:   SURFACE Surface(name=StatusBar)---MATRIX [1.0,0.0,0.0,1.0]: StatusBar
04-12 11:31:45.207  1591  3202 I WindowManager:   SURFACE Surface(name=com.miui.securitycore/com.miui.securityspace.ui.activity.GuideStartActivity)---SIZE 1080x1920: com.miui.securitycore/com.miui.securityspace.ui.activity.GuideStartActivity
04-12 11:31:45.207  1591  3202 I WindowManager:   SURFACE Surface(name=com.miui.securitycore/com.miui.securityspace.ui.activity.GuideStartActivity)---CROP [0,0][1080,1920]: com.miui.securitycore/com.miui.securityspace.ui.activity.GuideStartActivity
04-12 11:31:45.207  1591  3202 I WindowManager:   SURFACE Surface(name=com.miui.securitycore/com.miui.securityspace.ui.activity.GuideStartActivity)---MATRIX [1.0,0.0,0.0,1.0]: com.miui.securitycore/com.miui.securityspace.ui.activity.GuideStartActivity
04-12 11:31:45.207  1591  3202 V WindowManager: Orientation or resize start waiting for draw, mDrawState=DRAW_PENDING in Window{48fe0f6 u10 com.miui.securitycore/com.miui.securityspace.ui.activity.GuideStartActivity}, surfaceController Surface(name=com.miui.securitycore/com.miui.securityspace.ui.activity.GuideStartActivity)
04-12 11:31:45.213  1591  3202 I WindowManager: <<< CLOSE TRANSACTION performLayoutAndPlaceSurfaces
04-12 11:31:45.213  1591  3202 I WindowManager: >>> OPEN TRANSACTION performLayoutAndPlaceSurfaces
04-12 11:31:45.214  1591  3202 I WindowManager:   SURFACE Surface(name=StatusBar)---MATRIX [1.0,0.0,0.0,1.0]: StatusBar
04-12 11:31:45.214  1591  3202 I WindowManager:   SURFACE Surface(name=com.miui.securitycore/com.miui.securityspace.ui.activity.GuideStartActivity)---MATRIX [1.0,0.0,0.0,1.0]: com.miui.securitycore/com.miui.securityspace.ui.activity.GuideStartActivity
04-12 11:31:45.214  1591  3202 I WindowManager: <<< CLOSE TRANSACTION performLayoutAndPlaceSurfaces
04-12 11:31:45.229  1591  1669 I WindowManager: >>> OPEN TRANSACTION animateLocked
04-12 11:31:45.229  1591  1669 I WindowManager:   SURFACE Surface(name=com.miui.securitycore/com.miui.securityspace.ui.activity.GuideStartActivity)---MATRIX [1.0,0.0,0.0,1.0]: com.miui.securitycore/com.miui.securityspace.ui.activity.GuideStartActivity
04-12 11:31:45.230  1591  1669 I WindowManager:   SURFACE controller=Surface(name=com.miui.securitycore/com.miui.securityspace.ui.activity.GuideStartActivity)alpha=1.0 layer=21010 matrix=[1.0*1.0,0.0*1.0][0.0*1.0,1.0*1.0]: Window{48fe0f6 u10 com.miui.securitycore/com.miui.securityspace.ui.activity.GuideStartActivity}
04-12 11:31:45.230  1591  1669 I WindowManager:   SURFACE Surface(name=StatusBar)---MATRIX [1.0,0.0,0.0,1.0]: StatusBar
04-12 11:31:45.230  1591  1669 I WindowManager:   SURFACE controller=Surface(name=StatusBar)alpha=1.0 layer=161000 matrix=[1.0*1.0,0.0*1.0][0.0*1.0,1.0*1.0]: Window{97fd75d u0 StatusBar}
04-12 11:31:45.230  1591  1669 I WindowManager:   SURFACE Surface(name=StatusBar)---SHOW (performLayout): StatusBar
04-12 11:31:45.232  1591  1669 I WindowManager: <<< CLOSE TRANSACTION animateLocked
04-12 11:31:45.232  1591  1669 I WindowManager: >>> OPEN TRANSACTION removeReplacedWindows
04-12 11:31:45.232  1591  1669 I WindowManager: <<< CLOSE TRANSACTION removeReplacedWindows
04-12 11:31:45.232  1591  1669 I WindowManager: >>> OPEN TRANSACTION performLayoutAndPlaceSurfaces
04-12 11:31:45.233  1591  1669 I WindowManager:   SURFACE Surface(name=StatusBar)---MATRIX [1.0,0.0,0.0,1.0]: StatusBar
04-12 11:31:45.233  1591  1669 I WindowManager:   SURFACE Surface(name=com.miui.securitycore/com.miui.securityspace.ui.activity.GuideStartActivity)---MATRIX [1.0,0.0,0.0,1.0]: com.miui.securitycore/com.miui.securityspace.ui.activity.GuideStartActivity
04-12 11:31:45.234  1591  1669 I WindowManager: <<< CLOSE TRANSACTION performLayoutAndPlaceSurfaces
04-12 11:31:45.247  1591  1669 I WindowManager: >>> OPEN TRANSACTION animateLocked
04-12 11:31:45.247  1591  1669 I WindowManager:   SURFACE Surface(name=com.miui.securitycore/com.miui.securityspace.ui.activity.GuideStartActivity)---MATRIX [1.0,0.0,0.0,1.0]: com.miui.securitycore/com.miui.securityspace.ui.activity.GuideStartActivity
04-12 11:31:45.247  1591  1669 I WindowManager:   SURFACE controller=Surface(name=com.miui.securitycore/com.miui.securityspace.ui.activity.GuideStartActivity)alpha=1.0 layer=21010 matrix=[1.0*1.0,0.0*1.0][0.0*1.0,1.0*1.0]: Window{48fe0f6 u10 com.miui.securitycore/com.miui.securityspace.ui.activity.GuideStartActivity}
04-12 11:31:45.247  1591  1669 I WindowManager:   SURFACE Surface(name=StatusBar)---MATRIX [1.0,0.0,0.0,1.0]: StatusBar
04-12 11:31:45.252  1591  1669 I WindowManager: <<< CLOSE TRANSACTION animateLocked
04-12 11:31:45.269  1591  1662 W WindowManager: Execute app transition: mNextAppTransition=TRANSIT_UNSET Callers=com.android.server.am.ActivityStack.resumeTopActivityInnerLocked:2239 com.android.server.am.ActivityStack.resumeTopActivityUncheckedLocked:2174 com.android.server.am.ActivityStackSupervisor.resumeFocusedStackTopActivityLocked:1931 com.android.server.am.ActivityStack.completePauseLocked:1377 com.android.server.am.ActivityStack.activityPausedLocked:1247 
04-12 11:31:45.296  1591  2949 V WindowManager: Removing app token: AppWindowToken{18e1846 token=Token{8657c21 ActivityRecord{74cea88 u0 com.miui.securitycore/com.miui.securityspace.ui.activity.PrivateSpaceMainActivity t112}}}
04-12 11:31:45.296  1591  2949 V WindowManager: Removing app AppWindowToken{18e1846 token=Token{8657c21 ActivityRecord{74cea88 u0 com.miui.securitycore/com.miui.securityspace.ui.activity.PrivateSpaceMainActivity t112}}} delayed=false animation=null animating=false
04-12 11:31:45.429  1591  2943 V WindowManager: finishDrawingLocked: mDrawState=COMMIT_DRAW_PENDING Window{48fe0f6 u10 com.miui.securitycore/com.miui.securityspace.ui.activity.GuideStartActivity} in Surface(name=com.miui.securitycore/com.miui.securityspace.ui.activity.GuideStartActivity)
04-12 11:31:45.430  1591  1669 I WindowManager: >>> OPEN TRANSACTION performLayoutAndPlaceSurfaces
04-12 11:31:45.430  1591  1669 I WindowManager:   SURFACE Surface(name=StatusBar)---MATRIX [1.0,0.0,0.0,1.0]: StatusBar
04-12 11:31:45.430  1591  1669 I WindowManager: commitFinishDrawingLocked: mDrawState=READY_TO_SHOW Surface(name=com.miui.securitycore/com.miui.securityspace.ui.activity.GuideStartActivity)
04-12 11:31:45.430  1591  1669 I WindowManager:   SURFACE Surface(name=com.miui.securitycore/com.miui.securityspace.ui.activity.GuideStartActivity)---MATRIX [1.0,0.0,0.0,1.0]: com.miui.securitycore/com.miui.securityspace.ui.activity.GuideStartActivity
04-12 11:31:45.444  1591  1669 I WindowManager: <<< CLOSE TRANSACTION performLayoutAndPlaceSurfaces
04-12 11:31:45.447  1591  1669 I WindowManager: >>> OPEN TRANSACTION performLayoutAndPlaceSurfaces
04-12 11:31:45.447  1591  1669 I WindowManager:   SURFACE Surface(name=StatusBar)---MATRIX [1.0,0.0,0.0,1.0]: StatusBar
04-12 11:31:45.447  1591  1669 I WindowManager: commitFinishDrawingLocked: mDrawState=READY_TO_SHOW Surface(name=com.miui.securitycore/com.miui.securityspace.ui.activity.GuideStartActivity)
04-12 11:31:45.447  1591  1669 V WindowManager: performShowLocked: mDrawState=HAS_DRAWN in Window{48fe0f6 u10 com.miui.securitycore/com.miui.securityspace.ui.activity.GuideStartActivity}
04-12 11:31:45.447  1591  1669 I WindowManager:   SURFACE Surface(name=com.miui.securitycore/com.miui.securityspace.ui.activity.GuideStartActivity)---MATRIX [1.0,0.0,0.0,1.0]: com.miui.securitycore/com.miui.securityspace.ui.activity.GuideStartActivity
04-12 11:31:45.449  1591  1669 I WindowManager: <<< CLOSE TRANSACTION performLayoutAndPlaceSurfaces
04-12 11:31:45.453  1591  3205 V WindowManager: Remove Window{97fd75d u0 StatusBar}: mSurfaceController=Surface(name=StatusBar) mAnimatingExit=false mRemoveOnExit=false mHasSurface=true surfaceShowing=true isAnimationSet=false app-animation=null mWillReplaceWindow=false inPendingTransaction=false mDisplayFrozen=true callers=com.android.server.wm.WindowManagerService.removeWindowLocked:2439 com.android.server.wm.WindowManagerService.removeWindow:2434 com.android.server.wm.Session.remove:202 android.view.IWindowSession$Stub.onTransact:242 com.android.server.wm.Session.onTransact:145 android.os.Binder.execTransact:567 
04-12 11:31:45.453  1591  3205 I WindowManager:   SURFACE DESTROY: Window{97fd75d u0 StatusBar}
