07-03 20:31:42.583  1423  1518 V WindowStateAnimator: performShow on WindowStateAnimator{c19f9f6 com.android.systemui.ImageWallpaper}: mDrawState=READY_TO_SHOW readyForDisplay=false starting=false during animation: policyVis=true attHidden=false tok.hiddenRequested=false tok.hidden=false animating=false tok animating=false Callers=com.android.server.wm.WindowAnimator.updateWindowsLocked:440 com.android.server.wm.WindowAnimator.animateLocked:688 com.android.server.wm.WindowAnimator.access$000:53 
07-03 20:31:42.583  1423  1518 I WindowManager:   SURFACE POS 0.0, 5.5823975: Window{a21eb2a u0 Starting com.miui.securitycore}
07-03 20:31:42.583  1423  1518 V WindowStateAnimator: prepareSurface: No changes in animation for WindowStateAnimator{7d0ceb8 Starting com.miui.securitycore}
07-03 20:31:42.584  1423  1518 I WindowAnimator: <<< CLOSE TRANSACTION animateLocked
07-03 20:31:42.599  1423  1518 I WindowAnimator: >>> OPEN TRANSACTION animateLocked
07-03 20:31:42.599   431   431 E AAAA    : setUpHWComposer: empty: hasOne  wasEmpty: notEmpty
07-03 20:31:42.599   431   431 E AAAA    : layer name Starting com.miui.securitycore
07-03 20:31:42.600  1423  1518 V WindowStateAnimator: performShow on WindowStateAnimator{c19f9f6 com.android.systemui.ImageWallpaper}: mDrawState=READY_TO_SHOW readyForDisplay=false starting=false during animation: policyVis=true attHidden=false tok.hiddenRequested=false tok.hidden=false animating=false tok animating=false Callers=com.android.server.wm.WindowAnimator.updateWindowsLocked:440 com.android.server.wm.WindowAnimator.animateLocked:688 com.android.server.wm.WindowAnimator.access$000:53 
07-03 20:31:42.600  1423  1518 I WindowManager:   SURFACE POS 0.0, 2.2844238: Window{a21eb2a u0 Starting com.miui.securitycore}
07-03 20:31:42.600  1423  1518 V WindowStateAnimator: prepareSurface: No changes in animation for WindowStateAnimator{7d0ceb8 Starting com.miui.securitycore}
07-03 20:31:42.601  1423  1518 I WindowAnimator: <<< CLOSE TRANSACTION animateLocked
07-03 20:31:42.616  1423  1518 I WindowAnimator: >>> OPEN TRANSACTION animateLocked
07-03 20:31:42.616   431   431 E AAAA    : setUpHWComposer: empty: hasOne  wasEmpty: notEmpty
07-03 20:31:42.616   431   431 E AAAA    : layer name Starting com.miui.securitycore
07-03 20:31:42.616  1423  1518 V WindowStateAnimator: performShow on WindowStateAnimator{c19f9f6 com.android.systemui.ImageWallpaper}: mDrawState=READY_TO_SHOW readyForDisplay=false starting=false during animation: policyVis=true attHidden=false tok.hiddenRequested=false tok.hidden=false animating=false tok animating=false Callers=com.android.server.wm.WindowAnimator.updateWindowsLocked:440 com.android.server.wm.WindowAnimator.animateLocked:688 com.android.server.wm.WindowAnimator.access$000:53 
07-03 20:31:42.617  1423  1518 I WindowManager:   SURFACE POS 0.0, 0.6977539: Window{a21eb2a u0 Starting com.miui.securitycore}
07-03 20:31:42.617  1423  1518 V WindowStateAnimator: prepareSurface: No changes in animation for WindowStateAnimator{7d0ceb8 Starting com.miui.securitycore}
07-03 20:31:42.620  1423  1518 I WindowAnimator: <<< CLOSE TRANSACTION animateLocked
07-03 20:31:42.632  1423  1518 I WindowAnimator: >>> OPEN TRANSACTION animateLocked
07-03 20:31:42.632   431   431 E AAAA    : setUpHWComposer: empty: hasOne  wasEmpty: notEmpty
07-03 20:31:42.632   431   431 E AAAA    : layer name Starting com.miui.securitycore
07-03 20:31:42.633  1423  1518 V WindowStateAnimator: performShow on WindowStateAnimator{c19f9f6 com.android.systemui.ImageWallpaper}: mDrawState=READY_TO_SHOW readyForDisplay=false starting=false during animation: policyVis=true attHidden=false tok.hiddenRequested=false tok.hidden=false animating=false tok animating=false Callers=com.android.server.wm.WindowAnimator.updateWindowsLocked:440 com.android.server.wm.WindowAnimator.animateLocked:688 com.android.server.wm.WindowAnimator.access$000:53 
07-03 20:31:42.633  1423  1518 I WindowManager:   SURFACE POS 0.0, 0.079589844: Window{a21eb2a u0 Starting com.miui.securitycore}
07-03 20:31:42.633  1423  1518 V WindowStateAnimator: prepareSurface: No changes in animation for WindowStateAnimator{7d0ceb8 Starting com.miui.securitycore}
07-03 20:31:42.634  1423  1518 I WindowAnimator: <<< CLOSE TRANSACTION animateLocked
07-03 20:31:42.649  1423  1518 I WindowAnimator: >>> OPEN TRANSACTION animateLocked
07-03 20:31:42.649   431   431 E AAAA    : setUpHWComposer: empty: hasOne  wasEmpty: notEmpty
07-03 20:31:42.649   431   431 E AAAA    : layer name Starting com.miui.securitycore
07-03 20:31:42.650  1423  1518 V WindowStateAnimator: performShow on WindowStateAnimator{c19f9f6 com.android.systemui.ImageWallpaper}: mDrawState=READY_TO_SHOW readyForDisplay=false starting=false during animation: policyVis=true attHidden=false tok.hiddenRequested=false tok.hidden=false animating=false tok animating=false Callers=com.android.server.wm.WindowAnimator.updateWindowsLocked:440 com.android.server.wm.WindowAnimator.animateLocked:688 com.android.server.wm.WindowAnimator.access$000:53 
07-03 20:31:42.650  1423  1518 I WindowManager:   SURFACE POS 0.0, 0.0: Window{a21eb2a u0 Starting com.miui.securitycore}
07-03 20:31:42.650  1423  1518 V WindowStateAnimator: prepareSurface: No changes in animation for WindowStateAnimator{7d0ceb8 Starting com.miui.securitycore}
07-03 20:31:42.651  1423  1518 I WindowAnimator: <<< CLOSE TRANSACTION animateLocked
07-03 20:31:42.666  1423  1518 I WindowAnimator: >>> OPEN TRANSACTION animateLocked
07-03 20:31:42.666  1423  1518 V AppWindowAnimator: Finished animation in AppWindowToken{6cd5e5d token=Token{8524034 ActivityRecord{36eb707 u11 com.miui.securitycore/com.miui.securityspace.ui.activity.GuideStartActivity t125}}} @ 152271
07-03 20:31:42.666  1423  1518 V AppWindowAnimator: Animation done in AppWindowToken{6cd5e5d token=Token{8524034 ActivityRecord{36eb707 u11 com.miui.securitycore/com.miui.securityspace.ui.activity.GuideStartActivity t125}}}: reportedVisible=false
07-03 20:31:42.666  1423  1518 V WindowStateAnimator: finishExit in WindowStateAnimator{7d0ceb8 Starting com.miui.securitycore}: exiting=false remove=false windowAnimating=false
07-03 20:31:42.666  1423  1518 V WindowManager: Update reported visibility: AppWindowToken{6cd5e5d token=Token{8524034 ActivityRecord{36eb707 u11 com.miui.securitycore/com.miui.securityspace.ui.activity.GuideStartActivity t125}}}
07-03 20:31:42.666  1423  1518 V WindowManager: VIS AppWindowToken{6cd5e5d token=Token{8524034 ActivityRecord{36eb707 u11 com.miui.securitycore/com.miui.securityspace.ui.activity.GuideStartActivity t125}}}: interesting=0 visible=0
07-03 20:31:42.666  1423  1518 V WindowAnimator: updateWindowsApps...: done animating AppWindowToken{6cd5e5d token=Token{8524034 ActivityRecord{36eb707 u11 com.miui.securitycore/com.miui.securityspace.ui.activity.GuideStartActivity t125}}}
07-03 20:31:42.667  1423  1518 V WindowStateAnimator: Animation done in WindowStateAnimator{7d0ceb8 Starting com.miui.securitycore}: exiting=false, reportedVisible=false
07-03 20:31:42.667  1423  1518 V WindowStateAnimator: finishExit in WindowStateAnimator{7d0ceb8 Starting com.miui.securitycore}: exiting=false remove=false windowAnimating=false
07-03 20:31:42.667  1423  1518 V WindowManager: Update reported visibility: AppWindowToken{6cd5e5d token=Token{8524034 ActivityRecord{36eb707 u11 com.miui.securitycore/com.miui.securityspace.ui.activity.GuideStartActivity t125}}}
07-03 20:31:42.667  1423  1518 V WindowManager: VIS AppWindowToken{6cd5e5d token=Token{8524034 ActivityRecord{36eb707 u11 com.miui.securitycore/com.miui.securityspace.ui.activity.GuideStartActivity t125}}}: interesting=0 visible=0
07-03 20:31:42.667  1423  1518 V WindowStateAnimator: performShow on WindowStateAnimator{c19f9f6 com.android.systemui.ImageWallpaper}: mDrawState=READY_TO_SHOW readyForDisplay=false starting=false during animation: policyVis=true attHidden=false tok.hiddenRequested=false tok.hidden=false animating=false tok animating=false Callers=com.android.server.wm.WindowAnimator.updateWindowsLocked:440 com.android.server.wm.WindowAnimator.animateLocked:688 com.android.server.wm.WindowAnimator.access$000:53 
07-03 20:31:42.668  1423  1518 I WindowManager:   SURFACE alpha=1.0 layer=21015 matrix=[1.0*1.0,0.0*1.0][0.0*1.0,1.0*1.0]: Window{a21eb2a u0 Starting com.miui.securitycore}
07-03 20:31:42.668   431   431 E AAAA    : setUpHWComposer: empty: hasOne  wasEmpty: notEmpty
07-03 20:31:42.668   431   431 E AAAA    : layer name Starting com.miui.securitycore
07-03 20:31:42.669  1423  1518 I WindowAnimator: <<< CLOSE TRANSACTION animateLocked
07-03 20:31:42.669  1423  1518 I WindowManager: >>> OPEN TRANSACTION performLayoutAndPlaceSurfaces
07-03 20:31:42.670  1423  1518 V WindowManager: Eval win Window{a21eb2a u0 Starting com.miui.securitycore}: isDrawn=true, isAnimating=false
07-03 20:31:42.670  1423  1518 I WindowStateAnimator: commitFinishDrawingLocked: mDrawState=READY_TO_SHOW Surface(name=com.android.systemui.ImageWallpaper)
07-03 20:31:42.670  1423  1518 V WindowStateAnimator: performShow on WindowStateAnimator{c19f9f6 com.android.systemui.ImageWallpaper}: mDrawState=READY_TO_SHOW readyForDisplay=false starting=false during animation: policyVis=true attHidden=false tok.hiddenRequested=false tok.hidden=false animating=false tok animating=false Callers=com.android.server.wm.WindowStateAnimator.commitFinishDrawingLocked:547 com.android.server.wm.WindowManagerService.performLayoutAndPlaceSurfacesLockedInner:10254 com.android.server.wm.WindowManagerService.performLayoutAndPlaceSurfacesLockedLoop:9131 
07-03 20:31:42.671  1423  1518 I WindowManager: <<< CLOSE TRANSACTION performLayoutAndPlaceSurfaces
07-03 20:31:42.672  1423  1518 I WindowManager: >>> OPEN TRANSACTION performLayoutAndPlaceSurfaces
07-03 20:31:42.673  1423  1518 V WindowManager: Eval win Window{a21eb2a u0 Starting com.miui.securitycore}: isDrawn=true, isAnimating=false
07-03 20:31:42.673  1423  1518 I WindowStateAnimator: commitFinishDrawingLocked: mDrawState=READY_TO_SHOW Surface(name=com.android.systemui.ImageWallpaper)
07-03 20:31:42.673  1423  1518 V WindowStateAnimator: performShow on WindowStateAnimator{c19f9f6 com.android.systemui.ImageWallpaper}: mDrawState=READY_TO_SHOW readyForDisplay=false starting=false during animation: policyVis=true attHidden=false tok.hiddenRequested=false tok.hidden=false animating=false tok animating=false Callers=com.android.server.wm.WindowStateAnimator.commitFinishDrawingLocked:547 com.android.server.wm.WindowManagerService.performLayoutAndPlaceSurfacesLockedInner:10254 com.android.server.wm.WindowManagerService.performLayoutAndPlaceSurfacesLockedLoop:9131 
07-03 20:31:42.674  1423  1518 I WindowManager: <<< CLOSE TRANSACTION performLayoutAndPlaceSurfaces
07-03 20:31:42.682  1423  1518 I WindowAnimator: >>> OPEN TRANSACTION animateLocked
07-03 20:31:42.683   431   431 E AAAA    : setUpHWComposer: empty: hasOne  wasEmpty: notEmpty
07-03 20:31:42.683   431   431 E AAAA    : layer name Starting com.miui.securitycore
07-03 20:31:42.683  1423  1518 V WindowStateAnimator: performShow on WindowStateAnimator{c19f9f6 com.android.systemui.ImageWallpaper}: mDrawState=READY_TO_SHOW readyForDisplay=false starting=false during animation: policyVis=true attHidden=false tok.hiddenRequested=false tok.hidden=false animating=false tok animating=false Callers=com.android.server.wm.WindowAnimator.updateWindowsLocked:440 com.android.server.wm.WindowAnimator.animateLocked:688 com.android.server.wm.WindowAnimator.access$000:53 
07-03 20:31:42.684  1423  1518 I WindowAnimator: <<< CLOSE TRANSACTION animateLocked
07-03 20:31:42.749   431   431 E AAAA    : setUpHWComposer: empty: hasOne  wasEmpty: notEmpty
07-03 20:31:42.776  1423  2126 V WindowManager: Done at AppWindowToken{6cd5e5d token=Token{8524034 ActivityRecord{36eb707 u11 com.miui.securitycore/com.miui.securityspace.ui.activity.GuideStartActivity t125}}} -- full screen, return 1
07-03 20:31:42.799  6401  6401 W HardwareRenderer: 	at android.view.WindowManagerGlobal.addView(WindowManagerGlobal.java:313)
07-03 20:31:42.799  6401  6401 W HardwareRenderer: 	at android.view.WindowManagerImpl.addView(WindowManagerImpl.java:86)
07-03 20:31:42.803  1423  2053 I WindowManager:   NEW SURFACE SESSION android.view.SurfaceSession@4013ff0
07-03 20:31:42.858  1423  2601 I WindowStateAnimator: createSurface WindowStateAnimator{1e25325 com.miui.securitycore/com.miui.securityspace.ui.activity.GuideStartActivity}: mDrawState=DRAW_PENDING
07-03 20:31:42.858  1423  2601 V WindowStateAnimator: Creating surface in session android.view.SurfaceSession@4013ff0 window WindowStateAnimator{1e25325 com.miui.securitycore/com.miui.securityspace.ui.activity.GuideStartActivity} w=1 h=1 x=0.0 y=0.0 format=-1 flags=4
07-03 20:31:42.860  1423  2601 I WindowStateAnimator:   CREATE SURFACE Surface(name=com.miui.securitycore/com.miui.securityspace.ui.activity.GuideStartActivity) IN SESSION android.view.SurfaceSession@4013ff0: pid=6401 format=-1 flags=0x404 / WindowStateAnimator{1e25325 com.miui.securitycore/com.miui.securityspace.ui.activity.GuideStartActivity}
07-03 20:31:42.860  1423  2601 I WindowStateAnimator: >>> OPEN TRANSACTION createSurfaceLocked
07-03 20:31:42.860  1423  2601 I WindowManager:   SURFACE CREATE pos=(0,0) (0x0), layer=21015 HIDE: Window{b173033 u11 com.miui.securitycore/com.miui.securityspace.ui.activity.GuideStartActivity}
07-03 20:31:42.861  1423  2601 I WindowStateAnimator: <<< CLOSE TRANSACTION createSurfaceLocked
07-03 20:31:42.861  1423  2601 I WindowManager:   OUT SURFACE Surface(name=null)/@0x650dcfa: copied
07-03 20:31:42.861  1423  2601 V WindowManager: Done at AppWindowToken{6cd5e5d token=Token{8524034 ActivityRecord{36eb707 u11 com.miui.securitycore/com.miui.securityspace.ui.activity.GuideStartActivity t125}}} -- full screen, return 1
07-03 20:31:42.862  1423  2601 I WindowManager: >>> OPEN TRANSACTION performLayoutAndPlaceSurfaces
07-03 20:31:42.862  1423  2601 V WindowManager: Eval win Window{a21eb2a u0 Starting com.miui.securitycore}: isDrawn=true, isAnimating=false
07-03 20:31:42.862  1423  2601 I WindowManager:   SURFACE SIZE 720x1280: Window{b173033 u11 com.miui.securitycore/com.miui.securityspace.ui.activity.GuideStartActivity}
07-03 20:31:42.862  1423  2601 I WindowManager:   SURFACE CROP [0,0][720,1280]: Window{b173033 u11 com.miui.securitycore/com.miui.securityspace.ui.activity.GuideStartActivity}
07-03 20:31:42.862  1423  2601 V WindowManager: Eval win Window{b173033 u11 com.miui.securitycore/com.miui.securityspace.ui.activity.GuideStartActivity}: isDrawn=false, isAnimating=false
07-03 20:31:42.862  1423  2601 V WindowManager: Not displayed: s=Surface(name=com.miui.securitycore/com.miui.securityspace.ui.activity.GuideStartActivity) pv=true mDrawState=DRAW_PENDING ah=false th=false a=false
07-03 20:31:42.863  1423  2601 V WindowManager: Resize reasons for w=Window{b173033 u11 com.miui.securitycore/com.miui.securityspace.ui.activity.GuideStartActivity}:  contentInsetsChanged=true [0,48][0,0] visibleInsetsChanged=false [0,0][0,0] stableInsetsChanged=true [0,48][0,0] outsetsChanged=false [0,0][0,0] surfaceResized=true configChanged=true
07-03 20:31:42.863  1423  2601 V WindowManager: Resizing window Window{b173033 u11 com.miui.securitycore/com.miui.securityspace.ui.activity.GuideStartActivity} to 720.0x1280.0
07-03 20:31:42.863  1423  2601 I WindowStateAnimator: commitFinishDrawingLocked: mDrawState=READY_TO_SHOW Surface(name=com.android.systemui.ImageWallpaper)
07-03 20:31:42.863  1423  2601 V WindowStateAnimator: performShow on WindowStateAnimator{c19f9f6 com.android.systemui.ImageWallpaper}: mDrawState=READY_TO_SHOW readyForDisplay=false starting=false during animation: policyVis=true attHidden=false tok.hiddenRequested=false tok.hidden=false animating=false tok animating=false Callers=com.android.server.wm.WindowStateAnimator.commitFinishDrawingLocked:547 com.android.server.wm.WindowManagerService.performLayoutAndPlaceSurfacesLockedInner:10254 com.android.server.wm.WindowManagerService.performLayoutAndPlaceSurfacesLockedLoop:9131 
07-03 20:31:42.867   431   431 E AAAA    : setUpHWComposer: empty: hasOne  wasEmpty: notEmpty
07-03 20:31:42.867   431   431 E AAAA    : layer name Starting com.miui.securitycore
07-03 20:31:42.884  1423  2601 I WindowManager: <<< CLOSE TRANSACTION performLayoutAndPlaceSurfaces
07-03 20:31:42.884   431   431 E AAAA    : setUpHWComposer: empty: hasOne  wasEmpty: notEmpty
07-03 20:31:42.884   431   431 E AAAA    : layer name Starting com.miui.securitycore
07-03 20:31:42.886  1423  2601 I WindowManager: >>> OPEN TRANSACTION performLayoutAndPlaceSurfaces
07-03 20:31:42.886  1423  2601 V WindowManager: Eval win Window{a21eb2a u0 Starting com.miui.securitycore}: isDrawn=true, isAnimating=false
07-03 20:31:42.887  1423  2601 V WindowManager: Eval win Window{b173033 u11 com.miui.securitycore/com.miui.securityspace.ui.activity.GuideStartActivity}: isDrawn=false, isAnimating=false
07-03 20:31:42.887  1423  2601 V WindowManager: Not displayed: s=Surface(name=com.miui.securitycore/com.miui.securityspace.ui.activity.GuideStartActivity) pv=true mDrawState=DRAW_PENDING ah=false th=false a=false
07-03 20:31:42.887  1423  2601 I WindowStateAnimator: commitFinishDrawingLocked: mDrawState=READY_TO_SHOW Surface(name=com.android.systemui.ImageWallpaper)
07-03 20:31:42.887  1423  2601 V WindowStateAnimator: performShow on WindowStateAnimator{c19f9f6 com.android.systemui.ImageWallpaper}: mDrawState=READY_TO_SHOW readyForDisplay=false starting=false during animation: policyVis=true attHidden=false tok.hiddenRequested=false tok.hidden=false animating=false tok animating=false Callers=com.android.server.wm.WindowStateAnimator.commitFinishDrawingLocked:547 com.android.server.wm.WindowManagerService.performLayoutAndPlaceSurfacesLockedInner:10254 com.android.server.wm.WindowManagerService.performLayoutAndPlaceSurfacesLockedLoop:9131 
07-03 20:31:42.888  1423  2601 I WindowManager: <<< CLOSE TRANSACTION performLayoutAndPlaceSurfaces
07-03 20:31:42.891  1423  2601 V WindowManager: Update reported visibility: AppWindowToken{6cd5e5d token=Token{8524034 ActivityRecord{36eb707 u11 com.miui.securitycore/com.miui.securityspace.ui.activity.GuideStartActivity t125}}}
07-03 20:31:42.891  1423  2601 V WindowManager: Win Window{b173033 u11 com.miui.securitycore/com.miui.securityspace.ui.activity.GuideStartActivity}: isDrawn=false, isAnimating=false
07-03 20:31:42.891  1423  2601 V WindowManager: Not displayed: s=Surface(name=com.miui.securitycore/com.miui.securityspace.ui.activity.GuideStartActivity) pv=true mDrawState=1 ah=false th=false a=false
07-03 20:31:42.891  1423  2601 V WindowManager: VIS AppWindowToken{6cd5e5d token=Token{8524034 ActivityRecord{36eb707 u11 com.miui.securitycore/com.miui.securityspace.ui.activity.GuideStartActivity t125}}}: interesting=1 visible=0
07-03 20:31:42.900  1423  1518 I WindowAnimator: >>> OPEN TRANSACTION animateLocked
07-03 20:31:42.901  1423  1518 V WindowStateAnimator: performShow on WindowStateAnimator{c19f9f6 com.android.systemui.ImageWallpaper}: mDrawState=READY_TO_SHOW readyForDisplay=false starting=false during animation: policyVis=true attHidden=false tok.hiddenRequested=false tok.hidden=false animating=false tok animating=false Callers=com.android.server.wm.WindowAnimator.updateWindowsLocked:440 com.android.server.wm.WindowAnimator.animateLocked:688 com.android.server.wm.WindowAnimator.access$000:53 
07-03 20:31:42.901  1423  1518 I WindowManager:   SURFACE alpha=1.0 layer=21015 matrix=[1.0*1.0,0.0*1.0][0.0*1.0,1.0*1.0]: Window{b173033 u11 com.miui.securitycore/com.miui.securityspace.ui.activity.GuideStartActivity}
07-03 20:31:42.901  1423  1518 I WindowManager:   SURFACE alpha=1.0 layer=21020 matrix=[1.0*1.0,0.0*1.0][0.0*1.0,1.0*1.0]: Window{a21eb2a u0 Starting com.miui.securitycore}
07-03 20:31:42.906  1423  1518 I WindowAnimator: <<< CLOSE TRANSACTION animateLocked
07-03 20:31:42.916   431   431 E AAAA    : setUpHWComposer: empty: hasOne  wasEmpty: notEmpty
07-03 20:31:42.918   431   431 E AAAA    : layer name Starting com.miui.securitycore
07-03 20:31:43.000   431   431 E AAAA    : setUpHWComposer: empty: hasOne  wasEmpty: notEmpty
07-03 20:31:43.011  1423  2434 I WindowManager: >>> OPEN TRANSACTION performLayoutAndPlaceSurfaces
07-03 20:31:43.012  1423  2434 V WindowManager: Eval win Window{a21eb2a u0 Starting com.miui.securitycore}: isDrawn=true, isAnimating=false
07-03 20:31:43.012  1423  2434 V WindowManager: Eval win Window{b173033 u11 com.miui.securitycore/com.miui.securityspace.ui.activity.GuideStartActivity}: isDrawn=false, isAnimating=false
07-03 20:31:43.012  1423  2434 V WindowManager: Not displayed: s=Surface(name=com.miui.securitycore/com.miui.securityspace.ui.activity.GuideStartActivity) pv=true mDrawState=DRAW_PENDING ah=false th=false a=false
07-03 20:31:43.012  1423  2434 I WindowStateAnimator: commitFinishDrawingLocked: mDrawState=READY_TO_SHOW Surface(name=com.android.systemui.ImageWallpaper)
07-03 20:31:43.013  1423  2434 V WindowStateAnimator: performShow on WindowStateAnimator{c19f9f6 com.android.systemui.ImageWallpaper}: mDrawState=READY_TO_SHOW readyForDisplay=false starting=false during animation: policyVis=true attHidden=false tok.hiddenRequested=false tok.hidden=false animating=false tok animating=false Callers=com.android.server.wm.WindowStateAnimator.commitFinishDrawingLocked:547 com.android.server.wm.WindowManagerService.performLayoutAndPlaceSurfacesLockedInner:10254 com.android.server.wm.WindowManagerService.performLayoutAndPlaceSurfacesLockedLoop:9131 
07-03 20:31:43.014  1423  2434 I WindowManager: <<< CLOSE TRANSACTION performLayoutAndPlaceSurfaces
07-03 20:31:43.018  1423  1518 I WindowAnimator: >>> OPEN TRANSACTION animateLocked
07-03 20:31:43.019  1423  1518 V WindowStateAnimator: performShow on WindowStateAnimator{c19f9f6 com.android.systemui.ImageWallpaper}: mDrawState=READY_TO_SHOW readyForDisplay=false starting=false during animation: policyVis=true attHidden=false tok.hiddenRequested=false tok.hidden=false animating=false tok animating=false Callers=com.android.server.wm.WindowAnimator.updateWindowsLocked:440 com.android.server.wm.WindowAnimator.animateLocked:688 com.android.server.wm.WindowAnimator.access$000:53 
07-03 20:31:43.019  1423  1518 I WindowManager:   SURFACE alpha=1.0 layer=21015 matrix=[1.0*1.0,0.0*1.0][0.0*1.0,1.0*1.0]: Window{b173033 u11 com.miui.securitycore/com.miui.securityspace.ui.activity.GuideStartActivity}
07-03 20:31:43.020  1423  1518 I WindowAnimator: <<< CLOSE TRANSACTION animateLocked
07-03 20:31:43.028  1423  2434 I WindowManager: Releasing surface in: Window{899b990 u0 RecentsPanel}
07-03 20:31:43.028  1423  2434 V WindowManager: Done at AppWindowToken{6cd5e5d token=Token{8524034 ActivityRecord{36eb707 u11 com.miui.securitycore/com.miui.securityspace.ui.activity.GuideStartActivity t125}}} -- full screen, return 1
07-03 20:31:43.028  1423  2434 I WindowManager: >>> OPEN TRANSACTION performLayoutAndPlaceSurfaces
07-03 20:31:43.028  1423  2434 V WindowManager: Eval win Window{a21eb2a u0 Starting com.miui.securitycore}: isDrawn=true, isAnimating=false
07-03 20:31:43.029  1423  2434 V WindowManager: Eval win Window{b173033 u11 com.miui.securitycore/com.miui.securityspace.ui.activity.GuideStartActivity}: isDrawn=false, isAnimating=false
07-03 20:31:43.029  1423  2434 V WindowManager: Not displayed: s=Surface(name=com.miui.securitycore/com.miui.securityspace.ui.activity.GuideStartActivity) pv=true mDrawState=DRAW_PENDING ah=false th=false a=false
07-03 20:31:43.029  1423  2434 I WindowStateAnimator: commitFinishDrawingLocked: mDrawState=READY_TO_SHOW Surface(name=com.android.systemui.ImageWallpaper)
07-03 20:31:43.030  1423  2434 V WindowStateAnimator: performShow on WindowStateAnimator{c19f9f6 com.android.systemui.ImageWallpaper}: mDrawState=READY_TO_SHOW readyForDisplay=false starting=false during animation: policyVis=true attHidden=false tok.hiddenRequested=false tok.hidden=false animating=false tok animating=false Callers=com.android.server.wm.WindowStateAnimator.commitFinishDrawingLocked:547 com.android.server.wm.WindowManagerService.performLayoutAndPlaceSurfacesLockedInner:10254 com.android.server.wm.WindowManagerService.performLayoutAndPlaceSurfacesLockedLoop:9131 
07-03 20:31:43.030  1423  2434 I WindowManager: <<< CLOSE TRANSACTION performLayoutAndPlaceSurfaces
07-03 20:31:43.039   431   431 E AAAA    : setUpHWComposer: empty: hasOne  wasEmpty: notEmpty
07-03 20:31:43.039  1423  1518 I WindowAnimator: >>> OPEN TRANSACTION animateLocked
07-03 20:31:43.043   431   431 E AAAA    : layer name Starting com.miui.securitycore
07-03 20:31:43.044  1423  1518 V WindowStateAnimator: performShow on WindowStateAnimator{c19f9f6 com.android.systemui.ImageWallpaper}: mDrawState=READY_TO_SHOW readyForDisplay=false starting=false during animation: policyVis=true attHidden=false tok.hiddenRequested=false tok.hidden=false animating=false tok animating=false Callers=com.android.server.wm.WindowAnimator.updateWindowsLocked:440 com.android.server.wm.WindowAnimator.animateLocked:688 com.android.server.wm.WindowAnimator.access$000:53 
07-03 20:31:43.046  1423  1518 I WindowManager:   SURFACE alpha=1.0 layer=21015 matrix=[1.0*1.0,0.0*1.0][0.0*1.0,1.0*1.0]: Window{b173033 u11 com.miui.securitycore/com.miui.securityspace.ui.activity.GuideStartActivity}
07-03 20:31:43.050  1423  1518 I WindowAnimator: <<< CLOSE TRANSACTION animateLocked
07-03 20:31:43.070   431   431 E AAAA    : setUpHWComposer: empty: hasOne  wasEmpty: notEmpty
07-03 20:31:43.070   431   431 E AAAA    : layer name Starting com.miui.securitycore
07-03 20:31:43.083   431   431 E AAAA    : setUpHWComposer: empty: hasOne  wasEmpty: notEmpty
07-03 20:31:43.143  1423  2719 V WindowStateAnimator: finishDrawingLocked: mDrawState=COMMIT_DRAW_PENDING WindowStateAnimator{1e25325 com.miui.securitycore/com.miui.securityspace.ui.activity.GuideStartActivity} in Surface(name=com.miui.securitycore/com.miui.securityspace.ui.activity.GuideStartActivity)
07-03 20:31:43.144  1423  1518 I WindowManager: >>> OPEN TRANSACTION performLayoutAndPlaceSurfaces
07-03 20:31:43.144  1423  1518 V WindowManager: Eval win Window{a21eb2a u0 Starting com.miui.securitycore}: isDrawn=true, isAnimating=false
07-03 20:31:43.144  1423  1518 I WindowStateAnimator: commitFinishDrawingLocked: mDrawState=READY_TO_SHOW Surface(name=com.miui.securitycore/com.miui.securityspace.ui.activity.GuideStartActivity)
07-03 20:31:43.144  1423  1518 V WindowManager: Eval win Window{b173033 u11 com.miui.securitycore/com.miui.securityspace.ui.activity.GuideStartActivity}: isDrawn=true, isAnimating=false
07-03 20:31:43.145  1423  1518 V WindowManager: tokenMayBeDrawn: AppWindowToken{6cd5e5d token=Token{8524034 ActivityRecord{36eb707 u11 com.miui.securitycore/com.miui.securityspace.ui.activity.GuideStartActivity t125}}} freezingScreen=false mAppFreezing=false
07-03 20:31:43.145  1423  1518 I WindowStateAnimator: commitFinishDrawingLocked: mDrawState=READY_TO_SHOW Surface(name=com.android.systemui.ImageWallpaper)
07-03 20:31:43.145  1423  1518 V WindowStateAnimator: performShow on WindowStateAnimator{c19f9f6 com.android.systemui.ImageWallpaper}: mDrawState=READY_TO_SHOW readyForDisplay=false starting=false during animation: policyVis=true attHidden=false tok.hiddenRequested=false tok.hidden=false animating=false tok animating=false Callers=com.android.server.wm.WindowStateAnimator.commitFinishDrawingLocked:547 com.android.server.wm.WindowManagerService.performLayoutAndPlaceSurfacesLockedInner:10254 com.android.server.wm.WindowManagerService.performLayoutAndPlaceSurfacesLockedLoop:9131 
07-03 20:31:43.145  1423  1518 V WindowManager: allDrawn: AppWindowToken{6cd5e5d token=Token{8524034 ActivityRecord{36eb707 u11 com.miui.securitycore/com.miui.securityspace.ui.activity.GuideStartActivity t125}}} interesting=1 drawn=1
07-03 20:31:43.146  1423  1518 I WindowManager: <<< CLOSE TRANSACTION performLayoutAndPlaceSurfaces
07-03 20:31:43.148  1423  1518 I WindowManager: >>> OPEN TRANSACTION performLayoutAndPlaceSurfaces
07-03 20:31:43.148  1423  1518 I WindowStateAnimator: commitFinishDrawingLocked: mDrawState=READY_TO_SHOW Surface(name=com.miui.securitycore/com.miui.securityspace.ui.activity.GuideStartActivity)
07-03 20:31:43.149  1423  1518 V WindowStateAnimator: performShow on WindowStateAnimator{1e25325 com.miui.securitycore/com.miui.securityspace.ui.activity.GuideStartActivity}: mDrawState=READY_TO_SHOW readyForDisplay=true starting=false during animation: policyVis=true attHidden=false tok.hiddenRequested=false tok.hidden=false animating=false tok animating=false Callers=com.android.server.wm.WindowStateAnimator.commitFinishDrawingLocked:547 com.android.server.wm.WindowManagerService.performLayoutAndPlaceSurfacesLockedInner:10254 com.android.server.wm.WindowManagerService.performLayoutAndPlaceSurfacesLockedLoop:9131 
07-03 20:31:43.149  1423  1518 I WindowManager:   SURFACE SHOW (performShowLocked): Window{b173033 u11 com.miui.securitycore/com.miui.securityspace.ui.activity.GuideStartActivity}
07-03 20:31:43.149  1423  1518 V WindowStateAnimator: Showing WindowStateAnimator{1e25325 com.miui.securitycore/com.miui.securityspace.ui.activity.GuideStartActivity} during animation: policyVis=true attHidden=false tok.hiddenRequested=false tok.hidden=false animating=false tok animating=false
07-03 20:31:43.150  1423  1518 V WindowStateAnimator: applyAnimation: win=WindowStateAnimator{1e25325 com.miui.securitycore/com.miui.securityspace.ui.activity.GuideStartActivity} anim=0 attr=0x0 a=null transit=1 isEntrance=true Callers com.android.server.wm.WindowStateAnimator.applyEnterAnimationLocked:1827 com.android.server.wm.WindowStateAnimator.performShowLocked:1732 com.android.server.wm.WindowStateAnimator.commitFinishDrawingLocked:547 
07-03 20:31:43.150  1423  1518 V WindowStateAnimator: performShowLocked: mDrawState=HAS_DRAWN in WindowStateAnimator{1e25325 com.miui.securitycore/com.miui.securityspace.ui.activity.GuideStartActivity}
07-03 20:31:43.150  1423  1518 V WindowStateAnimator: Finish starting AppWindowToken{6cd5e5d token=Token{8524034 ActivityRecord{36eb707 u11 com.miui.securitycore/com.miui.securityspace.ui.activity.GuideStartActivity t125}}}: first real window is shown, no animation
07-03 20:31:43.150  1423  1518 V WindowManager: Update reported visibility: AppWindowToken{6cd5e5d token=Token{8524034 ActivityRecord{36eb707 u11 com.miui.securitycore/com.miui.securityspace.ui.activity.GuideStartActivity t125}}}
07-03 20:31:43.150  1423  1518 V WindowManager: Win Window{b173033 u11 com.miui.securitycore/com.miui.securityspace.ui.activity.GuideStartActivity}: isDrawn=true, isAnimating=false
07-03 20:31:43.150  1423  1518 V WindowManager: VIS AppWindowToken{6cd5e5d token=Token{8524034 ActivityRecord{36eb707 u11 com.miui.securitycore/com.miui.securityspace.ui.activity.GuideStartActivity t125}}}: interesting=1 visible=1
07-03 20:31:43.150  1423  1518 V WindowManager: Visibility changed in AppWindowToken{6cd5e5d token=Token{8524034 ActivityRecord{36eb707 u11 com.miui.securitycore/com.miui.securityspace.ui.activity.GuideStartActivity t125}}}: vis=true
07-03 20:31:43.150  1423  1518 I WindowStateAnimator: commitFinishDrawingLocked: mDrawState=READY_TO_SHOW Surface(name=com.android.systemui.ImageWallpaper)
07-03 20:31:43.151  1423  1518 V WindowStateAnimator: performShow on WindowStateAnimator{c19f9f6 com.android.systemui.ImageWallpaper}: mDrawState=READY_TO_SHOW readyForDisplay=false starting=false during animation: policyVis=true attHidden=false tok.hiddenRequested=false tok.hidden=false animating=false tok animating=false Callers=com.android.server.wm.WindowStateAnimator.commitFinishDrawingLocked:547 com.android.server.wm.WindowManagerService.performLayoutAndPlaceSurfacesLockedInner:10254 com.android.server.wm.WindowManagerService.performLayoutAndPlaceSurfacesLockedLoop:9131 
07-03 20:31:43.151   431   431 E AAAA    : setUpHWComposer: empty: hasOne  wasEmpty: notEmpty
07-03 20:31:43.151   431   431 E AAAA    : layer name Starting com.miui.securitycore
07-03 20:31:43.152  1423  1518 I WindowManager: <<< CLOSE TRANSACTION performLayoutAndPlaceSurfaces
07-03 20:31:43.154  1423  1518 V WindowManager: Reporting drawn in AppWindowToken{6cd5e5d token=Token{8524034 ActivityRecord{36eb707 u11 com.miui.securitycore/com.miui.securityspace.ui.activity.GuideStartActivity t125}}}
07-03 20:31:43.158  1423  1518 I WindowAnimator: >>> OPEN TRANSACTION animateLocked
07-03 20:31:43.159  1423  1518 V WindowStateAnimator: performShow on WindowStateAnimator{c19f9f6 com.android.systemui.ImageWallpaper}: mDrawState=READY_TO_SHOW readyForDisplay=false starting=false during animation: policyVis=true attHidden=false tok.hiddenRequested=false tok.hidden=false animating=false tok animating=false Callers=com.android.server.wm.WindowAnimator.updateWindowsLocked:440 com.android.server.wm.WindowAnimator.animateLocked:688 com.android.server.wm.WindowAnimator.access$000:53 
07-03 20:31:43.159  1423  1518 I WindowManager:   SURFACE alpha=1.0 layer=21015 matrix=[1.0*1.0,0.0*1.0][0.0*1.0,1.0*1.0]: Window{b173033 u11 com.miui.securitycore/com.miui.securityspace.ui.activity.GuideStartActivity}
07-03 20:31:43.159  1423  1518 I WindowManager:   SURFACE SHOW (performLayout): Window{b173033 u11 com.miui.securitycore/com.miui.securityspace.ui.activity.GuideStartActivity}
07-03 20:31:43.159  1423  1518 V WindowStateAnimator: Showing Window{b173033 u11 com.miui.securitycore/com.miui.securityspace.ui.activity.GuideStartActivity} during relayout
07-03 20:31:43.160  1423  1518 V AppWindowAnimator: performing show on: WindowStateAnimator{7d0ceb8 Starting com.miui.securitycore}
07-03 20:31:43.160  1423  1518 V WindowStateAnimator: performShow on WindowStateAnimator{7d0ceb8 Starting com.miui.securitycore}: mDrawState=HAS_DRAWN readyForDisplay=true starting=true during animation: policyVis=true attHidden=false tok.hiddenRequested=false tok.hidden=false animating=false tok animating=false Callers=com.android.server.wm.AppWindowAnimator.showAllWindowsLocked:396 com.android.server.wm.WindowAnimator.testTokenMayBeDrawnLocked:629 com.android.server.wm.WindowAnimator.animateLocked:703 
07-03 20:31:43.161  1423  1518 I WindowAnimator: <<< CLOSE TRANSACTION animateLocked
07-03 20:31:43.161  1423  1518 V WindowManager: Reporting visible in AppWindowToken{6cd5e5d token=Token{8524034 ActivityRecord{36eb707 u11 com.miui.securitycore/com.miui.securityspace.ui.activity.GuideStartActivity t125}}} visible=true gone=false
07-03 20:31:43.167   431   431 E AAAA    : setUpHWComposer: empty: hasOne  wasEmpty: notEmpty
07-03 20:31:43.167   431   431 E AAAA    : layer name Starting com.miui.securitycore
07-03 20:31:43.168  1423  1518 V WindowStateAnimator: applyAnimation: win=WindowStateAnimator{7d0ceb8 Starting com.miui.securitycore} anim=17432593 attr=0xffffffff a=android.view.animation.AlphaAnimation@ff7576 transit=5 isEntrance=false Callers com.android.server.wm.WindowManagerService.removeWindowLocked:2788 com.android.server.wm.WindowManagerService.removeWindow:2742 com.android.server.wm.Session.remove:197 
07-03 20:31:43.168  1423  1518 V WindowStateAnimator: Loaded animation android.view.animation.AlphaAnimation@ff7576 for WindowStateAnimator{7d0ceb8 Starting com.miui.securitycore}
07-03 20:31:43.169  1423  1518 I WindowManager: >>> OPEN TRANSACTION performLayoutAndPlaceSurfaces
07-03 20:31:43.169  1423  1518 I WindowStateAnimator: commitFinishDrawingLocked: mDrawState=READY_TO_SHOW Surface(name=com.android.systemui.ImageWallpaper)
07-03 20:31:43.170  1423  1518 V WindowStateAnimator: performShow on WindowStateAnimator{c19f9f6 com.android.systemui.ImageWallpaper}: mDrawState=READY_TO_SHOW readyForDisplay=false starting=false during animation: policyVis=true attHidden=false tok.hiddenRequested=false tok.hidden=false animating=false tok animating=false Callers=com.android.server.wm.WindowStateAnimator.commitFinishDrawingLocked:547 com.android.server.wm.WindowManagerService.performLayoutAndPlaceSurfacesLockedInner:10254 com.android.server.wm.WindowManagerService.performLayoutAndPlaceSurfacesLockedLoop:9131 
07-03 20:31:43.170  1423  1518 I WindowManager: <<< CLOSE TRANSACTION performLayoutAndPlaceSurfaces
07-03 20:31:43.172  1423  1518 V WindowManager: Update reported visibility: AppWindowToken{6cd5e5d token=Token{8524034 ActivityRecord{36eb707 u11 com.miui.securitycore/com.miui.securityspace.ui.activity.GuideStartActivity t125}}}
07-03 20:31:43.172  1423  1518 V WindowManager: Win Window{b173033 u11 com.miui.securitycore/com.miui.securityspace.ui.activity.GuideStartActivity}: isDrawn=true, isAnimating=false
07-03 20:31:43.172  1423  1518 V WindowManager: VIS AppWindowToken{6cd5e5d token=Token{8524034 ActivityRecord{36eb707 u11 com.miui.securitycore/com.miui.securityspace.ui.activity.GuideStartActivity t125}}}: interesting=1 visible=1
07-03 20:31:43.174  1423  2601 V WindowManager: setAppVisibility(Token{3320d40 ActivityRecord{4a0a0c3 u11 com.miui.home/.launcher.Launcher t124}}, visible=false): mNextAppTransition=TRANSIT_UNSET hidden=true hiddenRequested=true Callers=com.android.server.am.ActivityStack.stopActivityLocked:2815 com.android.server.am.ActivityStackSupervisor.activityIdleInternalLocked:2823 com.android.server.am.ActivityManagerService.activityIdle:6723 android.app.ActivityManagerNative.onTransact:525 com.android.server.am.ActivityManagerService.onTransact:2652 android.os.Binder.execTransact:455 
07-03 20:31:43.174  1423  2601 V WindowManager: Update reported visibility: AppWindowToken{cabd6c token=Token{3320d40 ActivityRecord{4a0a0c3 u11 com.miui.home/.launcher.Launcher t124}}}
07-03 20:31:43.175  1423  2601 V WindowManager: VIS AppWindowToken{cabd6c token=Token{3320d40 ActivityRecord{4a0a0c3 u11 com.miui.home/.launcher.Launcher t124}}}: interesting=0 visible=0
07-03 20:31:43.185  1423  1518 I WindowAnimator: >>> OPEN TRANSACTION animateLocked
07-03 20:31:43.186  1423  1518 V WindowStateAnimator: Starting animation in WindowStateAnimator{7d0ceb8 Starting com.miui.securitycore} @ 152789: ww=720 wh=1280 dw=720 dh=1280 scale=1.0
07-03 20:31:43.186   431   431 E AAAA    : setUpHWComposer: empty: hasOne  wasEmpty: notEmpty
07-03 20:31:43.186  1423  1518 V WindowStateAnimator: performShow on WindowStateAnimator{c19f9f6 com.android.systemui.ImageWallpaper}: mDrawState=READY_TO_SHOW readyForDisplay=false starting=false during animation: policyVis=true attHidden=false tok.hiddenRequested=false tok.hidden=false animating=false tok animating=false Callers=com.android.server.wm.WindowAnimator.updateWindowsLocked:440 com.android.server.wm.WindowAnimator.animateLocked:688 com.android.server.wm.WindowAnimator.access$000:53 
07-03 20:31:43.187  1423  1518 V WindowStateAnimator: prepareSurface: No changes in animation for WindowStateAnimator{7d0ceb8 Starting com.miui.securitycore}
07-03 20:31:43.187  1423  1518 I WindowAnimator: <<< CLOSE TRANSACTION animateLocked
07-03 20:31:43.202  1423  1518 I WindowAnimator: >>> OPEN TRANSACTION animateLocked
07-03 20:31:43.202   431   431 E AAAA    : setUpHWComposer: empty: hasOne  wasEmpty: notEmpty
07-03 20:31:43.202   431   431 E AAAA    : layer name Starting com.miui.securitycore
07-03 20:31:43.203  1423  1518 V WindowStateAnimator: performShow on WindowStateAnimator{c19f9f6 com.android.systemui.ImageWallpaper}: mDrawState=READY_TO_SHOW readyForDisplay=false starting=false during animation: policyVis=true attHidden=false tok.hiddenRequested=false tok.hidden=false animating=false tok animating=false Callers=com.android.server.wm.WindowAnimator.updateWindowsLocked:440 com.android.server.wm.WindowAnimator.animateLocked:688 com.android.server.wm.WindowAnimator.access$000:53 
07-03 20:31:43.203  1423  1518 I WindowManager:   SURFACE alpha=0.7987891 layer=21020 matrix=[1.0*1.0,0.0*1.0][0.0*1.0,1.0*1.0]: Window{a21eb2a u0 Starting com.miui.securitycore EXITING}
07-03 20:31:43.204  1423  1518 I WindowAnimator: <<< CLOSE TRANSACTION animateLocked
07-03 20:31:43.217  1423  1518 I WindowAnimator: >>> OPEN TRANSACTION animateLocked
07-03 20:31:43.217   431   431 E AAAA    : setUpHWComposer: empty: more  wasEmpty: notEmpty
07-03 20:31:43.218  1423  1518 V WindowStateAnimator: performShow on WindowStateAnimator{c19f9f6 com.android.systemui.ImageWallpaper}: mDrawState=READY_TO_SHOW readyForDisplay=false starting=false during animation: policyVis=true attHidden=false tok.hiddenRequested=false tok.hidden=false animating=false tok animating=false Callers=com.android.server.wm.WindowAnimator.updateWindowsLocked:440 com.android.server.wm.WindowAnimator.animateLocked:688 com.android.server.wm.WindowAnimator.access$000:53 
07-03 20:31:43.218  1423  1518 I WindowManager:   SURFACE alpha=0.6201563 layer=21020 matrix=[1.0*1.0,0.0*1.0][0.0*1.0,1.0*1.0]: Window{a21eb2a u0 Starting com.miui.securitycore EXITING}
07-03 20:31:43.219  1423  1518 I WindowAnimator: <<< CLOSE TRANSACTION animateLocked
07-03 20:31:43.238  1423  1518 I WindowAnimator: >>> OPEN TRANSACTION animateLocked
07-03 20:31:43.238   431   431 E AAAA    : setUpHWComposer: empty: more  wasEmpty: notEmpty
07-03 20:31:43.238  1423  1518 V WindowStateAnimator: performShow on WindowStateAnimator{c19f9f6 com.android.systemui.ImageWallpaper}: mDrawState=READY_TO_SHOW readyForDisplay=false starting=false during animation: policyVis=true attHidden=false tok.hiddenRequested=false tok.hidden=false animating=false tok animating=false Callers=com.android.server.wm.WindowAnimator.updateWindowsLocked:440 com.android.server.wm.WindowAnimator.animateLocked:688 com.android.server.wm.WindowAnimator.access$000:53 
07-03 20:31:43.239  1423  1518 I WindowManager:   SURFACE alpha=0.47265625 layer=21020 matrix=[1.0*1.0,0.0*1.0][0.0*1.0,1.0*1.0]: Window{a21eb2a u0 Starting com.miui.securitycore EXITING}
07-03 20:31:43.240  1423  1518 I WindowAnimator: <<< CLOSE TRANSACTION animateLocked
07-03 20:31:43.251  1423  1518 I WindowAnimator: >>> OPEN TRANSACTION animateLocked
07-03 20:31:43.251   431   431 E AAAA    : setUpHWComposer: empty: more  wasEmpty: notEmpty
07-03 20:31:43.251  1423  1518 V WindowStateAnimator: performShow on WindowStateAnimator{c19f9f6 com.android.systemui.ImageWallpaper}: mDrawState=READY_TO_SHOW readyForDisplay=false starting=false during animation: policyVis=true attHidden=false tok.hiddenRequested=false tok.hidden=false animating=false tok animating=false Callers=com.android.server.wm.WindowAnimator.updateWindowsLocked:440 com.android.server.wm.WindowAnimator.animateLocked:688 com.android.server.wm.WindowAnimator.access$000:53 
07-03 20:31:43.252  1423  1518 I WindowManager:   SURFACE alpha=0.33785158 layer=21020 matrix=[1.0*1.0,0.0*1.0][0.0*1.0,1.0*1.0]: Window{a21eb2a u0 Starting com.miui.securitycore EXITING}
07-03 20:31:43.252  1423  1518 I WindowAnimator: <<< CLOSE TRANSACTION animateLocked
07-03 20:31:43.267  1423  1518 I WindowAnimator: >>> OPEN TRANSACTION animateLocked
07-03 20:31:43.267   431   431 E AAAA    : setUpHWComposer: empty: more  wasEmpty: notEmpty
07-03 20:31:43.268  1423  1518 V WindowStateAnimator: performShow on WindowStateAnimator{c19f9f6 com.android.systemui.ImageWallpaper}: mDrawState=READY_TO_SHOW readyForDisplay=false starting=false during animation: policyVis=true attHidden=false tok.hiddenRequested=false tok.hidden=false animating=false tok animating=false Callers=com.android.server.wm.WindowAnimator.updateWindowsLocked:440 com.android.server.wm.WindowAnimator.animateLocked:688 com.android.server.wm.WindowAnimator.access$000:53 
07-03 20:31:43.268  1423  1518 I WindowManager:   SURFACE alpha=0.22562504 layer=21020 matrix=[1.0*1.0,0.0*1.0][0.0*1.0,1.0*1.0]: Window{a21eb2a u0 Starting com.miui.securitycore EXITING}
07-03 20:31:43.272  1423  1518 I WindowAnimator: <<< CLOSE TRANSACTION animateLocked
07-03 20:31:43.283  1423  2626 I WindowStateAnimator: createSurface WindowStateAnimator{1072bd StatusBar}: mDrawState=DRAW_PENDING
07-03 20:31:43.283  1423  2626 V WindowStateAnimator: Creating surface in session android.view.SurfaceSession@b26eb52 window WindowStateAnimator{1072bd StatusBar} w=720 h=1 x=0.0 y=0.0 format=-3 flags=4
07-03 20:31:43.286   431   431 E AAAA    : setUpHWComposer: empty: more  wasEmpty: notEmpty
07-03 20:31:43.287  1423  2626 I WindowStateAnimator:   CREATE SURFACE Surface(name=StatusBar) IN SESSION android.view.SurfaceSession@b26eb52: pid=1865 format=-3 flags=0x4 / WindowStateAnimator{1072bd StatusBar}
07-03 20:31:43.287  1423  2626 I WindowStateAnimator: >>> OPEN TRANSACTION createSurfaceLocked
07-03 20:31:43.287  1423  2626 I WindowManager:   SURFACE CREATE pos=(0,0) (720x0), layer=161000 HIDE: Window{706af84 u0 StatusBar}
07-03 20:31:43.288  1423  2626 I WindowStateAnimator: <<< CLOSE TRANSACTION createSurfaceLocked
07-03 20:31:43.288  1423  2626 I WindowManager:   OUT SURFACE Surface(name=null)/@0x524a0b2: copied
07-03 20:31:43.288  1423  2626 V WindowManager: Done at AppWindowToken{6cd5e5d token=Token{8524034 ActivityRecord{36eb707 u11 com.miui.securitycore/com.miui.securityspace.ui.activity.GuideStartActivity t125}}} -- full screen, return 1
07-03 20:31:43.288  1423  2626 I WindowManager: >>> OPEN TRANSACTION performLayoutAndPlaceSurfaces
07-03 20:31:43.289  1423  2626 I WindowManager:   SURFACE SIZE 720x48: Window{706af84 u0 StatusBar}
07-03 20:31:43.289  1423  2626 I WindowManager:   SURFACE CROP [0,0][720,48]: Window{706af84 u0 StatusBar}
07-03 20:31:43.289  1423  2626 V WindowManager: Resize reasons for w=Window{706af84 u0 StatusBar}:  contentInsetsChanged=false [0,0][0,0] visibleInsetsChanged=false [0,0][0,0] stableInsetsChanged=false [0,0][0,0] outsetsChanged=false [0,0][0,0] surfaceResized=true configChanged=true
07-03 20:31:43.289  1423  2626 V WindowManager: Resizing window Window{706af84 u0 StatusBar} to 720.0x48.0
07-03 20:31:43.289  1423  2626 V WindowManager: Resize reasons for w=Window{b173033 u11 com.miui.securitycore/com.miui.securityspace.ui.activity.GuideStartActivity}:  contentInsetsChanged=false [0,48][0,0] visibleInsetsChanged=true [0,48][0,0] stableInsetsChanged=false [0,48][0,0] outsetsChanged=false [0,0][0,0] surfaceResized=false configChanged=false
07-03 20:31:43.289  1423  2626 V WindowManager: Resizing window Window{b173033 u11 com.miui.securitycore/com.miui.securityspace.ui.activity.GuideStartActivity} to 720.0x1280.0
07-03 20:31:43.290  1423  2626 I WindowStateAnimator: commitFinishDrawingLocked: mDrawState=READY_TO_SHOW Surface(name=com.android.systemui.ImageWallpaper)
07-03 20:31:43.290  1423  2626 V WindowStateAnimator: performShow on WindowStateAnimator{c19f9f6 com.android.systemui.ImageWallpaper}: mDrawState=READY_TO_SHOW readyForDisplay=false starting=false during animation: policyVis=true attHidden=false tok.hiddenRequested=false tok.hidden=false animating=false tok animating=false Callers=com.android.server.wm.WindowStateAnimator.commitFinishDrawingLocked:547 com.android.server.wm.WindowManagerService.performLayoutAndPlaceSurfacesLockedInner:10254 com.android.server.wm.WindowManagerService.performLayoutAndPlaceSurfacesLockedLoop:9131 
07-03 20:31:43.301   431   431 E AAAA    : setUpHWComposer: empty: more  wasEmpty: notEmpty
07-03 20:31:43.302  1423  2626 I WindowManager: <<< CLOSE TRANSACTION performLayoutAndPlaceSurfaces
07-03 20:31:43.304  1423  2626 I WindowManager: >>> OPEN TRANSACTION performLayoutAndPlaceSurfaces
07-03 20:31:43.305  1423  2626 I WindowStateAnimator: commitFinishDrawingLocked: mDrawState=READY_TO_SHOW Surface(name=com.android.systemui.ImageWallpaper)
07-03 20:31:43.305  1423  2626 V WindowStateAnimator: performShow on WindowStateAnimator{c19f9f6 com.android.systemui.ImageWallpaper}: mDrawState=READY_TO_SHOW readyForDisplay=false starting=false during animation: policyVis=true attHidden=false tok.hiddenRequested=false tok.hidden=false animating=false tok animating=false Callers=com.android.server.wm.WindowStateAnimator.commitFinishDrawingLocked:547 com.android.server.wm.WindowManagerService.performLayoutAndPlaceSurfacesLockedInner:10254 com.android.server.wm.WindowManagerService.performLayoutAndPlaceSurfacesLockedLoop:9131 
07-03 20:31:43.305  1423  2626 I WindowManager: <<< CLOSE TRANSACTION performLayoutAndPlaceSurfaces
07-03 20:31:43.307  1423  1518 I WindowAnimator: >>> OPEN TRANSACTION animateLocked
07-03 20:31:43.308  1423  1518 V WindowStateAnimator: performShow on WindowStateAnimator{c19f9f6 com.android.systemui.ImageWallpaper}: mDrawState=READY_TO_SHOW readyForDisplay=false starting=false during animation: policyVis=true attHidden=false tok.hiddenRequested=false tok.hidden=false animating=false tok animating=false Callers=com.android.server.wm.WindowAnimator.updateWindowsLocked:440 com.android.server.wm.WindowAnimator.animateLocked:688 com.android.server.wm.WindowAnimator.access$000:53 
07-03 20:31:43.308  1423  1518 I WindowManager:   SURFACE alpha=0.13597655 layer=21020 matrix=[1.0*1.0,0.0*1.0][0.0*1.0,1.0*1.0]: Window{a21eb2a u0 Starting com.miui.securitycore EXITING}
07-03 20:31:43.313  1423  1518 I WindowManager:   SURFACE alpha=1.0 layer=161000 matrix=[1.0*1.0,0.0*1.0][0.0*1.0,1.0*1.0]: Window{706af84 u0 StatusBar}
07-03 20:31:43.314  1423  1518 I WindowAnimator: <<< CLOSE TRANSACTION animateLocked
07-03 20:31:43.316  1423  1983 V WindowStateAnimator: applyAnimation: win=WindowStateAnimator{c19f9f6 com.android.systemui.ImageWallpaper} anim=0 attr=0x1 a=android.view.animation.AnimationSet@6d67db9 transit=2 isEntrance=false Callers com.android.server.wm.WindowManagerService.removeWindowLocked:2788 com.android.server.wm.WindowManagerService.removeWindow:2742 com.android.server.wm.Session.remove:197 
07-03 20:31:43.316  1423  1983 V WindowStateAnimator: Loaded animation android.view.animation.AnimationSet@6d67db9 for WindowStateAnimator{c19f9f6 com.android.systemui.ImageWallpaper}
07-03 20:31:43.316  1423  1983 I WindowManager: >>> OPEN TRANSACTION performLayoutAndPlaceSurfaces
