07-02 21:20:07.595  1458  1520 I WindowAnimator: >>> OPEN TRANSACTION animateLocked
07-02 21:20:07.595  1458  1520 I WindowManager:   SURFACE POS 0.0, -1.0165102: Window{f81f8f7 u0 StatusBar}
07-02 21:20:07.595  1458  1520 V WindowStateAnimator: prepareSurface: No changes in animation for WindowStateAnimator{6267735 StatusBar}
07-02 21:20:07.596  1458  1520 I WindowManager:   SURFACE alpha=1.0 layer=231000 matrix=[1.0*1.0,0.0*1.0][0.0*1.0,1.0*1.0]: Window{304fd06 u0 android}
07-02 21:20:07.596  1458  1520 I WindowAnimator: <<< CLOSE TRANSACTION animateLocked
07-02 21:20:07.612  1458  1520 I WindowAnimator: >>> OPEN TRANSACTION animateLocked
07-02 21:20:07.613  1458  1520 I WindowManager:   SURFACE POS 0.0, -1.7777779: Window{f81f8f7 u0 StatusBar}
07-02 21:20:07.613  1458  1520 V WindowStateAnimator: prepareSurface: No changes in animation for WindowStateAnimator{6267735 StatusBar}
07-02 21:20:07.614  1458  1520 I WindowManager:   SURFACE alpha=1.0 layer=231000 matrix=[1.0*1.0,0.0*1.0][0.0*1.0,1.0*1.0]: Window{304fd06 u0 android}
07-02 21:20:07.616  1458  1520 I WindowAnimator: <<< CLOSE TRANSACTION animateLocked
07-02 21:20:07.629  1458  1520 I WindowAnimator: >>> OPEN TRANSACTION animateLocked
07-02 21:20:07.630  1458  1520 I WindowManager:   SURFACE POS 0.0, -2.8473117: Window{f81f8f7 u0 StatusBar}
07-02 21:20:07.633  1458  1520 V WindowStateAnimator: prepareSurface: No changes in animation for WindowStateAnimator{6267735 StatusBar}
07-02 21:20:07.633  1458  1520 I WindowManager:   SURFACE alpha=1.0 layer=231000 matrix=[1.0*1.0,0.0*1.0][0.0*1.0,1.0*1.0]: Window{304fd06 u0 android}
07-02 21:20:07.639  1458  1520 I WindowAnimator: <<< CLOSE TRANSACTION animateLocked
07-02 21:20:07.656  1458  1520 I WindowAnimator: >>> OPEN TRANSACTION animateLocked
07-02 21:20:07.659  1458  1520 I WindowManager:   SURFACE POS 0.0, -4.1824656: Window{f81f8f7 u0 StatusBar}
07-02 21:20:07.660  1458  1520 V WindowStateAnimator: prepareSurface: No changes in animation for WindowStateAnimator{6267735 StatusBar}
07-02 21:20:07.662  1458  1520 I WindowManager:   SURFACE alpha=1.0 layer=231000 matrix=[1.0*1.0,0.0*1.0][0.0*1.0,1.0*1.0]: Window{304fd06 u0 android}
07-02 21:20:07.662  1458  1520 I WindowAnimator: <<< CLOSE TRANSACTION animateLocked
07-02 21:20:07.678  1458  1520 I WindowAnimator: >>> OPEN TRANSACTION animateLocked
07-02 21:20:07.678  1458  1520 I WindowManager:   SURFACE POS 0.0, -8.279934: Window{f81f8f7 u0 StatusBar}
07-02 21:20:07.679  1458  1520 V WindowStateAnimator: prepareSurface: No changes in animation for WindowStateAnimator{6267735 StatusBar}
07-02 21:20:07.679  1458  1520 I WindowManager:   SURFACE alpha=1.0 layer=231000 matrix=[1.0*1.0,0.0*1.0][0.0*1.0,1.0*1.0]: Window{304fd06 u0 android}
07-02 21:20:07.679  1458  1520 I WindowAnimator: <<< CLOSE TRANSACTION animateLocked
07-02 21:20:07.695  1458  1520 I WindowAnimator: >>> OPEN TRANSACTION animateLocked
07-02 21:20:07.695  1458  1520 I WindowManager:   SURFACE POS 0.0, -11.074675: Window{f81f8f7 u0 StatusBar}
07-02 21:20:07.695  1458  1520 V WindowStateAnimator: prepareSurface: No changes in animation for WindowStateAnimator{6267735 StatusBar}
07-02 21:20:07.696  1458  1520 I WindowManager:   SURFACE alpha=1.0 layer=231000 matrix=[1.0*1.0,0.0*1.0][0.0*1.0,1.0*1.0]: Window{304fd06 u0 android}
07-02 21:20:07.696  1458  1520 I WindowAnimator: <<< CLOSE TRANSACTION animateLocked
07-02 21:20:07.711  1458  1520 I WindowAnimator: >>> OPEN TRANSACTION animateLocked
07-02 21:20:07.712  1458  1520 I WindowManager:   SURFACE POS 0.0, -14.222223: Window{f81f8f7 u0 StatusBar}
07-02 21:20:07.712  1458  1520 V WindowStateAnimator: prepareSurface: No changes in animation for WindowStateAnimator{6267735 StatusBar}
07-02 21:20:07.712  1458  1520 I WindowManager:   SURFACE alpha=1.0 layer=231000 matrix=[1.0*1.0,0.0*1.0][0.0*1.0,1.0*1.0]: Window{304fd06 u0 android}
07-02 21:20:07.714  1458  1520 I WindowAnimator: <<< CLOSE TRANSACTION animateLocked
07-02 21:20:07.728  1458  1520 I WindowAnimator: >>> OPEN TRANSACTION animateLocked
07-02 21:20:07.729  1458  1520 I WindowManager:   SURFACE POS 0.0, -18.165892: Window{f81f8f7 u0 StatusBar}
07-02 21:20:07.729  1458  1520 V WindowStateAnimator: prepareSurface: No changes in animation for WindowStateAnimator{6267735 StatusBar}
07-02 21:20:07.729  1458  1520 I WindowManager:   SURFACE alpha=1.0 layer=231000 matrix=[1.0*1.0,0.0*1.0][0.0*1.0,1.0*1.0]: Window{304fd06 u0 android}
07-02 21:20:07.730  1458  1520 I WindowAnimator: <<< CLOSE TRANSACTION animateLocked
07-02 21:20:07.745  1458  1520 I WindowAnimator: >>> OPEN TRANSACTION animateLocked
07-02 21:20:07.745  1458  1520 I WindowManager:   SURFACE POS 0.0, -22.778494: Window{f81f8f7 u0 StatusBar}
07-02 21:20:07.745  1458  1520 V WindowStateAnimator: prepareSurface: No changes in animation for WindowStateAnimator{6267735 StatusBar}
07-02 21:20:07.746  1458  1520 I WindowManager:   SURFACE alpha=1.0 layer=231000 matrix=[1.0*1.0,0.0*1.0][0.0*1.0,1.0*1.0]: Window{304fd06 u0 android}
07-02 21:20:07.747  1458  1520 I WindowAnimator: <<< CLOSE TRANSACTION animateLocked
07-02 21:20:07.762  1458  1520 I WindowAnimator: >>> OPEN TRANSACTION animateLocked
07-02 21:20:07.762  1458  1520 I WindowManager:   SURFACE POS 0.0, -27.777775: Window{f81f8f7 u0 StatusBar}
07-02 21:20:07.763  1458  1520 V WindowStateAnimator: prepareSurface: No changes in animation for WindowStateAnimator{6267735 StatusBar}
07-02 21:20:07.763  1458  1520 I WindowManager:   SURFACE alpha=1.0 layer=231000 matrix=[1.0*1.0,0.0*1.0][0.0*1.0,1.0*1.0]: Window{304fd06 u0 android}
07-02 21:20:07.763  1458  1520 I WindowAnimator: <<< CLOSE TRANSACTION animateLocked
07-02 21:20:07.779  1458  1520 I WindowAnimator: >>> OPEN TRANSACTION animateLocked
07-02 21:20:07.779  1458  1520 I WindowManager:   SURFACE POS 0.0, -33.838512: Window{f81f8f7 u0 StatusBar}
07-02 21:20:07.780  1458  1520 V WindowStateAnimator: prepareSurface: No changes in animation for WindowStateAnimator{6267735 StatusBar}
07-02 21:20:07.780  1458  1520 I WindowManager:   SURFACE alpha=1.0 layer=231000 matrix=[1.0*1.0,0.0*1.0][0.0*1.0,1.0*1.0]: Window{304fd06 u0 android}
07-02 21:20:07.781  1458  1520 I WindowAnimator: <<< CLOSE TRANSACTION animateLocked
07-02 21:20:07.795  1458  1520 I WindowAnimator: >>> OPEN TRANSACTION animateLocked
07-02 21:20:07.797  1458  1520 I WindowManager:   SURFACE POS 0.0, -40.722317: Window{f81f8f7 u0 StatusBar}
07-02 21:20:07.797  1458  1520 V WindowStateAnimator: prepareSurface: No changes in animation for WindowStateAnimator{6267735 StatusBar}
07-02 21:20:07.797  1458  1520 I WindowManager:   SURFACE alpha=1.0 layer=231000 matrix=[1.0*1.0,0.0*1.0][0.0*1.0,1.0*1.0]: Window{304fd06 u0 android}
07-02 21:20:07.803  1458  1520 I WindowAnimator: <<< CLOSE TRANSACTION animateLocked
07-02 21:20:07.803  1458  1493 V WindowStateAnimator: finishDrawingLocked: mDrawState=COMMIT_DRAW_PENDING WindowStateAnimator{74c290 } in Surface(name=)
07-02 21:20:07.804  1458  1520 I WindowManager: >>> OPEN TRANSACTION performLayoutAndPlaceSurfaces
07-02 21:20:07.804  1458  1520 I WindowStateAnimator: commitFinishDrawingLocked: mDrawState=READY_TO_SHOW Surface(name=)
07-02 21:20:07.804  1458  1520 V WindowStateAnimator: performShow on WindowStateAnimator{74c290 }: mDrawState=READY_TO_SHOW readyForDisplay=true starting=false during animation: policyVis=true attHidden=false tok.hiddenRequested=false tok.hidden=false animating=false tok animating=false Callers=com.android.server.wm.WindowStateAnimator.commitFinishDrawingLocked:547 com.android.server.wm.WindowManagerService.performLayoutAndPlaceSurfacesLockedInner:10254 com.android.server.wm.WindowManagerService.performLayoutAndPlaceSurfacesLockedLoop:9131 
07-02 21:20:07.805  1458  1520 I WindowManager:   SURFACE SHOW (performShowLocked): Window{304fd06 u0 android}
07-02 21:20:07.805  1458  1520 V WindowStateAnimator: Showing WindowStateAnimator{74c290 } during animation: policyVis=true attHidden=false tok.hiddenRequested=false tok.hidden=false animating=false tok animating=false
07-02 21:20:07.807  1458  1520 V WindowStateAnimator: applyAnimation: win=WindowStateAnimator{74c290 } anim=0 attr=0x0 a=android.view.animation.AnimationSet@115841c transit=1 isEntrance=true Callers com.android.server.wm.WindowStateAnimator.applyEnterAnimationLocked:1827 com.android.server.wm.WindowStateAnimator.performShowLocked:1732 com.android.server.wm.WindowStateAnimator.commitFinishDrawingLocked:547 
07-02 21:20:07.808  1458  1520 V WindowStateAnimator: Loaded animation android.view.animation.AnimationSet@115841c for WindowStateAnimator{74c290 }
07-02 21:20:07.808  1458  1520 V WindowStateAnimator: performShowLocked: mDrawState=HAS_DRAWN in WindowStateAnimator{74c290 }
07-02 21:20:07.810  1458  1520 I WindowManager: <<< CLOSE TRANSACTION performLayoutAndPlaceSurfaces
07-02 21:20:07.812  1458  1520 I WindowAnimator: >>> OPEN TRANSACTION animateLocked
07-02 21:20:07.812  1458  1520 V WindowStateAnimator: Starting animation in WindowStateAnimator{74c290 } @ 59603: ww=720 wh=1280 dw=720 dh=1280 scale=1.0
07-02 21:20:07.813  1458  1520 I WindowManager:   SURFACE POS 0.0, -48.0: Window{f81f8f7 u0 StatusBar}
07-02 21:20:07.813  1458  1520 V WindowStateAnimator: prepareSurface: No changes in animation for WindowStateAnimator{6267735 StatusBar}
07-02 21:20:07.814  1458  1520 I WindowManager:   SURFACE POS 36.000008, 64.000015: Window{304fd06 u0 android}
07-02 21:20:07.814  1458  1520 I WindowManager:   SURFACE alpha=0.0 layer=231000 matrix=[0.9*1.0,0.0*1.0][0.0*1.0,0.9*1.0]: Window{304fd06 u0 android}
07-02 21:20:07.814  1458  1520 I WindowManager:   SURFACE SHOW (performLayout): Window{304fd06 u0 android}
07-02 21:20:07.814  1458  1520 V WindowStateAnimator: Showing Window{304fd06 u0 android} during relayout
07-02 21:20:07.815  1458  1520 I WindowAnimator: <<< CLOSE TRANSACTION animateLocked
07-02 21:20:07.815  1458  1520 I WindowManager: >>> OPEN TRANSACTION performLayoutAndPlaceSurfaces
07-02 21:20:07.816  1458  1520 I WindowManager: <<< CLOSE TRANSACTION performLayoutAndPlaceSurfaces
07-02 21:20:07.828  1458  1520 I WindowAnimator: >>> OPEN TRANSACTION animateLocked
07-02 21:20:07.829  1458  1520 V WindowStateAnimator: Finished animation in WindowStateAnimator{6267735 StatusBar} @ 59619
07-02 21:20:07.829  1458  1520 V WindowStateAnimator: Animation done in WindowStateAnimator{6267735 StatusBar}: exiting=false, reportedVisible=false
07-02 21:20:07.829  1458  1520 V WindowStateAnimator: Policy visibility changing after anim in WindowStateAnimator{6267735 StatusBar}: false
07-02 21:20:07.829  1458  1520 V WindowStateAnimator: finishExit in WindowStateAnimator{6267735 StatusBar}: exiting=false remove=false windowAnimating=false
07-02 21:20:07.830  1458  1520 I WindowManager:   SURFACE POS 0.0, 0.0: Window{f81f8f7 u0 StatusBar}
07-02 21:20:07.830  1458  1520 I WindowManager:   SURFACE HIDE (performLayout): Window{f81f8f7 u0 StatusBar}
07-02 21:20:07.830  1458  1520 I WindowManager:   SURFACE POS 24.679714, 43.875046: Window{304fd06 u0 android}
07-02 21:20:07.830  1458  1520 I WindowManager:   SURFACE alpha=0.28708035 layer=231000 matrix=[0.93144524*1.0,0.0*1.0][0.0*1.0,0.93144524*1.0]: Window{304fd06 u0 android}
07-02 21:20:07.831  1458  1520 I WindowAnimator: <<< CLOSE TRANSACTION animateLocked
07-02 21:20:07.831  1458  1520 I WindowManager: >>> OPEN TRANSACTION performLayoutAndPlaceSurfaces
07-02 21:20:07.832  1458  1520 V WindowManager: Resize reasons for w=Window{304fd06 u0 android}:  contentInsetsChanged=false [0,48][0,0] visibleInsetsChanged=true [0,0][0,0] stableInsetsChanged=false [0,48][0,0] outsetsChanged=false [0,0][0,0] surfaceResized=false configChanged=false
07-02 21:20:07.832  1458  1520 V WindowManager: Resizing window Window{304fd06 u0 android} to 720.0x1280.0
07-02 21:20:07.832  1458  1520 V WindowManager: Resize reasons for w=Window{ee5f1c5 u0 com.miui.securitycore/com.miui.securityspace.ui.activity.PrivateSpaceMainActivity}:  contentInsetsChanged=false [0,48][0,0] visibleInsetsChanged=true [0,0][0,0] stableInsetsChanged=false [0,48][0,0] outsetsChanged=false [0,0][0,0] surfaceResized=false configChanged=false
07-02 21:20:07.832  1458  1520 V WindowManager: Resizing window Window{ee5f1c5 u0 com.miui.securitycore/com.miui.securityspace.ui.activity.PrivateSpaceMainActivity} to 720.0x1280.0
07-02 21:20:07.833  1458  1520 I WindowManager: <<< CLOSE TRANSACTION performLayoutAndPlaceSurfaces
07-02 21:20:07.845  1458  1520 I WindowAnimator: >>> OPEN TRANSACTION animateLocked
07-02 21:20:07.846  1458  1520 I WindowManager:   SURFACE POS 15.973392, 28.39714: Window{304fd06 u0 android}
07-02 21:20:07.846  1458  1520 I WindowManager:   SURFACE alpha=0.525448 layer=231000 matrix=[0.95562947*1.0,0.0*1.0][0.0*1.0,0.95562947*1.0]: Window{304fd06 u0 android}
07-02 21:20:07.847  1458  1520 I WindowAnimator: <<< CLOSE TRANSACTION animateLocked
07-02 21:20:07.862  1458  1520 I WindowAnimator: >>> OPEN TRANSACTION animateLocked
07-02 21:20:07.862  1458  1520 I WindowManager:   SURFACE POS 9.91823, 17.632408: Window{304fd06 u0 android}
07-02 21:20:07.862  1458  1520 I WindowManager:   SURFACE alpha=0.70370376 layer=231000 matrix=[0.97244936*1.0,0.0*1.0][0.0*1.0,0.97244936*1.0]: Window{304fd06 u0 android}
07-02 21:20:07.863  1458  1520 I WindowAnimator: <<< CLOSE TRANSACTION animateLocked
07-02 21:20:07.881  1458  1520 I WindowAnimator: >>> OPEN TRANSACTION animateLocked
07-02 21:20:07.883  1458  1520 I WindowManager:   SURFACE POS 6.050527, 10.756493: Window{304fd06 u0 android}
07-02 21:20:07.883  1458  1520 I WindowManager:   SURFACE alpha=0.824384 layer=231000 matrix=[0.983193*1.0,0.0*1.0][0.0*1.0,0.983193*1.0]: Window{304fd06 u0 android}
07-02 21:20:07.885  1458  1520 I WindowAnimator: <<< CLOSE TRANSACTION animateLocked
07-02 21:20:07.895  1458  1520 I WindowAnimator: >>> OPEN TRANSACTION animateLocked
07-02 21:20:07.896  1458  1520 I WindowManager:   SURFACE POS 3.3712578, 5.993347: Window{304fd06 u0 android}
07-02 21:20:07.896  1458  1520 I WindowManager:   SURFACE alpha=0.91088504 layer=231000 matrix=[0.9906354*1.0,0.0*1.0][0.0*1.0,0.9906354*1.0]: Window{304fd06 u0 android}
07-02 21:20:07.897  1458  1520 I WindowAnimator: <<< CLOSE TRANSACTION animateLocked
07-02 21:20:07.912  1458  1520 I WindowAnimator: >>> OPEN TRANSACTION animateLocked
07-02 21:20:07.912  1458  1520 I WindowManager:   SURFACE POS 1.7381787, 3.0900955: Window{304fd06 u0 android}
07-02 21:20:07.912  1458  1520 I WindowManager:   SURFACE alpha=0.962963 layer=231000 matrix=[0.9951717*1.0,0.0*1.0][0.0*1.0,0.9951717*1.0]: Window{304fd06 u0 android}
07-02 21:20:07.914  1458  1520 I WindowAnimator: <<< CLOSE TRANSACTION animateLocked
07-02 21:20:07.928  1458  1520 I WindowAnimator: >>> OPEN TRANSACTION animateLocked
07-02 21:20:07.929  1458  1520 I WindowManager:   SURFACE POS 0.8097911, 1.4396286: Window{304fd06 u0 android}
07-02 21:20:07.929  1458  1520 I WindowManager:   SURFACE alpha=0.989352 layer=231000 matrix=[0.9977506*1.0,0.0*1.0][0.0*1.0,0.9977506*1.0]: Window{304fd06 u0 android}
07-02 21:20:07.930  1458  1520 I WindowAnimator: <<< CLOSE TRANSACTION animateLocked
07-02 21:20:07.945  1458  1520 I WindowAnimator: >>> OPEN TRANSACTION animateLocked
07-02 21:20:07.946  1458  1520 I WindowManager:   SURFACE POS 0.3481722, 0.6189728: Window{304fd06 u0 android}
07-02 21:20:07.946  1458  1520 I WindowManager:   SURFACE alpha=0.9985443 layer=231000 matrix=[0.99903286*1.0,0.0*1.0][0.0*1.0,0.99903286*1.0]: Window{304fd06 u0 android}
07-02 21:20:07.946  1458  1520 I WindowAnimator: <<< CLOSE TRANSACTION animateLocked
07-02 21:20:07.963  1458  1520 I WindowAnimator: >>> OPEN TRANSACTION animateLocked
07-02 21:20:07.963  1458  1520 I WindowManager:   SURFACE POS 0.117394924, 0.20870209: Window{304fd06 u0 android}
07-02 21:20:07.963  1458  1520 I WindowManager:   SURFACE alpha=1.0 layer=231000 matrix=[0.9996739*1.0,0.0*1.0][0.0*1.0,0.9996739*1.0]: Window{304fd06 u0 android}
07-02 21:20:07.964  1458  1520 I WindowAnimator: <<< CLOSE TRANSACTION animateLocked
07-02 21:20:07.980  1458  1520 I WindowAnimator: >>> OPEN TRANSACTION animateLocked
07-02 21:20:07.981  1458  1520 I WindowManager:   SURFACE POS 0.029203892, 0.05191803: Window{304fd06 u0 android}
07-02 21:20:07.981  1458  1520 I WindowManager:   SURFACE alpha=1.0 layer=231000 matrix=[0.9999189*1.0,0.0*1.0][0.0*1.0,0.9999189*1.0]: Window{304fd06 u0 android}
07-02 21:20:07.981  1458  1520 I WindowAnimator: <<< CLOSE TRANSACTION animateLocked
07-02 21:20:07.995  1458  1520 I WindowAnimator: >>> OPEN TRANSACTION animateLocked
07-02 21:20:07.996  1458  1520 I WindowManager:   SURFACE POS 0.004849434, 0.008621216: Window{304fd06 u0 android}
07-02 21:20:07.996  1458  1520 I WindowManager:   SURFACE alpha=1.0 layer=231000 matrix=[0.9999865*1.0,0.0*1.0][0.0*1.0,0.9999865*1.0]: Window{304fd06 u0 android}
07-02 21:20:07.997  1458  1520 I WindowAnimator: <<< CLOSE TRANSACTION animateLocked
07-02 21:20:08.012  1458  1520 I WindowAnimator: >>> OPEN TRANSACTION animateLocked
07-02 21:20:08.012  1458  1520 I WindowManager:   SURFACE POS 2.1457672E-4, 3.8146973E-4: Window{304fd06 u0 android}
07-02 21:20:08.012  1458  1520 I WindowManager:   SURFACE alpha=1.0 layer=231000 matrix=[0.9999994*1.0,0.0*1.0][0.0*1.0,0.9999994*1.0]: Window{304fd06 u0 android}
07-02 21:20:08.019  1458  1520 I WindowAnimator: <<< CLOSE TRANSACTION animateLocked
07-02 21:20:08.029  1458  1520 I WindowAnimator: >>> OPEN TRANSACTION animateLocked
07-02 21:20:08.029  1458  1520 I WindowManager:   SURFACE POS 0.0, 0.0: Window{304fd06 u0 android}
07-02 21:20:08.029  1458  1520 I WindowManager:   SURFACE alpha=1.0 layer=231000 matrix=[1.0*1.0,0.0*1.0][0.0*1.0,1.0*1.0]: Window{304fd06 u0 android}
07-02 21:20:08.030  1458  1520 I WindowAnimator: <<< CLOSE TRANSACTION animateLocked
07-02 21:20:08.045  1458  1520 I WindowAnimator: >>> OPEN TRANSACTION animateLocked
07-02 21:20:08.046  1458  1520 V WindowStateAnimator: prepareSurface: No changes in animation for WindowStateAnimator{74c290 }
07-02 21:20:08.047  1458  1520 I WindowAnimator: <<< CLOSE TRANSACTION animateLocked
07-02 21:20:08.062  1458  1520 I WindowAnimator: >>> OPEN TRANSACTION animateLocked
07-02 21:20:08.062  1458  1520 V WindowStateAnimator: Finished animation in WindowStateAnimator{74c290 } @ 59853
07-02 21:20:08.062  1458  1520 V WindowStateAnimator: Animation done in WindowStateAnimator{74c290 }: exiting=false, reportedVisible=false
07-02 21:20:08.063  1458  1520 V WindowStateAnimator: finishExit in WindowStateAnimator{74c290 }: exiting=false remove=false windowAnimating=false
07-02 21:20:08.063  1458  1493 E AAAA    : start user in foreground
07-02 21:20:08.065  1458  1520 I WindowAnimator: <<< CLOSE TRANSACTION animateLocked
07-02 21:20:08.066  1458  1493 E AAAA    : startFreezingScreen
07-02 21:20:08.066  1458  1493 E AAAA    : java.lang.Throwable
07-02 21:20:08.066  1458  1493 E AAAA    : 	at com.android.server.wm.WindowManagerService.startFreezingDisplayLocked(WindowManagerService.java:10997)
07-02 21:20:08.066  1458  1493 E AAAA    : 	at com.android.server.wm.WindowManagerService.startFreezingScreen(WindowManagerService.java:5429)
07-02 21:20:08.066  1458  1493 E AAAA    : 	at com.android.server.am.ActivityManagerService.startUser(ActivityManagerService.java:21039)
07-02 21:20:08.066  1458  1493 E AAAA    : 	at com.android.server.am.ActivityManagerService.startUserInForeground(ActivityManagerService.java:20921)
07-02 21:20:08.066  1458  1493 E AAAA    : 	at com.android.server.am.UserSwitchingDialogInjector.startUserInForeground(UserSwitchingDialogInjector.java:36)
07-02 21:20:08.066  1458  1493 E AAAA    : 	at com.android.server.am.BaseUserSwitchingDialog.startUser(BaseUserSwitchingDialog.java:57)
07-02 21:20:08.066  1458  1493 E AAAA    : 	at com.android.server.am.UserSwitchingDialogInjector$1.onWindowShown(UserSwitchingDialogInjector.java:19)
07-02 21:20:08.066  1458  1493 E AAAA    : 	at android.view.ViewTreeObserver.dispatchOnWindowShown(ViewTreeObserver.java:966)
07-02 21:20:08.066  1458  1493 E AAAA    : 	at android.view.ViewRootImpl.handleDispatchWindowShown(ViewRootImpl.java:5408)
07-02 21:20:08.066  1458  1493 E AAAA    : 	at android.view.ViewRootImpl$ViewRootHandler.handleMessage(ViewRootImpl.java:3526)
07-02 21:20:08.066  1458  1493 E AAAA    : 	at android.os.Handler.dispatchMessage(Handler.java:102)
07-02 21:20:08.066  1458  1493 E AAAA    : 	at android.os.Looper.loop(Looper.java:157)
07-02 21:20:08.066  1458  1493 E AAAA    : 	at android.os.HandlerThread.run(HandlerThread.java:61)
07-02 21:20:08.066  1458  1493 E AAAA    : 	at com.android.server.ServiceThread.run(ServiceThread.java:46)
07-02 21:20:08.067  1458  1493 I WindowManager: >>> OPEN TRANSACTION ScreenRotationAnimation
07-02 21:20:08.081  1458  1493 I WindowManager:   FREEZE Surface(name=ScreenshotSurface): CREATE
07-02 21:20:08.082  1458  1493 I WindowManager: <<< CLOSE TRANSACTION ScreenRotationAnimation
07-02 21:20:08.082  1458  1520 I WindowManager: >>> OPEN TRANSACTION performLayoutAndPlaceSurfaces
07-02 21:20:08.084  1458  1520 I WindowManager: <<< CLOSE TRANSACTION performLayoutAndPlaceSurfaces
07-02 21:20:08.084  1458  1520 V WindowManager: With display frozen, orientationChangeComplete=true
07-02 21:20:08.084  1458  1520 D WindowManager: stopFreezingDisplayLocked: Returning mWaitingForConfig=false, mAppsFreezingScreen=0, mWindowsFreezingScreen=0, mClientFreezingScreen=true, mOpeningApps.size()=0
07-02 21:20:08.101  1458  1493 W WindowManager: user changing, hiding Window{db8c3fe u0 com.android.systemui.ImageWallpaper}, attrs=2013, belonging to 1000
07-02 21:20:08.102  1458  1493 W WindowManager: user changing, hiding Window{3096410 u0 com.miui.home/com.miui.home.launcher.Launcher}, attrs=1, belonging to 10021
07-02 21:20:08.103  1458  1493 W WindowManager: user changing, hiding Window{7d758f3 u0 com.android.settings/com.android.settings.MainSettings}, attrs=1, belonging to 1000
07-02 21:20:08.103  1458  1493 W WindowManager: user changing, hiding Window{ee5f1c5 u0 com.miui.securitycore/com.miui.securityspace.ui.activity.PrivateSpaceMainActivity}, attrs=1, belonging to 1000
07-02 21:20:08.103  1458  1493 W WindowManager: user changing, hiding Window{31e16b4 u0 AssistPreviewPanel}, attrs=2033, belonging to 1000
07-02 21:20:08.103  1458  1493 I WindowManager: >>> OPEN TRANSACTION performLayoutAndPlaceSurfaces
07-02 21:20:08.104  1458  1493 I WindowManager: <<< CLOSE TRANSACTION performLayoutAndPlaceSurfaces
07-02 21:20:08.104  1458  1493 V WindowManager: With display frozen, orientationChangeComplete=true
07-02 21:20:08.104  1458  1493 D WindowManager: stopFreezingDisplayLocked: Returning mWaitingForConfig=false, mAppsFreezingScreen=0, mWindowsFreezingScreen=0, mClientFreezingScreen=true, mOpeningApps.size()=0
07-02 21:20:08.106  1458  1520 I WindowAnimator: >>> OPEN TRANSACTION animateLocked
07-02 21:20:08.107  1458  1520 I WindowManager:   SURFACE HIDE (performLayout): Window{ee5f1c5 u0 com.miui.securitycore/com.miui.securityspace.ui.activity.PrivateSpaceMainActivity}
07-02 21:20:08.108  1458  1520 I WindowAnimator: <<< CLOSE TRANSACTION animateLocked
07-02 21:20:08.108  1458  1493 E AAAA    : set user initializing == true
07-02 21:20:08.108  1458  1493 E AAAA    : java.lang.Throwable
07-02 21:20:08.108  1458  1493 E AAAA    : 	at com.android.server.am.ActivityManagerService.startUser(ActivityManagerService.java:21163)
07-02 21:20:08.108  1458  1493 E AAAA    : 	at com.android.server.am.ActivityManagerService.startUserInForeground(ActivityManagerService.java:20921)
07-02 21:20:08.108  1458  1493 E AAAA    : 	at com.android.server.am.UserSwitchingDialogInjector.startUserInForeground(UserSwitchingDialogInjector.java:36)
07-02 21:20:08.108  1458  1493 E AAAA    : 	at com.android.server.am.BaseUserSwitchingDialog.startUser(BaseUserSwitchingDialog.java:57)
07-02 21:20:08.108  1458  1493 E AAAA    : 	at com.android.server.am.UserSwitchingDialogInjector$1.onWindowShown(UserSwitchingDialogInjector.java:19)
07-02 21:20:08.108  1458  1493 E AAAA    : 	at android.view.ViewTreeObserver.dispatchOnWindowShown(ViewTreeObserver.java:966)
07-02 21:20:08.108  1458  1493 E AAAA    : 	at android.view.ViewRootImpl.handleDispatchWindowShown(ViewRootImpl.java:5408)
07-02 21:20:08.108  1458  1493 E AAAA    : 	at android.view.ViewRootImpl$ViewRootHandler.handleMessage(ViewRootImpl.java:3526)
07-02 21:20:08.108  1458  1493 E AAAA    : 	at android.os.Handler.dispatchMessage(Handler.java:102)
07-02 21:20:08.108  1458  1493 E AAAA    : 	at android.os.Looper.loop(Looper.java:157)
07-02 21:20:08.108  1458  1493 E AAAA    : 	at android.os.HandlerThread.run(HandlerThread.java:61)
07-02 21:20:08.108  1458  1493 E AAAA    : 	at com.android.server.ServiceThread.run(ServiceThread.java:46)
07-02 21:20:08.112  1458  1493 W WindowStateAnimator: Window WindowStateAnimator{74c290 } destroying surface Surface(name=), session Session{aa7885d 1458:1000}
07-02 21:20:08.113  1458  1493 I WindowManager:   SURFACE DESTROY: Window{304fd06 u0 android}
07-02 21:20:08.121  1458  1493 I WindowManager: >>> OPEN TRANSACTION performLayoutAndPlaceSurfaces
07-02 21:20:08.122  1458  1493 I WindowManager: <<< CLOSE TRANSACTION performLayoutAndPlaceSurfaces
07-02 21:20:08.122  1458  1493 V WindowManager: With display frozen, orientationChangeComplete=true
07-02 21:20:08.122  1458  1493 D WindowManager: stopFreezingDisplayLocked: Returning mWaitingForConfig=false, mAppsFreezingScreen=0, mWindowsFreezingScreen=0, mClientFreezingScreen=true, mOpeningApps.size()=0
07-02 21:20:08.125  1458  1493 E AAAA    : dialog dismiss
07-02 21:20:08.132  1458  1520 I WindowAnimator: >>> OPEN TRANSACTION animateLocked
07-02 21:20:08.134  1458  1520 I WindowAnimator: <<< CLOSE TRANSACTION animateLocked
07-02 21:20:08.241  1458  1492 E AAAA    : set user switching == true
07-02 21:20:08.241  1458  1492 E AAAA    : java.lang.Throwable
07-02 21:20:08.241  1458  1492 E AAAA    : 	at com.android.server.am.ActivityManagerService.dispatchUserSwitch(ActivityManagerService.java:21289)
07-02 21:20:08.241  1458  1492 E AAAA    : 	at com.android.server.am.ActivityManagerService$MainHandler.handleMessage(ActivityManagerService.java:1947)
07-02 21:20:08.241  1458  1492 E AAAA    : 	at android.os.Handler.dispatchMessage(Handler.java:102)
07-02 21:20:08.241  1458  1492 E AAAA    : 	at android.os.Looper.loop(Looper.java:157)
07-02 21:20:08.241  1458  1492 E AAAA    : 	at android.os.HandlerThread.run(HandlerThread.java:61)
07-02 21:20:08.241  1458  1492 E AAAA    : 	at com.android.server.ServiceThread.run(ServiceThread.java:46)
07-02 21:20:08.621  1458  1953 W WindowStateAnimator: Window WindowStateAnimator{d4745ac com.android.systemui.ImageWallpaper} destroying surface Surface(name=com.android.systemui.ImageWallpaper), session Session{42e016a 1867:1000}
07-02 21:20:08.621  1458  1953 I WindowManager:   SURFACE DESTROY: Window{db8c3fe u0 com.android.systemui.ImageWallpaper}
07-02 21:20:08.623  1458  1953 I WindowManager: >>> OPEN TRANSACTION performLayoutAndPlaceSurfaces
07-02 21:20:08.624  1458  1953 V WindowManager: Resize reasons for w=Window{ee5f1c5 u0 com.miui.securitycore/com.miui.securityspace.ui.activity.PrivateSpaceMainActivity}:  contentInsetsChanged=false [0,48][0,0] visibleInsetsChanged=true [0,48][0,0] stableInsetsChanged=false [0,48][0,0] outsetsChanged=false [0,0][0,0] surfaceResized=false configChanged=false
07-02 21:20:08.624  1458  1953 V WindowManager: Changing surface while display frozen: Window{ee5f1c5 u0 com.miui.securitycore/com.miui.securityspace.ui.activity.PrivateSpaceMainActivity}
07-02 21:20:08.624  1458  1953 V WindowManager: Orientation start waiting for draw mDrawState=DRAW_PENDING in Window{ee5f1c5 u0 com.miui.securitycore/com.miui.securityspace.ui.activity.PrivateSpaceMainActivity}, surface Surface(name=com.miui.securitycore/com.miui.securityspace.ui.activity.PrivateSpaceMainActivity)
07-02 21:20:08.624  1458  1953 V WindowManager: Resizing window Window{ee5f1c5 u0 com.miui.securitycore/com.miui.securityspace.ui.activity.PrivateSpaceMainActivity} to 720.0x1280.0
07-02 21:20:08.625  1458  1953 I WindowManager: <<< CLOSE TRANSACTION performLayoutAndPlaceSurfaces
07-02 21:20:08.626  1458  1953 V WindowManager: With display frozen, orientationChangeComplete=false
07-02 21:20:08.646  1458  1493 V WindowManager: updateRotationUnchecked(alwaysSendConfiguration=false)
07-02 21:20:08.646  1458  1493 V WindowManager: Application requested orientation 1, got rotation 0 which has compatible metrics
07-02 21:20:08.646  1458  1493 I WindowManager: >>> OPEN TRANSACTION performLayoutAndPlaceSurfaces
07-02 21:20:08.646  1458  1493 V WindowManager: Eval win Window{ee5f1c5 u0 com.miui.securitycore/com.miui.securityspace.ui.activity.PrivateSpaceMainActivity}: isDrawn=false, isAnimating=false
07-02 21:20:08.646  1458  1493 V WindowManager: Not displayed: s=Surface(name=com.miui.securitycore/com.miui.securityspace.ui.activity.PrivateSpaceMainActivity) pv=false mDrawState=DRAW_PENDING ah=false th=false a=false
07-02 21:20:08.647  1458  1493 I WindowManager: <<< CLOSE TRANSACTION performLayoutAndPlaceSurfaces
07-02 21:20:08.647  1458  1493 V WindowManager: With display frozen, orientationChangeComplete=false
07-02 21:20:08.667  1458  3005 V WindowStateAnimator: finishDrawingLocked: mDrawState=COMMIT_DRAW_PENDING WindowStateAnimator{c46c24b com.miui.securitycore/com.miui.securityspace.ui.activity.PrivateSpaceMainActivity} in Surface(name=com.miui.securitycore/com.miui.securityspace.ui.activity.PrivateSpaceMainActivity)
07-02 21:20:08.667  1458  1520 I WindowAnimator: >>> OPEN TRANSACTION animateLocked
07-02 21:20:08.667  1458  1520 V WindowStateAnimator: Orientation change skips hidden Window{ee5f1c5 u0 com.miui.securitycore/com.miui.securityspace.ui.activity.PrivateSpaceMainActivity}
07-02 21:20:08.668  1458  1520 I WindowManager:   SURFACE alpha=1.0 layer=161000 matrix=[1.0*1.0,0.0*1.0][0.0*1.0,1.0*1.0]: Window{f81f8f7 u0 StatusBar}
07-02 21:20:08.668  1458  1520 I WindowManager:   SURFACE SHOW (performLayout): Window{f81f8f7 u0 StatusBar}
07-02 21:20:08.668  1458  1520 V WindowStateAnimator: Showing Window{f81f8f7 u0 StatusBar} during relayout
07-02 21:20:08.669  1458  1520 I WindowAnimator: <<< CLOSE TRANSACTION animateLocked
07-02 21:20:08.669  1458  1520 I WindowManager: >>> OPEN TRANSACTION performLayoutAndPlaceSurfaces
07-02 21:20:08.669  1458  1520 I WindowStateAnimator: commitFinishDrawingLocked: mDrawState=READY_TO_SHOW Surface(name=com.miui.securitycore/com.miui.securityspace.ui.activity.PrivateSpaceMainActivity)
07-02 21:20:08.670  1458  1520 V WindowManager: Eval win Window{ee5f1c5 u0 com.miui.securitycore/com.miui.securityspace.ui.activity.PrivateSpaceMainActivity}: isDrawn=true, isAnimating=false
07-02 21:20:08.670  1458  1520 V WindowManager: tokenMayBeDrawn: AppWindowToken{cfc5826 token=Token{8674f81 ActivityRecord{56e6f68 u0 com.miui.securitycore/com.miui.securityspace.ui.activity.PrivateSpaceMainActivity t96}}} freezingScreen=false mAppFreezing=false
07-02 21:20:08.670  1458  1520 V WindowManager: allDrawn: AppWindowToken{cfc5826 token=Token{8674f81 ActivityRecord{56e6f68 u0 com.miui.securitycore/com.miui.securityspace.ui.activity.PrivateSpaceMainActivity t96}}} interesting=1 drawn=1
07-02 21:20:08.670  1458  1520 I WindowManager: <<< CLOSE TRANSACTION performLayoutAndPlaceSurfaces
07-02 21:20:08.670  1458  1520 V WindowManager: With display frozen, orientationChangeComplete=true
07-02 21:20:08.671  1458  1520 D WindowManager: stopFreezingDisplayLocked: Returning mWaitingForConfig=false, mAppsFreezingScreen=0, mWindowsFreezingScreen=0, mClientFreezingScreen=true, mOpeningApps.size()=0
07-02 21:20:08.672  1458  1520 I WindowManager: >>> OPEN TRANSACTION performLayoutAndPlaceSurfaces
07-02 21:20:08.672  1458  1520 I WindowStateAnimator: commitFinishDrawingLocked: mDrawState=READY_TO_SHOW Surface(name=com.miui.securitycore/com.miui.securityspace.ui.activity.PrivateSpaceMainActivity)
07-02 21:20:08.672  1458  1520 W WindowStateAnimator: hiding Window{ee5f1c5 u0 com.miui.securitycore/com.miui.securityspace.ui.activity.PrivateSpaceMainActivity}, belonging to 1000
07-02 21:20:08.673  1458  1520 I WindowManager: <<< CLOSE TRANSACTION performLayoutAndPlaceSurfaces
07-02 21:20:08.673  1458  1520 V WindowManager: With display frozen, orientationChangeComplete=true
07-02 21:20:08.673  1458  1520 D WindowManager: stopFreezingDisplayLocked: Returning mWaitingForConfig=false, mAppsFreezingScreen=0, mWindowsFreezingScreen=0, mClientFreezingScreen=true, mOpeningApps.size()=0
07-02 21:20:08.703  1458  1520 I WindowAnimator: >>> OPEN TRANSACTION animateLocked
07-02 21:20:08.703  1458  1520 V AppWindowAnimator: performing show on: WindowStateAnimator{b5a43dc Starting com.miui.securitycore}
07-02 21:20:08.704  1458  1520 V WindowStateAnimator: performShow on WindowStateAnimator{b5a43dc Starting com.miui.securitycore}: mDrawState=NO_SURFACE readyForDisplay=false starting=true during animation: policyVis=true attHidden=false tok.hiddenRequested=false tok.hidden=false animating=false tok animating=false Callers=com.android.server.wm.AppWindowAnimator.showAllWindowsLocked:396 com.android.server.wm.WindowAnimator.testTokenMayBeDrawnLocked:629 com.android.server.wm.WindowAnimator.animateLocked:703 
07-02 21:20:08.704  1458  1520 I WindowAnimator: <<< CLOSE TRANSACTION animateLocked
07-02 21:20:08.705  1458  1520 I WindowManager: >>> OPEN TRANSACTION performLayoutAndPlaceSurfaces
07-02 21:20:08.705  1458  1520 I WindowStateAnimator: commitFinishDrawingLocked: mDrawState=READY_TO_SHOW Surface(name=com.miui.securitycore/com.miui.securityspace.ui.activity.PrivateSpaceMainActivity)
07-02 21:20:08.705  1458  1520 W WindowStateAnimator: hiding Window{ee5f1c5 u0 com.miui.securitycore/com.miui.securityspace.ui.activity.PrivateSpaceMainActivity}, belonging to 1000
07-02 21:20:08.706  1458  1520 I WindowManager: <<< CLOSE TRANSACTION performLayoutAndPlaceSurfaces
07-02 21:20:08.706  1458  1520 V WindowManager: With display frozen, orientationChangeComplete=true
07-02 21:20:08.706  1458  1520 D WindowManager: stopFreezingDisplayLocked: Returning mWaitingForConfig=false, mAppsFreezingScreen=0, mWindowsFreezingScreen=0, mClientFreezingScreen=true, mOpeningApps.size()=0
07-02 21:20:08.714  1458  1520 I WindowAnimator: >>> OPEN TRANSACTION animateLocked
07-02 21:20:08.721  1458  1520 I WindowAnimator: <<< CLOSE TRANSACTION animateLocked
07-02 21:20:10.110  1458  1492 E AAAA    : sendContinueUserSwitchLocked
07-02 21:20:10.110  1458  1492 E AAAA    : java.lang.Throwable
07-02 21:20:10.110  1458  1492 E AAAA    : 	at com.android.server.am.ActivityManagerService.sendContinueUserSwitchLocked(ActivityManagerService.java:21319)
07-02 21:20:10.110  1458  1492 E AAAA    : 	at com.android.server.am.ActivityManagerService.timeoutUserSwitch(ActivityManagerService.java:21310)
07-02 21:20:10.110  1458  1492 E AAAA    : 	at com.android.server.am.ActivityManagerService$MainHandler.handleMessage(ActivityManagerService.java:1955)
07-02 21:20:10.110  1458  1492 E AAAA    : 	at android.os.Handler.dispatchMessage(Handler.java:102)
07-02 21:20:10.110  1458  1492 E AAAA    : 	at android.os.Looper.loop(Looper.java:157)
07-02 21:20:10.110  1458  1492 E AAAA    : 	at android.os.HandlerThread.run(HandlerThread.java:61)
07-02 21:20:10.110  1458  1492 E AAAA    : 	at com.android.server.ServiceThread.run(ServiceThread.java:46)
07-02 21:20:10.116  1458  1492 E AAAA    : completeSwitchAndInitialize
07-02 21:20:10.116  1458  1492 E AAAA    : java.lang.Throwable
07-02 21:20:10.116  1458  1492 E AAAA    : 	at com.android.server.am.ActivityManagerService.completeSwitchAndInitialize(ActivityManagerService.java:21352)
07-02 21:20:10.116  1458  1492 E AAAA    : 	at com.android.server.am.ActivityManagerService.continueUserSwitch(ActivityManagerService.java:21346)
07-02 21:20:10.116  1458  1492 E AAAA    : 	at com.android.server.am.ActivityManagerService$MainHandler.handleMessage(ActivityManagerService.java:1951)
07-02 21:20:10.116  1458  1492 E AAAA    : 	at android.os.Handler.dispatchMessage(Handler.java:102)
07-02 21:20:10.116  1458  1492 E AAAA    : 	at android.os.Looper.loop(Looper.java:157)
07-02 21:20:10.116  1458  1492 E AAAA    : 	at android.os.HandlerThread.run(HandlerThread.java:61)
07-02 21:20:10.116  1458  1492 E AAAA    : 	at com.android.server.ServiceThread.run(ServiceThread.java:46)
07-02 21:20:10.117  1458  1492 E AAAA    : set user switching == false
07-02 21:20:10.117  1458  1492 E AAAA    : java.lang.Throwable
07-02 21:20:10.117  1458  1492 E AAAA    : 	at com.android.server.am.ActivityManagerService.completeSwitchAndInitialize(ActivityManagerService.java:21361)
07-02 21:20:10.117  1458  1492 E AAAA    : 	at com.android.server.am.ActivityManagerService.continueUserSwitch(ActivityManagerService.java:21346)
07-02 21:20:10.117  1458  1492 E AAAA    : 	at com.android.server.am.ActivityManagerService$MainHandler.handleMessage(ActivityManagerService.java:1951)
07-02 21:20:10.117  1458  1492 E AAAA    : 	at android.os.Handler.dispatchMessage(Handler.java:102)
07-02 21:20:10.117  1458  1492 E AAAA    : 	at android.os.Looper.loop(Looper.java:157)
07-02 21:20:10.117  1458  1492 E AAAA    : 	at android.os.HandlerThread.run(HandlerThread.java:61)
07-02 21:20:10.117  1458  1492 E AAAA    : 	at com.android.server.ServiceThread.run(ServiceThread.java:46)
07-02 21:20:10.241  1458  2125 I WindowManager:   NEW SURFACE SESSION android.view.SurfaceSession@a0e1887
07-02 21:20:10.242  1458  2125 V WindowManager: Done at AppWindowToken{cfc5826 token=Token{8674f81 ActivityRecord{56e6f68 u0 com.miui.securitycore/com.miui.securityspace.ui.activity.PrivateSpaceMainActivity t96}}} -- full screen, return 1
07-02 21:20:10.249  1458  2673 I WindowStateAnimator: createSurface WindowStateAnimator{2e3c3b4 com.android.systemui.ImageWallpaper}: mDrawState=DRAW_PENDING
07-02 21:20:10.249  1458  2673 V WindowManager: Changing surface while display frozen: Window{1a40c6 u10 com.android.systemui.ImageWallpaper}
07-02 21:20:10.249  1458  2673 V WindowStateAnimator: Creating surface in session android.view.SurfaceSession@a0e1887 window WindowStateAnimator{2e3c3b4 com.android.systemui.ImageWallpaper} w=1 h=1 x=0.0 y=0.0 format=2 flags=4
07-02 21:20:10.254  1458  2673 I WindowStateAnimator:   CREATE SURFACE Surface(name=com.android.systemui.ImageWallpaper) IN SESSION android.view.SurfaceSession@a0e1887: pid=5447 format=2 flags=0x404 / WindowStateAnimator{2e3c3b4 com.android.systemui.ImageWallpaper}
07-02 21:20:10.254  1458  2673 I WindowStateAnimator: >>> OPEN TRANSACTION createSurfaceLocked
07-02 21:20:10.254  1458  2673 I WindowManager:   SURFACE CREATE pos=(0,0) (0x0), layer=21015 HIDE: Window{1a40c6 u10 com.android.systemui.ImageWallpaper}
07-02 21:20:10.254  1458  2673 I WindowStateAnimator: <<< CLOSE TRANSACTION createSurfaceLocked
07-02 21:20:10.255  1458  2673 I WindowManager:   OUT SURFACE Surface(name=null)/@0x1d35bdd: copied
07-02 21:20:10.255  1458  2673 V WindowManager: Done at AppWindowToken{cfc5826 token=Token{8674f81 ActivityRecord{56e6f68 u0 com.miui.securitycore/com.miui.securityspace.ui.activity.PrivateSpaceMainActivity t96}}} -- full screen, return 1
07-02 21:20:10.255  1458  2673 I WindowManager: >>> OPEN TRANSACTION performLayoutAndPlaceSurfaces
07-02 21:20:10.255  1458  2673 I WindowStateAnimator: commitFinishDrawingLocked: mDrawState=READY_TO_SHOW Surface(name=com.miui.securitycore/com.miui.securityspace.ui.activity.PrivateSpaceMainActivity)
07-02 21:20:10.255  1458  2673 W WindowStateAnimator: hiding Window{ee5f1c5 u0 com.miui.securitycore/com.miui.securityspace.ui.activity.PrivateSpaceMainActivity}, belonging to 1000
07-02 21:20:10.256  1458  2673 I WindowManager:   SURFACE SIZE 720x1280: Window{1a40c6 u10 com.android.systemui.ImageWallpaper}
07-02 21:20:10.256  1458  2673 I WindowManager:   SURFACE CROP [0,0][720,1280]: Window{1a40c6 u10 com.android.systemui.ImageWallpaper}
07-02 21:20:10.256  1458  2673 V WindowManager: Resize reasons for w=Window{1a40c6 u10 com.android.systemui.ImageWallpaper}:  contentInsetsChanged=false [0,0][0,0] visibleInsetsChanged=true [0,48][0,0] stableInsetsChanged=true [0,48][0,0] outsetsChanged=false [0,0][0,0] surfaceResized=true configChanged=true
07-02 21:20:10.256  1458  2673 V WindowManager: Changing surface while display frozen: Window{1a40c6 u10 com.android.systemui.ImageWallpaper}
07-02 21:20:10.256  1458  2673 V WindowManager: Orientation start waiting for draw mDrawState=DRAW_PENDING in Window{1a40c6 u10 com.android.systemui.ImageWallpaper}, surface Surface(name=com.android.systemui.ImageWallpaper)
07-02 21:20:10.256  1458  2673 V WindowManager: Resizing window Window{1a40c6 u10 com.android.systemui.ImageWallpaper} to 720.0x1280.0
07-02 21:20:10.269  1458  2673 I WindowManager: <<< CLOSE TRANSACTION performLayoutAndPlaceSurfaces
07-02 21:20:10.270  1458  2673 V WindowManager: With display frozen, orientationChangeComplete=false
07-02 21:20:10.271  1458  2673 I WindowManager: >>> OPEN TRANSACTION performLayoutAndPlaceSurfaces
07-02 21:20:10.272  1458  2673 I WindowStateAnimator: commitFinishDrawingLocked: mDrawState=READY_TO_SHOW Surface(name=com.miui.securitycore/com.miui.securityspace.ui.activity.PrivateSpaceMainActivity)
07-02 21:20:10.272  1458  2673 W WindowStateAnimator: hiding Window{ee5f1c5 u0 com.miui.securitycore/com.miui.securityspace.ui.activity.PrivateSpaceMainActivity}, belonging to 1000
07-02 21:20:10.272  1458  2673 I WindowManager: <<< CLOSE TRANSACTION performLayoutAndPlaceSurfaces
07-02 21:20:10.273  1458  2673 V WindowManager: With display frozen, orientationChangeComplete=false
07-02 21:20:10.280  1458  2697 V WindowStateAnimator: finishDrawingLocked: mDrawState=COMMIT_DRAW_PENDING WindowStateAnimator{2e3c3b4 com.android.systemui.ImageWallpaper} in Surface(name=com.android.systemui.ImageWallpaper)
07-02 21:20:10.280  1458  1520 I WindowManager: >>> OPEN TRANSACTION performLayoutAndPlaceSurfaces
07-02 21:20:10.281  1458  1520 I WindowStateAnimator: commitFinishDrawingLocked: mDrawState=READY_TO_SHOW Surface(name=com.miui.securitycore/com.miui.securityspace.ui.activity.PrivateSpaceMainActivity)
07-02 21:20:10.281  1458  1520 W WindowStateAnimator: hiding Window{ee5f1c5 u0 com.miui.securitycore/com.miui.securityspace.ui.activity.PrivateSpaceMainActivity}, belonging to 1000
07-02 21:20:10.281  1458  1520 I WindowStateAnimator: commitFinishDrawingLocked: mDrawState=READY_TO_SHOW Surface(name=com.android.systemui.ImageWallpaper)
07-02 21:20:10.281  1458  1520 V WindowStateAnimator: performShow on WindowStateAnimator{2e3c3b4 com.android.systemui.ImageWallpaper}: mDrawState=READY_TO_SHOW readyForDisplay=false starting=false during animation: policyVis=true attHidden=false tok.hiddenRequested=false tok.hidden=false animating=false tok animating=false Callers=com.android.server.wm.WindowStateAnimator.commitFinishDrawingLocked:547 com.android.server.wm.WindowManagerService.performLayoutAndPlaceSurfacesLockedInner:10254 com.android.server.wm.WindowManagerService.performLayoutAndPlaceSurfacesLockedLoop:9131 
07-02 21:20:10.283  1458  1520 I WindowManager: <<< CLOSE TRANSACTION performLayoutAndPlaceSurfaces
07-02 21:20:10.283  1458  1520 V WindowManager: With display frozen, orientationChangeComplete=false
07-02 21:20:10.284  1458  2253 I WindowManager:   OUT SURFACE Surface(name=null)/@0x24a4aaa: copied
07-02 21:20:10.284  1458  2253 V WindowManager: Done at AppWindowToken{cfc5826 token=Token{8674f81 ActivityRecord{56e6f68 u0 com.miui.securitycore/com.miui.securityspace.ui.activity.PrivateSpaceMainActivity t96}}} -- full screen, return 1
07-02 21:20:10.285  1458  2253 I WindowManager: >>> OPEN TRANSACTION performLayoutAndPlaceSurfaces
07-02 21:20:10.285  1458  2253 I WindowStateAnimator: commitFinishDrawingLocked: mDrawState=READY_TO_SHOW Surface(name=com.miui.securitycore/com.miui.securityspace.ui.activity.PrivateSpaceMainActivity)
07-02 21:20:10.285  1458  2253 W WindowStateAnimator: hiding Window{ee5f1c5 u0 com.miui.securitycore/com.miui.securityspace.ui.activity.PrivateSpaceMainActivity}, belonging to 1000
07-02 21:20:10.285  1458  2253 I WindowStateAnimator: commitFinishDrawingLocked: mDrawState=READY_TO_SHOW Surface(name=com.android.systemui.ImageWallpaper)
07-02 21:20:10.286  1458  2253 V WindowStateAnimator: performShow on WindowStateAnimator{2e3c3b4 com.android.systemui.ImageWallpaper}: mDrawState=READY_TO_SHOW readyForDisplay=false starting=false during animation: policyVis=true attHidden=false tok.hiddenRequested=false tok.hidden=false animating=false tok animating=false Callers=com.android.server.wm.WindowStateAnimator.commitFinishDrawingLocked:547 com.android.server.wm.WindowManagerService.performLayoutAndPlaceSurfacesLockedInner:10254 com.android.server.wm.WindowManagerService.performLayoutAndPlaceSurfacesLockedLoop:9131 
07-02 21:20:10.287  1458  2253 I WindowManager: <<< CLOSE TRANSACTION performLayoutAndPlaceSurfaces
07-02 21:20:10.287  1458  2253 V WindowManager: With display frozen, orientationChangeComplete=false
07-02 21:20:10.290  1458  1474 I WindowManager:   OUT SURFACE Surface(name=null)/@0x5ddc69b: copied
07-02 21:20:10.290  1458  1474 V WindowManager: Done at AppWindowToken{cfc5826 token=Token{8674f81 ActivityRecord{56e6f68 u0 com.miui.securitycore/com.miui.securityspace.ui.activity.PrivateSpaceMainActivity t96}}} -- full screen, return 1
07-02 21:20:10.291  1458  1474 I WindowManager: >>> OPEN TRANSACTION performLayoutAndPlaceSurfaces
07-02 21:20:10.291  1458  1474 I WindowStateAnimator: commitFinishDrawingLocked: mDrawState=READY_TO_SHOW Surface(name=com.miui.securitycore/com.miui.securityspace.ui.activity.PrivateSpaceMainActivity)
07-02 21:20:10.291  1458  1474 W WindowStateAnimator: hiding Window{ee5f1c5 u0 com.miui.securitycore/com.miui.securityspace.ui.activity.PrivateSpaceMainActivity}, belonging to 1000
07-02 21:20:10.291  1458  1474 I WindowStateAnimator: commitFinishDrawingLocked: mDrawState=READY_TO_SHOW Surface(name=com.android.systemui.ImageWallpaper)
07-02 21:20:10.292  1458  1474 V WindowStateAnimator: performShow on WindowStateAnimator{2e3c3b4 com.android.systemui.ImageWallpaper}: mDrawState=READY_TO_SHOW readyForDisplay=false starting=false during animation: policyVis=true attHidden=false tok.hiddenRequested=false tok.hidden=false animating=false tok animating=false Callers=com.android.server.wm.WindowStateAnimator.commitFinishDrawingLocked:547 com.android.server.wm.WindowManagerService.performLayoutAndPlaceSurfacesLockedInner:10254 com.android.server.wm.WindowManagerService.performLayoutAndPlaceSurfacesLockedLoop:9131 
07-02 21:20:10.293  1458  1474 I WindowManager: <<< CLOSE TRANSACTION performLayoutAndPlaceSurfaces
07-02 21:20:10.293  1458  1474 V WindowManager: With display frozen, orientationChangeComplete=false
07-02 21:20:10.295  1458  1520 I WindowAnimator: >>> OPEN TRANSACTION animateLocked
07-02 21:20:10.296  1458  1520 V WindowStateAnimator: performShow on WindowStateAnimator{2e3c3b4 com.android.systemui.ImageWallpaper}: mDrawState=READY_TO_SHOW readyForDisplay=false starting=false during animation: policyVis=true attHidden=false tok.hiddenRequested=false tok.hidden=false animating=false tok animating=false Callers=com.android.server.wm.WindowAnimator.updateWindowsLocked:440 com.android.server.wm.WindowAnimator.animateLocked:688 com.android.server.wm.WindowAnimator.access$000:53 
07-02 21:20:10.296  1458  1520 I WindowAnimator: <<< CLOSE TRANSACTION animateLocked
07-02 21:20:10.297  1458  1520 I WindowManager: >>> OPEN TRANSACTION performLayoutAndPlaceSurfaces
07-02 21:20:10.297  1458  1520 I WindowStateAnimator: commitFinishDrawingLocked: mDrawState=READY_TO_SHOW Surface(name=com.miui.securitycore/com.miui.securityspace.ui.activity.PrivateSpaceMainActivity)
07-02 21:20:10.297  1458  1520 W WindowStateAnimator: hiding Window{ee5f1c5 u0 com.miui.securitycore/com.miui.securityspace.ui.activity.PrivateSpaceMainActivity}, belonging to 1000
07-02 21:20:10.297  1458  1520 I WindowStateAnimator: commitFinishDrawingLocked: mDrawState=READY_TO_SHOW Surface(name=com.android.systemui.ImageWallpaper)
07-02 21:20:10.298  1458  1520 V WindowStateAnimator: performShow on WindowStateAnimator{2e3c3b4 com.android.systemui.ImageWallpaper}: mDrawState=READY_TO_SHOW readyForDisplay=false starting=false during animation: policyVis=true attHidden=false tok.hiddenRequested=false tok.hidden=false animating=false tok animating=false Callers=com.android.server.wm.WindowStateAnimator.commitFinishDrawingLocked:547 com.android.server.wm.WindowManagerService.performLayoutAndPlaceSurfacesLockedInner:10254 com.android.server.wm.WindowManagerService.performLayoutAndPlaceSurfacesLockedLoop:9131 
07-02 21:20:10.299  1458  1520 I WindowManager: <<< CLOSE TRANSACTION performLayoutAndPlaceSurfaces
07-02 21:20:10.300  1458  1520 V WindowManager: With display frozen, orientationChangeComplete=true
07-02 21:20:10.300  1458  1520 D WindowManager: stopFreezingDisplayLocked: Returning mWaitingForConfig=false, mAppsFreezingScreen=0, mWindowsFreezingScreen=0, mClientFreezingScreen=true, mOpeningApps.size()=0
07-02 21:20:10.318  1458  1520 I WindowAnimator: >>> OPEN TRANSACTION animateLocked
07-02 21:20:10.319  1458  1520 V WindowStateAnimator: performShow on WindowStateAnimator{2e3c3b4 com.android.systemui.ImageWallpaper}: mDrawState=READY_TO_SHOW readyForDisplay=false starting=false during animation: policyVis=true attHidden=false tok.hiddenRequested=false tok.hidden=false animating=false tok animating=false Callers=com.android.server.wm.WindowAnimator.updateWindowsLocked:440 com.android.server.wm.WindowAnimator.animateLocked:688 com.android.server.wm.WindowAnimator.access$000:53 
07-02 21:20:10.321  1458  1520 I WindowAnimator: <<< CLOSE TRANSACTION animateLocked
07-02 21:20:14.704  1458  1492 E AAAA    : completeSwitchAndInitialize
07-02 21:20:14.704  1458  1492 E AAAA    : java.lang.Throwable
