04-13 09:37:29.728   544   544 E AAAA    : setUpHWComposer: empty: more  wasEmpty: notEmpty
04-13 09:37:29.732  1590  1656 I WindowManager: >>> OPEN TRANSACTION animateLocked
04-13 09:37:29.732  1590  1656 I WindowManager:   SURFACE Surface(name=com.android.systemui.ImageWallpaper)---MATRIX [1.0,0.0,0.0,1.0]: com.android.systemui.ImageWallpaper
04-13 09:37:29.732  1590  1656 I WindowManager:   SURFACE Surface(name=com.miui.securitycore/com.miui.securityspace.ui.activity.PrivateSpaceMainActivity)---MATRIX [1.0,0.0,0.0,1.0]: com.miui.securitycore/com.miui.securityspace.ui.activity.PrivateSpaceMainActivity
04-13 09:37:29.732  1590  1656 I WindowManager:   SURFACE Surface(name=StatusBar)---MATRIX [1.0,0.0,0.0,1.0]: StatusBar
04-13 09:37:29.732  1590  1656 V WindowManager: prepareSurface: No changes in animation for WindowStateAnimator{6e9a4c1 StatusBar}
04-13 09:37:29.732  1590  1656 I WindowManager:   SURFACE Surface(name=)---MATRIX [1.0,0.0,0.0,1.0]: 
04-13 09:37:29.732  1590  1656 I WindowManager:   SURFACE controller=Surface(name=)alpha=1.0 layer=241000 matrix=[1.0*1.0,0.0*1.0][0.0*1.0,1.0*1.0]: Window{6dcbb5c u0 android}
04-13 09:37:29.733  1590  1656 I WindowManager: <<< CLOSE TRANSACTION animateLocked
04-13 09:37:29.745  1590  1656 I WindowManager: >>> OPEN TRANSACTION animateLocked
04-13 09:37:29.745  1590  1656 I WindowManager:   SURFACE Surface(name=com.android.systemui.ImageWallpaper)---MATRIX [1.0,0.0,0.0,1.0]: com.android.systemui.ImageWallpaper
04-13 09:37:29.745  1590  1656 I WindowManager:   SURFACE Surface(name=com.miui.securitycore/com.miui.securityspace.ui.activity.PrivateSpaceMainActivity)---MATRIX [1.0,0.0,0.0,1.0]: com.miui.securitycore/com.miui.securityspace.ui.activity.PrivateSpaceMainActivity
04-13 09:37:29.745  1590  1656 I WindowManager:   SURFACE Surface(name=StatusBar)---MATRIX [1.0,0.0,0.0,1.0]: StatusBar
04-13 09:37:29.745  1590  1656 V WindowManager: prepareSurface: No changes in animation for WindowStateAnimator{6e9a4c1 StatusBar}
04-13 09:37:29.745  1590  1656 I WindowManager:   SURFACE Surface(name=)---MATRIX [1.0,0.0,0.0,1.0]: 
04-13 09:37:29.746  1590  1656 I WindowManager:   SURFACE controller=Surface(name=)alpha=1.0 layer=241000 matrix=[1.0*1.0,0.0*1.0][0.0*1.0,1.0*1.0]: Window{6dcbb5c u0 android}
04-13 09:37:29.746   544   544 E AAAA    : setUpHWComposer: empty: more  wasEmpty: notEmpty
04-13 09:37:29.746  1590  1656 I WindowManager: <<< CLOSE TRANSACTION animateLocked
04-13 09:37:29.761  1590  1656 I WindowManager: >>> OPEN TRANSACTION animateLocked
04-13 09:37:29.761  1590  1656 I WindowManager:   SURFACE Surface(name=com.android.systemui.ImageWallpaper)---MATRIX [1.0,0.0,0.0,1.0]: com.android.systemui.ImageWallpaper
04-13 09:37:29.761  1590  1656 I WindowManager:   SURFACE Surface(name=com.miui.securitycore/com.miui.securityspace.ui.activity.PrivateSpaceMainActivity)---MATRIX [1.0,0.0,0.0,1.0]: com.miui.securitycore/com.miui.securityspace.ui.activity.PrivateSpaceMainActivity
04-13 09:37:29.762  1590  1656 I WindowManager:   SURFACE Surface(name=StatusBar)---MATRIX [1.0,0.0,0.0,1.0]: StatusBar
04-13 09:37:29.762  1590  1656 V WindowManager: prepareSurface: No changes in animation for WindowStateAnimator{6e9a4c1 StatusBar}
04-13 09:37:29.762  1590  1656 I WindowManager:   SURFACE Surface(name=)---MATRIX [1.0,0.0,0.0,1.0]: 
04-13 09:37:29.762   544   544 E AAAA    : setUpHWComposer: empty: more  wasEmpty: notEmpty
04-13 09:37:29.762  1590  1656 I WindowManager:   SURFACE controller=Surface(name=)alpha=1.0 layer=241000 matrix=[1.0*1.0,0.0*1.0][0.0*1.0,1.0*1.0]: Window{6dcbb5c u0 android}
04-13 09:37:29.763  1590  1656 I WindowManager: <<< CLOSE TRANSACTION animateLocked
04-13 09:37:29.778  1590  1656 I WindowManager: >>> OPEN TRANSACTION animateLocked
04-13 09:37:29.778   544   544 E AAAA    : setUpHWComposer: empty: more  wasEmpty: notEmpty
04-13 09:37:29.778  1590  1656 I WindowManager:   SURFACE Surface(name=com.android.systemui.ImageWallpaper)---MATRIX [1.0,0.0,0.0,1.0]: com.android.systemui.ImageWallpaper
04-13 09:37:29.778  1590  1656 I WindowManager:   SURFACE Surface(name=com.miui.securitycore/com.miui.securityspace.ui.activity.PrivateSpaceMainActivity)---MATRIX [1.0,0.0,0.0,1.0]: com.miui.securitycore/com.miui.securityspace.ui.activity.PrivateSpaceMainActivity
04-13 09:37:29.778  1590  1656 I WindowManager:   SURFACE Surface(name=StatusBar)---POS (setPositionInTransaction) @ (0.0,-1.0): StatusBar
04-13 09:37:29.778  1590  1656 I WindowManager:   SURFACE Surface(name=StatusBar)---MATRIX [1.0,0.0,0.0,1.0]: StatusBar
04-13 09:37:29.778  1590  1656 V WindowManager: prepareSurface: No changes in animation for WindowStateAnimator{6e9a4c1 StatusBar}
04-13 09:37:29.778  1590  1656 I WindowManager:   SURFACE Surface(name=)---MATRIX [1.0,0.0,0.0,1.0]: 
04-13 09:37:29.778  1590  1656 I WindowManager:   SURFACE controller=Surface(name=)alpha=1.0 layer=241000 matrix=[1.0*1.0,0.0*1.0][0.0*1.0,1.0*1.0]: Window{6dcbb5c u0 android}
04-13 09:37:29.779  1590  1656 I WindowManager: <<< CLOSE TRANSACTION animateLocked
04-13 09:37:29.796   544   544 E AAAA    : setUpHWComposer: empty: more  wasEmpty: notEmpty
04-13 09:37:29.798  1590  1656 I WindowManager: >>> OPEN TRANSACTION animateLocked
04-13 09:37:29.798  1590  1656 I WindowManager:   SURFACE Surface(name=com.android.systemui.ImageWallpaper)---MATRIX [1.0,0.0,0.0,1.0]: com.android.systemui.ImageWallpaper
04-13 09:37:29.798  1590  1656 I WindowManager:   SURFACE Surface(name=com.miui.securitycore/com.miui.securityspace.ui.activity.PrivateSpaceMainActivity)---MATRIX [1.0,0.0,0.0,1.0]: com.miui.securitycore/com.miui.securityspace.ui.activity.PrivateSpaceMainActivity
04-13 09:37:29.798  1590  1656 I WindowManager:   SURFACE Surface(name=StatusBar)---MATRIX [1.0,0.0,0.0,1.0]: StatusBar
04-13 09:37:29.798  1590  1656 V WindowManager: prepareSurface: No changes in animation for WindowStateAnimator{6e9a4c1 StatusBar}
04-13 09:37:29.798  1590  1656 I WindowManager:   SURFACE Surface(name=)---MATRIX [1.0,0.0,0.0,1.0]: 
04-13 09:37:29.798  1590  1656 I WindowManager:   SURFACE controller=Surface(name=)alpha=1.0 layer=241000 matrix=[1.0*1.0,0.0*1.0][0.0*1.0,1.0*1.0]: Window{6dcbb5c u0 android}
04-13 09:37:29.799  1590  1656 I WindowManager: <<< CLOSE TRANSACTION animateLocked
04-13 09:37:29.812  1590  1656 I WindowManager: >>> OPEN TRANSACTION animateLocked
04-13 09:37:29.812  1590  1656 I WindowManager:   SURFACE Surface(name=com.android.systemui.ImageWallpaper)---MATRIX [1.0,0.0,0.0,1.0]: com.android.systemui.ImageWallpaper
04-13 09:37:29.812  1590  1656 I WindowManager:   SURFACE Surface(name=com.miui.securitycore/com.miui.securityspace.ui.activity.PrivateSpaceMainActivity)---MATRIX [1.0,0.0,0.0,1.0]: com.miui.securitycore/com.miui.securityspace.ui.activity.PrivateSpaceMainActivity
04-13 09:37:29.812  1590  1656 I WindowManager:   SURFACE Surface(name=StatusBar)---POS (setPositionInTransaction) @ (0.0,-2.0): StatusBar
04-13 09:37:29.812  1590  1656 I WindowManager:   SURFACE Surface(name=StatusBar)---MATRIX [1.0,0.0,0.0,1.0]: StatusBar
04-13 09:37:29.812  1590  1656 V WindowManager: prepareSurface: No changes in animation for WindowStateAnimator{6e9a4c1 StatusBar}
04-13 09:37:29.812  1590  1656 I WindowManager:   SURFACE Surface(name=)---MATRIX [1.0,0.0,0.0,1.0]: 
04-13 09:37:29.812  1590  1656 I WindowManager:   SURFACE controller=Surface(name=)alpha=1.0 layer=241000 matrix=[1.0*1.0,0.0*1.0][0.0*1.0,1.0*1.0]: Window{6dcbb5c u0 android}
04-13 09:37:29.813   544   544 E AAAA    : setUpHWComposer: empty: more  wasEmpty: notEmpty
04-13 09:37:29.819  1590  1656 I WindowManager: <<< CLOSE TRANSACTION animateLocked
04-13 09:37:29.828  1590  1656 I WindowManager: >>> OPEN TRANSACTION animateLocked
04-13 09:37:29.828   544   544 E AAAA    : setUpHWComposer: empty: more  wasEmpty: notEmpty
04-13 09:37:29.828  1590  1656 I WindowManager:   SURFACE Surface(name=com.android.systemui.ImageWallpaper)---MATRIX [1.0,0.0,0.0,1.0]: com.android.systemui.ImageWallpaper
04-13 09:37:29.828  1590  1656 I WindowManager:   SURFACE Surface(name=com.miui.securitycore/com.miui.securityspace.ui.activity.PrivateSpaceMainActivity)---MATRIX [1.0,0.0,0.0,1.0]: com.miui.securitycore/com.miui.securityspace.ui.activity.PrivateSpaceMainActivity
04-13 09:37:29.828  1590  1656 I WindowManager:   SURFACE Surface(name=StatusBar)---POS (setPositionInTransaction) @ (0.0,-4.0): StatusBar
04-13 09:37:29.828  1590  1656 I WindowManager:   SURFACE Surface(name=StatusBar)---MATRIX [1.0,0.0,0.0,1.0]: StatusBar
04-13 09:37:29.828  1590  1656 V WindowManager: prepareSurface: No changes in animation for WindowStateAnimator{6e9a4c1 StatusBar}
04-13 09:37:29.828  1590  1656 I WindowManager:   SURFACE Surface(name=)---MATRIX [1.0,0.0,0.0,1.0]: 
04-13 09:37:29.828  1590  1656 I WindowManager:   SURFACE controller=Surface(name=)alpha=1.0 layer=241000 matrix=[1.0*1.0,0.0*1.0][0.0*1.0,1.0*1.0]: Window{6dcbb5c u0 android}
04-13 09:37:29.829  1590  1656 I WindowManager: <<< CLOSE TRANSACTION animateLocked
04-13 09:37:29.845   544   544 E AAAA    : setUpHWComposer: empty: more  wasEmpty: notEmpty
04-13 09:37:29.845  1590  1656 I WindowManager: >>> OPEN TRANSACTION animateLocked
04-13 09:37:29.845  1590  1656 I WindowManager:   SURFACE Surface(name=com.android.systemui.ImageWallpaper)---MATRIX [1.0,0.0,0.0,1.0]: com.android.systemui.ImageWallpaper
04-13 09:37:29.846  1590  1656 I WindowManager:   SURFACE Surface(name=com.miui.securitycore/com.miui.securityspace.ui.activity.PrivateSpaceMainActivity)---MATRIX [1.0,0.0,0.0,1.0]: com.miui.securitycore/com.miui.securityspace.ui.activity.PrivateSpaceMainActivity
04-13 09:37:29.847  1590  1656 I WindowManager:   SURFACE Surface(name=StatusBar)---POS (setPositionInTransaction) @ (0.0,-5.0): StatusBar
04-13 09:37:29.847  1590  1656 I WindowManager:   SURFACE Surface(name=StatusBar)---MATRIX [1.0,0.0,0.0,1.0]: StatusBar
04-13 09:37:29.847  1590  1656 V WindowManager: prepareSurface: No changes in animation for WindowStateAnimator{6e9a4c1 StatusBar}
04-13 09:37:29.847  1590  1656 I WindowManager:   SURFACE Surface(name=)---MATRIX [1.0,0.0,0.0,1.0]: 
04-13 09:37:29.847  1590  1656 I WindowManager:   SURFACE controller=Surface(name=)alpha=1.0 layer=241000 matrix=[1.0*1.0,0.0*1.0][0.0*1.0,1.0*1.0]: Window{6dcbb5c u0 android}
04-13 09:37:29.857  1590  1656 I WindowManager: <<< CLOSE TRANSACTION animateLocked
04-13 09:37:29.861   544   544 E AAAA    : setUpHWComposer: empty: more  wasEmpty: notEmpty
04-13 09:37:29.863  1590  1656 I WindowManager: >>> OPEN TRANSACTION animateLocked
04-13 09:37:29.863  1590  1656 I WindowManager:   SURFACE Surface(name=com.android.systemui.ImageWallpaper)---MATRIX [1.0,0.0,0.0,1.0]: com.android.systemui.ImageWallpaper
04-13 09:37:29.863  1590  1656 I WindowManager:   SURFACE Surface(name=com.miui.securitycore/com.miui.securityspace.ui.activity.PrivateSpaceMainActivity)---MATRIX [1.0,0.0,0.0,1.0]: com.miui.securitycore/com.miui.securityspace.ui.activity.PrivateSpaceMainActivity
04-13 09:37:29.863  1590  1656 I WindowManager:   SURFACE Surface(name=StatusBar)---POS (setPositionInTransaction) @ (0.0,-7.0): StatusBar
04-13 09:37:29.863  1590  1656 I WindowManager:   SURFACE Surface(name=StatusBar)---MATRIX [1.0,0.0,0.0,1.0]: StatusBar
04-13 09:37:29.863  1590  1656 V WindowManager: prepareSurface: No changes in animation for WindowStateAnimator{6e9a4c1 StatusBar}
04-13 09:37:29.863  1590  1656 I WindowManager:   SURFACE Surface(name=)---MATRIX [1.0,0.0,0.0,1.0]: 
04-13 09:37:29.863  1590  1656 I WindowManager:   SURFACE controller=Surface(name=)alpha=1.0 layer=241000 matrix=[1.0*1.0,0.0*1.0][0.0*1.0,1.0*1.0]: Window{6dcbb5c u0 android}
04-13 09:37:29.864  1590  1656 I WindowManager: <<< CLOSE TRANSACTION animateLocked
04-13 09:37:29.881  1590  1656 I WindowManager: >>> OPEN TRANSACTION animateLocked
04-13 09:37:29.881  1590  1656 I WindowManager:   SURFACE Surface(name=com.android.systemui.ImageWallpaper)---MATRIX [1.0,0.0,0.0,1.0]: com.android.systemui.ImageWallpaper
04-13 09:37:29.881  1590  1656 I WindowManager:   SURFACE Surface(name=com.miui.securitycore/com.miui.securityspace.ui.activity.PrivateSpaceMainActivity)---MATRIX [1.0,0.0,0.0,1.0]: com.miui.securitycore/com.miui.securityspace.ui.activity.PrivateSpaceMainActivity
04-13 09:37:29.881  1590  1656 I WindowManager:   SURFACE Surface(name=StatusBar)---POS (setPositionInTransaction) @ (0.0,-10.0): StatusBar
04-13 09:37:29.881  1590  1656 I WindowManager:   SURFACE Surface(name=StatusBar)---MATRIX [1.0,0.0,0.0,1.0]: StatusBar
04-13 09:37:29.881  1590  1656 V WindowManager: prepareSurface: No changes in animation for WindowStateAnimator{6e9a4c1 StatusBar}
04-13 09:37:29.881  1590  1656 I WindowManager:   SURFACE Surface(name=)---MATRIX [1.0,0.0,0.0,1.0]: 
04-13 09:37:29.881  1590  1656 I WindowManager:   SURFACE controller=Surface(name=)alpha=1.0 layer=241000 matrix=[1.0*1.0,0.0*1.0][0.0*1.0,1.0*1.0]: Window{6dcbb5c u0 android}
04-13 09:37:29.882  1590  1656 I WindowManager: <<< CLOSE TRANSACTION animateLocked
04-13 09:37:29.882   544   544 E AAAA    : setUpHWComposer: empty: more  wasEmpty: notEmpty
04-13 09:37:29.889  1590  1651 V WindowManager: finishDrawingLocked: mDrawState=COMMIT_DRAW_PENDING Window{6dcbb5c u0 android} in Surface(name=)
04-13 09:37:29.889  1590  1656 I WindowManager: >>> OPEN TRANSACTION performLayoutAndPlaceSurfaces
04-13 09:37:29.889  1590  1656 I WindowManager: commitFinishDrawingLocked: mDrawState=READY_TO_SHOW Surface(name=)
04-13 09:37:29.889  1590  1656 V WindowManager: Loading animations: layout params pkg=android resId=0x10303eb
04-13 09:37:29.889  1590  1656 V WindowManager: Loading animations: picked package=android
04-13 09:37:29.891  1590  1656 V WindowManager: applyAnimation: win=WindowStateAnimator{fa196d8 } anim=0 attr=0x0 a=android.view.animation.AnimationSet@a4ca6fe transit=1 isEntrance=true Callers com.android.server.wm.WindowStateAnimator.applyEnterAnimationLocked:1840 com.android.server.wm.WindowStateAnimator.performShowLocked:1756 com.android.server.wm.WindowStateAnimator.commitFinishDrawingLocked:631 
04-13 09:37:29.891  1590  1656 I WindowManager: Loaded animation android.view.animation.AnimationSet@a4ca6fe for WindowStateAnimator{fa196d8 }
04-13 09:37:29.891  1590  1656 V WindowManager: performShowLocked: mDrawState=HAS_DRAWN in Window{6dcbb5c u0 android}
04-13 09:37:29.891  1590  1656 I WindowManager:   SURFACE Surface(name=)---MATRIX [1.0,0.0,0.0,1.0]: 
04-13 09:37:29.891  1590  1656 I WindowManager:   SURFACE Surface(name=StatusBar)---MATRIX [1.0,0.0,0.0,1.0]: StatusBar
04-13 09:37:29.892  1590  1656 I WindowManager:   SURFACE Surface(name=com.miui.securitycore/com.miui.securityspace.ui.activity.PrivateSpaceMainActivity)---MATRIX [1.0,0.0,0.0,1.0]: com.miui.securitycore/com.miui.securityspace.ui.activity.PrivateSpaceMainActivity
04-13 09:37:29.892  1590  1656 I WindowManager:   SURFACE Surface(name=com.android.systemui.ImageWallpaper)---MATRIX [1.0,0.0,0.0,1.0]: com.android.systemui.ImageWallpaper
04-13 09:37:29.892  1590  1656 I WindowManager: <<< CLOSE TRANSACTION performLayoutAndPlaceSurfaces
04-13 09:37:29.896  1590  1656 I WindowManager: >>> OPEN TRANSACTION animateLocked
04-13 09:37:29.896  1590  1656 V WindowManager: Starting animation in WindowStateAnimator{fa196d8 } @ 340524: ww=1080 wh=1920 dx=1080 dy=1920 scale=1.0
04-13 09:37:29.897  1590  1656 I WindowManager:   SURFACE Surface(name=com.android.systemui.ImageWallpaper)---MATRIX [1.0,0.0,0.0,1.0]: com.android.systemui.ImageWallpaper
04-13 09:37:29.897  1590  1656 I WindowManager:   SURFACE Surface(name=com.miui.securitycore/com.miui.securityspace.ui.activity.PrivateSpaceMainActivity)---MATRIX [1.0,0.0,0.0,1.0]: com.miui.securitycore/com.miui.securityspace.ui.activity.PrivateSpaceMainActivity
04-13 09:37:29.897  1590  1656 I WindowManager:   SURFACE Surface(name=StatusBar)---POS (setPositionInTransaction) @ (0.0,-14.0): StatusBar
04-13 09:37:29.897  1590  1656 I WindowManager:   SURFACE Surface(name=StatusBar)---MATRIX [1.0,0.0,0.0,1.0]: StatusBar
04-13 09:37:29.897  1590  1656 V WindowManager: prepareSurface: No changes in animation for WindowStateAnimator{6e9a4c1 StatusBar}
04-13 09:37:29.897  1590  1656 I WindowManager:   SURFACE Surface(name=)---POS (setPositionInTransaction) @ (54.0,96.0): 
04-13 09:37:29.897  1590  1656 I WindowManager:   SURFACE Surface(name=)---MATRIX [0.9,0.0,0.0,0.9]: 
04-13 09:37:29.897  1590  1656 I WindowManager:   SURFACE controller=Surface(name=)alpha=0.0 layer=241000 matrix=[0.9*1.0,0.0*1.0][0.0*1.0,0.9*1.0]: Window{6dcbb5c u0 android}
04-13 09:37:29.897  1590  1656 I WindowManager:   SURFACE Surface(name=)---SHOW (performLayout): 
04-13 09:37:29.899   544   544 E AAAA    : setUpHWComposer: empty: more  wasEmpty: notEmpty
04-13 09:37:29.911   544   544 E AAAA    : setUpHWComposer: empty: more  wasEmpty: notEmpty
04-13 09:37:29.913  1590  1656 I WindowManager: <<< CLOSE TRANSACTION animateLocked
04-13 09:37:29.913  1590  1656 I WindowManager: >>> OPEN TRANSACTION removeReplacedWindows
04-13 09:37:29.915  1590  1656 I WindowManager: <<< CLOSE TRANSACTION removeReplacedWindows
04-13 09:37:29.916  1590  1656 I WindowManager: >>> OPEN TRANSACTION animateLocked
04-13 09:37:29.916  1590  1656 I WindowManager:   SURFACE Surface(name=com.android.systemui.ImageWallpaper)---MATRIX [1.0,0.0,0.0,1.0]: com.android.systemui.ImageWallpaper
04-13 09:37:29.916  1590  1656 I WindowManager:   SURFACE Surface(name=com.miui.securitycore/com.miui.securityspace.ui.activity.PrivateSpaceMainActivity)---MATRIX [1.0,0.0,0.0,1.0]: com.miui.securitycore/com.miui.securityspace.ui.activity.PrivateSpaceMainActivity
04-13 09:37:29.916  1590  1656 I WindowManager:   SURFACE Surface(name=StatusBar)---POS (setPositionInTransaction) @ (0.0,-18.0): StatusBar
04-13 09:37:29.916  1590  1656 I WindowManager:   SURFACE Surface(name=StatusBar)---MATRIX [1.0,0.0,0.0,1.0]: StatusBar
04-13 09:37:29.916  1590  1656 V WindowManager: prepareSurface: No changes in animation for WindowStateAnimator{6e9a4c1 StatusBar}
04-13 09:37:29.916  1590  1656 I WindowManager:   SURFACE Surface(name=)---POS (setPositionInTransaction) @ (37.0,66.0): 
04-13 09:37:29.916  1590  1656 I WindowManager:   SURFACE Surface(name=)---MATRIX [0.93144524,0.0,0.0,0.93144524]: 
04-13 09:37:29.916  1590  1656 I WindowManager:   SURFACE controller=Surface(name=)alpha=0.28708035 layer=241000 matrix=[0.93144524*1.0,0.0*1.0][0.0*1.0,0.93144524*1.0]: Window{6dcbb5c u0 android}
04-13 09:37:29.917  1590  1656 I WindowManager: <<< CLOSE TRANSACTION animateLocked
04-13 09:37:29.918  1590  1656 I WindowManager: >>> OPEN TRANSACTION performLayoutAndPlaceSurfaces
04-13 09:37:29.918  1590  1656 I WindowManager:   SURFACE Surface(name=)---MATRIX [0.93144524,0.0,0.0,0.93144524]: 
04-13 09:37:29.918  1590  1656 I WindowManager:   SURFACE Surface(name=StatusBar)---MATRIX [1.0,0.0,0.0,1.0]: StatusBar
04-13 09:37:29.918  1590  1656 I WindowManager:   SURFACE Surface(name=com.miui.securitycore/com.miui.securityspace.ui.activity.PrivateSpaceMainActivity)---MATRIX [1.0,0.0,0.0,1.0]: com.miui.securitycore/com.miui.securityspace.ui.activity.PrivateSpaceMainActivity
04-13 09:37:29.919  1590  1656 I WindowManager:   SURFACE Surface(name=com.android.systemui.ImageWallpaper)---MATRIX [1.0,0.0,0.0,1.0]: com.android.systemui.ImageWallpaper
04-13 09:37:29.919  1590  1656 I WindowManager: <<< CLOSE TRANSACTION performLayoutAndPlaceSurfaces
04-13 09:37:29.928  1590  1656 I WindowManager: >>> OPEN TRANSACTION animateLocked
04-13 09:37:29.928   544   544 E AAAA    : setUpHWComposer: empty: more  wasEmpty: notEmpty
04-13 09:37:29.928  1590  1656 I WindowManager:   SURFACE Surface(name=com.android.systemui.ImageWallpaper)---MATRIX [1.0,0.0,0.0,1.0]: com.android.systemui.ImageWallpaper
04-13 09:37:29.928  1590  1656 I WindowManager:   SURFACE Surface(name=com.miui.securitycore/com.miui.securityspace.ui.activity.PrivateSpaceMainActivity)---MATRIX [1.0,0.0,0.0,1.0]: com.miui.securitycore/com.miui.securityspace.ui.activity.PrivateSpaceMainActivity
04-13 09:37:29.928  1590  1656 I WindowManager:   SURFACE Surface(name=StatusBar)---POS (setPositionInTransaction) @ (0.0,-23.0): StatusBar
04-13 09:37:29.928  1590  1656 I WindowManager:   SURFACE Surface(name=StatusBar)---MATRIX [1.0,0.0,0.0,1.0]: StatusBar
04-13 09:37:29.928  1590  1656 V WindowManager: prepareSurface: No changes in animation for WindowStateAnimator{6e9a4c1 StatusBar}
04-13 09:37:29.931  1590  1656 I WindowManager:   SURFACE Surface(name=)---POS (setPositionInTransaction) @ (24.0,43.0): 
04-13 09:37:29.931  1590  1656 I WindowManager:   SURFACE Surface(name=)---MATRIX [0.95562947,0.0,0.0,0.95562947]: 
04-13 09:37:29.931  1590  1656 I WindowManager:   SURFACE controller=Surface(name=)alpha=0.525448 layer=241000 matrix=[0.95562947*1.0,0.0*1.0][0.0*1.0,0.95562947*1.0]: Window{6dcbb5c u0 android}
04-13 09:37:29.932  1590  1656 I WindowManager: <<< CLOSE TRANSACTION animateLocked
04-13 09:37:29.946  1590  1656 I WindowManager: >>> OPEN TRANSACTION animateLocked
04-13 09:37:29.947  1590  1656 I WindowManager:   SURFACE Surface(name=com.android.systemui.ImageWallpaper)---MATRIX [1.0,0.0,0.0,1.0]: com.android.systemui.ImageWallpaper
04-13 09:37:29.947  1590  1656 I WindowManager:   SURFACE Surface(name=com.miui.securitycore/com.miui.securityspace.ui.activity.PrivateSpaceMainActivity)---MATRIX [1.0,0.0,0.0,1.0]: com.miui.securitycore/com.miui.securityspace.ui.activity.PrivateSpaceMainActivity
04-13 09:37:29.947   544   544 E AAAA    : setUpHWComposer: empty: more  wasEmpty: notEmpty
04-13 09:37:29.951  1590  1656 I WindowManager:   SURFACE Surface(name=StatusBar)---POS (setPositionInTransaction) @ (0.0,-28.0): StatusBar
04-13 09:37:29.951  1590  1656 I WindowManager:   SURFACE Surface(name=StatusBar)---MATRIX [1.0,0.0,0.0,1.0]: StatusBar
04-13 09:37:29.951  1590  1656 V WindowManager: prepareSurface: No changes in animation for WindowStateAnimator{6e9a4c1 StatusBar}
04-13 09:37:29.951  1590  1656 I WindowManager:   SURFACE Surface(name=)---POS (setPositionInTransaction) @ (15.0,26.0): 
04-13 09:37:29.951  1590  1656 I WindowManager:   SURFACE Surface(name=)---MATRIX [0.97244936,0.0,0.0,0.97244936]: 
04-13 09:37:29.951  1590  1656 I WindowManager:   SURFACE controller=Surface(name=)alpha=0.70370376 layer=241000 matrix=[0.97244936*1.0,0.0*1.0][0.0*1.0,0.97244936*1.0]: Window{6dcbb5c u0 android}
04-13 09:37:29.952  1590  1656 I WindowManager: <<< CLOSE TRANSACTION animateLocked
04-13 09:37:29.961  1590  1656 I WindowManager: >>> OPEN TRANSACTION animateLocked
04-13 09:37:29.961   544   544 E AAAA    : setUpHWComposer: empty: more  wasEmpty: notEmpty
04-13 09:37:29.961  1590  1656 I WindowManager:   SURFACE Surface(name=com.android.systemui.ImageWallpaper)---MATRIX [1.0,0.0,0.0,1.0]: com.android.systemui.ImageWallpaper
04-13 09:37:29.962  1590  1656 I WindowManager:   SURFACE Surface(name=com.miui.securitycore/com.miui.securityspace.ui.activity.PrivateSpaceMainActivity)---MATRIX [1.0,0.0,0.0,1.0]: com.miui.securitycore/com.miui.securityspace.ui.activity.PrivateSpaceMainActivity
04-13 09:37:29.962  1590  1656 I WindowManager:   SURFACE Surface(name=StatusBar)---POS (setPositionInTransaction) @ (0.0,-35.0): StatusBar
04-13 09:37:29.962  1590  1656 I WindowManager:   SURFACE Surface(name=StatusBar)---MATRIX [1.0,0.0,0.0,1.0]: StatusBar
04-13 09:37:29.962  1590  1656 V WindowManager: prepareSurface: No changes in animation for WindowStateAnimator{6e9a4c1 StatusBar}
04-13 09:37:29.962  1590  1656 I WindowManager:   SURFACE Surface(name=)---POS (setPositionInTransaction) @ (9.0,16.0): 
04-13 09:37:29.962  1590  1656 I WindowManager:   SURFACE Surface(name=)---MATRIX [0.983193,0.0,0.0,0.983193]: 
04-13 09:37:29.962  1590  1656 I WindowManager:   SURFACE controller=Surface(name=)alpha=0.824384 layer=241000 matrix=[0.983193*1.0,0.0*1.0][0.0*1.0,0.983193*1.0]: Window{6dcbb5c u0 android}
04-13 09:37:29.963  1590  1656 I WindowManager: <<< CLOSE TRANSACTION animateLocked
04-13 09:37:29.978   544   544 E AAAA    : setUpHWComposer: empty: more  wasEmpty: notEmpty
04-13 09:37:29.979  1590  1656 I WindowManager: >>> OPEN TRANSACTION animateLocked
04-13 09:37:29.979  1590  1656 I WindowManager:   SURFACE Surface(name=com.android.systemui.ImageWallpaper)---MATRIX [1.0,0.0,0.0,1.0]: com.android.systemui.ImageWallpaper
04-13 09:37:29.981  1590  1656 I WindowManager:   SURFACE Surface(name=com.miui.securitycore/com.miui.securityspace.ui.activity.PrivateSpaceMainActivity)---MATRIX [1.0,0.0,0.0,1.0]: com.miui.securitycore/com.miui.securityspace.ui.activity.PrivateSpaceMainActivity
04-13 09:37:29.981  1590  1656 I WindowManager:   SURFACE Surface(name=StatusBar)---POS (setPositionInTransaction) @ (0.0,-42.0): StatusBar
04-13 09:37:29.981  1590  1656 I WindowManager:   SURFACE Surface(name=StatusBar)---MATRIX [1.0,0.0,0.0,1.0]: StatusBar
04-13 09:37:29.981  1590  1656 V WindowManager: prepareSurface: No changes in animation for WindowStateAnimator{6e9a4c1 StatusBar}
04-13 09:37:29.981  1590  1656 I WindowManager:   SURFACE Surface(name=)---POS (setPositionInTransaction) @ (5.0,9.0): 
04-13 09:37:29.981  1590  1656 I WindowManager:   SURFACE Surface(name=)---MATRIX [0.9906354,0.0,0.0,0.9906354]: 
04-13 09:37:29.981  1590  1656 I WindowManager:   SURFACE controller=Surface(name=)alpha=0.91088504 layer=241000 matrix=[0.9906354*1.0,0.0*1.0][0.0*1.0,0.9906354*1.0]: Window{6dcbb5c u0 android}
04-13 09:37:29.982  1590  1656 I WindowManager: <<< CLOSE TRANSACTION animateLocked
04-13 09:37:29.995  1590  1656 I WindowManager: >>> OPEN TRANSACTION animateLocked
04-13 09:37:29.995   544   544 E AAAA    : setUpHWComposer: empty: more  wasEmpty: notEmpty
04-13 09:37:29.995  1590  1656 I WindowManager:   SURFACE Surface(name=com.android.systemui.ImageWallpaper)---MATRIX [1.0,0.0,0.0,1.0]: com.android.systemui.ImageWallpaper
04-13 09:37:29.996  1590  1656 I WindowManager:   SURFACE Surface(name=com.miui.securitycore/com.miui.securityspace.ui.activity.PrivateSpaceMainActivity)---MATRIX [1.0,0.0,0.0,1.0]: com.miui.securitycore/com.miui.securityspace.ui.activity.PrivateSpaceMainActivity
04-13 09:37:29.996  1590  1656 I WindowManager:   SURFACE Surface(name=StatusBar)---POS (setPositionInTransaction) @ (0.0,-51.0): StatusBar
04-13 09:37:29.996  1590  1656 I WindowManager:   SURFACE Surface(name=StatusBar)---MATRIX [1.0,0.0,0.0,1.0]: StatusBar
04-13 09:37:29.996  1590  1656 V WindowManager: prepareSurface: No changes in animation for WindowStateAnimator{6e9a4c1 StatusBar}
04-13 09:37:29.996  1590  1656 I WindowManager:   SURFACE Surface(name=)---POS (setPositionInTransaction) @ (3.0,5.0): 
04-13 09:37:29.996  1590  1656 I WindowManager:   SURFACE Surface(name=)---MATRIX [0.9951717,0.0,0.0,0.9951717]: 
04-13 09:37:29.996  1590  1656 I WindowManager:   SURFACE controller=Surface(name=)alpha=0.962963 layer=241000 matrix=[0.9951717*1.0,0.0*1.0][0.0*1.0,0.9951717*1.0]: Window{6dcbb5c u0 android}
04-13 09:37:30.000  1590  1656 I WindowManager: <<< CLOSE TRANSACTION animateLocked
04-13 09:37:30.011  1590  1656 I WindowManager: >>> OPEN TRANSACTION animateLocked
04-13 09:37:30.011   544   544 E AAAA    : setUpHWComposer: empty: more  wasEmpty: notEmpty
04-13 09:37:30.011  1590  1656 I WindowManager:   SURFACE Surface(name=com.android.systemui.ImageWallpaper)---MATRIX [1.0,0.0,0.0,1.0]: com.android.systemui.ImageWallpaper
04-13 09:37:30.011  1590  1656 I WindowManager:   SURFACE Surface(name=com.miui.securitycore/com.miui.securityspace.ui.activity.PrivateSpaceMainActivity)---MATRIX [1.0,0.0,0.0,1.0]: com.miui.securitycore/com.miui.securityspace.ui.activity.PrivateSpaceMainActivity
04-13 09:37:30.012  1590  1656 I WindowManager:   SURFACE Surface(name=StatusBar)---POS (setPositionInTransaction) @ (0.0,-60.0): StatusBar
04-13 09:37:30.012  1590  1656 I WindowManager:   SURFACE Surface(name=StatusBar)---MATRIX [1.0,0.0,0.0,1.0]: StatusBar
04-13 09:37:30.012  1590  1656 V WindowManager: prepareSurface: No changes in animation for WindowStateAnimator{6e9a4c1 StatusBar}
04-13 09:37:30.012  1590  1656 I WindowManager:   SURFACE Surface(name=)---POS (setPositionInTransaction) @ (1.0,2.0): 
04-13 09:37:30.012  1590  1656 I WindowManager:   SURFACE Surface(name=)---MATRIX [0.99763924,0.0,0.0,0.99763924]: 
04-13 09:37:30.012  1590  1656 I WindowManager:   SURFACE controller=Surface(name=)alpha=0.9883544 layer=241000 matrix=[0.99763924*1.0,0.0*1.0][0.0*1.0,0.99763924*1.0]: Window{6dcbb5c u0 android}
04-13 09:37:30.015  1590  1656 I WindowManager: <<< CLOSE TRANSACTION animateLocked
04-13 09:37:30.028  1590  1656 I WindowManager: >>> OPEN TRANSACTION animateLocked
04-13 09:37:30.028  1590  1656 V WindowManager: Finished animation in WindowStateAnimator{6e9a4c1 StatusBar} @ 340657
04-13 09:37:30.028  1590  1656 V WindowManager: Animation done in WindowStateAnimator{6e9a4c1 StatusBar}: exiting=false, reportedVisible=false
04-13 09:37:30.028  1590  1656 V WindowManager: finishExit in WindowStateAnimator{6e9a4c1 StatusBar}: exiting=false remove=false windowAnimating=false
04-13 09:37:30.028  1590  1656 I WindowManager:   SURFACE Surface(name=com.android.systemui.ImageWallpaper)---MATRIX [1.0,0.0,0.0,1.0]: com.android.systemui.ImageWallpaper
04-13 09:37:30.029  1590  1656 I WindowManager:   SURFACE Surface(name=com.miui.securitycore/com.miui.securityspace.ui.activity.PrivateSpaceMainActivity)---MATRIX [1.0,0.0,0.0,1.0]: com.miui.securitycore/com.miui.securityspace.ui.activity.PrivateSpaceMainActivity
04-13 09:37:30.029  1590  1656 I WindowManager:   SURFACE Surface(name=StatusBar)---POS (setPositionInTransaction) @ (0.0,0.0): StatusBar
04-13 09:37:30.029  1590  1656 I WindowManager:   SURFACE Surface(name=StatusBar)---MATRIX [1.0,0.0,0.0,1.0]: StatusBar
04-13 09:37:30.029  1590  1656 I WindowManager:   SURFACE Surface(name=StatusBar)---HIDE ( prepareSurfaceLocked ): StatusBar
04-13 09:37:30.029  1590  1656 I WindowManager:   SURFACE Surface(name=)---POS (setPositionInTransaction) @ (1.0,1.0): 
04-13 09:37:30.029  1590  1656 I WindowManager:   SURFACE Surface(name=)---MATRIX [0.99903286,0.0,0.0,0.99903286]: 
04-13 09:37:30.029  1590  1656 I WindowManager:   SURFACE controller=Surface(name=)alpha=0.9985443 layer=241000 matrix=[0.99903286*1.0,0.0*1.0][0.0*1.0,0.99903286*1.0]: Window{6dcbb5c u0 android}
04-13 09:37:30.030   544   544 E AAAA    : setUpHWComposer: empty: more  wasEmpty: notEmpty
04-13 09:37:30.031  1590  1656 I WindowManager: <<< CLOSE TRANSACTION animateLocked
04-13 09:37:30.031  1590  1656 I WindowManager: >>> OPEN TRANSACTION performLayoutAndPlaceSurfaces
04-13 09:37:30.033  1590  1656 I WindowManager:   SURFACE Surface(name=)---MATRIX [0.99903286,0.0,0.0,0.99903286]: 
04-13 09:37:30.033  1590  1656 V WindowManager: Resize reasons for w=Window{6dcbb5c u0 android}:  contentInsetsChanged=false [0,60][0,0] visibleInsetsChanged=true [0,0][0,0] stableInsetsChanged=false [0,60][0,0] outsetsChanged=false [0,0][0,0] surfaceResized=false configChanged=false dragResizingChanged=false resizedWhileNotDragResizingReported=true
04-13 09:37:30.033  1590  1656 V WindowManager: Resizing window Window{6dcbb5c u0 android}
04-13 09:37:30.033  1590  1656 I WindowManager:   SURFACE Surface(name=StatusBar)---MATRIX [1.0,0.0,0.0,1.0]: StatusBar
04-13 09:37:30.033  1590  1656 I WindowManager:   SURFACE Surface(name=com.miui.securitycore/com.miui.securityspace.ui.activity.PrivateSpaceMainActivity)---MATRIX [1.0,0.0,0.0,1.0]: com.miui.securitycore/com.miui.securityspace.ui.activity.PrivateSpaceMainActivity
04-13 09:37:30.034  1590  1656 V WindowManager: Resize reasons for w=Window{613330 u0 com.miui.securitycore/com.miui.securityspace.ui.activity.PrivateSpaceMainActivity}:  contentInsetsChanged=false [0,60][0,0] visibleInsetsChanged=true [0,0][0,0] stableInsetsChanged=false [0,60][0,0] outsetsChanged=false [0,0][0,0] surfaceResized=false configChanged=false dragResizingChanged=false resizedWhileNotDragResizingReported=true
04-13 09:37:30.034  1590  1656 V WindowManager: Resizing window Window{613330 u0 com.miui.securitycore/com.miui.securityspace.ui.activity.PrivateSpaceMainActivity}
04-13 09:37:30.034  1590  1656 I WindowManager:   SURFACE Surface(name=com.android.systemui.ImageWallpaper)---MATRIX [1.0,0.0,0.0,1.0]: com.android.systemui.ImageWallpaper
04-13 09:37:30.034  1590  1656 I WindowManager: <<< CLOSE TRANSACTION performLayoutAndPlaceSurfaces
04-13 09:37:30.034  1590  1656 V WindowManager: Reporting new frame to Window{613330 u0 com.miui.securitycore/com.miui.securityspace.ui.activity.PrivateSpaceMainActivity}: Rect(0, 0 - 1080, 1920)
04-13 09:37:30.034  1590  1656 V WindowManager: Reporting new frame to Window{6dcbb5c u0 android}: Rect(0, 0 - 1080, 1920)
04-13 09:37:30.045   544   544 E AAAA    : setUpHWComposer: empty: more  wasEmpty: notEmpty
04-13 09:37:30.047  1590  1656 I WindowManager: >>> OPEN TRANSACTION animateLocked
04-13 09:37:30.047  1590  1656 I WindowManager:   SURFACE Surface(name=com.android.systemui.ImageWallpaper)---MATRIX [1.0,0.0,0.0,1.0]: com.android.systemui.ImageWallpaper
04-13 09:37:30.047  1590  1656 I WindowManager:   SURFACE Surface(name=com.miui.securitycore/com.miui.securityspace.ui.activity.PrivateSpaceMainActivity)---MATRIX [1.0,0.0,0.0,1.0]: com.miui.securitycore/com.miui.securityspace.ui.activity.PrivateSpaceMainActivity
04-13 09:37:30.047  1590  1656 I WindowManager:   SURFACE Surface(name=StatusBar)---MATRIX [1.0,0.0,0.0,1.0]: StatusBar
04-13 09:37:30.047  1590  1656 I WindowManager:   SURFACE Surface(name=)---POS (setPositionInTransaction) @ (0.0,0.0): 
04-13 09:37:30.047  1590  1656 I WindowManager:   SURFACE Surface(name=)---MATRIX [0.9996739,0.0,0.0,0.9996739]: 
04-13 09:37:30.047  1590  1656 I WindowManager:   SURFACE controller=Surface(name=)alpha=1.0 layer=241000 matrix=[0.9996739*1.0,0.0*1.0][0.0*1.0,0.9996739*1.0]: Window{6dcbb5c u0 android}
04-13 09:37:30.048  1590  1656 I WindowManager: <<< CLOSE TRANSACTION animateLocked
04-13 09:37:30.063   544   544 E AAAA    : setUpHWComposer: empty: more  wasEmpty: notEmpty
04-13 09:37:30.066  1590  1656 I WindowManager: >>> OPEN TRANSACTION animateLocked
04-13 09:37:30.066  1590  1656 I WindowManager:   SURFACE Surface(name=com.android.systemui.ImageWallpaper)---MATRIX [1.0,0.0,0.0,1.0]: com.android.systemui.ImageWallpaper
04-13 09:37:30.066  1590  1656 I WindowManager:   SURFACE Surface(name=com.miui.securitycore/com.miui.securityspace.ui.activity.PrivateSpaceMainActivity)---MATRIX [1.0,0.0,0.0,1.0]: com.miui.securitycore/com.miui.securityspace.ui.activity.PrivateSpaceMainActivity
04-13 09:37:30.066  1590  1656 I WindowManager:   SURFACE Surface(name=StatusBar)---MATRIX [1.0,0.0,0.0,1.0]: StatusBar
04-13 09:37:30.066  1590  1656 I WindowManager:   SURFACE Surface(name=)---MATRIX [0.9999109,0.0,0.0,0.9999109]: 
04-13 09:37:30.066  1590  1656 I WindowManager:   SURFACE controller=Surface(name=)alpha=1.0 layer=241000 matrix=[0.9999109*1.0,0.0*1.0][0.0*1.0,0.9999109*1.0]: Window{6dcbb5c u0 android}
04-13 09:37:30.067  1590  1656 I WindowManager: <<< CLOSE TRANSACTION animateLocked
04-13 09:37:30.078  1590  1656 I WindowManager: >>> OPEN TRANSACTION animateLocked
04-13 09:37:30.078   544   544 E AAAA    : setUpHWComposer: empty: hasOne  wasEmpty: notEmpty
04-13 09:37:30.078   544   544 E AAAA    : layer name 
04-13 09:37:30.078  1590  1656 I WindowManager:   SURFACE Surface(name=com.android.systemui.ImageWallpaper)---MATRIX [1.0,0.0,0.0,1.0]: com.android.systemui.ImageWallpaper
04-13 09:37:30.078  1590  1656 I WindowManager:   SURFACE Surface(name=com.miui.securitycore/com.miui.securityspace.ui.activity.PrivateSpaceMainActivity)---MATRIX [1.0,0.0,0.0,1.0]: com.miui.securitycore/com.miui.securityspace.ui.activity.PrivateSpaceMainActivity
04-13 09:37:30.078  1590  1656 I WindowManager:   SURFACE Surface(name=StatusBar)---MATRIX [1.0,0.0,0.0,1.0]: StatusBar
04-13 09:37:30.078  1590  1656 I WindowManager:   SURFACE Surface(name=)---MATRIX [0.9999865,0.0,0.0,0.9999865]: 
04-13 09:37:30.078  1590  1656 I WindowManager:   SURFACE controller=Surface(name=)alpha=1.0 layer=241000 matrix=[0.9999865*1.0,0.0*1.0][0.0*1.0,0.9999865*1.0]: Window{6dcbb5c u0 android}
04-13 09:37:30.079  1590  1656 I WindowManager: <<< CLOSE TRANSACTION animateLocked
04-13 09:37:30.095   544   544 E AAAA    : setUpHWComposer: empty: hasOne  wasEmpty: notEmpty
04-13 09:37:30.095   544   544 E AAAA    : layer name 
04-13 09:37:30.095  1590  1656 I WindowManager: >>> OPEN TRANSACTION animateLocked
04-13 09:37:30.095  1590  1656 I WindowManager:   SURFACE Surface(name=com.android.systemui.ImageWallpaper)---MATRIX [1.0,0.0,0.0,1.0]: com.android.systemui.ImageWallpaper
04-13 09:37:30.095  1590  1656 I WindowManager:   SURFACE Surface(name=com.miui.securitycore/com.miui.securityspace.ui.activity.PrivateSpaceMainActivity)---MATRIX [1.0,0.0,0.0,1.0]: com.miui.securitycore/com.miui.securityspace.ui.activity.PrivateSpaceMainActivity
04-13 09:37:30.095  1590  1656 I WindowManager:   SURFACE Surface(name=StatusBar)---MATRIX [1.0,0.0,0.0,1.0]: StatusBar
04-13 09:37:30.095  1590  1656 I WindowManager:   SURFACE Surface(name=)---MATRIX [0.9999994,0.0,0.0,0.9999994]: 
04-13 09:37:30.095  1590  1656 I WindowManager:   SURFACE controller=Surface(name=)alpha=1.0 layer=241000 matrix=[0.9999994*1.0,0.0*1.0][0.0*1.0,0.9999994*1.0]: Window{6dcbb5c u0 android}
04-13 09:37:30.096  1590  1656 I WindowManager: <<< CLOSE TRANSACTION animateLocked
04-13 09:37:30.112   544   544 E AAAA    : setUpHWComposer: empty: hasOne  wasEmpty: notEmpty
04-13 09:37:30.112   544   544 E AAAA    : layer name 
04-13 09:37:30.114  1590  1656 I WindowManager: >>> OPEN TRANSACTION animateLocked
04-13 09:37:30.114  1590  1656 I WindowManager:   SURFACE Surface(name=com.android.systemui.ImageWallpaper)---MATRIX [1.0,0.0,0.0,1.0]: com.android.systemui.ImageWallpaper
04-13 09:37:30.114  1590  1656 I WindowManager:   SURFACE Surface(name=com.miui.securitycore/com.miui.securityspace.ui.activity.PrivateSpaceMainActivity)---MATRIX [1.0,0.0,0.0,1.0]: com.miui.securitycore/com.miui.securityspace.ui.activity.PrivateSpaceMainActivity
04-13 09:37:30.114  1590  1656 I WindowManager:   SURFACE Surface(name=StatusBar)---MATRIX [1.0,0.0,0.0,1.0]: StatusBar
04-13 09:37:30.114  1590  1656 I WindowManager:   SURFACE Surface(name=)---MATRIX [1.0,0.0,0.0,1.0]: 
04-13 09:37:30.115  1590  1656 I WindowManager:   SURFACE controller=Surface(name=)alpha=1.0 layer=241000 matrix=[1.0*1.0,0.0*1.0][0.0*1.0,1.0*1.0]: Window{6dcbb5c u0 android}
04-13 09:37:30.115  1590  1656 I WindowManager: <<< CLOSE TRANSACTION animateLocked
04-13 09:37:30.128  1590  1656 I WindowManager: >>> OPEN TRANSACTION animateLocked
04-13 09:37:30.128  1590  1656 I WindowManager:   SURFACE Surface(name=com.android.systemui.ImageWallpaper)---MATRIX [1.0,0.0,0.0,1.0]: com.android.systemui.ImageWallpaper
04-13 09:37:30.128  1590  1656 I WindowManager:   SURFACE Surface(name=com.miui.securitycore/com.miui.securityspace.ui.activity.PrivateSpaceMainActivity)---MATRIX [1.0,0.0,0.0,1.0]: com.miui.securitycore/com.miui.securityspace.ui.activity.PrivateSpaceMainActivity
04-13 09:37:30.128  1590  1656 I WindowManager:   SURFACE Surface(name=StatusBar)---MATRIX [1.0,0.0,0.0,1.0]: StatusBar
04-13 09:37:30.128  1590  1656 I WindowManager:   SURFACE Surface(name=)---MATRIX [1.0,0.0,0.0,1.0]: 
04-13 09:37:30.128  1590  1656 V WindowManager: prepareSurface: No changes in animation for WindowStateAnimator{fa196d8 }
04-13 09:37:30.129   544   544 E AAAA    : setUpHWComposer: empty: hasOne  wasEmpty: notEmpty
04-13 09:37:30.129   544   544 E AAAA    : layer name 
04-13 09:37:30.131  1590  1656 I WindowManager: <<< CLOSE TRANSACTION animateLocked
04-13 09:37:30.145   544   544 E AAAA    : setUpHWComposer: empty: hasOne  wasEmpty: notEmpty
04-13 09:37:30.145   544   544 E AAAA    : layer name 
04-13 09:37:30.149  1590  1656 I WindowManager: >>> OPEN TRANSACTION animateLocked
04-13 09:37:30.149  1590  1656 V WindowManager: Finished animation in WindowStateAnimator{fa196d8 } @ 340774
04-13 09:37:30.149  1590  1656 V WindowManager: Animation done in WindowStateAnimator{fa196d8 }: exiting=false, reportedVisible=false
04-13 09:37:30.149  1590  1656 V WindowManager: finishExit in WindowStateAnimator{fa196d8 }: exiting=false remove=false windowAnimating=false
04-13 09:37:30.149  1590  1656 I WindowManager:   SURFACE Surface(name=com.android.systemui.ImageWallpaper)---MATRIX [1.0,0.0,0.0,1.0]: com.android.systemui.ImageWallpaper
04-13 09:37:30.150  1590  1656 I WindowManager:   SURFACE Surface(name=com.miui.securitycore/com.miui.securityspace.ui.activity.PrivateSpaceMainActivity)---MATRIX [1.0,0.0,0.0,1.0]: com.miui.securitycore/com.miui.securityspace.ui.activity.PrivateSpaceMainActivity
04-13 09:37:30.150  1590  1656 I WindowManager:   SURFACE Surface(name=StatusBar)---MATRIX [1.0,0.0,0.0,1.0]: StatusBar
04-13 09:37:30.150  1590  1656 I WindowManager:   SURFACE Surface(name=)---MATRIX [1.0,0.0,0.0,1.0]: 
04-13 09:37:30.151  1590  1656 I WindowManager: <<< CLOSE TRANSACTION animateLocked
04-13 09:37:30.151  1590  1656 I WindowManager: >>> OPEN TRANSACTION performLayoutAndPlaceSurfaces
04-13 09:37:30.151  1590  1656 I WindowManager:   SURFACE Surface(name=)---MATRIX [1.0,0.0,0.0,1.0]: 
04-13 09:37:30.151  1590  1656 I WindowManager:   SURFACE Surface(name=StatusBar)---MATRIX [1.0,0.0,0.0,1.0]: StatusBar
04-13 09:37:30.152  1590  1656 I WindowManager:   SURFACE Surface(name=com.miui.securitycore/com.miui.securityspace.ui.activity.PrivateSpaceMainActivity)---MATRIX [1.0,0.0,0.0,1.0]: com.miui.securitycore/com.miui.securityspace.ui.activity.PrivateSpaceMainActivity
04-13 09:37:30.152  1590  1656 I WindowManager:   SURFACE Surface(name=com.android.systemui.ImageWallpaper)---MATRIX [1.0,0.0,0.0,1.0]: com.android.systemui.ImageWallpaper
04-13 09:37:30.152  1590  1656 I WindowManager: <<< CLOSE TRANSACTION performLayoutAndPlaceSurfaces
04-13 09:37:30.161   544   544 E AAAA    : setUpHWComposer: empty: hasOne  wasEmpty: notEmpty
04-13 09:37:30.161   544   544 E AAAA    : layer name 
04-13 09:37:30.163  1590  1656 I WindowManager: >>> OPEN TRANSACTION animateLocked
04-13 09:37:30.163  1590  1656 I WindowManager:   SURFACE Surface(name=com.android.systemui.ImageWallpaper)---MATRIX [1.0,0.0,0.0,1.0]: com.android.systemui.ImageWallpaper
04-13 09:37:30.163  1590  1656 I WindowManager:   SURFACE Surface(name=com.miui.securitycore/com.miui.securityspace.ui.activity.PrivateSpaceMainActivity)---MATRIX [1.0,0.0,0.0,1.0]: com.miui.securitycore/com.miui.securityspace.ui.activity.PrivateSpaceMainActivity
04-13 09:37:30.163  1590  1656 I WindowManager:   SURFACE Surface(name=StatusBar)---MATRIX [1.0,0.0,0.0,1.0]: StatusBar
04-13 09:37:30.163  1590  1656 I WindowManager:   SURFACE Surface(name=)---MATRIX [1.0,0.0,0.0,1.0]: 
04-13 09:37:30.164  1590  1656 I WindowManager: <<< CLOSE TRANSACTION animateLocked
04-13 09:37:30.178   544   544 E AAAA    : setUpHWComposer: empty: hasOne  wasEmpty: notEmpty
04-13 09:37:30.178   544   544 E AAAA    : layer name 
04-13 09:37:30.244   544   544 E AAAA    : setUpHWComposer: empty: hasOne  wasEmpty: notEmpty
04-13 09:37:30.411  1590  1651 E AAAA    : start user in foreground
04-13 09:37:30.421  1590  1651 E AAAA    : startFreezingScreen
04-13 09:37:30.421  1590  1651 E AAAA    : java.lang.Throwable
04-13 09:37:30.421  1590  1651 E AAAA    : 	at com.android.server.wm.WindowManagerService.startFreezingDisplayLocked(WindowManagerService.java:10067)
04-13 09:37:30.421  1590  1651 E AAAA    : 	at com.android.server.wm.WindowManagerService.startFreezingScreen(WindowManagerService.java:5515)
04-13 09:37:30.421  1590  1651 E AAAA    : 	at com.android.server.am.UserController.startUser(UserController.java:859)
04-13 09:37:30.421  1590  1651 E AAAA    : 	at com.android.server.am.UserController.startUserInForeground(UserController.java:1017)
04-13 09:37:30.421  1590  1651 E AAAA    : 	at com.android.server.am.UserSwitchingDialogInjector.startUserInForeground(UserSwitchingDialogInjector.java:36)
04-13 09:37:30.421  1590  1651 E AAAA    : 	at com.android.server.am.BaseUserSwitchingDialog.startUser(BaseUserSwitchingDialog.java:57)
04-13 09:37:30.421  1590  1651 E AAAA    : 	at com.android.server.am.UserSwitchingDialogInjector$1.onWindowShown(UserSwitchingDialogInjector.java:19)
04-13 09:37:30.421  1590  1651 E AAAA    : 	at android.view.ViewTreeObserver.dispatchOnWindowShown(ViewTreeObserver.java:966)
04-13 09:37:30.421  1590  1651 E AAAA    : 	at android.view.ViewRootImpl.handleDispatchWindowShown(ViewRootImpl.java:5661)
04-13 09:37:30.421  1590  1651 E AAAA    : 	at android.view.ViewRootImpl$ViewRootHandler.handleMessage(ViewRootImpl.java:3725)
04-13 09:37:30.421  1590  1651 E AAAA    : 	at android.os.Handler.dispatchMessage(Handler.java:102)
04-13 09:37:30.421  1590  1651 E AAAA    : 	at android.os.Looper.loop(Looper.java:165)
04-13 09:37:30.421  1590  1651 E AAAA    : 	at android.os.HandlerThread.run(HandlerThread.java:61)
04-13 09:37:30.421  1590  1651 E AAAA    : 	at com.android.server.ServiceThread.run(ServiceThread.java:46)
04-13 09:37:30.422  1590  1651 D WindowManager: startFreezingDisplayLocked: inTransaction=false exitAnim=17432705 enterAnim=17432704 called by com.android.server.wm.WindowManagerService.startFreezingScreen:5515 com.android.server.am.UserController.startUser:859 com.android.server.am.UserController.startUserInForeground:1017 com.android.server.am.UserSwitchingDialogInjector.startUserInForeground:36 com.android.server.am.BaseUserSwitchingDialog.startUser:57 com.android.server.am.UserSwitchingDialogInjector$1.onWindowShown:19 android.view.ViewTreeObserver.dispatchOnWindowShown:966 android.view.ViewRootImpl.handleDispatchWindowShown:5661 
04-13 09:37:30.423  1590  1651 I WindowManager: >>> OPEN TRANSACTION ScreenRotationAnimation
04-13 09:37:30.435  1590  1651 I WindowManager:   FREEZE Surface(name=ScreenshotSurface): CREATE
04-13 09:37:30.436  1590  1651 V WindowManager: **** ROTATION: 0
04-13 09:37:30.436  1590  1651 I WindowManager: Original  : (0.0,0.0)-(1080.0,1920.0)
04-13 09:37:30.436  1590  1651 I WindowManager: Transformed: (0.0,0.0)-(1080.0,1920.0)
04-13 09:37:30.436   544   544 E AAAA    : setUpHWComposer: empty: hasOne  wasEmpty: notEmpty
04-13 09:37:30.436   544   544 E AAAA    : layer name 
04-13 09:37:30.436  1590  1651 I WindowManager: <<< CLOSE TRANSACTION ScreenRotationAnimation
04-13 09:37:30.440  1590  1651 I WindowManager: >>> OPEN TRANSACTION performLayoutAndPlaceSurfaces
04-13 09:37:30.440  1590  1651 I WindowManager:   SURFACE Surface(name=)---MATRIX [1.0,0.0,0.0,1.0]: 
04-13 09:37:30.440  1590  1651 I WindowManager:   SURFACE Surface(name=StatusBar)---MATRIX [1.0,0.0,0.0,1.0]: StatusBar
04-13 09:37:30.441  1590  1651 I WindowManager:   SURFACE Surface(name=com.miui.securitycore/com.miui.securityspace.ui.activity.PrivateSpaceMainActivity)---MATRIX [1.0,0.0,0.0,1.0]: com.miui.securitycore/com.miui.securityspace.ui.activity.PrivateSpaceMainActivity
04-13 09:37:30.441  1590  1651 I WindowManager:   SURFACE Surface(name=com.android.systemui.ImageWallpaper)---MATRIX [1.0,0.0,0.0,1.0]: com.android.systemui.ImageWallpaper
04-13 09:37:30.441  1590  1651 I WindowManager: <<< CLOSE TRANSACTION performLayoutAndPlaceSurfaces
04-13 09:37:30.441  1590  1651 V WindowManager: With display frozen, orientationChangeComplete=true
04-13 09:37:30.441  1590  1651 D WindowManager: stopFreezingDisplayLocked: Returning mWaitingForConfig=false, mAppsFreezingScreen=0, mWindowsFreezingScreen=0, mClientFreezingScreen=true, mOpeningApps.size()=0
04-13 09:37:30.446   544   544 E AAAA    : setUpHWComposer: empty: more  wasEmpty: notEmpty
04-13 09:37:30.448  1590  1656 I WindowManager: >>> OPEN TRANSACTION animateLocked
04-13 09:37:30.448  1590  1656 I WindowManager:   SURFACE Surface(name=com.android.systemui.ImageWallpaper)---MATRIX [1.0,0.0,0.0,1.0]: com.android.systemui.ImageWallpaper
04-13 09:37:30.448  1590  1656 I WindowManager:   SURFACE Surface(name=com.miui.securitycore/com.miui.securityspace.ui.activity.PrivateSpaceMainActivity)---MATRIX [1.0,0.0,0.0,1.0]: com.miui.securitycore/com.miui.securityspace.ui.activity.PrivateSpaceMainActivity
04-13 09:37:30.448  1590  1656 I WindowManager:   SURFACE Surface(name=StatusBar)---MATRIX [1.0,0.0,0.0,1.0]: StatusBar
04-13 09:37:30.448  1590  1656 I WindowManager:   SURFACE Surface(name=)---MATRIX [1.0,0.0,0.0,1.0]: 
04-13 09:37:30.449  1590  1656 I WindowManager: <<< CLOSE TRANSACTION animateLocked
04-13 09:37:30.453  1590  1651 I WindowManager: >>> OPEN TRANSACTION performLayoutAndPlaceSurfaces
04-13 09:37:30.457  1590  1651 I WindowManager:   SURFACE Surface(name=)---MATRIX [1.0,0.0,0.0,1.0]: 
04-13 09:37:30.457  1590  1651 I WindowManager:   SURFACE Surface(name=StatusBar)---MATRIX [1.0,0.0,0.0,1.0]: StatusBar
04-13 09:37:30.457  1590  1651 I WindowManager:   SURFACE Surface(name=com.miui.securitycore/com.miui.securityspace.ui.activity.PrivateSpaceMainActivity)---MATRIX [1.0,0.0,0.0,1.0]: com.miui.securitycore/com.miui.securityspace.ui.activity.PrivateSpaceMainActivity
04-13 09:37:30.457  1590  1651 I WindowManager:   SURFACE Surface(name=com.android.systemui.ImageWallpaper)---MATRIX [1.0,0.0,0.0,1.0]: com.android.systemui.ImageWallpaper
04-13 09:37:30.458  1590  1651 I WindowManager: <<< CLOSE TRANSACTION performLayoutAndPlaceSurfaces
04-13 09:37:30.458  1590  1651 V WindowManager: With display frozen, orientationChangeComplete=true
04-13 09:37:30.458  1590  1651 D WindowManager: stopFreezingDisplayLocked: Returning mWaitingForConfig=false, mAppsFreezingScreen=0, mWindowsFreezingScreen=0, mClientFreezingScreen=true, mOpeningApps.size()=0
04-13 09:37:30.459  1590  1651 V WindowManager: Done at AppWindowToken{5ae0c15 token=Token{66b1cc ActivityRecord{e9e0fff u0 com.miui.securitycore/com.miui.securityspace.ui.activity.PrivateSpaceMainActivity t135}}} -- full screen, return 1
04-13 09:37:30.459  1590  1651 I WindowManager: >>> OPEN TRANSACTION performLayoutAndPlaceSurfaces
04-13 09:37:30.460  1590  1651 I WindowManager:   SURFACE Surface(name=)---MATRIX [1.0,0.0,0.0,1.0]: 
