07-02 21:20:14.704  1458  1492 E AAAA    : 	at com.android.server.am.ActivityManagerService.completeSwitchAndInitialize(ActivityManagerService.java:21352)
07-02 21:20:14.704  1458  1492 E AAAA    : 	at com.android.server.am.ActivityManagerService.onUserInitialized(ActivityManagerService.java:21330)
07-02 21:20:14.704  1458  1492 E AAAA    : 	at com.android.server.am.ActivityManagerService$26.performReceive(ActivityManagerService.java:21156)
07-02 21:20:14.704  1458  1492 E AAAA    : 	at com.android.server.am.BroadcastQueue.performReceiveLocked(BroadcastQueue.java:481)
07-02 21:20:14.704  1458  1492 E AAAA    : 	at com.android.server.am.BroadcastQueue.processNextBroadcast(BroadcastQueue.java:840)
07-02 21:20:14.704  1458  1492 E AAAA    : 	at com.android.server.am.BroadcastQueue.processNextBroadcast(BroadcastQueue.java:697)
07-02 21:20:14.704  1458  1492 E AAAA    : 	at com.android.server.am.BroadcastQueue$BroadcastHandler.handleMessage(BroadcastQueue.java:174)
07-02 21:20:14.704  1458  1492 E AAAA    : 	at android.os.Handler.dispatchMessage(Handler.java:102)
07-02 21:20:14.704  1458  1492 E AAAA    : 	at android.os.Looper.loop(Looper.java:157)
07-02 21:20:14.704  1458  1492 E AAAA    : 	at android.os.HandlerThread.run(HandlerThread.java:61)
07-02 21:20:14.704  1458  1492 E AAAA    : 	at com.android.server.ServiceThread.run(ServiceThread.java:46)
07-02 21:20:14.705  1458  1492 E AAAA    : set user initializing == false
07-02 21:20:14.705  1458  1492 E AAAA    : java.lang.Throwable
07-02 21:20:14.705  1458  1492 E AAAA    : 	at com.android.server.am.ActivityManagerService.completeSwitchAndInitialize(ActivityManagerService.java:21356)
07-02 21:20:14.705  1458  1492 E AAAA    : 	at com.android.server.am.ActivityManagerService.onUserInitialized(ActivityManagerService.java:21330)
07-02 21:20:14.705  1458  1492 E AAAA    : 	at com.android.server.am.ActivityManagerService$26.performReceive(ActivityManagerService.java:21156)
07-02 21:20:14.705  1458  1492 E AAAA    : 	at com.android.server.am.BroadcastQueue.performReceiveLocked(BroadcastQueue.java:481)
07-02 21:20:14.705  1458  1492 E AAAA    : 	at com.android.server.am.BroadcastQueue.processNextBroadcast(BroadcastQueue.java:840)
07-02 21:20:14.705  1458  1492 E AAAA    : 	at com.android.server.am.BroadcastQueue.processNextBroadcast(BroadcastQueue.java:697)
07-02 21:20:14.705  1458  1492 E AAAA    : 	at com.android.server.am.BroadcastQueue$BroadcastHandler.handleMessage(BroadcastQueue.java:174)
07-02 21:20:14.705  1458  1492 E AAAA    : 	at android.os.Handler.dispatchMessage(Handler.java:102)
07-02 21:20:14.705  1458  1492 E AAAA    : 	at android.os.Looper.loop(Looper.java:157)
07-02 21:20:14.705  1458  1492 E AAAA    : 	at android.os.HandlerThread.run(HandlerThread.java:61)
07-02 21:20:14.705  1458  1492 E AAAA    : 	at com.android.server.ServiceThread.run(ServiceThread.java:46)
07-02 21:20:14.705  1458  1492 E AAAA    : background and initialized
07-02 21:20:14.964  1458  1475 I WindowManager: >>> OPEN TRANSACTION performLayoutAndPlaceSurfaces
07-02 21:20:14.965  1458  1475 I WindowStateAnimator: commitFinishDrawingLocked: mDrawState=READY_TO_SHOW Surface(name=com.miui.securitycore/com.miui.securityspace.ui.activity.PrivateSpaceMainActivity)
07-02 21:20:14.965  1458  1475 W WindowStateAnimator: hiding Window{ee5f1c5 u0 com.miui.securitycore/com.miui.securityspace.ui.activity.PrivateSpaceMainActivity}, belonging to 1000
07-02 21:20:14.965  1458  1475 I WindowStateAnimator: commitFinishDrawingLocked: mDrawState=READY_TO_SHOW Surface(name=com.android.systemui.ImageWallpaper)
07-02 21:20:14.966  1458  1475 V WindowStateAnimator: performShow on WindowStateAnimator{2e3c3b4 com.android.systemui.ImageWallpaper}: mDrawState=READY_TO_SHOW readyForDisplay=false starting=false during animation: policyVis=true attHidden=false tok.hiddenRequested=false tok.hidden=false animating=false tok animating=false Callers=com.android.server.wm.WindowStateAnimator.commitFinishDrawingLocked:547 com.android.server.wm.WindowManagerService.performLayoutAndPlaceSurfacesLockedInner:10254 com.android.server.wm.WindowManagerService.performLayoutAndPlaceSurfacesLockedLoop:9131 
07-02 21:20:14.966  1458  1475 I WindowManager: <<< CLOSE TRANSACTION performLayoutAndPlaceSurfaces
07-02 21:20:14.966  1458  1475 V WindowManager: With display frozen, orientationChangeComplete=true
07-02 21:20:14.967  1458  1475 D WindowManager: stopFreezingDisplayLocked: Returning mWaitingForConfig=false, mAppsFreezingScreen=0, mWindowsFreezingScreen=0, mClientFreezingScreen=true, mOpeningApps.size()=0
07-02 21:20:14.969  1458  1475 I WindowManager: >>> OPEN TRANSACTION performLayoutAndPlaceSurfaces
07-02 21:20:14.969  1458  1475 I WindowStateAnimator: commitFinishDrawingLocked: mDrawState=READY_TO_SHOW Surface(name=com.miui.securitycore/com.miui.securityspace.ui.activity.PrivateSpaceMainActivity)
07-02 21:20:14.971  1458  1475 W WindowStateAnimator: hiding Window{ee5f1c5 u0 com.miui.securitycore/com.miui.securityspace.ui.activity.PrivateSpaceMainActivity}, belonging to 1000
07-02 21:20:14.971  1458  1475 I WindowStateAnimator: commitFinishDrawingLocked: mDrawState=READY_TO_SHOW Surface(name=com.android.systemui.ImageWallpaper)
07-02 21:20:14.972  1458  1475 V WindowStateAnimator: performShow on WindowStateAnimator{2e3c3b4 com.android.systemui.ImageWallpaper}: mDrawState=READY_TO_SHOW readyForDisplay=false starting=false during animation: policyVis=true attHidden=false tok.hiddenRequested=false tok.hidden=false animating=false tok animating=false Callers=com.android.server.wm.WindowStateAnimator.commitFinishDrawingLocked:547 com.android.server.wm.WindowManagerService.performLayoutAndPlaceSurfacesLockedInner:10254 com.android.server.wm.WindowManagerService.performLayoutAndPlaceSurfacesLockedLoop:9131 
07-02 21:20:14.974  1458  1475 I WindowManager: <<< CLOSE TRANSACTION performLayoutAndPlaceSurfaces
07-02 21:20:14.974  1458  1475 V WindowManager: With display frozen, orientationChangeComplete=true
07-02 21:20:14.974  1458  1475 D WindowManager: stopFreezingDisplayLocked: Returning mWaitingForConfig=false, mAppsFreezingScreen=0, mWindowsFreezingScreen=0, mClientFreezingScreen=true, mOpeningApps.size()=0
07-02 21:20:14.976  1458  1475 I WindowManager: >>> OPEN TRANSACTION performLayoutAndPlaceSurfaces
07-02 21:20:14.976  1458  1475 I WindowStateAnimator: commitFinishDrawingLocked: mDrawState=READY_TO_SHOW Surface(name=com.miui.securitycore/com.miui.securityspace.ui.activity.PrivateSpaceMainActivity)
07-02 21:20:14.976  1458  1475 W WindowStateAnimator: hiding Window{ee5f1c5 u0 com.miui.securitycore/com.miui.securityspace.ui.activity.PrivateSpaceMainActivity}, belonging to 1000
07-02 21:20:14.976  1458  1475 I WindowStateAnimator: commitFinishDrawingLocked: mDrawState=READY_TO_SHOW Surface(name=com.android.systemui.ImageWallpaper)
07-02 21:20:14.977  1458  1475 V WindowStateAnimator: performShow on WindowStateAnimator{2e3c3b4 com.android.systemui.ImageWallpaper}: mDrawState=READY_TO_SHOW readyForDisplay=false starting=false during animation: policyVis=true attHidden=false tok.hiddenRequested=false tok.hidden=false animating=false tok animating=false Callers=com.android.server.wm.WindowStateAnimator.commitFinishDrawingLocked:547 com.android.server.wm.WindowManagerService.performLayoutAndPlaceSurfacesLockedInner:10254 com.android.server.wm.WindowManagerService.performLayoutAndPlaceSurfacesLockedLoop:9131 
07-02 21:20:14.978  1458  1475 I WindowManager: <<< CLOSE TRANSACTION performLayoutAndPlaceSurfaces
07-02 21:20:14.978  1458  1475 V WindowManager: With display frozen, orientationChangeComplete=true
07-02 21:20:14.978  1458  1475 D WindowManager: stopFreezingDisplayLocked: Returning mWaitingForConfig=false, mAppsFreezingScreen=0, mWindowsFreezingScreen=0, mClientFreezingScreen=true, mOpeningApps.size()=0
07-02 21:20:14.980  1458  1520 I WindowAnimator: >>> OPEN TRANSACTION animateLocked
07-02 21:20:14.981  1458  1520 V WindowStateAnimator: performShow on WindowStateAnimator{2e3c3b4 com.android.systemui.ImageWallpaper}: mDrawState=READY_TO_SHOW readyForDisplay=false starting=false during animation: policyVis=true attHidden=false tok.hiddenRequested=false tok.hidden=false animating=false tok animating=false Callers=com.android.server.wm.WindowAnimator.updateWindowsLocked:440 com.android.server.wm.WindowAnimator.animateLocked:688 com.android.server.wm.WindowAnimator.access$000:53 
07-02 21:20:14.981  1458  1520 I WindowAnimator: <<< CLOSE TRANSACTION animateLocked
07-02 21:20:14.989  1458  1475 I WindowManager: >>> OPEN TRANSACTION performLayoutAndPlaceSurfaces
07-02 21:20:14.989  1458  1475 I WindowStateAnimator: commitFinishDrawingLocked: mDrawState=READY_TO_SHOW Surface(name=com.miui.securitycore/com.miui.securityspace.ui.activity.PrivateSpaceMainActivity)
07-02 21:20:14.990  1458  1475 W WindowStateAnimator: hiding Window{ee5f1c5 u0 com.miui.securitycore/com.miui.securityspace.ui.activity.PrivateSpaceMainActivity}, belonging to 1000
07-02 21:20:14.990  1458  1475 I WindowStateAnimator: commitFinishDrawingLocked: mDrawState=READY_TO_SHOW Surface(name=com.android.systemui.ImageWallpaper)
07-02 21:20:14.994  1458  1475 V WindowStateAnimator: performShow on WindowStateAnimator{2e3c3b4 com.android.systemui.ImageWallpaper}: mDrawState=READY_TO_SHOW readyForDisplay=false starting=false during animation: policyVis=true attHidden=false tok.hiddenRequested=false tok.hidden=false animating=false tok animating=false Callers=com.android.server.wm.WindowStateAnimator.commitFinishDrawingLocked:547 com.android.server.wm.WindowManagerService.performLayoutAndPlaceSurfacesLockedInner:10254 com.android.server.wm.WindowManagerService.performLayoutAndPlaceSurfacesLockedLoop:9131 
07-02 21:20:14.995  1458  1475 I WindowManager: <<< CLOSE TRANSACTION performLayoutAndPlaceSurfaces
07-02 21:20:14.995  1458  1475 V WindowManager: With display frozen, orientationChangeComplete=true
07-02 21:20:14.995  1458  1475 D WindowManager: stopFreezingDisplayLocked: Returning mWaitingForConfig=false, mAppsFreezingScreen=0, mWindowsFreezingScreen=0, mClientFreezingScreen=true, mOpeningApps.size()=0
07-02 21:20:15.013  1458  1520 I WindowAnimator: >>> OPEN TRANSACTION animateLocked
07-02 21:20:15.014  1458  1520 V WindowStateAnimator: performShow on WindowStateAnimator{2e3c3b4 com.android.systemui.ImageWallpaper}: mDrawState=READY_TO_SHOW readyForDisplay=false starting=false during animation: policyVis=true attHidden=false tok.hiddenRequested=false tok.hidden=false animating=false tok animating=false Callers=com.android.server.wm.WindowAnimator.updateWindowsLocked:440 com.android.server.wm.WindowAnimator.animateLocked:688 com.android.server.wm.WindowAnimator.access$000:53 
07-02 21:20:15.019  1458  1520 I WindowAnimator: <<< CLOSE TRANSACTION animateLocked
07-02 21:20:15.310  1458  1475 I WindowManager: Screenshot max retries 4 of Token{8674f81 ActivityRecord{56e6f68 u0 com.miui.securitycore/com.miui.securityspace.ui.activity.PrivateSpaceMainActivity t96}} appWin=Window{ee5f1c5 u0 com.miui.securitycore/com.miui.securityspace.ui.activity.PrivateSpaceMainActivity} drawState=3
07-02 21:20:15.311  1458  1475 V WindowManager: Clear freezing of Token{8674f81 ActivityRecord{56e6f68 u0 com.miui.securitycore/com.miui.securityspace.ui.activity.PrivateSpaceMainActivity t96}}: hidden=false freezing=false
07-02 21:20:15.326  1458  1475 I WindowManager: >>> OPEN TRANSACTION performLayoutAndPlaceSurfaces
07-02 21:20:15.326  1458  1475 I WindowStateAnimator: commitFinishDrawingLocked: mDrawState=READY_TO_SHOW Surface(name=com.miui.securitycore/com.miui.securityspace.ui.activity.PrivateSpaceMainActivity)
07-02 21:20:15.326  1458  1475 W WindowStateAnimator: hiding Window{ee5f1c5 u0 com.miui.securitycore/com.miui.securityspace.ui.activity.PrivateSpaceMainActivity}, belonging to 1000
07-02 21:20:15.326  1458  1475 I WindowStateAnimator: commitFinishDrawingLocked: mDrawState=READY_TO_SHOW Surface(name=com.android.systemui.ImageWallpaper)
07-02 21:20:15.327  1458  1475 V WindowStateAnimator: performShow on WindowStateAnimator{2e3c3b4 com.android.systemui.ImageWallpaper}: mDrawState=READY_TO_SHOW readyForDisplay=false starting=false during animation: policyVis=true attHidden=false tok.hiddenRequested=false tok.hidden=false animating=false tok animating=false Callers=com.android.server.wm.WindowStateAnimator.commitFinishDrawingLocked:547 com.android.server.wm.WindowManagerService.performLayoutAndPlaceSurfacesLockedInner:10254 com.android.server.wm.WindowManagerService.performLayoutAndPlaceSurfacesLockedLoop:9131 
07-02 21:20:15.328  1458  1475 I WindowManager: <<< CLOSE TRANSACTION performLayoutAndPlaceSurfaces
07-02 21:20:15.328  1458  1475 V WindowManager: With display frozen, orientationChangeComplete=true
07-02 21:20:15.328  1458  1475 D WindowManager: stopFreezingDisplayLocked: Returning mWaitingForConfig=false, mAppsFreezingScreen=0, mWindowsFreezingScreen=0, mClientFreezingScreen=true, mOpeningApps.size()=0
07-02 21:20:15.335  1458  1475 I WindowManager: >>> OPEN TRANSACTION setFocusedApp
07-02 21:20:15.335  1458  1475 I WindowManager: >>> CLOSE TRANSACTION setFocusedApp
07-02 21:20:15.337  1458  1475 E AAAA    : completeSwitchAndInitialize
07-02 21:20:15.337  1458  1475 E AAAA    : java.lang.Throwable
07-02 21:20:15.337  1458  1475 E AAAA    : 	at com.android.server.am.ActivityManagerService.completeSwitchAndInitialize(ActivityManagerService.java:21352)
07-02 21:20:15.337  1458  1475 E AAAA    : 	at com.android.server.am.ActivityManagerService.onUserInitialized(ActivityManagerService.java:21330)
07-02 21:20:15.337  1458  1475 E AAAA    : 	at com.android.server.am.ActivityManagerService$26.performReceive(ActivityManagerService.java:21156)
07-02 21:20:15.337  1458  1475 E AAAA    : 	at com.android.server.am.BroadcastQueue.performReceiveLocked(BroadcastQueue.java:481)
07-02 21:20:15.337  1458  1475 E AAAA    : 	at com.android.server.am.BroadcastQueue.processNextBroadcast(BroadcastQueue.java:840)
07-02 21:20:15.337  1458  1475 E AAAA    : 	at com.android.server.am.BroadcastQueue.processNextBroadcast(BroadcastQueue.java:697)
07-02 21:20:15.337  1458  1475 E AAAA    : 	at com.android.server.am.ActivityManagerService.finishReceiver(ActivityManagerService.java:18003)
07-02 21:20:15.337  1458  1475 E AAAA    : 	at android.app.ActivityManagerNative.onTransact(ActivityManagerNative.java:499)
07-02 21:20:15.337  1458  1475 E AAAA    : 	at com.android.server.am.ActivityManagerService.onTransact(ActivityManagerService.java:2652)
07-02 21:20:15.337  1458  1475 E AAAA    : 	at android.os.Binder.execTransact(Binder.java:455)
07-02 21:20:15.338  1458  1475 E AAAA    : set user initializing == false
07-02 21:20:15.338  1458  1475 E AAAA    : java.lang.Throwable
07-02 21:20:15.338  1458  1475 E AAAA    : 	at com.android.server.am.ActivityManagerService.completeSwitchAndInitialize(ActivityManagerService.java:21356)
07-02 21:20:15.338  1458  1475 E AAAA    : 	at com.android.server.am.ActivityManagerService.onUserInitialized(ActivityManagerService.java:21330)
07-02 21:20:15.338  1458  1475 E AAAA    : 	at com.android.server.am.ActivityManagerService$26.performReceive(ActivityManagerService.java:21156)
07-02 21:20:15.338  1458  1475 E AAAA    : 	at com.android.server.am.BroadcastQueue.performReceiveLocked(BroadcastQueue.java:481)
07-02 21:20:15.338  1458  1475 E AAAA    : 	at com.android.server.am.BroadcastQueue.processNextBroadcast(BroadcastQueue.java:840)
07-02 21:20:15.338  1458  1475 E AAAA    : 	at com.android.server.am.BroadcastQueue.processNextBroadcast(BroadcastQueue.java:697)
07-02 21:20:15.338  1458  1475 E AAAA    : 	at com.android.server.am.ActivityManagerService.finishReceiver(ActivityManagerService.java:18003)
07-02 21:20:15.338  1458  1475 E AAAA    : 	at android.app.ActivityManagerNative.onTransact(ActivityManagerNative.java:499)
07-02 21:20:15.338  1458  1475 E AAAA    : 	at com.android.server.am.ActivityManagerService.onTransact(ActivityManagerService.java:2652)
07-02 21:20:15.338  1458  1475 E AAAA    : 	at android.os.Binder.execTransact(Binder.java:455)
07-02 21:20:15.338  1458  1475 E AAAA    : stopForzen mClientFreezingScreen=false
07-02 21:20:15.338  1458  1475 E AAAA    : java.lang.Throwable
07-02 21:20:15.338  1458  1475 E AAAA    : 	at com.android.server.wm.WindowManagerService.stopFreezingScreen(WindowManagerService.java:5448)
07-02 21:20:15.338  1458  1475 E AAAA    : 	at com.android.server.am.ActivityManagerService.completeSwitchAndInitialize(ActivityManagerService.java:21364)
07-02 21:20:15.338  1458  1475 E AAAA    : 	at com.android.server.am.ActivityManagerService.onUserInitialized(ActivityManagerService.java:21330)
07-02 21:20:15.338  1458  1475 E AAAA    : 	at com.android.server.am.ActivityManagerService$26.performReceive(ActivityManagerService.java:21156)
07-02 21:20:15.338  1458  1475 E AAAA    : 	at com.android.server.am.BroadcastQueue.performReceiveLocked(BroadcastQueue.java:481)
07-02 21:20:15.338  1458  1475 E AAAA    : 	at com.android.server.am.BroadcastQueue.processNextBroadcast(BroadcastQueue.java:840)
07-02 21:20:15.338  1458  1475 E AAAA    : 	at com.android.server.am.BroadcastQueue.processNextBroadcast(BroadcastQueue.java:697)
07-02 21:20:15.338  1458  1475 E AAAA    : 	at com.android.server.am.ActivityManagerService.finishReceiver(ActivityManagerService.java:18003)
07-02 21:20:15.338  1458  1475 E AAAA    : 	at android.app.ActivityManagerNative.onTransact(ActivityManagerNative.java:499)
07-02 21:20:15.338  1458  1475 E AAAA    : 	at com.android.server.am.ActivityManagerService.onTransact(ActivityManagerService.java:2652)
07-02 21:20:15.338  1458  1475 E AAAA    : 	at android.os.Binder.execTransact(Binder.java:455)
07-02 21:20:15.340  1458  1475 E AAAA    : stopFreezingDisplayLocked
07-02 21:20:15.340  1458  1475 E AAAA    : java.lang.Exception
07-02 21:20:15.340  1458  1475 E AAAA    : 	at com.android.server.wm.WindowManagerService.stopFreezingDisplayLocked(WindowManagerService.java:11072)
07-02 21:20:15.340  1458  1475 E AAAA    : 	at com.android.server.wm.WindowManagerService.stopFreezingScreen(WindowManagerService.java:5452)
07-02 21:20:15.340  1458  1475 E AAAA    : 	at com.android.server.am.ActivityManagerService.completeSwitchAndInitialize(ActivityManagerService.java:21364)
07-02 21:20:15.340  1458  1475 E AAAA    : 	at com.android.server.am.ActivityManagerService.onUserInitialized(ActivityManagerService.java:21330)
07-02 21:20:15.340  1458  1475 E AAAA    : 	at com.android.server.am.ActivityManagerService$26.performReceive(ActivityManagerService.java:21156)
07-02 21:20:15.340  1458  1475 E AAAA    : 	at com.android.server.am.BroadcastQueue.performReceiveLocked(BroadcastQueue.java:481)
07-02 21:20:15.340  1458  1475 E AAAA    : 	at com.android.server.am.BroadcastQueue.processNextBroadcast(BroadcastQueue.java:840)
07-02 21:20:15.340  1458  1475 E AAAA    : 	at com.android.server.am.BroadcastQueue.processNextBroadcast(BroadcastQueue.java:697)
07-02 21:20:15.340  1458  1475 E AAAA    : 	at com.android.server.am.ActivityManagerService.finishReceiver(ActivityManagerService.java:18003)
07-02 21:20:15.340  1458  1475 E AAAA    : 	at android.app.ActivityManagerNative.onTransact(ActivityManagerNative.java:499)
07-02 21:20:15.340  1458  1475 E AAAA    : 	at com.android.server.am.ActivityManagerService.onTransact(ActivityManagerService.java:2652)
07-02 21:20:15.340  1458  1475 E AAAA    : 	at android.os.Binder.execTransact(Binder.java:455)
07-02 21:20:15.340  1458  1475 I WindowManager: Screen frozen for +7s273ms due to client
07-02 21:20:15.340  1458  1475 I WindowManager: **** Dismissing screen rotation animation
07-02 21:20:15.341  1458  1475 I WindowManager: >>> OPEN TRANSACTION ScreenRotationAnimation.startAnimation
07-02 21:20:15.342  1458  1475 I WindowManager:   BLACK Surface(name=BlackSurface): CREATE layer=2000000
07-02 21:20:15.345  1458  1475 I WindowManager:   BLACK Surface(name=BlackSurface): CREATE layer=2000000
07-02 21:20:15.346  1458  1475 I WindowManager:   BLACK Surface(name=BlackSurface): CREATE layer=2000000
07-02 21:20:15.347  1458  1475 I WindowManager:   BLACK Surface(name=BlackSurface): CREATE layer=2000000
07-02 21:20:15.351  1458  1475 I WindowManager: <<< CLOSE TRANSACTION ScreenRotationAnimation.startAnimation
07-02 21:20:15.351  1458  1475 V WindowManager: Skipping AppWindowToken{710983e token=Token{3d203bc ActivityRecord{8b32f8e u10 com.miui.home/.launcher.Launcher t97}}} -- hidden on top
07-02 21:20:15.351  1458  1475 V WindowManager: Skipping AppWindowToken{dc34e7f token=Token{4335020 ActivityRecord{663a323 u0 com.miui.home/.launcher.Launcher t95}}} -- hidden on top
07-02 21:20:15.351  1458  1475 V WindowManager: Done at AppWindowToken{cfc5826 token=Token{8674f81 ActivityRecord{56e6f68 u0 com.miui.securitycore/com.miui.securityspace.ui.activity.PrivateSpaceMainActivity t96}}} -- full screen, return 1
07-02 21:20:15.352  1458  1520 I WindowAnimator: >>> OPEN TRANSACTION animateLocked
07-02 21:20:15.352  1458  1520 V WindowStateAnimator: performShow on WindowStateAnimator{2e3c3b4 com.android.systemui.ImageWallpaper}: mDrawState=READY_TO_SHOW readyForDisplay=false starting=false during animation: policyVis=true attHidden=false tok.hiddenRequested=false tok.hidden=false animating=false tok animating=false Callers=com.android.server.wm.WindowAnimator.updateWindowsLocked:440 com.android.server.wm.WindowAnimator.animateLocked:688 com.android.server.wm.WindowAnimator.access$000:53 
07-02 21:20:15.352  1458  1520 I WindowManager:   SURFACE alpha=0.0 layer=161000 matrix=[1.0*1.0,0.0*1.0][0.0*1.0,1.0*1.0]: Window{f81f8f7 u0 StatusBar}
07-02 21:20:15.353  1458  1475 E AAAA    : foreground and initialized
07-02 21:20:15.357  1458  1520 I WindowAnimator: <<< CLOSE TRANSACTION animateLocked
07-02 21:20:15.358  1458  1520 I WindowManager: >>> OPEN TRANSACTION performLayoutAndPlaceSurfaces
07-02 21:20:15.358  1458  1520 I WindowStateAnimator: commitFinishDrawingLocked: mDrawState=READY_TO_SHOW Surface(name=com.miui.securitycore/com.miui.securityspace.ui.activity.PrivateSpaceMainActivity)
07-02 21:20:15.358  1458  1520 W WindowStateAnimator: hiding Window{ee5f1c5 u0 com.miui.securitycore/com.miui.securityspace.ui.activity.PrivateSpaceMainActivity}, belonging to 1000
07-02 21:20:15.359  1458  1520 I WindowStateAnimator: commitFinishDrawingLocked: mDrawState=READY_TO_SHOW Surface(name=com.android.systemui.ImageWallpaper)
07-02 21:20:15.359  1458  1520 V WindowStateAnimator: performShow on WindowStateAnimator{2e3c3b4 com.android.systemui.ImageWallpaper}: mDrawState=READY_TO_SHOW readyForDisplay=false starting=false during animation: policyVis=true attHidden=false tok.hiddenRequested=false tok.hidden=false animating=false tok animating=false Callers=com.android.server.wm.WindowStateAnimator.commitFinishDrawingLocked:547 com.android.server.wm.WindowManagerService.performLayoutAndPlaceSurfacesLockedInner:10254 com.android.server.wm.WindowManagerService.performLayoutAndPlaceSurfacesLockedLoop:9131 
07-02 21:20:15.360  1458  1520 I WindowManager: <<< CLOSE TRANSACTION performLayoutAndPlaceSurfaces
07-02 21:20:15.367  1458  1520 I WindowAnimator: >>> OPEN TRANSACTION animateLocked
07-02 21:20:15.368  1458  1520 V WindowStateAnimator: performShow on WindowStateAnimator{2e3c3b4 com.android.systemui.ImageWallpaper}: mDrawState=READY_TO_SHOW readyForDisplay=false starting=false during animation: policyVis=true attHidden=false tok.hiddenRequested=false tok.hidden=false animating=false tok animating=false Callers=com.android.server.wm.WindowAnimator.updateWindowsLocked:440 com.android.server.wm.WindowAnimator.animateLocked:688 com.android.server.wm.WindowAnimator.access$000:53 
07-02 21:20:15.368  1458  1520 I WindowManager:   SURFACE alpha=0.0025244951 layer=161000 matrix=[1.0*1.0,0.0*1.0][0.0*1.0,1.0*1.0]: Window{f81f8f7 u0 StatusBar}
07-02 21:20:15.369  1458  1520 I WindowAnimator: <<< CLOSE TRANSACTION animateLocked
07-02 21:20:15.382  1458  1520 I WindowAnimator: >>> OPEN TRANSACTION animateLocked
07-02 21:20:15.382  1458  1520 V WindowStateAnimator: performShow on WindowStateAnimator{2e3c3b4 com.android.systemui.ImageWallpaper}: mDrawState=READY_TO_SHOW readyForDisplay=false starting=false during animation: policyVis=true attHidden=false tok.hiddenRequested=false tok.hidden=false animating=false tok animating=false Callers=com.android.server.wm.WindowAnimator.updateWindowsLocked:440 com.android.server.wm.WindowAnimator.animateLocked:688 com.android.server.wm.WindowAnimator.access$000:53 
07-02 21:20:15.383  1458  1520 I WindowManager:   SURFACE alpha=0.010709554 layer=161000 matrix=[1.0*1.0,0.0*1.0][0.0*1.0,1.0*1.0]: Window{f81f8f7 u0 StatusBar}
07-02 21:20:15.395  1458  1520 I WindowAnimator: <<< CLOSE TRANSACTION animateLocked
07-02 21:20:15.398  1458  1520 I WindowAnimator: >>> OPEN TRANSACTION animateLocked
07-02 21:20:15.398  1458  1520 V WindowStateAnimator: performShow on WindowStateAnimator{2e3c3b4 com.android.systemui.ImageWallpaper}: mDrawState=READY_TO_SHOW readyForDisplay=false starting=false during animation: policyVis=true attHidden=false tok.hiddenRequested=false tok.hidden=false animating=false tok animating=false Callers=com.android.server.wm.WindowAnimator.updateWindowsLocked:440 com.android.server.wm.WindowAnimator.animateLocked:688 com.android.server.wm.WindowAnimator.access$000:53 
07-02 21:20:15.398  1458  1520 I WindowManager:   SURFACE alpha=0.02447176 layer=161000 matrix=[1.0*1.0,0.0*1.0][0.0*1.0,1.0*1.0]: Window{f81f8f7 u0 StatusBar}
07-02 21:20:15.399  1458  1520 I WindowAnimator: <<< CLOSE TRANSACTION animateLocked
07-02 21:20:15.414  1458  1520 I WindowAnimator: >>> OPEN TRANSACTION animateLocked
07-02 21:20:15.415  1458  1520 V WindowStateAnimator: performShow on WindowStateAnimator{2e3c3b4 com.android.systemui.ImageWallpaper}: mDrawState=READY_TO_SHOW readyForDisplay=false starting=false during animation: policyVis=true attHidden=false tok.hiddenRequested=false tok.hidden=false animating=false tok animating=false Callers=com.android.server.wm.WindowAnimator.updateWindowsLocked:440 com.android.server.wm.WindowAnimator.animateLocked:688 com.android.server.wm.WindowAnimator.access$000:53 
07-02 21:20:15.415  1458  1520 I WindowManager:   SURFACE alpha=0.043654233 layer=161000 matrix=[1.0*1.0,0.0*1.0][0.0*1.0,1.0*1.0]: Window{f81f8f7 u0 StatusBar}
07-02 21:20:15.416  1458  1520 I WindowAnimator: <<< CLOSE TRANSACTION animateLocked
07-02 21:20:15.431  1458  1520 I WindowAnimator: >>> OPEN TRANSACTION animateLocked
07-02 21:20:15.432  1458  1520 V WindowStateAnimator: performShow on WindowStateAnimator{2e3c3b4 com.android.systemui.ImageWallpaper}: mDrawState=READY_TO_SHOW readyForDisplay=false starting=false during animation: policyVis=true attHidden=false tok.hiddenRequested=false tok.hidden=false animating=false tok animating=false Callers=com.android.server.wm.WindowAnimator.updateWindowsLocked:440 com.android.server.wm.WindowAnimator.animateLocked:688 com.android.server.wm.WindowAnimator.access$000:53 
07-02 21:20:15.432  1458  1520 I WindowManager:   SURFACE alpha=0.06646466 layer=161000 matrix=[1.0*1.0,0.0*1.0][0.0*1.0,1.0*1.0]: Window{f81f8f7 u0 StatusBar}
07-02 21:20:15.433  1458  1520 I WindowAnimator: <<< CLOSE TRANSACTION animateLocked
07-02 21:20:15.448  1458  1520 I WindowAnimator: >>> OPEN TRANSACTION animateLocked
07-02 21:20:15.449  1458  1520 V WindowStateAnimator: performShow on WindowStateAnimator{2e3c3b4 com.android.systemui.ImageWallpaper}: mDrawState=READY_TO_SHOW readyForDisplay=false starting=false during animation: policyVis=true attHidden=false tok.hiddenRequested=false tok.hidden=false animating=false tok animating=false Callers=com.android.server.wm.WindowAnimator.updateWindowsLocked:440 com.android.server.wm.WindowAnimator.animateLocked:688 com.android.server.wm.WindowAnimator.access$000:53 
07-02 21:20:15.449  1458  1520 I WindowManager:   SURFACE alpha=0.09549156 layer=161000 matrix=[1.0*1.0,0.0*1.0][0.0*1.0,1.0*1.0]: Window{f81f8f7 u0 StatusBar}
07-02 21:20:15.450  1458  1520 I WindowAnimator: <<< CLOSE TRANSACTION animateLocked
07-02 21:20:15.464  1458  1520 I WindowAnimator: >>> OPEN TRANSACTION animateLocked
07-02 21:20:15.465  1458  1520 V WindowStateAnimator: performShow on WindowStateAnimator{2e3c3b4 com.android.systemui.ImageWallpaper}: mDrawState=READY_TO_SHOW readyForDisplay=false starting=false during animation: policyVis=true attHidden=false tok.hiddenRequested=false tok.hidden=false animating=false tok animating=false Callers=com.android.server.wm.WindowAnimator.updateWindowsLocked:440 com.android.server.wm.WindowAnimator.animateLocked:688 com.android.server.wm.WindowAnimator.access$000:53 
07-02 21:20:15.465  1458  1520 I WindowManager:   SURFACE alpha=0.12912908 layer=161000 matrix=[1.0*1.0,0.0*1.0][0.0*1.0,1.0*1.0]: Window{f81f8f7 u0 StatusBar}
07-02 21:20:15.466  1458  1520 I WindowAnimator: <<< CLOSE TRANSACTION animateLocked
07-02 21:20:15.481  1458  1520 I WindowAnimator: >>> OPEN TRANSACTION animateLocked
07-02 21:20:15.483  1458  1520 V WindowStateAnimator: performShow on WindowStateAnimator{2e3c3b4 com.android.systemui.ImageWallpaper}: mDrawState=READY_TO_SHOW readyForDisplay=false starting=false during animation: policyVis=true attHidden=false tok.hiddenRequested=false tok.hidden=false animating=false tok animating=false Callers=com.android.server.wm.WindowAnimator.updateWindowsLocked:440 com.android.server.wm.WindowAnimator.animateLocked:688 com.android.server.wm.WindowAnimator.access$000:53 
07-02 21:20:15.483  1458  1520 I WindowManager:   SURFACE alpha=0.16465724 layer=161000 matrix=[1.0*1.0,0.0*1.0][0.0*1.0,1.0*1.0]: Window{f81f8f7 u0 StatusBar}
07-02 21:20:15.490  1458  1520 I WindowAnimator: <<< CLOSE TRANSACTION animateLocked
07-02 21:20:15.498  1458  2290 V WindowManager: Skipping set freeze of Token{3d203bc ActivityRecord{8b32f8e u10 com.miui.home/.launcher.Launcher t97}}
07-02 21:20:15.499  1458  2290 V WindowManager: setAppVisibility(Token{3d203bc ActivityRecord{8b32f8e u10 com.miui.home/.launcher.Launcher t97}}, visible=true): mNextAppTransition=TRANSIT_TASK_OPEN hidden=true hiddenRequested=true Callers=com.android.server.am.ActivityStackSupervisor.realStartActivityLocked:1268 com.android.server.am.ActivityStackSupervisor.attachApplicationLocked:669 com.android.server.am.ActivityManagerService.attachApplicationLocked:6649 com.android.server.am.ActivityManagerService.attachApplication:6712 android.app.ActivityManagerNative.onTransact:510 com.android.server.am.ActivityManagerService.onTransact:2652 
07-02 21:20:15.499  1458  2290 V WindowManager: Done at AppWindowToken{710983e token=Token{3d203bc ActivityRecord{8b32f8e u10 com.miui.home/.launcher.Launcher t97}}} -- full screen, return 1
07-02 21:20:15.501  1458  1520 I WindowAnimator: >>> OPEN TRANSACTION animateLocked
07-02 21:20:15.502  1458  1520 V WindowStateAnimator: performShow on WindowStateAnimator{2e3c3b4 com.android.systemui.ImageWallpaper}: mDrawState=READY_TO_SHOW readyForDisplay=false starting=false during animation: policyVis=true attHidden=false tok.hiddenRequested=false tok.hidden=false animating=false tok animating=false Callers=com.android.server.wm.WindowAnimator.updateWindowsLocked:440 com.android.server.wm.WindowAnimator.animateLocked:688 com.android.server.wm.WindowAnimator.access$000:53 
07-02 21:20:15.502  1458  1520 I WindowManager:   SURFACE alpha=0.20610732 layer=161000 matrix=[1.0*1.0,0.0*1.0][0.0*1.0,1.0*1.0]: Window{f81f8f7 u0 StatusBar}
07-02 21:20:15.503  1458  1520 I WindowAnimator: <<< CLOSE TRANSACTION animateLocked
07-02 21:20:15.506  1458  2290 I WindowManager: >>> OPEN TRANSACTION performLayoutAndPlaceSurfaces
07-02 21:20:15.506  1458  2290 I WindowStateAnimator: commitFinishDrawingLocked: mDrawState=READY_TO_SHOW Surface(name=com.miui.securitycore/com.miui.securityspace.ui.activity.PrivateSpaceMainActivity)
07-02 21:20:15.507  1458  2290 W WindowStateAnimator: hiding Window{ee5f1c5 u0 com.miui.securitycore/com.miui.securityspace.ui.activity.PrivateSpaceMainActivity}, belonging to 1000
07-02 21:20:15.507  1458  2290 I WindowStateAnimator: commitFinishDrawingLocked: mDrawState=READY_TO_SHOW Surface(name=com.android.systemui.ImageWallpaper)
07-02 21:20:15.507  1458  2290 V WindowStateAnimator: performShow on WindowStateAnimator{2e3c3b4 com.android.systemui.ImageWallpaper}: mDrawState=READY_TO_SHOW readyForDisplay=false starting=false during animation: policyVis=true attHidden=false tok.hiddenRequested=false tok.hidden=false animating=false tok animating=false Callers=com.android.server.wm.WindowStateAnimator.commitFinishDrawingLocked:547 com.android.server.wm.WindowManagerService.performLayoutAndPlaceSurfacesLockedInner:10254 com.android.server.wm.WindowManagerService.performLayoutAndPlaceSurfacesLockedLoop:9131 
07-02 21:20:15.508  1458  2290 I WindowManager: <<< CLOSE TRANSACTION performLayoutAndPlaceSurfaces
07-02 21:20:15.514  1458  1520 I WindowAnimator: >>> OPEN TRANSACTION animateLocked
07-02 21:20:15.525  1458  1520 V WindowStateAnimator: performShow on WindowStateAnimator{2e3c3b4 com.android.systemui.ImageWallpaper}: mDrawState=READY_TO_SHOW readyForDisplay=false starting=false during animation: policyVis=true attHidden=false tok.hiddenRequested=false tok.hidden=false animating=false tok animating=false Callers=com.android.server.wm.WindowAnimator.updateWindowsLocked:440 com.android.server.wm.WindowAnimator.animateLocked:688 com.android.server.wm.WindowAnimator.access$000:53 
07-02 21:20:15.525  1458  1520 I WindowManager:   SURFACE alpha=0.24818844 layer=161000 matrix=[1.0*1.0,0.0*1.0][0.0*1.0,1.0*1.0]: Window{f81f8f7 u0 StatusBar}
07-02 21:20:15.536  1458  1520 I WindowAnimator: <<< CLOSE TRANSACTION animateLocked
07-02 21:20:15.537  1458  2673 I WindowManager: >>> OPEN TRANSACTION performLayoutAndPlaceSurfaces
07-02 21:20:15.537  1458  2673 I WindowStateAnimator: commitFinishDrawingLocked: mDrawState=READY_TO_SHOW Surface(name=com.miui.securitycore/com.miui.securityspace.ui.activity.PrivateSpaceMainActivity)
07-02 21:20:15.537  1458  2673 W WindowStateAnimator: hiding Window{ee5f1c5 u0 com.miui.securitycore/com.miui.securityspace.ui.activity.PrivateSpaceMainActivity}, belonging to 1000
07-02 21:20:15.538  1458  2673 I WindowStateAnimator: commitFinishDrawingLocked: mDrawState=READY_TO_SHOW Surface(name=com.android.systemui.ImageWallpaper)
07-02 21:20:15.539  1458  2673 V WindowStateAnimator: performShow on WindowStateAnimator{2e3c3b4 com.android.systemui.ImageWallpaper}: mDrawState=READY_TO_SHOW readyForDisplay=false starting=false during animation: policyVis=true attHidden=false tok.hiddenRequested=false tok.hidden=false animating=false tok animating=false Callers=com.android.server.wm.WindowStateAnimator.commitFinishDrawingLocked:547 com.android.server.wm.WindowManagerService.performLayoutAndPlaceSurfacesLockedInner:10254 com.android.server.wm.WindowManagerService.performLayoutAndPlaceSurfacesLockedLoop:9131 
07-02 21:20:15.544  1458  2673 I WindowManager: <<< CLOSE TRANSACTION performLayoutAndPlaceSurfaces
07-02 21:20:15.548  1458  1520 I WindowAnimator: >>> OPEN TRANSACTION animateLocked
07-02 21:20:15.549  1458  1520 V WindowStateAnimator: performShow on WindowStateAnimator{2e3c3b4 com.android.systemui.ImageWallpaper}: mDrawState=READY_TO_SHOW readyForDisplay=false starting=false during animation: policyVis=true attHidden=false tok.hiddenRequested=false tok.hidden=false animating=false tok animating=false Callers=com.android.server.wm.WindowAnimator.updateWindowsLocked:440 com.android.server.wm.WindowAnimator.animateLocked:688 com.android.server.wm.WindowAnimator.access$000:53 
07-02 21:20:15.549  1458  1520 I WindowManager:   SURFACE alpha=0.29567537 layer=161000 matrix=[1.0*1.0,0.0*1.0][0.0*1.0,1.0*1.0]: Window{f81f8f7 u0 StatusBar}
07-02 21:20:15.550  1458  1520 I WindowAnimator: <<< CLOSE TRANSACTION animateLocked
07-02 21:20:15.553  1458  1458 V WindowManager: updateRotationUnchecked(alwaysSendConfiguration=false)
07-02 21:20:15.553  1458  1458 V WindowManager: Deferring rotation, animation in progress.
07-02 21:20:15.553  1458  1458 I WindowManager: >>> OPEN TRANSACTION performLayoutAndPlaceSurfaces
07-02 21:20:15.553  1458  1458 I WindowStateAnimator: commitFinishDrawingLocked: mDrawState=READY_TO_SHOW Surface(name=com.miui.securitycore/com.miui.securityspace.ui.activity.PrivateSpaceMainActivity)
07-02 21:20:15.554  1458  1458 W WindowStateAnimator: hiding Window{ee5f1c5 u0 com.miui.securitycore/com.miui.securityspace.ui.activity.PrivateSpaceMainActivity}, belonging to 1000
07-02 21:20:15.554  1458  1458 I WindowStateAnimator: commitFinishDrawingLocked: mDrawState=READY_TO_SHOW Surface(name=com.android.systemui.ImageWallpaper)
07-02 21:20:15.554  1458  1458 V WindowStateAnimator: performShow on WindowStateAnimator{2e3c3b4 com.android.systemui.ImageWallpaper}: mDrawState=READY_TO_SHOW readyForDisplay=false starting=false during animation: policyVis=true attHidden=false tok.hiddenRequested=false tok.hidden=false animating=false tok animating=false Callers=com.android.server.wm.WindowStateAnimator.commitFinishDrawingLocked:547 com.android.server.wm.WindowManagerService.performLayoutAndPlaceSurfacesLockedInner:10254 com.android.server.wm.WindowManagerService.performLayoutAndPlaceSurfacesLockedLoop:9131 
07-02 21:20:15.557  1458  1458 I WindowManager: <<< CLOSE TRANSACTION performLayoutAndPlaceSurfaces
07-02 21:20:15.564  1458  2673 I WindowManager: >>> OPEN TRANSACTION performLayoutAndPlaceSurfaces
07-02 21:20:15.564  1458  2673 I WindowStateAnimator: commitFinishDrawingLocked: mDrawState=READY_TO_SHOW Surface(name=com.miui.securitycore/com.miui.securityspace.ui.activity.PrivateSpaceMainActivity)
07-02 21:20:15.564  1458  2673 W WindowStateAnimator: hiding Window{ee5f1c5 u0 com.miui.securitycore/com.miui.securityspace.ui.activity.PrivateSpaceMainActivity}, belonging to 1000
07-02 21:20:15.564  1458  2673 I WindowStateAnimator: commitFinishDrawingLocked: mDrawState=READY_TO_SHOW Surface(name=com.android.systemui.ImageWallpaper)
07-02 21:20:15.566  1458  2673 V WindowStateAnimator: performShow on WindowStateAnimator{2e3c3b4 com.android.systemui.ImageWallpaper}: mDrawState=READY_TO_SHOW readyForDisplay=false starting=false during animation: policyVis=true attHidden=false tok.hiddenRequested=false tok.hidden=false animating=false tok animating=false Callers=com.android.server.wm.WindowStateAnimator.commitFinishDrawingLocked:547 com.android.server.wm.WindowManagerService.performLayoutAndPlaceSurfacesLockedInner:10254 com.android.server.wm.WindowManagerService.performLayoutAndPlaceSurfacesLockedLoop:9131 
07-02 21:20:15.566  1458  2673 I WindowManager: <<< CLOSE TRANSACTION performLayoutAndPlaceSurfaces
07-02 21:20:15.573  1458  2673 I WindowManager: >>> OPEN TRANSACTION setFocusedApp
07-02 21:20:15.573  1458  2673 I WindowManager: >>> CLOSE TRANSACTION setFocusedApp
07-02 21:20:15.579  1458  1520 I WindowAnimator: >>> OPEN TRANSACTION animateLocked
07-02 21:20:15.580  1458  1520 V WindowStateAnimator: performShow on WindowStateAnimator{2e3c3b4 com.android.systemui.ImageWallpaper}: mDrawState=READY_TO_SHOW readyForDisplay=false starting=false during animation: policyVis=true attHidden=false tok.hiddenRequested=false tok.hidden=false animating=false tok animating=false Callers=com.android.server.wm.WindowAnimator.updateWindowsLocked:440 com.android.server.wm.WindowAnimator.animateLocked:688 com.android.server.wm.WindowAnimator.access$000:53 
07-02 21:20:15.580  1458  1520 I WindowManager:   SURFACE alpha=0.3939965 layer=161000 matrix=[1.0*1.0,0.0*1.0][0.0*1.0,1.0*1.0]: Window{f81f8f7 u0 StatusBar}
07-02 21:20:15.580  1458  1520 I WindowAnimator: <<< CLOSE TRANSACTION animateLocked
07-02 21:20:15.581  1458  1520 I WindowStateAnimator: createSurface WindowStateAnimator{db8d095 Starting com.miui.securitycore}: mDrawState=DRAW_PENDING
07-02 21:20:15.581  1458  1520 V WindowStateAnimator: Creating surface in session android.view.SurfaceSession@594d59 window WindowStateAnimator{db8d095 Starting com.miui.securitycore} w=1 h=1 x=0.0 y=0.0 format=-1 flags=4
07-02 21:20:15.584  1458  1520 I WindowStateAnimator:   CREATE SURFACE Surface(name=Starting com.miui.securitycore) IN SESSION android.view.SurfaceSession@594d59: pid=1458 format=-1 flags=0x404 / WindowStateAnimator{db8d095 Starting com.miui.securitycore}
07-02 21:20:15.584  1458  1520 I WindowStateAnimator: >>> OPEN TRANSACTION createSurfaceLocked
07-02 21:20:15.584  1458  1520 I WindowManager:   SURFACE CREATE pos=(0,0) (0x0), layer=21020 HIDE: Window{f87b84c u0 Starting com.miui.securitycore}
07-02 21:20:15.585  1458  1520 I WindowStateAnimator: <<< CLOSE TRANSACTION createSurfaceLocked
07-02 21:20:15.585  1458  1520 I WindowManager:   OUT SURFACE Surface(name=null)/@0xf7c65aa: copied
07-02 21:20:15.585  1458  1520 V WindowManager: Skipping AppWindowToken{f3e1208 token=Token{24a1bab ActivityRecord{3ad89fa u10 com.miui.securitycore/com.miui.securityspace.ui.activity.GuideStartActivity t98}}} -- hidden on top
07-02 21:20:15.585  1458  1520 V WindowManager: Done at AppWindowToken{cfc5826 token=Token{8674f81 ActivityRecord{56e6f68 u0 com.miui.securitycore/com.miui.securityspace.ui.activity.PrivateSpaceMainActivity t96}}} -- full screen, return 1
07-02 21:20:15.585  1458  1520 I WindowManager: >>> OPEN TRANSACTION performLayoutAndPlaceSurfaces
07-02 21:20:15.586  1458  1520 I WindowManager:   SURFACE SIZE 720x1280: Window{f87b84c u0 Starting com.miui.securitycore}
07-02 21:20:15.586  1458  1520 I WindowManager:   SURFACE CROP [0,0][720,1280]: Window{f87b84c u0 Starting com.miui.securitycore}
07-02 21:20:15.586  1458  1520 V WindowManager: Resize reasons for w=Window{f87b84c u0 Starting com.miui.securitycore}:  contentInsetsChanged=false [0,0][0,0] visibleInsetsChanged=false [0,0][0,0] stableInsetsChanged=true [0,48][0,0] outsetsChanged=false [0,0][0,0] surfaceResized=true configChanged=true
07-02 21:20:15.586  1458  1520 V WindowManager: Resizing window Window{f87b84c u0 Starting com.miui.securitycore} to 720.0x1280.0
07-02 21:20:15.586  1458  1520 I WindowStateAnimator: commitFinishDrawingLocked: mDrawState=READY_TO_SHOW Surface(name=com.miui.securitycore/com.miui.securityspace.ui.activity.PrivateSpaceMainActivity)
07-02 21:20:15.586  1458  1520 W WindowStateAnimator: hiding Window{ee5f1c5 u0 com.miui.securitycore/com.miui.securityspace.ui.activity.PrivateSpaceMainActivity}, belonging to 1000
07-02 21:20:15.586  1458  1520 I WindowStateAnimator: commitFinishDrawingLocked: mDrawState=READY_TO_SHOW Surface(name=com.android.systemui.ImageWallpaper)
07-02 21:20:15.586  1458  1520 V WindowStateAnimator: performShow on WindowStateAnimator{2e3c3b4 com.android.systemui.ImageWallpaper}: mDrawState=READY_TO_SHOW readyForDisplay=false starting=false during animation: policyVis=true attHidden=false tok.hiddenRequested=false tok.hidden=false animating=false tok animating=false Callers=com.android.server.wm.WindowStateAnimator.commitFinishDrawingLocked:547 com.android.server.wm.WindowManagerService.performLayoutAndPlaceSurfacesLockedInner:10254 com.android.server.wm.WindowManagerService.performLayoutAndPlaceSurfacesLockedLoop:9131 
07-02 21:20:15.605  1458  1520 I WindowManager: <<< CLOSE TRANSACTION performLayoutAndPlaceSurfaces
07-02 21:20:15.613  1458  1520 V WindowStateAnimator: performShow on WindowStateAnimator{2e3c3b4 com.android.systemui.ImageWallpaper}: mDrawState=READY_TO_SHOW readyForDisplay=false starting=false during animation: policyVis=true attHidden=false tok.hiddenRequested=false tok.hidden=false animating=false tok animating=false Callers=com.android.server.wm.WindowAnimator.updateWindowsLocked:440 com.android.server.wm.WindowAnimator.animateLocked:688 com.android.server.wm.WindowAnimator.access$000:53 
07-02 21:20:15.639  1458  1520 V WindowStateAnimator: finishDrawingLocked: mDrawState=COMMIT_DRAW_PENDING WindowStateAnimator{db8d095 Starting com.miui.securitycore} in Surface(name=Starting com.miui.securitycore)
07-02 21:20:15.640  1458  1520 V WindowManager: Reporting visible in AppWindowToken{cfc5826 token=Token{8674f81 ActivityRecord{56e6f68 u0 com.miui.securitycore/com.miui.securityspace.ui.activity.PrivateSpaceMainActivity t96}}} visible=false gone=true
07-02 21:20:15.642  1458  1520 I WindowAnimator: >>> OPEN TRANSACTION animateLocked
07-02 21:20:15.642  1458  1520 V WindowStateAnimator: performShow on WindowStateAnimator{2e3c3b4 com.android.systemui.ImageWallpaper}: mDrawState=READY_TO_SHOW readyForDisplay=false starting=false during animation: policyVis=true attHidden=false tok.hiddenRequested=false tok.hidden=false animating=false tok animating=false Callers=com.android.server.wm.WindowAnimator.updateWindowsLocked:440 com.android.server.wm.WindowAnimator.animateLocked:688 com.android.server.wm.WindowAnimator.access$000:53 
07-02 21:20:15.643  1458  1520 I WindowManager:   SURFACE alpha=0.60293126 layer=161000 matrix=[1.0*1.0,0.0*1.0][0.0*1.0,1.0*1.0]: Window{f81f8f7 u0 StatusBar}
07-02 21:20:15.644  1458  1520 I WindowAnimator: <<< CLOSE TRANSACTION animateLocked
07-02 21:20:15.647  1458  1520 I WindowManager: >>> OPEN TRANSACTION performLayoutAndPlaceSurfaces
07-02 21:20:15.647  1458  1520 I WindowStateAnimator: commitFinishDrawingLocked: mDrawState=READY_TO_SHOW Surface(name=Starting com.miui.securitycore)
07-02 21:20:15.648  1458  1520 V WindowStateAnimator: performShow on WindowStateAnimator{db8d095 Starting com.miui.securitycore}: mDrawState=READY_TO_SHOW readyForDisplay=false starting=true during animation: policyVis=true attHidden=false tok.hiddenRequested=true tok.hidden=true animating=false tok animating=false Callers=com.android.server.wm.WindowStateAnimator.commitFinishDrawingLocked:547 com.android.server.wm.WindowManagerService.performLayoutAndPlaceSurfacesLockedInner:10254 com.android.server.wm.WindowManagerService.performLayoutAndPlaceSurfacesLockedLoop:9131 
07-02 21:20:15.648  1458  1520 I WindowStateAnimator: commitFinishDrawingLocked: mDrawState=READY_TO_SHOW Surface(name=com.android.systemui.ImageWallpaper)
07-02 21:20:15.648  1458  1520 V WindowStateAnimator: performShow on WindowStateAnimator{2e3c3b4 com.android.systemui.ImageWallpaper}: mDrawState=READY_TO_SHOW readyForDisplay=false starting=false during animation: policyVis=true attHidden=false tok.hiddenRequested=false tok.hidden=false animating=false tok animating=false Callers=com.android.server.wm.WindowStateAnimator.commitFinishDrawingLocked:547 com.android.server.wm.WindowManagerService.performLayoutAndPlaceSurfacesLockedInner:10254 com.android.server.wm.WindowManagerService.performLayoutAndPlaceSurfacesLockedLoop:9131 
07-02 21:20:15.649  1458  1520 I WindowManager: <<< CLOSE TRANSACTION performLayoutAndPlaceSurfaces
07-02 21:20:15.650  1458  1520 I WindowAnimator: >>> OPEN TRANSACTION animateLocked
07-02 21:20:15.651  1458  1520 V WindowStateAnimator: performShow on WindowStateAnimator{2e3c3b4 com.android.systemui.ImageWallpaper}: mDrawState=READY_TO_SHOW readyForDisplay=false starting=false during animation: policyVis=true attHidden=false tok.hiddenRequested=false tok.hidden=false animating=false tok animating=false Callers=com.android.server.wm.WindowAnimator.updateWindowsLocked:440 com.android.server.wm.WindowAnimator.animateLocked:688 com.android.server.wm.WindowAnimator.access$000:53 
07-02 21:20:15.651  1458  1520 I WindowManager:   SURFACE alpha=0.65450853 layer=161000 matrix=[1.0*1.0,0.0*1.0][0.0*1.0,1.0*1.0]: Window{f81f8f7 u0 StatusBar}
07-02 21:20:15.652  1458  1520 I WindowAnimator: <<< CLOSE TRANSACTION animateLocked
07-02 21:20:15.687  1458  1520 I WindowAnimator: >>> OPEN TRANSACTION animateLocked
07-02 21:20:15.687  1458  1520 V WindowStateAnimator: Starting animation in WindowStateAnimator{6267735 StatusBar} @ 67472: ww=720 wh=48 dw=720 dh=1280 scale=1.0
07-02 21:20:15.688  1458  1520 V WindowStateAnimator: performShow on WindowStateAnimator{2e3c3b4 com.android.systemui.ImageWallpaper}: mDrawState=READY_TO_SHOW readyForDisplay=false starting=false during animation: policyVis=true attHidden=false tok.hiddenRequested=false tok.hidden=false animating=false tok animating=false Callers=com.android.server.wm.WindowAnimator.updateWindowsLocked:440 com.android.server.wm.WindowAnimator.animateLocked:688 com.android.server.wm.WindowAnimator.access$000:53 
07-02 21:20:15.688  1458  1520 I WindowManager:   SURFACE alpha=0.7490926 layer=161000 matrix=[1.0*1.0,0.0*1.0][0.0*1.0,1.0*1.0]: Window{f81f8f7 u0 StatusBar EXITING}
07-02 21:20:15.689  1458  1520 I WindowAnimator: <<< CLOSE TRANSACTION animateLocked
07-02 21:20:15.698  1458  1520 I WindowAnimator: >>> OPEN TRANSACTION animateLocked
07-02 21:20:15.698  1458  1520 V WindowStateAnimator: performShow on WindowStateAnimator{2e3c3b4 com.android.systemui.ImageWallpaper}: mDrawState=READY_TO_SHOW readyForDisplay=false starting=false during animation: policyVis=true attHidden=false tok.hiddenRequested=false tok.hidden=false animating=false tok animating=false Callers=com.android.server.wm.WindowAnimator.updateWindowsLocked:440 com.android.server.wm.WindowAnimator.animateLocked:688 com.android.server.wm.WindowAnimator.access$000:53 
07-02 21:20:15.699  1458  1520 I WindowManager:   SURFACE POS 0.0, -0.008734223: Window{f81f8f7 u0 StatusBar EXITING}
07-02 21:20:15.699  1458  1520 I WindowManager:   SURFACE alpha=0.7938927 layer=161000 matrix=[1.0*1.0,0.0*1.0][0.0*1.0,1.0*1.0]: Window{f81f8f7 u0 StatusBar EXITING}
07-02 21:20:15.700  1458  1520 I WindowAnimator: <<< CLOSE TRANSACTION animateLocked
07-02 21:20:15.715  1458  1520 I WindowAnimator: >>> OPEN TRANSACTION animateLocked
