04-13 10:47:30.696  1576  1671 I WindowManager:   SURFACE Surface(name=com.android.systemui.ImageWallpaper)---MATRIX [1.0,0.0,0.0,1.0]: com.android.systemui.ImageWallpaper
04-13 10:47:30.696   549   549 E AAAA    : setUpHWComposer: empty: more  wasEmpty: notEmpty
04-13 10:47:30.696  1576  1671 I WindowManager:   SURFACE Surface(name=com.miui.securitycore/com.miui.securityspace.ui.activity.PrivateSpaceMainActivity)---MATRIX [1.0,0.0,0.0,1.0]: com.miui.securitycore/com.miui.securityspace.ui.activity.PrivateSpaceMainActivity
04-13 10:47:30.696  1576  1671 I WindowManager:   SURFACE Surface(name=com.miui.securitycore/com.miui.securityspace.ui.activity.PrivateSpaceMainActivity)---MATRIX [1.0,0.0,0.0,1.0]: com.miui.securitycore/com.miui.securityspace.ui.activity.PrivateSpaceMainActivity
04-13 10:47:30.696  1576  1671 I WindowManager:   SURFACE Surface(name=StatusBar)---MATRIX [1.0,0.0,0.0,1.0]: StatusBar
04-13 10:47:30.697  1576  1671 I WindowManager: <<< CLOSE TRANSACTION animateLocked
04-13 10:47:30.713   549   549 E AAAA    : setUpHWComposer: empty: more  wasEmpty: notEmpty
04-13 10:47:30.729   549   549 E AAAA    : setUpHWComposer: empty: more  wasEmpty: notEmpty
04-13 10:47:30.746   549   549 E AAAA    : setUpHWComposer: empty: more  wasEmpty: notEmpty
04-13 10:47:30.762   549   549 E AAAA    : setUpHWComposer: empty: more  wasEmpty: notEmpty
04-13 10:47:30.779   549   549 E AAAA    : setUpHWComposer: empty: more  wasEmpty: notEmpty
04-13 10:47:30.796   549   549 E AAAA    : setUpHWComposer: empty: more  wasEmpty: notEmpty
04-13 10:47:30.813   549   549 E AAAA    : setUpHWComposer: empty: more  wasEmpty: notEmpty
04-13 10:47:30.829   549   549 E AAAA    : setUpHWComposer: empty: more  wasEmpty: notEmpty
04-13 10:47:30.846   549   549 E AAAA    : setUpHWComposer: empty: more  wasEmpty: notEmpty
04-13 10:47:30.863   549   549 E AAAA    : setUpHWComposer: empty: more  wasEmpty: notEmpty
04-13 10:47:30.880   549   549 E AAAA    : setUpHWComposer: empty: more  wasEmpty: notEmpty
04-13 10:47:30.897   549   549 E AAAA    : setUpHWComposer: empty: more  wasEmpty: notEmpty
04-13 10:47:30.913   549   549 E AAAA    : setUpHWComposer: empty: more  wasEmpty: notEmpty
04-13 10:47:30.929   549   549 E AAAA    : setUpHWComposer: empty: more  wasEmpty: notEmpty
04-13 10:47:30.946   549   549 E AAAA    : setUpHWComposer: empty: more  wasEmpty: notEmpty
04-13 10:47:30.963   549   549 E AAAA    : setUpHWComposer: empty: more  wasEmpty: notEmpty
04-13 10:47:30.979   549   549 E AAAA    : setUpHWComposer: empty: more  wasEmpty: notEmpty
04-13 10:47:30.996   549   549 E AAAA    : setUpHWComposer: empty: more  wasEmpty: notEmpty
04-13 10:47:31.013   549   549 E AAAA    : setUpHWComposer: empty: more  wasEmpty: notEmpty
04-13 10:47:31.029   549   549 E AAAA    : setUpHWComposer: empty: more  wasEmpty: notEmpty
04-13 10:47:31.046   549   549 E AAAA    : setUpHWComposer: empty: more  wasEmpty: notEmpty
04-13 10:47:31.062   549   549 E AAAA    : setUpHWComposer: empty: more  wasEmpty: notEmpty
04-13 10:47:31.079   549   549 E AAAA    : setUpHWComposer: empty: more  wasEmpty: notEmpty
04-13 10:47:31.096   549   549 E AAAA    : setUpHWComposer: empty: more  wasEmpty: notEmpty
04-13 10:47:31.112   549   549 E AAAA    : setUpHWComposer: empty: more  wasEmpty: notEmpty
04-13 10:47:31.129   549   549 E AAAA    : setUpHWComposer: empty: more  wasEmpty: notEmpty
04-13 10:47:31.147   549   549 E AAAA    : setUpHWComposer: empty: more  wasEmpty: notEmpty
04-13 10:47:31.161  1576  3191 E AAAA    : start user in background
04-13 10:47:31.162   549   549 E AAAA    : setUpHWComposer: empty: more  wasEmpty: notEmpty
04-13 10:47:31.179   549   549 E AAAA    : setUpHWComposer: empty: more  wasEmpty: notEmpty
04-13 10:47:31.196   549   549 E AAAA    : setUpHWComposer: empty: more  wasEmpty: notEmpty
04-13 10:47:31.212   549   549 E AAAA    : setUpHWComposer: empty: more  wasEmpty: notEmpty
04-13 10:47:31.229   549   549 E AAAA    : setUpHWComposer: empty: more  wasEmpty: notEmpty
04-13 10:47:31.246   549   549 E AAAA    : setUpHWComposer: empty: more  wasEmpty: notEmpty
04-13 10:47:31.262   549   549 E AAAA    : setUpHWComposer: empty: more  wasEmpty: notEmpty
04-13 10:47:31.279   549   549 E AAAA    : setUpHWComposer: empty: more  wasEmpty: notEmpty
04-13 10:47:31.296   549   549 E AAAA    : setUpHWComposer: empty: more  wasEmpty: notEmpty
04-13 10:47:31.313   549   549 E AAAA    : setUpHWComposer: empty: more  wasEmpty: notEmpty
04-13 10:47:31.329   549   549 E AAAA    : setUpHWComposer: empty: more  wasEmpty: notEmpty
04-13 10:47:31.348   549   549 E AAAA    : setUpHWComposer: empty: more  wasEmpty: notEmpty
04-13 10:47:31.362   549   549 E AAAA    : setUpHWComposer: empty: more  wasEmpty: notEmpty
04-13 10:47:31.379   549   549 E AAAA    : setUpHWComposer: empty: more  wasEmpty: notEmpty
04-13 10:47:31.395   549   549 E AAAA    : setUpHWComposer: empty: more  wasEmpty: notEmpty
04-13 10:47:31.412   549   549 E AAAA    : setUpHWComposer: empty: more  wasEmpty: notEmpty
04-13 10:47:31.429   549   549 E AAAA    : setUpHWComposer: empty: more  wasEmpty: notEmpty
04-13 10:47:31.446   549   549 E AAAA    : setUpHWComposer: empty: more  wasEmpty: notEmpty
04-13 10:47:31.462   549   549 E AAAA    : setUpHWComposer: empty: more  wasEmpty: notEmpty
04-13 10:47:31.479   549   549 E AAAA    : setUpHWComposer: empty: more  wasEmpty: notEmpty
04-13 10:47:31.495   549   549 E AAAA    : setUpHWComposer: empty: more  wasEmpty: notEmpty
04-13 10:47:31.512   549   549 E AAAA    : setUpHWComposer: empty: more  wasEmpty: notEmpty
04-13 10:47:31.529   549   549 E AAAA    : setUpHWComposer: empty: more  wasEmpty: notEmpty
04-13 10:47:31.545   549   549 E AAAA    : setUpHWComposer: empty: more  wasEmpty: notEmpty
04-13 10:47:31.562   549   549 E AAAA    : setUpHWComposer: empty: more  wasEmpty: notEmpty
04-13 10:47:31.579   549   549 E AAAA    : setUpHWComposer: empty: more  wasEmpty: notEmpty
04-13 10:47:31.596   549   549 E AAAA    : setUpHWComposer: empty: more  wasEmpty: notEmpty
04-13 10:47:31.612   549   549 E AAAA    : setUpHWComposer: empty: more  wasEmpty: notEmpty
04-13 10:47:31.629   549   549 E AAAA    : setUpHWComposer: empty: more  wasEmpty: notEmpty
04-13 10:47:31.646   549   549 E AAAA    : setUpHWComposer: empty: more  wasEmpty: notEmpty
04-13 10:47:31.662   549   549 E AAAA    : setUpHWComposer: empty: more  wasEmpty: notEmpty
04-13 10:47:31.679   549   549 E AAAA    : setUpHWComposer: empty: more  wasEmpty: notEmpty
04-13 10:47:31.696   549   549 E AAAA    : setUpHWComposer: empty: more  wasEmpty: notEmpty
04-13 10:47:31.712   549   549 E AAAA    : setUpHWComposer: empty: more  wasEmpty: notEmpty
04-13 10:47:31.729   549   549 E AAAA    : setUpHWComposer: empty: more  wasEmpty: notEmpty
04-13 10:47:31.746   549   549 E AAAA    : setUpHWComposer: empty: more  wasEmpty: notEmpty
04-13 10:47:31.762   549   549 E AAAA    : setUpHWComposer: empty: more  wasEmpty: notEmpty
04-13 10:47:31.779   549   549 E AAAA    : setUpHWComposer: empty: more  wasEmpty: notEmpty
04-13 10:47:31.796   549   549 E AAAA    : setUpHWComposer: empty: more  wasEmpty: notEmpty
04-13 10:47:31.812   549   549 E AAAA    : setUpHWComposer: empty: more  wasEmpty: notEmpty
04-13 10:47:31.817  1576  3191 V WindowManager: Remove Window{e382d62 u0 com.miui.securitycore/com.miui.securityspace.ui.activity.PrivateSpaceMainActivity}: mSurfaceController=Surface(name=com.miui.securitycore/com.miui.securityspace.ui.activity.PrivateSpaceMainActivity) mAnimatingExit=false mRemoveOnExit=false mHasSurface=true surfaceShowing=true isAnimationSet=false app-animation=null mWillReplaceWindow=false inPendingTransaction=false mDisplayFrozen=false callers=com.android.server.wm.WindowManagerService.removeWindowLocked:2439 com.android.server.wm.WindowManagerService.removeWindow:2434 com.android.server.wm.Session.remove:202 android.view.IWindowSession$Stub.onTransact:242 com.android.server.wm.Session.onTransact:145 android.os.Binder.execTransact:567 
04-13 10:47:31.817  1576  3191 V WindowManager: Loading animations: layout params pkg=com.miui.securitycore resId=0x100d00c2
04-13 10:47:31.817  1576  3191 V WindowManager: Loading animations: picked package=com.miui.securitycore
04-13 10:47:31.828  1576  3191 V WindowManager: applyAnimation: win=WindowStateAnimator{78b5ef3 com.miui.securitycore/com.miui.securityspace.ui.activity.PrivateSpaceMainActivity} anim=0 attr=0x1 a=android.view.animation.AnimationSet@781ef4 transit=2 isEntrance=false Callers com.android.server.wm.WindowManagerService.removeWindowLocked:2538 com.android.server.wm.WindowManagerService.removeWindowLocked:2439 com.android.server.wm.WindowManagerService.removeWindow:2434 
04-13 10:47:31.828  1576  3191 I WindowManager: Loaded animation android.view.animation.AnimationSet@781ef4 for WindowStateAnimator{78b5ef3 com.miui.securitycore/com.miui.securityspace.ui.activity.PrivateSpaceMainActivity}
04-13 10:47:31.829  1576  3191 I WindowManager: >>> OPEN TRANSACTION performLayoutAndPlaceSurfaces
04-13 10:47:31.829  1576  3191 I WindowManager:   SURFACE Surface(name=StatusBar)---MATRIX [1.0,0.0,0.0,1.0]: StatusBar
04-13 10:47:31.829   549   549 E AAAA    : setUpHWComposer: empty: more  wasEmpty: notEmpty
04-13 10:47:31.830  1576  3191 I WindowManager:   SURFACE Surface(name=com.miui.securitycore/com.miui.securityspace.ui.activity.PrivateSpaceMainActivity)---FINAL CROP [0,0][1080,1920]: com.miui.securitycore/com.miui.securityspace.ui.activity.PrivateSpaceMainActivity
04-13 10:47:31.830  1576  3191 I WindowManager:   SURFACE Surface(name=com.miui.securitycore/com.miui.securityspace.ui.activity.PrivateSpaceMainActivity)---MATRIX [1.0,0.0,0.0,1.0]: com.miui.securitycore/com.miui.securityspace.ui.activity.PrivateSpaceMainActivity
04-13 10:47:31.830  1576  3191 I WindowManager:   SURFACE Surface(name=com.miui.securitycore/com.miui.securityspace.ui.activity.PrivateSpaceMainActivity)---MATRIX [1.0,0.0,0.0,1.0]: com.miui.securitycore/com.miui.securityspace.ui.activity.PrivateSpaceMainActivity
04-13 10:47:31.830  1576  3191 I WindowManager:   SURFACE Surface(name=com.android.systemui.ImageWallpaper)---MATRIX [1.0,0.0,0.0,1.0]: com.android.systemui.ImageWallpaper
04-13 10:47:31.845  1576  3191 I WindowManager: <<< CLOSE TRANSACTION performLayoutAndPlaceSurfaces
04-13 10:47:31.845   549   549 E AAAA    : setUpHWComposer: empty: more  wasEmpty: notEmpty
04-13 10:47:31.862  1576  1671 I WindowManager: >>> OPEN TRANSACTION animateLocked
04-13 10:47:31.862  1576  1671 V WindowManager: Starting animation in WindowStateAnimator{78b5ef3 com.miui.securitycore/com.miui.securityspace.ui.activity.PrivateSpaceMainActivity} @ 235683: ww=1080 wh=280 dx=1080 dy=1920 scale=1.0
04-13 10:47:31.863  1576  1671 I WindowManager:   SURFACE Surface(name=com.android.systemui.ImageWallpaper)---MATRIX [1.0,0.0,0.0,1.0]: com.android.systemui.ImageWallpaper
04-13 10:47:31.863  1576  1671 I WindowManager:   SURFACE Surface(name=com.miui.securitycore/com.miui.securityspace.ui.activity.PrivateSpaceMainActivity)---MATRIX [1.0,0.0,0.0,1.0]: com.miui.securitycore/com.miui.securityspace.ui.activity.PrivateSpaceMainActivity
04-13 10:47:31.863  1576  1671 I WindowManager:   SURFACE Surface(name=com.miui.securitycore/com.miui.securityspace.ui.activity.PrivateSpaceMainActivity)---MATRIX [1.0,0.0,0.0,1.0]: com.miui.securitycore/com.miui.securityspace.ui.activity.PrivateSpaceMainActivity
04-13 10:47:31.863  1576  1671 V WindowManager: prepareSurface: No changes in animation for WindowStateAnimator{78b5ef3 com.miui.securitycore/com.miui.securityspace.ui.activity.PrivateSpaceMainActivity}
04-13 10:47:31.863  1576  1671 I WindowManager:   SURFACE Surface(name=StatusBar)---MATRIX [1.0,0.0,0.0,1.0]: StatusBar
04-13 10:47:31.863  1576  1671 I WindowManager: <<< CLOSE TRANSACTION animateLocked
04-13 10:47:31.879  1576  1671 I WindowManager: >>> OPEN TRANSACTION animateLocked
04-13 10:47:31.879  1576  1671 I WindowManager:   SURFACE Surface(name=com.android.systemui.ImageWallpaper)---MATRIX [1.0,0.0,0.0,1.0]: com.android.systemui.ImageWallpaper
04-13 10:47:31.879  1576  1671 I WindowManager:   SURFACE Surface(name=com.miui.securitycore/com.miui.securityspace.ui.activity.PrivateSpaceMainActivity)---MATRIX [1.0,0.0,0.0,1.0]: com.miui.securitycore/com.miui.securityspace.ui.activity.PrivateSpaceMainActivity
04-13 10:47:31.879  1576  1671 I WindowManager:   SURFACE Surface(name=com.miui.securitycore/com.miui.securityspace.ui.activity.PrivateSpaceMainActivity)---MATRIX [1.0,0.0,0.0,1.0]: com.miui.securitycore/com.miui.securityspace.ui.activity.PrivateSpaceMainActivity
04-13 10:47:31.880  1576  1671 I WindowManager:   SURFACE controller=Surface(name=com.miui.securitycore/com.miui.securityspace.ui.activity.PrivateSpaceMainActivity)alpha=0.999835 layer=21020 matrix=[1.0*1.0,0.0*1.0][0.0*1.0,1.0*1.0]: Window{e382d62 u0 com.miui.securitycore/com.miui.securityspace.ui.activity.PrivateSpaceMainActivity EXITING}
04-13 10:47:31.880  1576  1671 I WindowManager:   SURFACE Surface(name=StatusBar)---MATRIX [1.0,0.0,0.0,1.0]: StatusBar
04-13 10:47:31.880  1576  1671 I WindowManager: <<< CLOSE TRANSACTION animateLocked
04-13 10:47:31.881   549   549 E AAAA    : setUpHWComposer: empty: more  wasEmpty: notEmpty
04-13 10:47:31.895  1576  1671 I WindowManager: >>> OPEN TRANSACTION animateLocked
04-13 10:47:31.895   549   549 E AAAA    : setUpHWComposer: empty: more  wasEmpty: notEmpty
04-13 10:47:31.896  1576  1671 I WindowManager:   SURFACE Surface(name=com.android.systemui.ImageWallpaper)---MATRIX [1.0,0.0,0.0,1.0]: com.android.systemui.ImageWallpaper
04-13 10:47:31.896  1576  1671 I WindowManager:   SURFACE Surface(name=com.miui.securitycore/com.miui.securityspace.ui.activity.PrivateSpaceMainActivity)---MATRIX [1.0,0.0,0.0,1.0]: com.miui.securitycore/com.miui.securityspace.ui.activity.PrivateSpaceMainActivity
04-13 10:47:31.896  1576  1671 I WindowManager:   SURFACE Surface(name=com.miui.securitycore/com.miui.securityspace.ui.activity.PrivateSpaceMainActivity)---POS (setPositionInTransaction) @ (0.0,1645.0): com.miui.securitycore/com.miui.securityspace.ui.activity.PrivateSpaceMainActivity
04-13 10:47:31.896  1576  1671 I WindowManager:   SURFACE Surface(name=com.miui.securitycore/com.miui.securityspace.ui.activity.PrivateSpaceMainActivity)---MATRIX [1.0,0.0,0.0,1.0]: com.miui.securitycore/com.miui.securityspace.ui.activity.PrivateSpaceMainActivity
04-13 10:47:31.896  1576  1671 I WindowManager:   SURFACE controller=Surface(name=com.miui.securitycore/com.miui.securityspace.ui.activity.PrivateSpaceMainActivity)alpha=0.99736035 layer=21020 matrix=[1.0*1.0,0.0*1.0][0.0*1.0,1.0*1.0]: Window{e382d62 u0 com.miui.securitycore/com.miui.securityspace.ui.activity.PrivateSpaceMainActivity EXITING}
04-13 10:47:31.896  1576  1671 I WindowManager:   SURFACE Surface(name=StatusBar)---MATRIX [1.0,0.0,0.0,1.0]: StatusBar
04-13 10:47:31.897  1576  1671 I WindowManager: <<< CLOSE TRANSACTION animateLocked
04-13 10:47:31.913  1576  1671 I WindowManager: >>> OPEN TRANSACTION animateLocked
04-13 10:47:31.913   549   549 E AAAA    : setUpHWComposer: empty: more  wasEmpty: notEmpty
04-13 10:47:31.913  1576  1671 I WindowManager:   SURFACE Surface(name=com.android.systemui.ImageWallpaper)---MATRIX [1.0,0.0,0.0,1.0]: com.android.systemui.ImageWallpaper
04-13 10:47:31.913  1576  1671 I WindowManager:   SURFACE Surface(name=com.miui.securitycore/com.miui.securityspace.ui.activity.PrivateSpaceMainActivity)---MATRIX [1.0,0.0,0.0,1.0]: com.miui.securitycore/com.miui.securityspace.ui.activity.PrivateSpaceMainActivity
04-13 10:47:31.913  1576  1671 I WindowManager:   SURFACE Surface(name=com.miui.securitycore/com.miui.securityspace.ui.activity.PrivateSpaceMainActivity)---POS (setPositionInTransaction) @ (0.0,1664.0): com.miui.securitycore/com.miui.securityspace.ui.activity.PrivateSpaceMainActivity
04-13 10:47:31.913  1576  1671 I WindowManager:   SURFACE Surface(name=com.miui.securitycore/com.miui.securityspace.ui.activity.PrivateSpaceMainActivity)---MATRIX [1.0,0.0,0.0,1.0]: com.miui.securitycore/com.miui.securityspace.ui.activity.PrivateSpaceMainActivity
04-13 10:47:31.913  1576  1671 I WindowManager:   SURFACE controller=Surface(name=com.miui.securitycore/com.miui.securityspace.ui.activity.PrivateSpaceMainActivity)alpha=0.9876543 layer=21020 matrix=[1.0*1.0,0.0*1.0][0.0*1.0,1.0*1.0]: Window{e382d62 u0 com.miui.securitycore/com.miui.securityspace.ui.activity.PrivateSpaceMainActivity EXITING}
04-13 10:47:31.914  1576  1671 I WindowManager:   SURFACE Surface(name=StatusBar)---MATRIX [1.0,0.0,0.0,1.0]: StatusBar
04-13 10:47:31.916  1576  1671 I WindowManager: <<< CLOSE TRANSACTION animateLocked
04-13 10:47:31.928  1576  1671 I WindowManager: >>> OPEN TRANSACTION animateLocked
04-13 10:47:31.929  1576  1671 I WindowManager:   SURFACE Surface(name=com.android.systemui.ImageWallpaper)---MATRIX [1.0,0.0,0.0,1.0]: com.android.systemui.ImageWallpaper
04-13 10:47:31.929  1576  1671 I WindowManager:   SURFACE Surface(name=com.miui.securitycore/com.miui.securityspace.ui.activity.PrivateSpaceMainActivity)---MATRIX [1.0,0.0,0.0,1.0]: com.miui.securitycore/com.miui.securityspace.ui.activity.PrivateSpaceMainActivity
04-13 10:47:31.929  1576  1671 I WindowManager:   SURFACE Surface(name=com.miui.securitycore/com.miui.securityspace.ui.activity.PrivateSpaceMainActivity)---POS (setPositionInTransaction) @ (0.0,1716.0): com.miui.securitycore/com.miui.securityspace.ui.activity.PrivateSpaceMainActivity
04-13 10:47:31.929  1576  1671 I WindowManager:   SURFACE Surface(name=com.miui.securitycore/com.miui.securityspace.ui.activity.PrivateSpaceMainActivity)---MATRIX [1.0,0.0,0.0,1.0]: com.miui.securitycore/com.miui.securityspace.ui.activity.PrivateSpaceMainActivity
04-13 10:47:31.929  1576  1671 I WindowManager:   SURFACE controller=Surface(name=com.miui.securitycore/com.miui.securityspace.ui.activity.PrivateSpaceMainActivity)alpha=0.9601953 layer=21020 matrix=[1.0*1.0,0.0*1.0][0.0*1.0,1.0*1.0]: Window{e382d62 u0 com.miui.securitycore/com.miui.securityspace.ui.activity.PrivateSpaceMainActivity EXITING}
04-13 10:47:31.929  1576  1671 I WindowManager:   SURFACE Surface(name=StatusBar)---MATRIX [1.0,0.0,0.0,1.0]: StatusBar
04-13 10:47:31.930  1576  1671 I WindowManager: <<< CLOSE TRANSACTION animateLocked
04-13 10:47:31.930   549   549 E AAAA    : setUpHWComposer: empty: more  wasEmpty: notEmpty
04-13 10:47:31.945  1576  1671 I WindowManager: >>> OPEN TRANSACTION animateLocked
04-13 10:47:31.945   549   549 E AAAA    : setUpHWComposer: empty: more  wasEmpty: notEmpty
04-13 10:47:31.946  1576  1671 I WindowManager:   SURFACE Surface(name=com.android.systemui.ImageWallpaper)---MATRIX [1.0,0.0,0.0,1.0]: com.android.systemui.ImageWallpaper
04-13 10:47:31.946  1576  1671 I WindowManager:   SURFACE Surface(name=com.miui.securitycore/com.miui.securityspace.ui.activity.PrivateSpaceMainActivity)---MATRIX [1.0,0.0,0.0,1.0]: com.miui.securitycore/com.miui.securityspace.ui.activity.PrivateSpaceMainActivity
04-13 10:47:31.946  1576  1671 I WindowManager:   SURFACE Surface(name=com.miui.securitycore/com.miui.securityspace.ui.activity.PrivateSpaceMainActivity)---POS (setPositionInTransaction) @ (0.0,1829.0): com.miui.securitycore/com.miui.securityspace.ui.activity.PrivateSpaceMainActivity
04-13 10:47:31.946  1576  1671 I WindowManager:   SURFACE Surface(name=com.miui.securitycore/com.miui.securityspace.ui.activity.PrivateSpaceMainActivity)---MATRIX [1.0,0.0,0.0,1.0]: com.miui.securitycore/com.miui.securityspace.ui.activity.PrivateSpaceMainActivity
04-13 10:47:31.946  1576  1671 I WindowManager:   SURFACE controller=Surface(name=com.miui.securitycore/com.miui.securityspace.ui.activity.PrivateSpaceMainActivity)alpha=0.901655 layer=21020 matrix=[1.0*1.0,0.0*1.0][0.0*1.0,1.0*1.0]: Window{e382d62 u0 com.miui.securitycore/com.miui.securityspace.ui.activity.PrivateSpaceMainActivity EXITING}
04-13 10:47:31.946  1576  1671 I WindowManager:   SURFACE Surface(name=StatusBar)---MATRIX [1.0,0.0,0.0,1.0]: StatusBar
04-13 10:47:31.947  1576  1671 I WindowManager: <<< CLOSE TRANSACTION animateLocked
04-13 10:47:31.962   549   549 E AAAA    : setUpHWComposer: empty: more  wasEmpty: notEmpty
04-13 10:47:31.965  1576  1671 I WindowManager: >>> OPEN TRANSACTION animateLocked
04-13 10:47:31.965  1576  1671 I WindowManager:   SURFACE Surface(name=com.android.systemui.ImageWallpaper)---MATRIX [1.0,0.0,0.0,1.0]: com.android.systemui.ImageWallpaper
04-13 10:47:31.965  1576  1671 I WindowManager:   SURFACE Surface(name=com.miui.securitycore/com.miui.securityspace.ui.activity.PrivateSpaceMainActivity)---MATRIX [1.0,0.0,0.0,1.0]: com.miui.securitycore/com.miui.securityspace.ui.activity.PrivateSpaceMainActivity
04-13 10:47:31.965  1576  1671 I WindowManager:   SURFACE Surface(name=com.miui.securitycore/com.miui.securityspace.ui.activity.PrivateSpaceMainActivity)---POS (setPositionInTransaction) @ (0.0,2019.0): com.miui.securitycore/com.miui.securityspace.ui.activity.PrivateSpaceMainActivity
04-13 10:47:31.965  1576  1671 I WindowManager:   SURFACE Surface(name=com.miui.securitycore/com.miui.securityspace.ui.activity.PrivateSpaceMainActivity)---MATRIX [1.0,0.0,0.0,1.0]: com.miui.securitycore/com.miui.securityspace.ui.activity.PrivateSpaceMainActivity
04-13 10:47:31.965  1576  1671 I WindowManager:   SURFACE controller=Surface(name=com.miui.securitycore/com.miui.securityspace.ui.activity.PrivateSpaceMainActivity)alpha=0.80246913 layer=21020 matrix=[1.0*1.0,0.0*1.0][0.0*1.0,1.0*1.0]: Window{e382d62 u0 com.miui.securitycore/com.miui.securityspace.ui.activity.PrivateSpaceMainActivity EXITING}
04-13 10:47:31.965  1576  1671 I WindowManager:   SURFACE Surface(name=StatusBar)---MATRIX [1.0,0.0,0.0,1.0]: StatusBar
04-13 10:47:31.967  1576  1671 I WindowManager: <<< CLOSE TRANSACTION animateLocked
04-13 10:47:31.981  1576  1671 I WindowManager: >>> OPEN TRANSACTION animateLocked
04-13 10:47:31.982  1576  1671 I WindowManager:   SURFACE Surface(name=com.android.systemui.ImageWallpaper)---MATRIX [1.0,0.0,0.0,1.0]: com.android.systemui.ImageWallpaper
04-13 10:47:31.982  1576  1671 I WindowManager:   SURFACE Surface(name=com.miui.securitycore/com.miui.securityspace.ui.activity.PrivateSpaceMainActivity)---MATRIX [1.0,0.0,0.0,1.0]: com.miui.securitycore/com.miui.securityspace.ui.activity.PrivateSpaceMainActivity
04-13 10:47:31.982  1576  1671 I WindowManager:   SURFACE Surface(name=com.miui.securitycore/com.miui.securityspace.ui.activity.PrivateSpaceMainActivity)---POS (setPositionInTransaction) @ (0.0,2351.0): com.miui.securitycore/com.miui.securityspace.ui.activity.PrivateSpaceMainActivity
04-13 10:47:31.982  1576  1671 I WindowManager:   SURFACE Surface(name=com.miui.securitycore/com.miui.securityspace.ui.activity.PrivateSpaceMainActivity)---MATRIX [1.0,0.0,0.0,1.0]: com.miui.securitycore/com.miui.securityspace.ui.activity.PrivateSpaceMainActivity
04-13 10:47:31.982  1576  1671 I WindowManager:   SURFACE controller=Surface(name=com.miui.securitycore/com.miui.securityspace.ui.activity.PrivateSpaceMainActivity)alpha=0.6298495 layer=21020 matrix=[1.0*1.0,0.0*1.0][0.0*1.0,1.0*1.0]: Window{e382d62 u0 com.miui.securitycore/com.miui.securityspace.ui.activity.PrivateSpaceMainActivity EXITING}
04-13 10:47:31.982  1576  1671 I WindowManager:   SURFACE Surface(name=StatusBar)---MATRIX [1.0,0.0,0.0,1.0]: StatusBar
04-13 10:47:31.982  1576  1671 I WindowManager: <<< CLOSE TRANSACTION animateLocked
04-13 10:47:31.983   549   549 E AAAA    : setUpHWComposer: empty: more  wasEmpty: notEmpty
04-13 10:47:32.007   549   549 E AAAA    : setUpHWComposer: empty: more  wasEmpty: notEmpty
04-13 10:47:32.021  1576  1671 I WindowManager: >>> OPEN TRANSACTION animateLocked
04-13 10:47:32.021  1576  1671 I WindowManager:   SURFACE Surface(name=com.android.systemui.ImageWallpaper)---MATRIX [1.0,0.0,0.0,1.0]: com.android.systemui.ImageWallpaper
04-13 10:47:32.021  1576  1671 I WindowManager:   SURFACE Surface(name=com.miui.securitycore/com.miui.securityspace.ui.activity.PrivateSpaceMainActivity)---MATRIX [1.0,0.0,0.0,1.0]: com.miui.securitycore/com.miui.securityspace.ui.activity.PrivateSpaceMainActivity
04-13 10:47:32.021  1576  1671 I WindowManager:   SURFACE Surface(name=com.miui.securitycore/com.miui.securityspace.ui.activity.PrivateSpaceMainActivity)---POS (setPositionInTransaction) @ (0.0,3560.0): com.miui.securitycore/com.miui.securityspace.ui.activity.PrivateSpaceMainActivity
04-13 10:47:32.021  1576  1671 I WindowManager:   SURFACE Surface(name=com.miui.securitycore/com.miui.securityspace.ui.activity.PrivateSpaceMainActivity)---MATRIX [1.0,0.0,0.0,1.0]: com.miui.securitycore/com.miui.securityspace.ui.activity.PrivateSpaceMainActivity
04-13 10:47:32.022  1576  1671 I WindowManager:   SURFACE controller=Surface(name=com.miui.securitycore/com.miui.securityspace.ui.activity.PrivateSpaceMainActivity)alpha=0.0 layer=21020 matrix=[1.0*1.0,0.0*1.0][0.0*1.0,1.0*1.0]: Window{e382d62 u0 com.miui.securitycore/com.miui.securityspace.ui.activity.PrivateSpaceMainActivity EXITING}
04-13 10:47:32.022  1576  1671 I WindowManager:   SURFACE Surface(name=StatusBar)---MATRIX [1.0,0.0,0.0,1.0]: StatusBar
04-13 10:47:32.022  1576  1671 I WindowManager: <<< CLOSE TRANSACTION animateLocked
04-13 10:47:32.029  1576  1671 I WindowManager: >>> OPEN TRANSACTION animateLocked
04-13 10:47:32.029   549   549 E AAAA    : setUpHWComposer: empty: more  wasEmpty: notEmpty
04-13 10:47:32.029  1576  1671 V WindowManager: Finished animation in WindowStateAnimator{78b5ef3 com.miui.securitycore/com.miui.securityspace.ui.activity.PrivateSpaceMainActivity} @ 235850
04-13 10:47:32.029  1576  1671 V WindowManager: Animation done in WindowStateAnimator{78b5ef3 com.miui.securitycore/com.miui.securityspace.ui.activity.PrivateSpaceMainActivity}: exiting=true, reportedVisible=true
04-13 10:47:32.029  1576  1671 V WindowManager: finishExit in WindowStateAnimator{78b5ef3 com.miui.securitycore/com.miui.securityspace.ui.activity.PrivateSpaceMainActivity}: exiting=true remove=true windowAnimating=false
04-13 10:47:32.029  1576  1671 I WindowManager:   SURFACE Surface(name=com.miui.securitycore/com.miui.securityspace.ui.activity.PrivateSpaceMainActivity)---HIDE ( finishExit ): com.miui.securitycore/com.miui.securityspace.ui.activity.PrivateSpaceMainActivity
04-13 10:47:32.029  1576  1671 I WindowManager:   SURFACE DESTROY: Window{e382d62 u0 com.miui.securitycore/com.miui.securityspace.ui.activity.PrivateSpaceMainActivity EXITING}
04-13 10:47:32.030  1576  1671 I WindowManager: Destroying surface Surface(name=com.miui.securitycore/com.miui.securityspace.ui.activity.PrivateSpaceMainActivity) called by com.android.server.wm.WindowStateAnimator.destroySurface:2043 com.android.server.wm.WindowStateAnimator.destroySurfaceLocked:895 com.android.server.wm.WindowState.destroyOrSaveSurface:2116 com.android.server.wm.AppWindowToken.destroySurfaces:366 com.android.server.wm.WindowStateAnimator.finishExit:565 com.android.server.wm.WindowStateAnimator.stepAnimationLocked:491 com.android.server.wm.WindowAnimator.updateWindowsLocked:312 com.android.server.wm.WindowAnimator.animateLocked:727 
04-13 10:47:32.030  1576  1671 I WindowManager: >>> OPEN TRANSACTION performLayoutAndPlaceSurfaces
04-13 10:47:32.031  1576  1671 I WindowManager:   SURFACE Surface(name=StatusBar)---MATRIX [1.0,0.0,0.0,1.0]: StatusBar
04-13 10:47:32.031  1576  1671 I WindowManager:   SURFACE Surface(name=com.miui.securitycore/com.miui.securityspace.ui.activity.PrivateSpaceMainActivity)---MATRIX [1.0,0.0,0.0,1.0]: com.miui.securitycore/com.miui.securityspace.ui.activity.PrivateSpaceMainActivity
04-13 10:47:32.031  1576  1671 I WindowManager:   SURFACE Surface(name=com.android.systemui.ImageWallpaper)---MATRIX [1.0,0.0,0.0,1.0]: com.android.systemui.ImageWallpaper
04-13 10:47:32.031  1576  1671 I WindowManager: <<< CLOSE TRANSACTION performLayoutAndPlaceSurfaces
04-13 10:47:32.032  1576  1671 I WindowManager:   SURFACE Surface(name=com.android.systemui.ImageWallpaper)---MATRIX [1.0,0.0,0.0,1.0]: com.android.systemui.ImageWallpaper
04-13 10:47:32.032  1576  1671 I WindowManager:   SURFACE Surface(name=com.miui.securitycore/com.miui.securityspace.ui.activity.PrivateSpaceMainActivity)---MATRIX [1.0,0.0,0.0,1.0]: com.miui.securitycore/com.miui.securityspace.ui.activity.PrivateSpaceMainActivity
04-13 10:47:32.032  1576  1671 I WindowManager:   SURFACE Surface(name=StatusBar)---MATRIX [1.0,0.0,0.0,1.0]: StatusBar
04-13 10:47:32.032  1576  1671 I WindowManager: <<< CLOSE TRANSACTION animateLocked
04-13 10:47:32.033  1576  1671 I WindowManager: >>> OPEN TRANSACTION performLayoutAndPlaceSurfaces
04-13 10:47:32.033  1576  1671 I WindowManager:   SURFACE Surface(name=StatusBar)---MATRIX [1.0,0.0,0.0,1.0]: StatusBar
04-13 10:47:32.034  1576  1671 I WindowManager:   SURFACE Surface(name=com.miui.securitycore/com.miui.securityspace.ui.activity.PrivateSpaceMainActivity)---MATRIX [1.0,0.0,0.0,1.0]: com.miui.securitycore/com.miui.securityspace.ui.activity.PrivateSpaceMainActivity
04-13 10:47:32.034  1576  1671 I WindowManager:   SURFACE Surface(name=com.android.systemui.ImageWallpaper)---MATRIX [1.0,0.0,0.0,1.0]: com.android.systemui.ImageWallpaper
04-13 10:47:32.034  1576  1671 I WindowManager: <<< CLOSE TRANSACTION performLayoutAndPlaceSurfaces
04-13 10:47:32.045  1576  1671 I WindowManager: >>> OPEN TRANSACTION animateLocked
04-13 10:47:32.046  1576  1671 I WindowManager:   SURFACE Surface(name=com.android.systemui.ImageWallpaper)---MATRIX [1.0,0.0,0.0,1.0]: com.android.systemui.ImageWallpaper
04-13 10:47:32.046  1576  1671 I WindowManager:   SURFACE Surface(name=com.miui.securitycore/com.miui.securityspace.ui.activity.PrivateSpaceMainActivity)---MATRIX [1.0,0.0,0.0,1.0]: com.miui.securitycore/com.miui.securityspace.ui.activity.PrivateSpaceMainActivity
04-13 10:47:32.046  1576  1671 I WindowManager:   SURFACE Surface(name=StatusBar)---MATRIX [1.0,0.0,0.0,1.0]: StatusBar
04-13 10:47:32.047   549   549 E AAAA    : setUpHWComposer: empty: more  wasEmpty: notEmpty
04-13 10:47:32.049  1576  1671 I WindowManager: <<< CLOSE TRANSACTION animateLocked
04-13 10:47:32.062  1576  1671 I WindowManager: >>> OPEN TRANSACTION animateLocked
04-13 10:47:32.062  1576  1671 I WindowManager:   SURFACE Surface(name=com.android.systemui.ImageWallpaper)---MATRIX [1.0,0.0,0.0,1.0]: com.android.systemui.ImageWallpaper
04-13 10:47:32.062  1576  1671 I WindowManager:   SURFACE Surface(name=com.miui.securitycore/com.miui.securityspace.ui.activity.PrivateSpaceMainActivity)---MATRIX [1.0,0.0,0.0,1.0]: com.miui.securitycore/com.miui.securityspace.ui.activity.PrivateSpaceMainActivity
04-13 10:47:32.062  1576  1671 I WindowManager:   SURFACE Surface(name=StatusBar)---MATRIX [1.0,0.0,0.0,1.0]: StatusBar
04-13 10:47:32.063  1576  1671 I WindowManager: <<< CLOSE TRANSACTION animateLocked
04-13 10:47:32.063   549   549 E AAAA    : setUpHWComposer: empty: more  wasEmpty: notEmpty
04-13 10:47:32.078   549   549 E AAAA    : setUpHWComposer: empty: more  wasEmpty: notEmpty
04-13 10:47:32.079  1576  1671 I WindowManager: >>> OPEN TRANSACTION animateLocked
04-13 10:47:32.079  1576  1671 I WindowManager:   SURFACE Surface(name=com.android.systemui.ImageWallpaper)---MATRIX [1.0,0.0,0.0,1.0]: com.android.systemui.ImageWallpaper
04-13 10:47:32.079  1576  1671 I WindowManager:   SURFACE Surface(name=com.miui.securitycore/com.miui.securityspace.ui.activity.PrivateSpaceMainActivity)---MATRIX [1.0,0.0,0.0,1.0]: com.miui.securitycore/com.miui.securityspace.ui.activity.PrivateSpaceMainActivity
04-13 10:47:32.079  1576  1671 I WindowManager:   SURFACE Surface(name=StatusBar)---MATRIX [1.0,0.0,0.0,1.0]: StatusBar
04-13 10:47:32.080  1576  1671 I WindowManager: <<< CLOSE TRANSACTION animateLocked
04-13 10:47:32.080  1576  1671 I WindowManager: >>> OPEN TRANSACTION performLayoutAndPlaceSurfaces
04-13 10:47:32.081  1576  1671 I WindowManager:   SURFACE Surface(name=StatusBar)---MATRIX [1.0,0.0,0.0,1.0]: StatusBar
04-13 10:47:32.081  1576  1671 I WindowManager:   SURFACE Surface(name=com.miui.securitycore/com.miui.securityspace.ui.activity.PrivateSpaceMainActivity)---MATRIX [1.0,0.0,0.0,1.0]: com.miui.securitycore/com.miui.securityspace.ui.activity.PrivateSpaceMainActivity
04-13 10:47:32.081  1576  1671 I WindowManager:   SURFACE Surface(name=com.android.systemui.ImageWallpaper)---MATRIX [1.0,0.0,0.0,1.0]: com.android.systemui.ImageWallpaper
04-13 10:47:32.081  1576  1671 I WindowManager: <<< CLOSE TRANSACTION performLayoutAndPlaceSurfaces
04-13 10:47:32.095  1576  1671 I WindowManager: >>> OPEN TRANSACTION animateLocked
04-13 10:47:32.095  1576  1671 I WindowManager:   SURFACE Surface(name=com.android.systemui.ImageWallpaper)---MATRIX [1.0,0.0,0.0,1.0]: com.android.systemui.ImageWallpaper
04-13 10:47:32.095  1576  1671 I WindowManager:   SURFACE Surface(name=com.miui.securitycore/com.miui.securityspace.ui.activity.PrivateSpaceMainActivity)---MATRIX [1.0,0.0,0.0,1.0]: com.miui.securitycore/com.miui.securityspace.ui.activity.PrivateSpaceMainActivity
04-13 10:47:32.095  1576  1671 I WindowManager:   SURFACE Surface(name=StatusBar)---MATRIX [1.0,0.0,0.0,1.0]: StatusBar
04-13 10:47:32.096   549   549 E AAAA    : setUpHWComposer: empty: more  wasEmpty: notEmpty
04-13 10:47:32.096  1576  1671 I WindowManager: <<< CLOSE TRANSACTION animateLocked
04-13 10:47:32.112   549   549 E AAAA    : setUpHWComposer: empty: more  wasEmpty: notEmpty
04-13 10:47:32.147  1576  1666 V WindowManager: Done at AppWindowToken{7cc7aa9 token=Token{6de2e30 ActivityRecord{735ef73 u0 com.miui.securitycore/com.miui.securityspace.ui.activity.PrivateSpaceMainActivity t137}}} -- full screen, return 1
04-13 10:47:32.179  1576  1666 I WindowManager: Sending new config to window Window{3bfbaea u0 android}:  / mergedConfig={1.0 ?mcc?mnc [zh_CN] ldltr sw360dp w360dp h620dp 480dpi nrml long port finger -keyb/v/h -nav/h s.5 themeChanged=0 themeChangedFlags=0}
04-13 10:47:32.180  1576  1666 I WindowManager: createSurface WindowStateAnimator{d9c3faf }: mDrawState=DRAW_PENDING
04-13 10:47:32.185   549   549 E AAAA    : setUpHWComposer: empty: more  wasEmpty: notEmpty
04-13 10:47:32.185  1576  1666 I WindowManager:   CREATE SURFACE Surface(name=) IN SESSION android.view.SurfaceSession@997b3fa: pid=1576 format=-1 flags=0x404 / WindowStateAnimator{d9c3faf }
04-13 10:47:32.185  1576  1666 I WindowManager: >>> OPEN TRANSACTION createSurfaceLocked
04-13 10:47:32.185  1576  1666 I WindowManager:   SURFACE CREATE pos=(0,0) (1x1), layer=241000 HIDE: Window{3bfbaea u0 android}
04-13 10:47:32.185  1576  1666 I WindowManager:   SURFACE Surface(name=)---POS (setPositionAndLayer) @ (0.0,0.0): 
04-13 10:47:32.186  1576  1666 I WindowManager: <<< CLOSE TRANSACTION setPositionAndLayer
04-13 10:47:32.186  1576  1666 I WindowManager:   OUT SURFACE Surface(name=null)/@0x7489fbc: copied
04-13 10:47:32.186  1576  1666 V WindowManager: Done at AppWindowToken{7cc7aa9 token=Token{6de2e30 ActivityRecord{735ef73 u0 com.miui.securitycore/com.miui.securityspace.ui.activity.PrivateSpaceMainActivity t137}}} -- full screen, return 1
04-13 10:47:32.186  1576  1666 I WindowManager: >>> OPEN TRANSACTION performLayoutAndPlaceSurfaces
04-13 10:47:32.189  1576  1666 V WindowManager: applyAnimation: win=WindowStateAnimator{fa7c04 StatusBar} anim=17432618 attr=0xffffffff a=android.view.animation.AnimationSet@fddfba8 transit=2 isEntrance=false Callers com.android.server.wm.WindowState.hideLw:1921 com.android.server.wm.WindowState.hideLw:1905 com.android.server.policy.BarController.setBarShowingLw:152 
04-13 10:47:32.189  1576  1666 I WindowManager: Loaded animation android.view.animation.AnimationSet@fddfba8 for WindowStateAnimator{fa7c04 StatusBar}
04-13 10:47:32.190  1576  1666 I WindowManager:   SURFACE Surface(name=)---SIZE 1080x1920: 
04-13 10:47:32.191  1576  1666 I WindowManager:   SURFACE Surface(name=)---CROP [0,0][1080,1920]: 
04-13 10:47:32.191  1576  1666 I WindowManager:   SURFACE Surface(name=)---MATRIX [1.0,0.0,0.0,1.0]: 
04-13 10:47:32.191  1576  1666 V WindowManager: Resize reasons for w=Window{3bfbaea u0 android}:  contentInsetsChanged=true [0,60][0,0] visibleInsetsChanged=true [0,60][0,0] stableInsetsChanged=true [0,60][0,0] outsetsChanged=false [0,0][0,0] surfaceResized=true configChanged=false dragResizingChanged=false resizedWhileNotDragResizingReported=false
04-13 10:47:32.191  1576  1666 V WindowManager: Resizing window Window{3bfbaea u0 android}
04-13 10:47:32.191  1576  1666 I WindowManager:   SURFACE Surface(name=StatusBar)---MATRIX [1.0,0.0,0.0,1.0]: StatusBar
04-13 10:47:32.191  1576  1666 I WindowManager:   SURFACE Surface(name=com.miui.securitycore/com.miui.securityspace.ui.activity.PrivateSpaceMainActivity)---MATRIX [1.0,0.0,0.0,1.0]: com.miui.securitycore/com.miui.securityspace.ui.activity.PrivateSpaceMainActivity
04-13 10:47:32.191  1576  1666 I WindowManager:   SURFACE Surface(name=com.android.systemui.ImageWallpaper)---MATRIX [1.0,0.0,0.0,1.0]: com.android.systemui.ImageWallpaper
04-13 10:47:32.196   549   549 E AAAA    : setUpHWComposer: empty: more  wasEmpty: notEmpty
04-13 10:47:32.196  1576  1666 I WindowManager: <<< CLOSE TRANSACTION performLayoutAndPlaceSurfaces
04-13 10:47:32.196  1576  1666 V WindowManager: Reporting new frame to Window{3bfbaea u0 android}: Rect(0, 0 - 1080, 1920)
04-13 10:47:32.196  1576  1666 I WindowManager: Resizing Window{3bfbaea u0 android} WITH DRAW PENDING
04-13 10:47:32.197  1576  1666 I WindowManager: >>> OPEN TRANSACTION performLayoutAndPlaceSurfaces
04-13 10:47:32.197  1576  1666 I WindowManager:   SURFACE Surface(name=)---MATRIX [1.0,0.0,0.0,1.0]: 
04-13 10:47:32.197  1576  1666 I WindowManager:   SURFACE Surface(name=StatusBar)---MATRIX [1.0,0.0,0.0,1.0]: StatusBar
04-13 10:47:32.198  1576  1666 I WindowManager:   SURFACE Surface(name=com.miui.securitycore/com.miui.securityspace.ui.activity.PrivateSpaceMainActivity)---MATRIX [1.0,0.0,0.0,1.0]: com.miui.securitycore/com.miui.securityspace.ui.activity.PrivateSpaceMainActivity
04-13 10:47:32.198  1576  1666 I WindowManager:   SURFACE Surface(name=com.android.systemui.ImageWallpaper)---MATRIX [1.0,0.0,0.0,1.0]: com.android.systemui.ImageWallpaper
04-13 10:47:32.198  1576  1666 I WindowManager: <<< CLOSE TRANSACTION performLayoutAndPlaceSurfaces
04-13 10:47:32.213   549   549 E AAAA    : setUpHWComposer: empty: more  wasEmpty: notEmpty
04-13 10:47:32.215  1576  1671 I WindowManager: >>> OPEN TRANSACTION animateLocked
04-13 10:47:32.215  1576  1671 V WindowManager: Starting animation in WindowStateAnimator{fa7c04 StatusBar} @ 236033: ww=1080 wh=60 dx=1080 dy=1920 scale=1.0
04-13 10:47:32.215  1576  1671 I WindowManager:   SURFACE Surface(name=com.android.systemui.ImageWallpaper)---MATRIX [1.0,0.0,0.0,1.0]: com.android.systemui.ImageWallpaper
04-13 10:47:32.215  1576  1671 I WindowManager:   SURFACE Surface(name=com.miui.securitycore/com.miui.securityspace.ui.activity.PrivateSpaceMainActivity)---MATRIX [1.0,0.0,0.0,1.0]: com.miui.securitycore/com.miui.securityspace.ui.activity.PrivateSpaceMainActivity
04-13 10:47:32.215  1576  1671 I WindowManager:   SURFACE Surface(name=StatusBar)---MATRIX [1.0,0.0,0.0,1.0]: StatusBar
04-13 10:47:32.215  1576  1671 V WindowManager: prepareSurface: No changes in animation for WindowStateAnimator{fa7c04 StatusBar}
04-13 10:47:32.215  1576  1671 I WindowManager:   SURFACE Surface(name=)---MATRIX [1.0,0.0,0.0,1.0]: 
04-13 10:47:32.216  1576  1671 I WindowManager:   SURFACE controller=Surface(name=)alpha=1.0 layer=241000 matrix=[1.0*1.0,0.0*1.0][0.0*1.0,1.0*1.0]: Window{3bfbaea u0 android}
04-13 10:47:32.216  1576  1671 I WindowManager: <<< CLOSE TRANSACTION animateLocked
04-13 10:47:32.228  1576  1671 I WindowManager: >>> OPEN TRANSACTION animateLocked
04-13 10:47:32.229   549   549 E AAAA    : setUpHWComposer: empty: more  wasEmpty: notEmpty
04-13 10:47:32.229  1576  1671 I WindowManager:   SURFACE Surface(name=com.android.systemui.ImageWallpaper)---MATRIX [1.0,0.0,0.0,1.0]: com.android.systemui.ImageWallpaper
04-13 10:47:32.229  1576  1671 I WindowManager:   SURFACE Surface(name=com.miui.securitycore/com.miui.securityspace.ui.activity.PrivateSpaceMainActivity)---MATRIX [1.0,0.0,0.0,1.0]: com.miui.securitycore/com.miui.securityspace.ui.activity.PrivateSpaceMainActivity
04-13 10:47:32.229  1576  1671 I WindowManager:   SURFACE Surface(name=StatusBar)---MATRIX [1.0,0.0,0.0,1.0]: StatusBar
04-13 10:47:32.229  1576  1671 V WindowManager: prepareSurface: No changes in animation for WindowStateAnimator{fa7c04 StatusBar}
04-13 10:47:32.229  1576  1671 I WindowManager:   SURFACE Surface(name=)---MATRIX [1.0,0.0,0.0,1.0]: 
04-13 10:47:32.229  1576  1671 I WindowManager:   SURFACE controller=Surface(name=)alpha=1.0 layer=241000 matrix=[1.0*1.0,0.0*1.0][0.0*1.0,1.0*1.0]: Window{3bfbaea u0 android}
04-13 10:47:32.230  1576  1671 I WindowManager: <<< CLOSE TRANSACTION animateLocked
04-13 10:47:32.245   549   549 E AAAA    : setUpHWComposer: empty: more  wasEmpty: notEmpty
04-13 10:47:32.245  1576  1671 I WindowManager: >>> OPEN TRANSACTION animateLocked
04-13 10:47:32.245  1576  1671 I WindowManager:   SURFACE Surface(name=com.android.systemui.ImageWallpaper)---MATRIX [1.0,0.0,0.0,1.0]: com.android.systemui.ImageWallpaper
04-13 10:47:32.245  1576  1671 I WindowManager:   SURFACE Surface(name=com.miui.securitycore/com.miui.securityspace.ui.activity.PrivateSpaceMainActivity)---MATRIX [1.0,0.0,0.0,1.0]: com.miui.securitycore/com.miui.securityspace.ui.activity.PrivateSpaceMainActivity
04-13 10:47:32.245  1576  1671 I WindowManager:   SURFACE Surface(name=StatusBar)---MATRIX [1.0,0.0,0.0,1.0]: StatusBar
04-13 10:47:32.245  1576  1671 V WindowManager: prepareSurface: No changes in animation for WindowStateAnimator{fa7c04 StatusBar}
04-13 10:47:32.245  1576  1671 I WindowManager:   SURFACE Surface(name=)---MATRIX [1.0,0.0,0.0,1.0]: 
04-13 10:47:32.245  1576  1671 I WindowManager:   SURFACE controller=Surface(name=)alpha=1.0 layer=241000 matrix=[1.0*1.0,0.0*1.0][0.0*1.0,1.0*1.0]: Window{3bfbaea u0 android}
04-13 10:47:32.246  1576  1671 I WindowManager: <<< CLOSE TRANSACTION animateLocked
04-13 10:47:32.262  1576  1671 I WindowManager: >>> OPEN TRANSACTION animateLocked
04-13 10:47:32.262  1576  1671 I WindowManager:   SURFACE Surface(name=com.android.systemui.ImageWallpaper)---MATRIX [1.0,0.0,0.0,1.0]: com.android.systemui.ImageWallpaper
04-13 10:47:32.262   549   549 E AAAA    : setUpHWComposer: empty: more  wasEmpty: notEmpty
04-13 10:47:32.262  1576  1671 I WindowManager:   SURFACE Surface(name=com.miui.securitycore/com.miui.securityspace.ui.activity.PrivateSpaceMainActivity)---MATRIX [1.0,0.0,0.0,1.0]: com.miui.securitycore/com.miui.securityspace.ui.activity.PrivateSpaceMainActivity
04-13 10:47:32.262  1576  1671 I WindowManager:   SURFACE Surface(name=StatusBar)---MATRIX [1.0,0.0,0.0,1.0]: StatusBar
04-13 10:47:32.262  1576  1671 V WindowManager: prepareSurface: No changes in animation for WindowStateAnimator{fa7c04 StatusBar}
04-13 10:47:32.262  1576  1671 I WindowManager:   SURFACE Surface(name=)---MATRIX [1.0,0.0,0.0,1.0]: 
04-13 10:47:32.262  1576  1671 I WindowManager:   SURFACE controller=Surface(name=)alpha=1.0 layer=241000 matrix=[1.0*1.0,0.0*1.0][0.0*1.0,1.0*1.0]: Window{3bfbaea u0 android}
04-13 10:47:32.270  1576  1671 I WindowManager: <<< CLOSE TRANSACTION animateLocked
04-13 10:47:32.278  1576  1671 I WindowManager: >>> OPEN TRANSACTION animateLocked
04-13 10:47:32.278   549   549 E AAAA    : setUpHWComposer: empty: more  wasEmpty: notEmpty
04-13 10:47:32.278  1576  1671 I WindowManager:   SURFACE Surface(name=com.android.systemui.ImageWallpaper)---MATRIX [1.0,0.0,0.0,1.0]: com.android.systemui.ImageWallpaper
04-13 10:47:32.279  1576  1671 I WindowManager:   SURFACE Surface(name=com.miui.securitycore/com.miui.securityspace.ui.activity.PrivateSpaceMainActivity)---MATRIX [1.0,0.0,0.0,1.0]: com.miui.securitycore/com.miui.securityspace.ui.activity.PrivateSpaceMainActivity
04-13 10:47:32.279  1576  1671 I WindowManager:   SURFACE Surface(name=StatusBar)---POS (setPositionInTransaction) @ (0.0,-1.0): StatusBar
04-13 10:47:32.279  1576  1671 I WindowManager:   SURFACE Surface(name=StatusBar)---MATRIX [1.0,0.0,0.0,1.0]: StatusBar
04-13 10:47:32.279  1576  1671 V WindowManager: prepareSurface: No changes in animation for WindowStateAnimator{fa7c04 StatusBar}
04-13 10:47:32.279  1576  1671 I WindowManager:   SURFACE Surface(name=)---MATRIX [1.0,0.0,0.0,1.0]: 
04-13 10:47:32.279  1576  1671 I WindowManager:   SURFACE controller=Surface(name=)alpha=1.0 layer=241000 matrix=[1.0*1.0,0.0*1.0][0.0*1.0,1.0*1.0]: Window{3bfbaea u0 android}
04-13 10:47:32.279  1576  1671 I WindowManager: <<< CLOSE TRANSACTION animateLocked
04-13 10:47:32.295  1576  1671 I WindowManager: >>> OPEN TRANSACTION animateLocked
04-13 10:47:32.295   549   549 E AAAA    : setUpHWComposer: empty: more  wasEmpty: notEmpty
04-13 10:47:32.295  1576  1671 I WindowManager:   SURFACE Surface(name=com.android.systemui.ImageWallpaper)---MATRIX [1.0,0.0,0.0,1.0]: com.android.systemui.ImageWallpaper
04-13 10:47:32.295  1576  1671 I WindowManager:   SURFACE Surface(name=com.miui.securitycore/com.miui.securityspace.ui.activity.PrivateSpaceMainActivity)---MATRIX [1.0,0.0,0.0,1.0]: com.miui.securitycore/com.miui.securityspace.ui.activity.PrivateSpaceMainActivity
04-13 10:47:32.295  1576  1671 I WindowManager:   SURFACE Surface(name=StatusBar)---MATRIX [1.0,0.0,0.0,1.0]: StatusBar
04-13 10:47:32.295  1576  1671 V WindowManager: prepareSurface: No changes in animation for WindowStateAnimator{fa7c04 StatusBar}
04-13 10:47:32.295  1576  1671 I WindowManager:   SURFACE Surface(name=)---MATRIX [1.0,0.0,0.0,1.0]: 
04-13 10:47:32.295  1576  1671 I WindowManager:   SURFACE controller=Surface(name=)alpha=1.0 layer=241000 matrix=[1.0*1.0,0.0*1.0][0.0*1.0,1.0*1.0]: Window{3bfbaea u0 android}
04-13 10:47:32.296  1576  1671 I WindowManager: <<< CLOSE TRANSACTION animateLocked
04-13 10:47:32.311  1576  1671 I WindowManager: >>> OPEN TRANSACTION animateLocked
04-13 10:47:32.312   549   549 E AAAA    : setUpHWComposer: empty: more  wasEmpty: notEmpty
04-13 10:47:32.312  1576  1671 I WindowManager:   SURFACE Surface(name=com.android.systemui.ImageWallpaper)---MATRIX [1.0,0.0,0.0,1.0]: com.android.systemui.ImageWallpaper
04-13 10:47:32.312  1576  1671 I WindowManager:   SURFACE Surface(name=com.miui.securitycore/com.miui.securityspace.ui.activity.PrivateSpaceMainActivity)---MATRIX [1.0,0.0,0.0,1.0]: com.miui.securitycore/com.miui.securityspace.ui.activity.PrivateSpaceMainActivity
04-13 10:47:32.312  1576  1671 I WindowManager:   SURFACE Surface(name=StatusBar)---POS (setPositionInTransaction) @ (0.0,-2.0): StatusBar
04-13 10:47:32.312  1576  1671 I WindowManager:   SURFACE Surface(name=StatusBar)---MATRIX [1.0,0.0,0.0,1.0]: StatusBar
04-13 10:47:32.312  1576  1671 V WindowManager: prepareSurface: No changes in animation for WindowStateAnimator{fa7c04 StatusBar}
04-13 10:47:32.312  1576  1671 I WindowManager:   SURFACE Surface(name=)---MATRIX [1.0,0.0,0.0,1.0]: 
04-13 10:47:32.312  1576  1671 I WindowManager:   SURFACE controller=Surface(name=)alpha=1.0 layer=241000 matrix=[1.0*1.0,0.0*1.0][0.0*1.0,1.0*1.0]: Window{3bfbaea u0 android}
04-13 10:47:32.313  1576  1671 I WindowManager: <<< CLOSE TRANSACTION animateLocked
04-13 10:47:32.328  1576  1671 I WindowManager: >>> OPEN TRANSACTION animateLocked
04-13 10:47:32.328   549   549 E AAAA    : setUpHWComposer: empty: more  wasEmpty: notEmpty
04-13 10:47:32.328  1576  1671 I WindowManager:   SURFACE Surface(name=com.android.systemui.ImageWallpaper)---MATRIX [1.0,0.0,0.0,1.0]: com.android.systemui.ImageWallpaper
04-13 10:47:32.328  1576  1671 I WindowManager:   SURFACE Surface(name=com.miui.securitycore/com.miui.securityspace.ui.activity.PrivateSpaceMainActivity)---MATRIX [1.0,0.0,0.0,1.0]: com.miui.securitycore/com.miui.securityspace.ui.activity.PrivateSpaceMainActivity
04-13 10:47:32.329  1576  1671 I WindowManager:   SURFACE Surface(name=StatusBar)---POS (setPositionInTransaction) @ (0.0,-4.0): StatusBar
04-13 10:47:32.329  1576  1671 I WindowManager:   SURFACE Surface(name=StatusBar)---MATRIX [1.0,0.0,0.0,1.0]: StatusBar
04-13 10:47:32.329  1576  1671 V WindowManager: prepareSurface: No changes in animation for WindowStateAnimator{fa7c04 StatusBar}
04-13 10:47:32.329  1576  1671 I WindowManager:   SURFACE Surface(name=)---MATRIX [1.0,0.0,0.0,1.0]: 
04-13 10:47:32.329  1576  1671 I WindowManager:   SURFACE controller=Surface(name=)alpha=1.0 layer=241000 matrix=[1.0*1.0,0.0*1.0][0.0*1.0,1.0*1.0]: Window{3bfbaea u0 android}
04-13 10:47:32.329  1576  1671 I WindowManager: <<< CLOSE TRANSACTION animateLocked
04-13 10:47:32.345  1576  1671 I WindowManager: >>> OPEN TRANSACTION animateLocked
04-13 10:47:32.345   549   549 E AAAA    : setUpHWComposer: empty: more  wasEmpty: notEmpty
04-13 10:47:32.345  1576  1671 I WindowManager:   SURFACE Surface(name=com.android.systemui.ImageWallpaper)---MATRIX [1.0,0.0,0.0,1.0]: com.android.systemui.ImageWallpaper
04-13 10:47:32.345  1576  1671 I WindowManager:   SURFACE Surface(name=com.miui.securitycore/com.miui.securityspace.ui.activity.PrivateSpaceMainActivity)---MATRIX [1.0,0.0,0.0,1.0]: com.miui.securitycore/com.miui.securityspace.ui.activity.PrivateSpaceMainActivity
04-13 10:47:32.345  1576  1671 I WindowManager:   SURFACE Surface(name=StatusBar)---POS (setPositionInTransaction) @ (0.0,-5.0): StatusBar
04-13 10:47:32.345  1576  1671 I WindowManager:   SURFACE Surface(name=StatusBar)---MATRIX [1.0,0.0,0.0,1.0]: StatusBar
04-13 10:47:32.345  1576  1671 V WindowManager: prepareSurface: No changes in animation for WindowStateAnimator{fa7c04 StatusBar}
04-13 10:47:32.345  1576  1671 I WindowManager:   SURFACE Surface(name=)---MATRIX [1.0,0.0,0.0,1.0]: 
04-13 10:47:32.345  1576  1671 I WindowManager:   SURFACE controller=Surface(name=)alpha=1.0 layer=241000 matrix=[1.0*1.0,0.0*1.0][0.0*1.0,1.0*1.0]: Window{3bfbaea u0 android}
04-13 10:47:32.346  1576  1671 I WindowManager: <<< CLOSE TRANSACTION animateLocked
04-13 10:47:32.362   549   549 E AAAA    : setUpHWComposer: empty: more  wasEmpty: notEmpty
