04-13 09:37:18.395   544   544 E AAAA    : setUpHWComposer: empty: more  wasEmpty: notEmpty
04-13 09:37:18.478   544   544 E AAAA    : setUpHWComposer: empty: more  wasEmpty: notEmpty
04-13 09:37:19.929   544   544 E AAAA    : setUpHWComposer: empty: more  wasEmpty: notEmpty
04-13 09:37:19.946   544   544 E AAAA    : setUpHWComposer: empty: more  wasEmpty: notEmpty
04-13 09:37:19.962   544   544 E AAAA    : setUpHWComposer: empty: more  wasEmpty: notEmpty
04-13 09:37:19.979   544   544 E AAAA    : setUpHWComposer: empty: more  wasEmpty: notEmpty
04-13 09:37:19.996   544   544 E AAAA    : setUpHWComposer: empty: more  wasEmpty: notEmpty
04-13 09:37:20.012   544   544 E AAAA    : setUpHWComposer: empty: more  wasEmpty: notEmpty
04-13 09:37:20.029   544   544 E AAAA    : setUpHWComposer: empty: more  wasEmpty: notEmpty
04-13 09:37:20.045   544   544 E AAAA    : setUpHWComposer: empty: more  wasEmpty: notEmpty
04-13 09:37:20.062   544   544 E AAAA    : setUpHWComposer: empty: more  wasEmpty: notEmpty
04-13 09:37:20.079   544   544 E AAAA    : setUpHWComposer: empty: more  wasEmpty: notEmpty
04-13 09:37:20.096   544   544 E AAAA    : setUpHWComposer: empty: more  wasEmpty: notEmpty
04-13 09:37:20.104  1590  3045 V WindowManager: Loading animations: layout params pkg=com.android.systemui resId=0x0
04-13 09:37:20.105  1590  3045 V WindowManager: applyAnimation: win=WindowStateAnimator{ffacc9c FloatNotificationPanel} anim=0 attr=0x1 a=null transit=2 isEntrance=false Callers com.android.server.wm.WindowManagerService.tryStartExitingAnimation:3136 com.android.server.wm.WindowManagerService.relayoutWindow:3035 com.android.server.wm.Session.relayout:224 
04-13 09:37:20.105  1590  3045 I WindowManager:   SURFACE DESTROY: Window{8f9940f u0 FloatNotificationPanel}
04-13 09:37:20.105  1590  3045 I WindowManager: Destroying surface Surface(name=FloatNotificationPanel) called by com.android.server.wm.WindowStateAnimator.destroySurface:2043 com.android.server.wm.WindowStateAnimator.destroySurfaceLocked:895 com.android.server.wm.WindowState.destroyOrSaveSurface:2116 com.android.server.wm.WindowManagerService.tryStartExitingAnimation:3155 com.android.server.wm.WindowManagerService.relayoutWindow:3035 com.android.server.wm.Session.relayout:224 android.view.IWindowSession$Stub.onTransact:286 com.android.server.wm.Session.onTransact:145 
04-13 09:37:20.107  1590  3045 V WindowManager: Done at AppWindowToken{5ae0c15 token=Token{66b1cc ActivityRecord{e9e0fff u0 com.miui.securitycore/com.miui.securityspace.ui.activity.PrivateSpaceMainActivity t135}}} -- full screen, return 1
04-13 09:37:20.107  1590  3045 I WindowManager: >>> OPEN TRANSACTION performLayoutAndPlaceSurfaces
04-13 09:37:20.108  1590  3045 I WindowManager:   SURFACE Surface(name=StatusBar)---MATRIX [1.0,0.0,0.0,1.0]: StatusBar
04-13 09:37:20.108  1590  3045 I WindowManager:   SURFACE Surface(name=com.miui.securitycore/com.miui.securityspace.ui.activity.PrivateSpaceMainActivity)---MATRIX [1.0,0.0,0.0,1.0]: com.miui.securitycore/com.miui.securityspace.ui.activity.PrivateSpaceMainActivity
04-13 09:37:20.109  1590  3045 I WindowManager:   SURFACE Surface(name=com.android.systemui.ImageWallpaper)---MATRIX [1.0,0.0,0.0,1.0]: com.android.systemui.ImageWallpaper
04-13 09:37:20.110  1590  3045 I WindowManager: <<< CLOSE TRANSACTION performLayoutAndPlaceSurfaces
04-13 09:37:20.113   544   544 E AAAA    : setUpHWComposer: empty: more  wasEmpty: notEmpty
04-13 09:37:20.129  1590  1656 I WindowManager: >>> OPEN TRANSACTION animateLocked
04-13 09:37:20.129  1590  1656 I WindowManager:   SURFACE Surface(name=com.android.systemui.ImageWallpaper)---MATRIX [1.0,0.0,0.0,1.0]: com.android.systemui.ImageWallpaper
04-13 09:37:20.129  1590  1656 I WindowManager:   SURFACE Surface(name=com.miui.securitycore/com.miui.securityspace.ui.activity.PrivateSpaceMainActivity)---MATRIX [1.0,0.0,0.0,1.0]: com.miui.securitycore/com.miui.securityspace.ui.activity.PrivateSpaceMainActivity
04-13 09:37:20.130  1590  1656 I WindowManager:   SURFACE Surface(name=StatusBar)---MATRIX [1.0,0.0,0.0,1.0]: StatusBar
04-13 09:37:20.130  1590  1656 I WindowManager: <<< CLOSE TRANSACTION animateLocked
04-13 09:37:20.145   544   544 E AAAA    : setUpHWComposer: empty: more  wasEmpty: notEmpty
04-13 09:37:20.228   544   544 E AAAA    : setUpHWComposer: empty: more  wasEmpty: notEmpty
04-13 09:37:21.396   544   544 E AAAA    : setUpHWComposer: empty: more  wasEmpty: notEmpty
04-13 09:37:21.478   544   544 E AAAA    : setUpHWComposer: empty: more  wasEmpty: notEmpty
04-13 09:37:22.396   544   544 E AAAA    : setUpHWComposer: empty: more  wasEmpty: notEmpty
04-13 09:37:22.478   544   544 E AAAA    : setUpHWComposer: empty: more  wasEmpty: notEmpty
04-13 09:37:24.967  1590  1651 V WindowManager: updateRotationUnchecked(alwaysSendConfiguration=false)
04-13 09:37:24.967  1590  1651 V WindowManager: Application requested orientation 1, got rotation 0 which has compatible metrics
04-13 09:37:24.967  1590  1651 I WindowManager: >>> OPEN TRANSACTION performLayoutAndPlaceSurfaces
04-13 09:37:24.968  1590  1651 I WindowManager:   SURFACE Surface(name=StatusBar)---MATRIX [1.0,0.0,0.0,1.0]: StatusBar
04-13 09:37:24.969  1590  1651 I WindowManager:   SURFACE Surface(name=com.miui.securitycore/com.miui.securityspace.ui.activity.PrivateSpaceMainActivity)---MATRIX [1.0,0.0,0.0,1.0]: com.miui.securitycore/com.miui.securityspace.ui.activity.PrivateSpaceMainActivity
04-13 09:37:24.969  1590  1651 I WindowManager:   SURFACE Surface(name=com.android.systemui.ImageWallpaper)---MATRIX [1.0,0.0,0.0,1.0]: com.android.systemui.ImageWallpaper
04-13 09:37:24.970  1590  1651 I WindowManager: <<< CLOSE TRANSACTION performLayoutAndPlaceSurfaces
04-13 09:37:24.979   544   544 E AAAA    : setUpHWComposer: empty: more  wasEmpty: notEmpty
04-13 09:37:24.979  1590  1656 I WindowManager: >>> OPEN TRANSACTION animateLocked
04-13 09:37:24.980  1590  1656 I WindowManager:   SURFACE Surface(name=com.android.systemui.ImageWallpaper)---MATRIX [1.0,0.0,0.0,1.0]: com.android.systemui.ImageWallpaper
04-13 09:37:24.980  1590  1656 I WindowManager:   SURFACE Surface(name=com.miui.securitycore/com.miui.securityspace.ui.activity.PrivateSpaceMainActivity)---MATRIX [1.0,0.0,0.0,1.0]: com.miui.securitycore/com.miui.securityspace.ui.activity.PrivateSpaceMainActivity
04-13 09:37:24.980  1590  1656 I WindowManager:   SURFACE Surface(name=StatusBar)---MATRIX [1.0,0.0,0.0,1.0]: StatusBar
04-13 09:37:24.981  1590  1656 I WindowManager: <<< CLOSE TRANSACTION animateLocked
04-13 09:37:24.996   544   544 E AAAA    : setUpHWComposer: empty: more  wasEmpty: notEmpty
04-13 09:37:25.078   544   544 E AAAA    : setUpHWComposer: empty: more  wasEmpty: notEmpty
04-13 09:37:27.062   544   544 E AAAA    : setUpHWComposer: empty: more  wasEmpty: notEmpty
04-13 09:37:27.145   544   544 E AAAA    : setUpHWComposer: empty: more  wasEmpty: notEmpty
04-13 09:37:27.197  1590  2992 V WindowManager: Done at AppWindowToken{5ae0c15 token=Token{66b1cc ActivityRecord{e9e0fff u0 com.miui.securitycore/com.miui.securityspace.ui.activity.PrivateSpaceMainActivity t135}}} -- full screen, return 1
04-13 09:37:27.207  1590  3045 I WindowManager: Sending new config to window Window{fbf8706 u0 com.miui.securitycore/com.miui.securityspace.ui.activity.PrivateSpaceMainActivity}:  / mergedConfig={1.0 ?mcc?mnc [zh_CN] ldltr sw360dp w360dp h620dp 480dpi nrml long port finger -keyb/v/h -nav/h s.5 themeChanged=0 themeChangedFlags=0}
04-13 09:37:27.208  1590  3045 I WindowManager: createSurface WindowStateAnimator{45481c7 com.miui.securitycore/com.miui.securityspace.ui.activity.PrivateSpaceMainActivity}: mDrawState=DRAW_PENDING
04-13 09:37:27.209  1590  3045 I WindowManager:   CREATE SURFACE Surface(name=com.miui.securitycore/com.miui.securityspace.ui.activity.PrivateSpaceMainActivity) IN SESSION android.view.SurfaceSession@e1b9ba9: pid=7775 format=-3 flags=0x4 / WindowStateAnimator{45481c7 com.miui.securitycore/com.miui.securityspace.ui.activity.PrivateSpaceMainActivity}
04-13 09:37:27.209  1590  3045 I WindowManager: >>> OPEN TRANSACTION createSurfaceLocked
04-13 09:37:27.209  1590  3045 I WindowManager:   SURFACE CREATE pos=(0,0) (1x1), layer=21020 HIDE: Window{fbf8706 u0 com.miui.securitycore/com.miui.securityspace.ui.activity.PrivateSpaceMainActivity}
04-13 09:37:27.209  1590  3045 I WindowManager:   SURFACE Surface(name=com.miui.securitycore/com.miui.securityspace.ui.activity.PrivateSpaceMainActivity)---POS (setPositionAndLayer) @ (0.0,0.0): com.miui.securitycore/com.miui.securityspace.ui.activity.PrivateSpaceMainActivity
04-13 09:37:27.210  1590  3045 I WindowManager: <<< CLOSE TRANSACTION setPositionAndLayer
04-13 09:37:27.210  1590  3045 I WindowManager:   OUT SURFACE Surface(name=null)/@0xe7013f4: copied
04-13 09:37:27.210  1590  3045 V WindowManager: Done at AppWindowToken{5ae0c15 token=Token{66b1cc ActivityRecord{e9e0fff u0 com.miui.securitycore/com.miui.securityspace.ui.activity.PrivateSpaceMainActivity t135}}} -- full screen, return 1
04-13 09:37:27.211  1590  3045 I WindowManager: >>> OPEN TRANSACTION performLayoutAndPlaceSurfaces
04-13 09:37:27.211  1590  3045 I WindowManager:   SURFACE Surface(name=StatusBar)---MATRIX [1.0,0.0,0.0,1.0]: StatusBar
04-13 09:37:27.212  1590  3045 I WindowManager:   SURFACE Surface(name=com.miui.securitycore/com.miui.securityspace.ui.activity.PrivateSpaceMainActivity)---SIZE 1080x280: com.miui.securitycore/com.miui.securityspace.ui.activity.PrivateSpaceMainActivity
04-13 09:37:27.212  1590  3045 I WindowManager:   SURFACE Surface(name=com.miui.securitycore/com.miui.securityspace.ui.activity.PrivateSpaceMainActivity)---POS (setPositionInTransaction) @ (0.0,1640.0): com.miui.securitycore/com.miui.securityspace.ui.activity.PrivateSpaceMainActivity
04-13 09:37:27.212  1590  3045 I WindowManager:   SURFACE Surface(name=com.miui.securitycore/com.miui.securityspace.ui.activity.PrivateSpaceMainActivity)---CROP [0,0][1080,280]: com.miui.securitycore/com.miui.securityspace.ui.activity.PrivateSpaceMainActivity
04-13 09:37:27.212   544   544 E AAAA    : setUpHWComposer: empty: more  wasEmpty: notEmpty
04-13 09:37:27.212  1590  3045 I WindowManager:   SURFACE Surface(name=com.miui.securitycore/com.miui.securityspace.ui.activity.PrivateSpaceMainActivity)---MATRIX [1.0,0.0,0.0,1.0]: com.miui.securitycore/com.miui.securityspace.ui.activity.PrivateSpaceMainActivity
04-13 09:37:27.212  1590  3045 V WindowManager: Eval win Window{fbf8706 u0 com.miui.securitycore/com.miui.securityspace.ui.activity.PrivateSpaceMainActivity}: isDrawn=false, isAnimationSet=false
04-13 09:37:27.212  1590  3045 V WindowManager: Not displayed: s=Surface(name=com.miui.securitycore/com.miui.securityspace.ui.activity.PrivateSpaceMainActivity) pv=true mDrawState=DRAW_PENDING ah=false th=false a=false
04-13 09:37:27.212  1590  3045 V WindowManager: Resize reasons for w=Window{fbf8706 u0 com.miui.securitycore/com.miui.securityspace.ui.activity.PrivateSpaceMainActivity}:  contentInsetsChanged=false [0,0][0,0] visibleInsetsChanged=false [0,0][0,0] stableInsetsChanged=false [0,0][0,0] outsetsChanged=false [0,0][0,0] surfaceResized=true configChanged=false dragResizingChanged=false resizedWhileNotDragResizingReported=false
04-13 09:37:27.212  1590  3045 V WindowManager: Resizing window Window{fbf8706 u0 com.miui.securitycore/com.miui.securityspace.ui.activity.PrivateSpaceMainActivity}
04-13 09:37:27.212  1590  3045 I WindowManager:   SURFACE Surface(name=com.miui.securitycore/com.miui.securityspace.ui.activity.PrivateSpaceMainActivity)---MATRIX [1.0,0.0,0.0,1.0]: com.miui.securitycore/com.miui.securityspace.ui.activity.PrivateSpaceMainActivity
04-13 09:37:27.212  1590  3045 V WindowManager: Eval win Window{613330 u0 com.miui.securitycore/com.miui.securityspace.ui.activity.PrivateSpaceMainActivity}: isDrawn=true, isAnimationSet=false
04-13 09:37:27.212  1590  3045 V WindowManager: tokenMayBeDrawn: AppWindowToken{5ae0c15 token=Token{66b1cc ActivityRecord{e9e0fff u0 com.miui.securitycore/com.miui.securityspace.ui.activity.PrivateSpaceMainActivity t135}}} w=Window{613330 u0 com.miui.securitycore/com.miui.securityspace.ui.activity.PrivateSpaceMainActivity} numInteresting=2 freezingScreen=false mAppFreezing=false
04-13 09:37:27.212  1590  3045 V WindowManager: tokenMayBeDrawnExcludingSaved: AppWindowToken{5ae0c15 token=Token{66b1cc ActivityRecord{e9e0fff u0 com.miui.securitycore/com.miui.securityspace.ui.activity.PrivateSpaceMainActivity t135}}} w=Window{613330 u0 com.miui.securitycore/com.miui.securityspace.ui.activity.PrivateSpaceMainActivity} numInteresting=2 freezingScreen=false mAppFreezing=false
04-13 09:37:27.212  1590  3045 I WindowManager:   SURFACE Surface(name=com.android.systemui.ImageWallpaper)---MATRIX [1.0,0.0,0.0,1.0]: com.android.systemui.ImageWallpaper
04-13 09:37:27.228   544   544 E AAAA    : setUpHWComposer: empty: more  wasEmpty: notEmpty
04-13 09:37:27.228  1590  3045 I WindowManager: <<< CLOSE TRANSACTION performLayoutAndPlaceSurfaces
04-13 09:37:27.228  1590  3045 V WindowManager: Reporting new frame to Window{fbf8706 u0 com.miui.securitycore/com.miui.securityspace.ui.activity.PrivateSpaceMainActivity}: Rect(0, 1640 - 1080, 1920)
04-13 09:37:27.228  1590  3045 I WindowManager: Resizing Window{fbf8706 u0 com.miui.securitycore/com.miui.securityspace.ui.activity.PrivateSpaceMainActivity} WITH DRAW PENDING
04-13 09:37:27.229  1590  3045 I WindowManager: >>> OPEN TRANSACTION performLayoutAndPlaceSurfaces
04-13 09:37:27.230  1590  3045 I WindowManager:   SURFACE Surface(name=StatusBar)---MATRIX [1.0,0.0,0.0,1.0]: StatusBar
04-13 09:37:27.230  1590  3045 I WindowManager:   SURFACE Surface(name=com.miui.securitycore/com.miui.securityspace.ui.activity.PrivateSpaceMainActivity)---MATRIX [1.0,0.0,0.0,1.0]: com.miui.securitycore/com.miui.securityspace.ui.activity.PrivateSpaceMainActivity
04-13 09:37:27.230  1590  3045 V WindowManager: Eval win Window{fbf8706 u0 com.miui.securitycore/com.miui.securityspace.ui.activity.PrivateSpaceMainActivity}: isDrawn=false, isAnimationSet=false
04-13 09:37:27.230  1590  3045 V WindowManager: Not displayed: s=Surface(name=com.miui.securitycore/com.miui.securityspace.ui.activity.PrivateSpaceMainActivity) pv=true mDrawState=DRAW_PENDING ah=false th=false a=false
04-13 09:37:27.230  1590  3045 I WindowManager:   SURFACE Surface(name=com.miui.securitycore/com.miui.securityspace.ui.activity.PrivateSpaceMainActivity)---MATRIX [1.0,0.0,0.0,1.0]: com.miui.securitycore/com.miui.securityspace.ui.activity.PrivateSpaceMainActivity
04-13 09:37:27.230  1590  3045 V WindowManager: Eval win Window{613330 u0 com.miui.securitycore/com.miui.securityspace.ui.activity.PrivateSpaceMainActivity}: isDrawn=true, isAnimationSet=false
04-13 09:37:27.230  1590  3045 V WindowManager: tokenMayBeDrawn: AppWindowToken{5ae0c15 token=Token{66b1cc ActivityRecord{e9e0fff u0 com.miui.securitycore/com.miui.securityspace.ui.activity.PrivateSpaceMainActivity t135}}} w=Window{613330 u0 com.miui.securitycore/com.miui.securityspace.ui.activity.PrivateSpaceMainActivity} numInteresting=2 freezingScreen=false mAppFreezing=false
04-13 09:37:27.230  1590  3045 V WindowManager: tokenMayBeDrawnExcludingSaved: AppWindowToken{5ae0c15 token=Token{66b1cc ActivityRecord{e9e0fff u0 com.miui.securitycore/com.miui.securityspace.ui.activity.PrivateSpaceMainActivity t135}}} w=Window{613330 u0 com.miui.securitycore/com.miui.securityspace.ui.activity.PrivateSpaceMainActivity} numInteresting=2 freezingScreen=false mAppFreezing=false
04-13 09:37:27.230  1590  3045 I WindowManager:   SURFACE Surface(name=com.android.systemui.ImageWallpaper)---MATRIX [1.0,0.0,0.0,1.0]: com.android.systemui.ImageWallpaper
04-13 09:37:27.231  1590  3045 I WindowManager: <<< CLOSE TRANSACTION performLayoutAndPlaceSurfaces
04-13 09:37:27.242  1590  3045 V WindowManager: finishDrawingLocked: mDrawState=COMMIT_DRAW_PENDING Window{fbf8706 u0 com.miui.securitycore/com.miui.securityspace.ui.activity.PrivateSpaceMainActivity} in Surface(name=com.miui.securitycore/com.miui.securityspace.ui.activity.PrivateSpaceMainActivity)
04-13 09:37:27.242  1590  1656 I WindowManager: >>> OPEN TRANSACTION performLayoutAndPlaceSurfaces
04-13 09:37:27.243  1590  1656 I WindowManager:   SURFACE Surface(name=StatusBar)---MATRIX [1.0,0.0,0.0,1.0]: StatusBar
04-13 09:37:27.243  1590  1656 I WindowManager: commitFinishDrawingLocked: mDrawState=READY_TO_SHOW Surface(name=com.miui.securitycore/com.miui.securityspace.ui.activity.PrivateSpaceMainActivity)
04-13 09:37:27.243  1590  1656 I WindowManager:   SURFACE Surface(name=com.miui.securitycore/com.miui.securityspace.ui.activity.PrivateSpaceMainActivity)---MATRIX [1.0,0.0,0.0,1.0]: com.miui.securitycore/com.miui.securityspace.ui.activity.PrivateSpaceMainActivity
04-13 09:37:27.243  1590  1656 V WindowManager: Eval win Window{fbf8706 u0 com.miui.securitycore/com.miui.securityspace.ui.activity.PrivateSpaceMainActivity}: isDrawn=true, isAnimationSet=false
04-13 09:37:27.243  1590  1656 V WindowManager: tokenMayBeDrawn: AppWindowToken{5ae0c15 token=Token{66b1cc ActivityRecord{e9e0fff u0 com.miui.securitycore/com.miui.securityspace.ui.activity.PrivateSpaceMainActivity t135}}} w=Window{fbf8706 u0 com.miui.securitycore/com.miui.securityspace.ui.activity.PrivateSpaceMainActivity} numInteresting=1 freezingScreen=false mAppFreezing=false
04-13 09:37:27.243  1590  1656 V WindowManager: tokenMayBeDrawnExcludingSaved: AppWindowToken{5ae0c15 token=Token{66b1cc ActivityRecord{e9e0fff u0 com.miui.securitycore/com.miui.securityspace.ui.activity.PrivateSpaceMainActivity t135}}} w=Window{fbf8706 u0 com.miui.securitycore/com.miui.securityspace.ui.activity.PrivateSpaceMainActivity} numInteresting=1 freezingScreen=false mAppFreezing=false
04-13 09:37:27.243  1590  1656 I WindowManager:   SURFACE Surface(name=com.miui.securitycore/com.miui.securityspace.ui.activity.PrivateSpaceMainActivity)---MATRIX [1.0,0.0,0.0,1.0]: com.miui.securitycore/com.miui.securityspace.ui.activity.PrivateSpaceMainActivity
04-13 09:37:27.244  1590  1656 V WindowManager: Eval win Window{613330 u0 com.miui.securitycore/com.miui.securityspace.ui.activity.PrivateSpaceMainActivity}: isDrawn=true, isAnimationSet=false
04-13 09:37:27.244  1590  1656 V WindowManager: tokenMayBeDrawn: AppWindowToken{5ae0c15 token=Token{66b1cc ActivityRecord{e9e0fff u0 com.miui.securitycore/com.miui.securityspace.ui.activity.PrivateSpaceMainActivity t135}}} w=Window{613330 u0 com.miui.securitycore/com.miui.securityspace.ui.activity.PrivateSpaceMainActivity} numInteresting=2 freezingScreen=false mAppFreezing=false
04-13 09:37:27.244  1590  1656 V WindowManager: tokenMayBeDrawnExcludingSaved: AppWindowToken{5ae0c15 token=Token{66b1cc ActivityRecord{e9e0fff u0 com.miui.securitycore/com.miui.securityspace.ui.activity.PrivateSpaceMainActivity t135}}} w=Window{613330 u0 com.miui.securitycore/com.miui.securityspace.ui.activity.PrivateSpaceMainActivity} numInteresting=2 freezingScreen=false mAppFreezing=false
04-13 09:37:27.244  1590  1656 I WindowManager:   SURFACE Surface(name=com.android.systemui.ImageWallpaper)---MATRIX [1.0,0.0,0.0,1.0]: com.android.systemui.ImageWallpaper
04-13 09:37:27.244  1590  1656 I WindowManager: <<< CLOSE TRANSACTION performLayoutAndPlaceSurfaces
04-13 09:37:27.245   544   544 E AAAA    : setUpHWComposer: empty: more  wasEmpty: notEmpty
04-13 09:37:27.245  1590  1656 I WindowManager: >>> OPEN TRANSACTION performLayoutAndPlaceSurfaces
04-13 09:37:27.246  1590  1656 I WindowManager:   SURFACE Surface(name=StatusBar)---MATRIX [1.0,0.0,0.0,1.0]: StatusBar
04-13 09:37:27.246  1590  1656 I WindowManager: commitFinishDrawingLocked: mDrawState=READY_TO_SHOW Surface(name=com.miui.securitycore/com.miui.securityspace.ui.activity.PrivateSpaceMainActivity)
04-13 09:37:27.246  1590  1656 V WindowManager: Loading animations: layout params pkg=com.miui.securitycore resId=0x100d00c2
04-13 09:37:27.246  1590  1656 V WindowManager: Loading animations: picked package=com.miui.securitycore
04-13 09:37:27.254  1590  1656 V WindowManager: applyAnimation: win=WindowStateAnimator{45481c7 com.miui.securitycore/com.miui.securityspace.ui.activity.PrivateSpaceMainActivity} anim=0 attr=0x0 a=android.view.animation.AnimationSet@90d7363 transit=1 isEntrance=true Callers com.android.server.wm.WindowStateAnimator.applyEnterAnimationLocked:1840 com.android.server.wm.WindowStateAnimator.performShowLocked:1756 com.android.server.wm.WindowStateAnimator.commitFinishDrawingLocked:631 
04-13 09:37:27.254  1590  1656 I WindowManager: Loaded animation android.view.animation.AnimationSet@90d7363 for WindowStateAnimator{45481c7 com.miui.securitycore/com.miui.securityspace.ui.activity.PrivateSpaceMainActivity}
04-13 09:37:27.254  1590  1656 V WindowManager: performShowLocked: mDrawState=HAS_DRAWN in Window{fbf8706 u0 com.miui.securitycore/com.miui.securityspace.ui.activity.PrivateSpaceMainActivity}
04-13 09:37:27.254  1590  1656 I WindowManager:   SURFACE Surface(name=com.miui.securitycore/com.miui.securityspace.ui.activity.PrivateSpaceMainActivity)---FINAL CROP [0,0][1080,1920]: com.miui.securitycore/com.miui.securityspace.ui.activity.PrivateSpaceMainActivity
04-13 09:37:27.254  1590  1656 I WindowManager:   SURFACE Surface(name=com.miui.securitycore/com.miui.securityspace.ui.activity.PrivateSpaceMainActivity)---MATRIX [1.0,0.0,0.0,1.0]: com.miui.securitycore/com.miui.securityspace.ui.activity.PrivateSpaceMainActivity
04-13 09:37:27.254  1590  1656 I WindowManager:   SURFACE Surface(name=com.miui.securitycore/com.miui.securityspace.ui.activity.PrivateSpaceMainActivity)---MATRIX [1.0,0.0,0.0,1.0]: com.miui.securitycore/com.miui.securityspace.ui.activity.PrivateSpaceMainActivity
04-13 09:37:27.254  1590  1656 I WindowManager:   SURFACE Surface(name=com.android.systemui.ImageWallpaper)---MATRIX [1.0,0.0,0.0,1.0]: com.android.systemui.ImageWallpaper
04-13 09:37:27.255  1590  1656 I WindowManager: <<< CLOSE TRANSACTION performLayoutAndPlaceSurfaces
04-13 09:37:27.258  1590  1656 I WindowManager: >>> OPEN TRANSACTION animateLocked
04-13 09:37:27.258  1590  1656 V WindowManager: Starting animation in WindowStateAnimator{45481c7 com.miui.securitycore/com.miui.securityspace.ui.activity.PrivateSpaceMainActivity} @ 337874: ww=1080 wh=280 dx=1080 dy=1920 scale=1.0
04-13 09:37:27.258  1590  1656 I WindowManager:   SURFACE Surface(name=com.android.systemui.ImageWallpaper)---MATRIX [1.0,0.0,0.0,1.0]: com.android.systemui.ImageWallpaper
04-13 09:37:27.259  1590  1656 I WindowManager:   SURFACE Surface(name=com.miui.securitycore/com.miui.securityspace.ui.activity.PrivateSpaceMainActivity)---MATRIX [1.0,0.0,0.0,1.0]: com.miui.securitycore/com.miui.securityspace.ui.activity.PrivateSpaceMainActivity
04-13 09:37:27.259  1590  1656 I WindowManager:   SURFACE Surface(name=com.miui.securitycore/com.miui.securityspace.ui.activity.PrivateSpaceMainActivity)---POS (setPositionInTransaction) @ (0.0,3560.0): com.miui.securitycore/com.miui.securityspace.ui.activity.PrivateSpaceMainActivity
04-13 09:37:27.259  1590  1656 I WindowManager:   SURFACE Surface(name=com.miui.securitycore/com.miui.securityspace.ui.activity.PrivateSpaceMainActivity)---MATRIX [1.0,0.0,0.0,1.0]: com.miui.securitycore/com.miui.securityspace.ui.activity.PrivateSpaceMainActivity
04-13 09:37:27.259  1590  1656 I WindowManager:   SURFACE controller=Surface(name=com.miui.securitycore/com.miui.securityspace.ui.activity.PrivateSpaceMainActivity)alpha=0.0 layer=21020 matrix=[1.0*1.0,0.0*1.0][0.0*1.0,1.0*1.0]: Window{fbf8706 u0 com.miui.securitycore/com.miui.securityspace.ui.activity.PrivateSpaceMainActivity}
04-13 09:37:27.259  1590  1656 I WindowManager:   SURFACE Surface(name=com.miui.securitycore/com.miui.securityspace.ui.activity.PrivateSpaceMainActivity)---SHOW (performLayout): com.miui.securitycore/com.miui.securityspace.ui.activity.PrivateSpaceMainActivity
04-13 09:37:27.259  1590  1656 I WindowManager:   SURFACE Surface(name=StatusBar)---MATRIX [1.0,0.0,0.0,1.0]: StatusBar
04-13 09:37:27.259  1590  1656 I WindowManager: <<< CLOSE TRANSACTION animateLocked
04-13 09:37:27.260  1590  1656 I WindowManager: >>> OPEN TRANSACTION removeReplacedWindows
04-13 09:37:27.260  1590  1656 I WindowManager: <<< CLOSE TRANSACTION removeReplacedWindows
04-13 09:37:27.261  1590  1656 I WindowManager: >>> OPEN TRANSACTION performLayoutAndPlaceSurfaces
04-13 09:37:27.261  1590  1656 I WindowManager:   SURFACE Surface(name=StatusBar)---MATRIX [1.0,0.0,0.0,1.0]: StatusBar
04-13 09:37:27.262   544   544 E AAAA    : setUpHWComposer: empty: more  wasEmpty: notEmpty
04-13 09:37:27.262  1590  1656 I WindowManager:   SURFACE Surface(name=com.miui.securitycore/com.miui.securityspace.ui.activity.PrivateSpaceMainActivity)---MATRIX [1.0,0.0,0.0,1.0]: com.miui.securitycore/com.miui.securityspace.ui.activity.PrivateSpaceMainActivity
04-13 09:37:27.262  1590  1656 I WindowManager:   SURFACE Surface(name=com.miui.securitycore/com.miui.securityspace.ui.activity.PrivateSpaceMainActivity)---MATRIX [1.0,0.0,0.0,1.0]: com.miui.securitycore/com.miui.securityspace.ui.activity.PrivateSpaceMainActivity
04-13 09:37:27.262  1590  1656 I WindowManager:   SURFACE Surface(name=com.android.systemui.ImageWallpaper)---MATRIX [1.0,0.0,0.0,1.0]: com.android.systemui.ImageWallpaper
04-13 09:37:27.263  1590  1656 I WindowManager: <<< CLOSE TRANSACTION performLayoutAndPlaceSurfaces
04-13 09:37:27.264  1590  1656 I WindowManager: >>> OPEN TRANSACTION animateLocked
04-13 09:37:27.264  1590  1656 I WindowManager:   SURFACE Surface(name=com.android.systemui.ImageWallpaper)---MATRIX [1.0,0.0,0.0,1.0]: com.android.systemui.ImageWallpaper
04-13 09:37:27.264  1590  1656 I WindowManager:   SURFACE Surface(name=com.miui.securitycore/com.miui.securityspace.ui.activity.PrivateSpaceMainActivity)---MATRIX [1.0,0.0,0.0,1.0]: com.miui.securitycore/com.miui.securityspace.ui.activity.PrivateSpaceMainActivity
04-13 09:37:27.264  1590  1656 I WindowManager:   SURFACE Surface(name=com.miui.securitycore/com.miui.securityspace.ui.activity.PrivateSpaceMainActivity)---POS (setPositionInTransaction) @ (0.0,3157.0): com.miui.securitycore/com.miui.securityspace.ui.activity.PrivateSpaceMainActivity
04-13 09:37:27.264  1590  1656 I WindowManager:   SURFACE Surface(name=com.miui.securitycore/com.miui.securityspace.ui.activity.PrivateSpaceMainActivity)---MATRIX [1.0,0.0,0.0,1.0]: com.miui.securitycore/com.miui.securityspace.ui.activity.PrivateSpaceMainActivity
04-13 09:37:27.265  1590  1656 I WindowManager:   SURFACE controller=Surface(name=com.miui.securitycore/com.miui.securityspace.ui.activity.PrivateSpaceMainActivity)alpha=0.20971528 layer=21020 matrix=[1.0*1.0,0.0*1.0][0.0*1.0,1.0*1.0]: Window{fbf8706 u0 com.miui.securitycore/com.miui.securityspace.ui.activity.PrivateSpaceMainActivity}
04-13 09:37:27.265  1590  1656 I WindowManager:   SURFACE Surface(name=StatusBar)---MATRIX [1.0,0.0,0.0,1.0]: StatusBar
04-13 09:37:27.278  1590  1656 I WindowManager: <<< CLOSE TRANSACTION animateLocked
04-13 09:37:27.278   544   544 E AAAA    : setUpHWComposer: empty: more  wasEmpty: notEmpty
04-13 09:37:27.279  1590  1656 I WindowManager: >>> OPEN TRANSACTION animateLocked
04-13 09:37:27.279  1590  1656 I WindowManager:   SURFACE Surface(name=com.android.systemui.ImageWallpaper)---MATRIX [1.0,0.0,0.0,1.0]: com.android.systemui.ImageWallpaper
04-13 09:37:27.279  1590  1656 I WindowManager:   SURFACE Surface(name=com.miui.securitycore/com.miui.securityspace.ui.activity.PrivateSpaceMainActivity)---MATRIX [1.0,0.0,0.0,1.0]: com.miui.securitycore/com.miui.securityspace.ui.activity.PrivateSpaceMainActivity
04-13 09:37:27.279  1590  1656 I WindowManager:   SURFACE Surface(name=com.miui.securitycore/com.miui.securityspace.ui.activity.PrivateSpaceMainActivity)---POS (setPositionInTransaction) @ (0.0,2803.0): com.miui.securitycore/com.miui.securityspace.ui.activity.PrivateSpaceMainActivity
04-13 09:37:27.279  1590  1656 I WindowManager:   SURFACE Surface(name=com.miui.securitycore/com.miui.securityspace.ui.activity.PrivateSpaceMainActivity)---MATRIX [1.0,0.0,0.0,1.0]: com.miui.securitycore/com.miui.securityspace.ui.activity.PrivateSpaceMainActivity
04-13 09:37:27.279  1590  1656 I WindowManager:   SURFACE controller=Surface(name=com.miui.securitycore/com.miui.securityspace.ui.activity.PrivateSpaceMainActivity)alpha=0.3944421 layer=21020 matrix=[1.0*1.0,0.0*1.0][0.0*1.0,1.0*1.0]: Window{fbf8706 u0 com.miui.securitycore/com.miui.securityspace.ui.activity.PrivateSpaceMainActivity}
04-13 09:37:27.279  1590  1656 I WindowManager:   SURFACE Surface(name=StatusBar)---MATRIX [1.0,0.0,0.0,1.0]: StatusBar
04-13 09:37:27.280  1590  1656 I WindowManager: <<< CLOSE TRANSACTION animateLocked
04-13 09:37:27.295  1590  1656 I WindowManager: >>> OPEN TRANSACTION animateLocked
04-13 09:37:27.295   544   544 E AAAA    : setUpHWComposer: empty: more  wasEmpty: notEmpty
04-13 09:37:27.295  1590  1656 I WindowManager:   SURFACE Surface(name=com.android.systemui.ImageWallpaper)---MATRIX [1.0,0.0,0.0,1.0]: com.android.systemui.ImageWallpaper
04-13 09:37:27.295  1590  1656 I WindowManager:   SURFACE Surface(name=com.miui.securitycore/com.miui.securityspace.ui.activity.PrivateSpaceMainActivity)---MATRIX [1.0,0.0,0.0,1.0]: com.miui.securitycore/com.miui.securityspace.ui.activity.PrivateSpaceMainActivity
04-13 09:37:27.295  1590  1656 I WindowManager:   SURFACE Surface(name=com.miui.securitycore/com.miui.securityspace.ui.activity.PrivateSpaceMainActivity)---POS (setPositionInTransaction) @ (0.0,2514.0): com.miui.securitycore/com.miui.securityspace.ui.activity.PrivateSpaceMainActivity
04-13 09:37:27.295  1590  1656 I WindowManager:   SURFACE Surface(name=com.miui.securitycore/com.miui.securityspace.ui.activity.PrivateSpaceMainActivity)---MATRIX [1.0,0.0,0.0,1.0]: com.miui.securitycore/com.miui.securityspace.ui.activity.PrivateSpaceMainActivity
04-13 09:37:27.296  1590  1656 I WindowManager:   SURFACE controller=Surface(name=com.miui.securitycore/com.miui.securityspace.ui.activity.PrivateSpaceMainActivity)alpha=0.5447194 layer=21020 matrix=[1.0*1.0,0.0*1.0][0.0*1.0,1.0*1.0]: Window{fbf8706 u0 com.miui.securitycore/com.miui.securityspace.ui.activity.PrivateSpaceMainActivity}
04-13 09:37:27.296  1590  1656 I WindowManager:   SURFACE Surface(name=StatusBar)---MATRIX [1.0,0.0,0.0,1.0]: StatusBar
04-13 09:37:27.296  1590  1656 I WindowManager: <<< CLOSE TRANSACTION animateLocked
04-13 09:37:27.312  1590  1656 I WindowManager: >>> OPEN TRANSACTION animateLocked
04-13 09:37:27.312   544   544 E AAAA    : setUpHWComposer: empty: more  wasEmpty: notEmpty
04-13 09:37:27.312  1590  1656 I WindowManager:   SURFACE Surface(name=com.android.systemui.ImageWallpaper)---MATRIX [1.0,0.0,0.0,1.0]: com.android.systemui.ImageWallpaper
04-13 09:37:27.312  1590  1656 I WindowManager:   SURFACE Surface(name=com.miui.securitycore/com.miui.securityspace.ui.activity.PrivateSpaceMainActivity)---MATRIX [1.0,0.0,0.0,1.0]: com.miui.securitycore/com.miui.securityspace.ui.activity.PrivateSpaceMainActivity
04-13 09:37:27.312  1590  1656 I WindowManager:   SURFACE Surface(name=com.miui.securitycore/com.miui.securityspace.ui.activity.PrivateSpaceMainActivity)---POS (setPositionInTransaction) @ (0.0,2295.0): com.miui.securitycore/com.miui.securityspace.ui.activity.PrivateSpaceMainActivity
04-13 09:37:27.313  1590  1656 I WindowManager:   SURFACE Surface(name=com.miui.securitycore/com.miui.securityspace.ui.activity.PrivateSpaceMainActivity)---MATRIX [1.0,0.0,0.0,1.0]: com.miui.securitycore/com.miui.securityspace.ui.activity.PrivateSpaceMainActivity
04-13 09:37:27.313  1590  1656 I WindowManager:   SURFACE controller=Surface(name=com.miui.securitycore/com.miui.securityspace.ui.activity.PrivateSpaceMainActivity)alpha=0.6587891 layer=21020 matrix=[1.0*1.0,0.0*1.0][0.0*1.0,1.0*1.0]: Window{fbf8706 u0 com.miui.securitycore/com.miui.securityspace.ui.activity.PrivateSpaceMainActivity}
04-13 09:37:27.313  1590  1656 I WindowManager:   SURFACE Surface(name=StatusBar)---MATRIX [1.0,0.0,0.0,1.0]: StatusBar
04-13 09:37:27.314  1590  1656 I WindowManager: <<< CLOSE TRANSACTION animateLocked
04-13 09:37:27.328  1590  1656 I WindowManager: >>> OPEN TRANSACTION animateLocked
04-13 09:37:27.328   544   544 E AAAA    : setUpHWComposer: empty: more  wasEmpty: notEmpty
04-13 09:37:27.328  1590  1656 I WindowManager:   SURFACE Surface(name=com.android.systemui.ImageWallpaper)---MATRIX [1.0,0.0,0.0,1.0]: com.android.systemui.ImageWallpaper
04-13 09:37:27.329  1590  1656 I WindowManager:   SURFACE Surface(name=com.miui.securitycore/com.miui.securityspace.ui.activity.PrivateSpaceMainActivity)---MATRIX [1.0,0.0,0.0,1.0]: com.miui.securitycore/com.miui.securityspace.ui.activity.PrivateSpaceMainActivity
04-13 09:37:27.329  1590  1656 I WindowManager:   SURFACE Surface(name=com.miui.securitycore/com.miui.securityspace.ui.activity.PrivateSpaceMainActivity)---POS (setPositionInTransaction) @ (0.0,2110.0): com.miui.securitycore/com.miui.securityspace.ui.activity.PrivateSpaceMainActivity
04-13 09:37:27.329  1590  1656 I WindowManager:   SURFACE Surface(name=com.miui.securitycore/com.miui.securityspace.ui.activity.PrivateSpaceMainActivity)---MATRIX [1.0,0.0,0.0,1.0]: com.miui.securitycore/com.miui.securityspace.ui.activity.PrivateSpaceMainActivity
04-13 09:37:27.329  1590  1656 I WindowManager:   SURFACE controller=Surface(name=com.miui.securitycore/com.miui.securityspace.ui.activity.PrivateSpaceMainActivity)alpha=0.7549624 layer=21020 matrix=[1.0*1.0,0.0*1.0][0.0*1.0,1.0*1.0]: Window{fbf8706 u0 com.miui.securitycore/com.miui.securityspace.ui.activity.PrivateSpaceMainActivity}
04-13 09:37:27.329  1590  1656 I WindowManager:   SURFACE Surface(name=StatusBar)---MATRIX [1.0,0.0,0.0,1.0]: StatusBar
04-13 09:37:27.329  1590  1656 I WindowManager: <<< CLOSE TRANSACTION animateLocked
04-13 09:37:27.345  1590  1656 I WindowManager: >>> OPEN TRANSACTION animateLocked
04-13 09:37:27.345   544   544 E AAAA    : setUpHWComposer: empty: more  wasEmpty: notEmpty
04-13 09:37:27.345  1590  1656 I WindowManager:   SURFACE Surface(name=com.android.systemui.ImageWallpaper)---MATRIX [1.0,0.0,0.0,1.0]: com.android.systemui.ImageWallpaper
04-13 09:37:27.345  1590  1656 I WindowManager:   SURFACE Surface(name=com.miui.securitycore/com.miui.securityspace.ui.activity.PrivateSpaceMainActivity)---MATRIX [1.0,0.0,0.0,1.0]: com.miui.securitycore/com.miui.securityspace.ui.activity.PrivateSpaceMainActivity
04-13 09:37:27.345  1590  1656 I WindowManager:   SURFACE Surface(name=com.miui.securitycore/com.miui.securityspace.ui.activity.PrivateSpaceMainActivity)---POS (setPositionInTransaction) @ (0.0,1968.0): com.miui.securitycore/com.miui.securityspace.ui.activity.PrivateSpaceMainActivity
04-13 09:37:27.345  1590  1656 I WindowManager:   SURFACE Surface(name=com.miui.securitycore/com.miui.securityspace.ui.activity.PrivateSpaceMainActivity)---MATRIX [1.0,0.0,0.0,1.0]: com.miui.securitycore/com.miui.securityspace.ui.activity.PrivateSpaceMainActivity
04-13 09:37:27.345  1590  1656 I WindowManager:   SURFACE controller=Surface(name=com.miui.securitycore/com.miui.securityspace.ui.activity.PrivateSpaceMainActivity)alpha=0.8292118 layer=21020 matrix=[1.0*1.0,0.0*1.0][0.0*1.0,1.0*1.0]: Window{fbf8706 u0 com.miui.securitycore/com.miui.securityspace.ui.activity.PrivateSpaceMainActivity}
04-13 09:37:27.345  1590  1656 I WindowManager:   SURFACE Surface(name=StatusBar)---MATRIX [1.0,0.0,0.0,1.0]: StatusBar
04-13 09:37:27.346  1590  1656 I WindowManager: <<< CLOSE TRANSACTION animateLocked
04-13 09:37:27.361  1590  1656 I WindowManager: >>> OPEN TRANSACTION animateLocked
04-13 09:37:27.362   544   544 E AAAA    : setUpHWComposer: empty: more  wasEmpty: notEmpty
04-13 09:37:27.362  1590  1656 I WindowManager:   SURFACE Surface(name=com.android.systemui.ImageWallpaper)---MATRIX [1.0,0.0,0.0,1.0]: com.android.systemui.ImageWallpaper
04-13 09:37:27.362  1590  1656 I WindowManager:   SURFACE Surface(name=com.miui.securitycore/com.miui.securityspace.ui.activity.PrivateSpaceMainActivity)---MATRIX [1.0,0.0,0.0,1.0]: com.miui.securitycore/com.miui.securityspace.ui.activity.PrivateSpaceMainActivity
04-13 09:37:27.362  1590  1656 I WindowManager:   SURFACE Surface(name=com.miui.securitycore/com.miui.securityspace.ui.activity.PrivateSpaceMainActivity)---POS (setPositionInTransaction) @ (0.0,1861.0): com.miui.securitycore/com.miui.securityspace.ui.activity.PrivateSpaceMainActivity
04-13 09:37:27.362  1590  1656 I WindowManager:   SURFACE Surface(name=com.miui.securitycore/com.miui.securityspace.ui.activity.PrivateSpaceMainActivity)---MATRIX [1.0,0.0,0.0,1.0]: com.miui.securitycore/com.miui.securityspace.ui.activity.PrivateSpaceMainActivity
04-13 09:37:27.362  1590  1656 I WindowManager:   SURFACE controller=Surface(name=com.miui.securitycore/com.miui.securityspace.ui.activity.PrivateSpaceMainActivity)alpha=0.88515335 layer=21020 matrix=[1.0*1.0,0.0*1.0][0.0*1.0,1.0*1.0]: Window{fbf8706 u0 com.miui.securitycore/com.miui.securityspace.ui.activity.PrivateSpaceMainActivity}
04-13 09:37:27.362  1590  1656 I WindowManager:   SURFACE Surface(name=StatusBar)---MATRIX [1.0,0.0,0.0,1.0]: StatusBar
04-13 09:37:27.363  1590  1656 I WindowManager: <<< CLOSE TRANSACTION animateLocked
04-13 09:37:27.379   544   544 E AAAA    : setUpHWComposer: empty: more  wasEmpty: notEmpty
04-13 09:37:27.381  1590  1656 I WindowManager: >>> OPEN TRANSACTION animateLocked
04-13 09:37:27.381  1590  1656 I WindowManager:   SURFACE Surface(name=com.android.systemui.ImageWallpaper)---MATRIX [1.0,0.0,0.0,1.0]: com.android.systemui.ImageWallpaper
04-13 09:37:27.381  1590  1656 I WindowManager:   SURFACE Surface(name=com.miui.securitycore/com.miui.securityspace.ui.activity.PrivateSpaceMainActivity)---MATRIX [1.0,0.0,0.0,1.0]: com.miui.securitycore/com.miui.securityspace.ui.activity.PrivateSpaceMainActivity
04-13 09:37:27.382  1590  1656 I WindowManager:   SURFACE Surface(name=com.miui.securitycore/com.miui.securityspace.ui.activity.PrivateSpaceMainActivity)---POS (setPositionInTransaction) @ (0.0,1786.0): com.miui.securitycore/com.miui.securityspace.ui.activity.PrivateSpaceMainActivity
04-13 09:37:27.382  1590  1656 I WindowManager:   SURFACE Surface(name=com.miui.securitycore/com.miui.securityspace.ui.activity.PrivateSpaceMainActivity)---MATRIX [1.0,0.0,0.0,1.0]: com.miui.securitycore/com.miui.securityspace.ui.activity.PrivateSpaceMainActivity
04-13 09:37:27.382  1590  1656 I WindowManager:   SURFACE controller=Surface(name=com.miui.securitycore/com.miui.securityspace.ui.activity.PrivateSpaceMainActivity)alpha=0.9240309 layer=21020 matrix=[1.0*1.0,0.0*1.0][0.0*1.0,1.0*1.0]: Window{fbf8706 u0 com.miui.securitycore/com.miui.securityspace.ui.activity.PrivateSpaceMainActivity}
04-13 09:37:27.382  1590  1656 I WindowManager:   SURFACE Surface(name=StatusBar)---MATRIX [1.0,0.0,0.0,1.0]: StatusBar
04-13 09:37:27.382  1590  1656 I WindowManager: <<< CLOSE TRANSACTION animateLocked
04-13 09:37:27.395  1590  1656 I WindowManager: >>> OPEN TRANSACTION animateLocked
04-13 09:37:27.395   544   544 E AAAA    : setUpHWComposer: empty: more  wasEmpty: notEmpty
04-13 09:37:27.395  1590  1656 I WindowManager:   SURFACE Surface(name=com.android.systemui.ImageWallpaper)---MATRIX [1.0,0.0,0.0,1.0]: com.android.systemui.ImageWallpaper
04-13 09:37:27.396  1590  1656 I WindowManager:   SURFACE Surface(name=com.miui.securitycore/com.miui.securityspace.ui.activity.PrivateSpaceMainActivity)---MATRIX [1.0,0.0,0.0,1.0]: com.miui.securitycore/com.miui.securityspace.ui.activity.PrivateSpaceMainActivity
04-13 09:37:27.396  1590  1656 I WindowManager:   SURFACE Surface(name=com.miui.securitycore/com.miui.securityspace.ui.activity.PrivateSpaceMainActivity)---POS (setPositionInTransaction) @ (0.0,1729.0): com.miui.securitycore/com.miui.securityspace.ui.activity.PrivateSpaceMainActivity
04-13 09:37:27.396  1590  1656 I WindowManager:   SURFACE Surface(name=com.miui.securitycore/com.miui.securityspace.ui.activity.PrivateSpaceMainActivity)---MATRIX [1.0,0.0,0.0,1.0]: com.miui.securitycore/com.miui.securityspace.ui.activity.PrivateSpaceMainActivity
04-13 09:37:27.396  1590  1656 I WindowManager:   SURFACE controller=Surface(name=com.miui.securitycore/com.miui.securityspace.ui.activity.PrivateSpaceMainActivity)alpha=0.95353335 layer=21020 matrix=[1.0*1.0,0.0*1.0][0.0*1.0,1.0*1.0]: Window{fbf8706 u0 com.miui.securitycore/com.miui.securityspace.ui.activity.PrivateSpaceMainActivity}
04-13 09:37:27.396  1590  1656 I WindowManager:   SURFACE Surface(name=StatusBar)---MATRIX [1.0,0.0,0.0,1.0]: StatusBar
04-13 09:37:27.396  1590  1656 I WindowManager: <<< CLOSE TRANSACTION animateLocked
04-13 09:37:27.412  1590  1656 I WindowManager: >>> OPEN TRANSACTION animateLocked
04-13 09:37:27.412   544   544 E AAAA    : setUpHWComposer: empty: more  wasEmpty: notEmpty
04-13 09:37:27.412  1590  1656 I WindowManager:   SURFACE Surface(name=com.android.systemui.ImageWallpaper)---MATRIX [1.0,0.0,0.0,1.0]: com.android.systemui.ImageWallpaper
04-13 09:37:27.413  1590  1656 I WindowManager:   SURFACE Surface(name=com.miui.securitycore/com.miui.securityspace.ui.activity.PrivateSpaceMainActivity)---MATRIX [1.0,0.0,0.0,1.0]: com.miui.securitycore/com.miui.securityspace.ui.activity.PrivateSpaceMainActivity
04-13 09:37:27.413  1590  1656 I WindowManager:   SURFACE Surface(name=com.miui.securitycore/com.miui.securityspace.ui.activity.PrivateSpaceMainActivity)---POS (setPositionInTransaction) @ (0.0,1691.0): com.miui.securitycore/com.miui.securityspace.ui.activity.PrivateSpaceMainActivity
04-13 09:37:27.413  1590  1656 I WindowManager:   SURFACE Surface(name=com.miui.securitycore/com.miui.securityspace.ui.activity.PrivateSpaceMainActivity)---MATRIX [1.0,0.0,0.0,1.0]: com.miui.securitycore/com.miui.securityspace.ui.activity.PrivateSpaceMainActivity
04-13 09:37:27.413  1590  1656 I WindowManager:   SURFACE controller=Surface(name=com.miui.securitycore/com.miui.securityspace.ui.activity.PrivateSpaceMainActivity)alpha=0.97347337 layer=21020 matrix=[1.0*1.0,0.0*1.0][0.0*1.0,1.0*1.0]: Window{fbf8706 u0 com.miui.securitycore/com.miui.securityspace.ui.activity.PrivateSpaceMainActivity}
04-13 09:37:27.413  1590  1656 I WindowManager:   SURFACE Surface(name=StatusBar)---MATRIX [1.0,0.0,0.0,1.0]: StatusBar
04-13 09:37:27.414  1590  1656 I WindowManager: <<< CLOSE TRANSACTION animateLocked
04-13 09:37:27.428  1590  1656 I WindowManager: >>> OPEN TRANSACTION animateLocked
04-13 09:37:27.429  1590  1656 I WindowManager:   SURFACE Surface(name=com.android.systemui.ImageWallpaper)---MATRIX [1.0,0.0,0.0,1.0]: com.android.systemui.ImageWallpaper
04-13 09:37:27.429   544   544 E AAAA    : setUpHWComposer: empty: more  wasEmpty: notEmpty
04-13 09:37:27.429  1590  1656 I WindowManager:   SURFACE Surface(name=com.miui.securitycore/com.miui.securityspace.ui.activity.PrivateSpaceMainActivity)---MATRIX [1.0,0.0,0.0,1.0]: com.miui.securitycore/com.miui.securityspace.ui.activity.PrivateSpaceMainActivity
04-13 09:37:27.429  1590  1656 I WindowManager:   SURFACE Surface(name=com.miui.securitycore/com.miui.securityspace.ui.activity.PrivateSpaceMainActivity)---POS (setPositionInTransaction) @ (0.0,1668.0): com.miui.securitycore/com.miui.securityspace.ui.activity.PrivateSpaceMainActivity
04-13 09:37:27.429  1590  1656 I WindowManager:   SURFACE Surface(name=com.miui.securitycore/com.miui.securityspace.ui.activity.PrivateSpaceMainActivity)---MATRIX [1.0,0.0,0.0,1.0]: com.miui.securitycore/com.miui.securityspace.ui.activity.PrivateSpaceMainActivity
04-13 09:37:27.429  1590  1656 I WindowManager:   SURFACE controller=Surface(name=com.miui.securitycore/com.miui.securityspace.ui.activity.PrivateSpaceMainActivity)alpha=0.98559695 layer=21020 matrix=[1.0*1.0,0.0*1.0][0.0*1.0,1.0*1.0]: Window{fbf8706 u0 com.miui.securitycore/com.miui.securityspace.ui.activity.PrivateSpaceMainActivity}
04-13 09:37:27.429  1590  1656 I WindowManager:   SURFACE Surface(name=StatusBar)---MATRIX [1.0,0.0,0.0,1.0]: StatusBar
04-13 09:37:27.430  1590  1656 I WindowManager: <<< CLOSE TRANSACTION animateLocked
04-13 09:37:27.445  1590  1656 I WindowManager: >>> OPEN TRANSACTION animateLocked
04-13 09:37:27.445  1590  1656 I WindowManager:   SURFACE Surface(name=com.android.systemui.ImageWallpaper)---MATRIX [1.0,0.0,0.0,1.0]: com.android.systemui.ImageWallpaper
04-13 09:37:27.445  1590  1656 I WindowManager:   SURFACE Surface(name=com.miui.securitycore/com.miui.securityspace.ui.activity.PrivateSpaceMainActivity)---MATRIX [1.0,0.0,0.0,1.0]: com.miui.securitycore/com.miui.securityspace.ui.activity.PrivateSpaceMainActivity
04-13 09:37:27.445   544   544 E AAAA    : setUpHWComposer: empty: more  wasEmpty: notEmpty
04-13 09:37:27.446  1590  1656 I WindowManager:   SURFACE Surface(name=com.miui.securitycore/com.miui.securityspace.ui.activity.PrivateSpaceMainActivity)---POS (setPositionInTransaction) @ (0.0,1653.0): com.miui.securitycore/com.miui.securityspace.ui.activity.PrivateSpaceMainActivity
04-13 09:37:27.446  1590  1656 I WindowManager:   SURFACE Surface(name=com.miui.securitycore/com.miui.securityspace.ui.activity.PrivateSpaceMainActivity)---MATRIX [1.0,0.0,0.0,1.0]: com.miui.securitycore/com.miui.securityspace.ui.activity.PrivateSpaceMainActivity
04-13 09:37:27.446  1590  1656 I WindowManager:   SURFACE controller=Surface(name=com.miui.securitycore/com.miui.securityspace.ui.activity.PrivateSpaceMainActivity)alpha=0.99333614 layer=21020 matrix=[1.0*1.0,0.0*1.0][0.0*1.0,1.0*1.0]: Window{fbf8706 u0 com.miui.securitycore/com.miui.securityspace.ui.activity.PrivateSpaceMainActivity}
04-13 09:37:27.446  1590  1656 I WindowManager:   SURFACE Surface(name=StatusBar)---MATRIX [1.0,0.0,0.0,1.0]: StatusBar
04-13 09:37:27.446  1590  1656 I WindowManager: <<< CLOSE TRANSACTION animateLocked
04-13 09:37:27.461  1590  1656 I WindowManager: >>> OPEN TRANSACTION animateLocked
04-13 09:37:27.462   544   544 E AAAA    : setUpHWComposer: empty: more  wasEmpty: notEmpty
04-13 09:37:27.462  1590  1656 I WindowManager:   SURFACE Surface(name=com.android.systemui.ImageWallpaper)---MATRIX [1.0,0.0,0.0,1.0]: com.android.systemui.ImageWallpaper
04-13 09:37:27.462  1590  1656 I WindowManager:   SURFACE Surface(name=com.miui.securitycore/com.miui.securityspace.ui.activity.PrivateSpaceMainActivity)---MATRIX [1.0,0.0,0.0,1.0]: com.miui.securitycore/com.miui.securityspace.ui.activity.PrivateSpaceMainActivity
04-13 09:37:27.462  1590  1656 I WindowManager:   SURFACE Surface(name=com.miui.securitycore/com.miui.securityspace.ui.activity.PrivateSpaceMainActivity)---POS (setPositionInTransaction) @ (0.0,1645.0): com.miui.securitycore/com.miui.securityspace.ui.activity.PrivateSpaceMainActivity
04-13 09:37:27.462  1590  1656 I WindowManager:   SURFACE Surface(name=com.miui.securitycore/com.miui.securityspace.ui.activity.PrivateSpaceMainActivity)---MATRIX [1.0,0.0,0.0,1.0]: com.miui.securitycore/com.miui.securityspace.ui.activity.PrivateSpaceMainActivity
04-13 09:37:27.462  1590  1656 I WindowManager:   SURFACE controller=Surface(name=com.miui.securitycore/com.miui.securityspace.ui.activity.PrivateSpaceMainActivity)alpha=0.9974371 layer=21020 matrix=[1.0*1.0,0.0*1.0][0.0*1.0,1.0*1.0]: Window{fbf8706 u0 com.miui.securitycore/com.miui.securityspace.ui.activity.PrivateSpaceMainActivity}
04-13 09:37:27.462  1590  1656 I WindowManager:   SURFACE Surface(name=StatusBar)---MATRIX [1.0,0.0,0.0,1.0]: StatusBar
04-13 09:37:27.463  1590  1656 I WindowManager: <<< CLOSE TRANSACTION animateLocked
04-13 09:37:27.479  1590  1656 I WindowManager: >>> OPEN TRANSACTION animateLocked
04-13 09:37:27.479   544   544 E AAAA    : setUpHWComposer: empty: more  wasEmpty: notEmpty
04-13 09:37:27.479  1590  1656 I WindowManager:   SURFACE Surface(name=com.android.systemui.ImageWallpaper)---MATRIX [1.0,0.0,0.0,1.0]: com.android.systemui.ImageWallpaper
04-13 09:37:27.479  1590  1656 I WindowManager:   SURFACE Surface(name=com.miui.securitycore/com.miui.securityspace.ui.activity.PrivateSpaceMainActivity)---MATRIX [1.0,0.0,0.0,1.0]: com.miui.securitycore/com.miui.securityspace.ui.activity.PrivateSpaceMainActivity
04-13 09:37:27.479  1590  1656 I WindowManager:   SURFACE Surface(name=com.miui.securitycore/com.miui.securityspace.ui.activity.PrivateSpaceMainActivity)---POS (setPositionInTransaction) @ (0.0,1642.0): com.miui.securitycore/com.miui.securityspace.ui.activity.PrivateSpaceMainActivity
04-13 09:37:27.479  1590  1656 I WindowManager:   SURFACE Surface(name=com.miui.securitycore/com.miui.securityspace.ui.activity.PrivateSpaceMainActivity)---MATRIX [1.0,0.0,0.0,1.0]: com.miui.securitycore/com.miui.securityspace.ui.activity.PrivateSpaceMainActivity
04-13 09:37:27.479  1590  1656 I WindowManager:   SURFACE controller=Surface(name=com.miui.securitycore/com.miui.securityspace.ui.activity.PrivateSpaceMainActivity)alpha=0.9992061 layer=21020 matrix=[1.0*1.0,0.0*1.0][0.0*1.0,1.0*1.0]: Window{fbf8706 u0 com.miui.securitycore/com.miui.securityspace.ui.activity.PrivateSpaceMainActivity}
04-13 09:37:27.479  1590  1656 I WindowManager:   SURFACE Surface(name=StatusBar)---MATRIX [1.0,0.0,0.0,1.0]: StatusBar
04-13 09:37:27.480  1590  1656 I WindowManager: <<< CLOSE TRANSACTION animateLocked
04-13 09:37:27.496  1590  1656 I WindowManager: >>> OPEN TRANSACTION animateLocked
04-13 09:37:27.496  1590  1656 I WindowManager:   SURFACE Surface(name=com.android.systemui.ImageWallpaper)---MATRIX [1.0,0.0,0.0,1.0]: com.android.systemui.ImageWallpaper
04-13 09:37:27.496   544   544 E AAAA    : setUpHWComposer: empty: more  wasEmpty: notEmpty
04-13 09:37:27.496  1590  1656 I WindowManager:   SURFACE Surface(name=com.miui.securitycore/com.miui.securityspace.ui.activity.PrivateSpaceMainActivity)---MATRIX [1.0,0.0,0.0,1.0]: com.miui.securitycore/com.miui.securityspace.ui.activity.PrivateSpaceMainActivity
04-13 09:37:27.496  1590  1656 I WindowManager:   SURFACE Surface(name=com.miui.securitycore/com.miui.securityspace.ui.activity.PrivateSpaceMainActivity)---POS (setPositionInTransaction) @ (0.0,1640.0): com.miui.securitycore/com.miui.securityspace.ui.activity.PrivateSpaceMainActivity
