03-08 23:52:17.069  1452  2256 I Telecom : Logging.Events: Non-call EVENT: AUDIO_ROUTE, Leaving state ActiveEarpieceRoute: CSW.sDc->ICTP.r->ICTP.cUTP->CAMSM.pM_3002->CARSM.pM_SWITCH_FOCUS@HqY
03-08 23:52:17.069  1452  2256 I Telecom : Logging.Events: Non-call EVENT: AUDIO_ROUTE, Entering state QuiescentEarpieceRoute: CSW.sDc->ICTP.r->ICTP.cUTP->CAMSM.pM_3002->CARSM.pM_SWITCH_FOCUS@HqY
03-08 23:52:17.340  1452  1561 I ActivityManager: Waited long enough for: ServiceRecord{75625d6 u0 com.google.android.googlequicksearchbox/com.google.android.apps.gsa.search.core.service.SearchService}
03-08 23:52:18.314  1452  1452 I Telecom : EmergencyInCallServiceConnection: Disconnect forced!: CSW.rC->ICC.oCR@Hqo
03-08 23:52:20.234  1452  1452 I Telecom : CallIntentProcessor: onReceive - isUnknownCall: false: PCR.oR@Hxc
03-08 23:52:20.236  1452  1452 I Telecom : LogUtils: EventRecord added as Call: [TC@23, NEW, null, tel:*** **** ****, A, childs(0), has_parent(false), [Capabilities:], [Properties:]]: PCR.oR@Hxc
03-08 23:52:20.236  1452  1452 I Telecom : Event: RecordEntry TC@23: CREATED, null: PCR.oR@Hxc
03-08 23:52:20.236  1452  1452 I Telecom : Event: RecordEntry TC@23: SET_CONNECTING, ComponentInfo{com.android.phone/com.android.services.telephony.TelephonyConnectionService}, [****], UserHandle{0}: PCR.oR@Hxc
03-08 23:52:20.237  1452  1452 I Telecom : InCallController: onCanAddCallChanged : false: PCR.oR@Hxc
03-08 23:52:20.237  1452  1452 I Telecom : TelecomWakeLock: WakeLock already released with id: 26: PCR.oR@Hxc
03-08 23:52:20.237  1452  1452 I Telecom : InCallWakeLockController: Releasing full wake lock: PCR.oR@Hxc
03-08 23:52:20.237  1452  1452 I Telecom : IncomingCallNotifier: updateIncomingCall: foundIncomingcall = null: PCR.oR@Hxc
03-08 23:52:20.238  1452  2256 I Telecom : CallAudioRouteStateMachine: Message received: UPDATE_SYSTEM_AUDIO_ROUTE=1201, arg1=0: PCR.oR->CARSM.pM_UPDATE_SYSTEM_AUDIO_ROUTE@Hxc
03-08 23:52:20.238  1452  1452 I Telecom : InCallController: onCallAdded: [TC@23, CONNECTING, null, tel:*** **** ****, A, childs(0), has_parent(false), [Capabilities:], [Properties:]]; not bound or connected.: PCR.oR@Hxc
03-08 23:52:20.238  1452  2257 I Telecom : CallAudioModeStateMachine: Message received: NEW_ACTIVE_OR_DIALING_CALL.: PCR.oR->CAMSM.pM_2001@Hxc
03-08 23:52:20.238  1452  2257 I Telecom : CallAudioModeStateMachine: Audio focus entering SIM CALL state: PCR.oR->CAMSM.pM_2001@Hxc
03-08 23:52:20.239  1452  1452 I Telecom : InCallController: defaultDialer: null: PCR.oR@Hxc
03-08 23:52:20.239  1452  1452 I Telecom : InCallController: defaultDialer: null: PCR.oR@Hxc
03-08 23:52:20.239  1452  1452 I Telecom : CarSwappingInCallServiceConnection: carmodechange: false => false: PCR.oR@Hxc
03-08 23:52:20.240  1452  1452 I Telecom : EmergencyCallHelper: ShouldGrantTemporaryLocationPermission, disabled by config: PCR.oR@Hxc
03-08 23:52:20.240  1452  1452 I Telecom : EmergencyInCallServiceConnection: Attempting to bind to InCall [ComponentInfo{com.google.android.dialer/com.android.incallui.InCallServiceImpl} supportsExternal? true supportsSelfMg?false], with Intent { act=android.telecom.InCallService cmp=com.google.android.dialer/com.android.incallui.InCallServiceImpl (has extras) }: PCR.oR@Hxc
03-08 23:52:20.245  1452  1452 I Telecom : NewOutgoingCallIntentBroadcaster: Sending NewOutgoingCallBroadcast for [TC@23, CONNECTING, null, tel:*** **** ****, A, childs(0), has_parent(false), [Capabilities:], [Properties:]] to UserHandle{0}: PCR.oR@Hxc
03-08 23:52:20.246  1452  2256 I Telecom : CallAudioRouteStateMachine: setSystemAudioState: changing from [AudioState isMuted: false, route: EARPIECE, supportedRouteMask: EARPIECE, SPEAKER] to [AudioState isMuted: false, route: EARPIECE, supportedRouteMask: EARPIECE, SPEAKER]: PCR.oR->CARSM.pM_UPDATE_SYSTEM_AUDIO_ROUTE@Hxc
03-08 23:52:20.247  1452  2256 I Telecom : InCallController: Calling onAudioStateChanged, audioState: [AudioState isMuted: false, route: EARPIECE, supportedRouteMask: EARPIECE, SPEAKER] -> [AudioState isMuted: false, route: EARPIECE, supportedRouteMask: EARPIECE, SPEAKER]: PCR.oR->CARSM.pM_UPDATE_SYSTEM_AUDIO_ROUTE@Hxc
03-08 23:52:20.247  1452  1452 I Telecom : TelecomSystem: CallerInfoAsyncQuery.startQuery number=[****] cookie=PCR.oR->CILH.sL->CILH.sL@Hxc: PCR.oR->CILH.sL@Hxc
03-08 23:52:20.260  1452  1948 I ActivityManager: START u0 {act=android.intent.action.MAIN flg=0x10040000 cmp=com.google.android.dialer/com.android.incallui.InCallActivity (has extras)} from uid 10016
03-08 23:52:20.278  1452  1452 I Telecom : InCallController: onConnected to ComponentInfo{com.google.android.dialer/com.android.incallui.InCallServiceImpl}: ICSBC.oSC@Hxg
03-08 23:52:20.279  1452  1452 I Telecom : InCallController: Adding 1 calls to InCallService after onConnected: ComponentInfo{com.google.android.dialer/com.android.incallui.InCallServiceImpl}, including external calls: ICSBC.oSC@Hxg
03-08 23:52:20.279  1452  1452 I Telecom : InCallController: 1 calls sent to InCallService.: ICSBC.oSC@Hxg
03-08 23:52:20.295  1452  1452 I Telecom : CallerInfoLookupHelper: CI query for handle tel:*** **** **** has completed; notifying all listeners.: PCR.oR->CILH.sL->CILH.oQC@Hxc
03-08 23:52:20.295  1452  1452 I Telecom : Call: CallerInfo received for tel:*** **** ****: com.android.internal.telephony.CallerInfo@4750d3f { name non-null, phoneNumber non-null }: PCR.oR->CILH.sL->CILH.oQC@Hxc
03-08 23:52:20.295  1452  1452 I Telecom : CallerInfoLookupHelper: There is no photo for this contact, skipping photo query: PCR.oR->CILH.sL->CILH.oQC@Hxc
03-08 23:52:20.305  1452  2965 W BroadcastQueue: Permission Denial: receiving Intent { act=android.intent.action.NEW_OUTGOING_CALL flg=0x11000010 (has extras) } to com.google.android.ims/.receivers.PhoneStateChangedReceiver requires android.permission.PROCESS_OUTGOING_CALLS due to sender android (uid 1000)
03-08 23:52:20.307  1452  2256 I Telecom : CallAudioRouteStateMachine: Message received: SWITCH_FOCUS=4001, arg1=2: PCR.oR->CAMSM.pM_2001->CARSM.pM_SWITCH_FOCUS@Hxc
03-08 23:52:20.310  1452  2256 I Telecom : Event: RecordEntry TC@23: AUDIO_ROUTE, Leaving state QuiescentEarpieceRoute: PCR.oR->CAMSM.pM_2001->CARSM.pM_SWITCH_FOCUS@Hxc
03-08 23:52:20.310  1452  2256 I Telecom : Event: RecordEntry TC@23: AUDIO_ROUTE, Entering state ActiveEarpieceRoute: PCR.oR->CAMSM.pM_2001->CARSM.pM_SWITCH_FOCUS@Hxc
03-08 23:52:20.310  1452  2256 I Telecom : CallAudioRouteStateMachine: setSystemAudioState: changing from [AudioState isMuted: false, route: EARPIECE, supportedRouteMask: EARPIECE, SPEAKER] to [AudioState isMuted: false, route: EARPIECE, supportedRouteMask: EARPIECE, SPEAKER]: PCR.oR->CAMSM.pM_2001->CARSM.pM_SWITCH_FOCUS@Hxc
03-08 23:52:20.310  1452  2256 I Telecom : InCallController: Calling onAudioStateChanged, audioState: [AudioState isMuted: false, route: EARPIECE, supportedRouteMask: EARPIECE, SPEAKER] -> [AudioState isMuted: false, route: EARPIECE, supportedRouteMask: EARPIECE, SPEAKER]: PCR.oR->CAMSM.pM_2001->CARSM.pM_SWITCH_FOCUS@Hxc
03-08 23:52:20.312  1452  1452 I Telecom : NewOutgoingCallBroadcastIntentReceiver: Received new-outgoing-call-broadcast for [TC@23, CONNECTING, null, tel:*** **** ****, A, childs(0), has_parent(false), [Capabilities:], [Properties:]] with data [****]: NOCBIR.oR@Hxs
03-08 23:52:20.314  1452  1452 I Telecom : CallsManager: Creating a new outgoing call with handle: tel:***********: NOCBIR.oR@Hxs
03-08 23:52:20.316  1452  1452 I Telecom : InCallController: Sending updateCall [TC@23, CONNECTING, null, tel:***********, A, childs(0), has_parent(false), [Capabilities:], [Properties:]]: NOCBIR.oR@Hxs
03-08 23:52:20.316  1452  1452 I Telecom : InCallController: Components updated: [ComponentInfo{com.google.android.dialer/com.android.incallui.InCallServiceImpl}]: NOCBIR.oR@Hxs
03-08 23:52:20.317  1452  1902 I WindowManager: Failed to capture screenshot of Token{6986aea ActivityRecord{fd8a2d5 u0 com.google.android.dialer/.extensions.GoogleDialtactsActivity t703}} appWin=Window{5aa5a54 u0 com.google.android.dialer/com.google.android.dialer.extensions.GoogleDialtactsActivity} drawState=4
03-08 23:52:20.320  1452  1452 I Telecom : PhoneAccountRegistrar: SimCallManager queried, returning: null: NOCBIR.oR@Hxs
03-08 23:52:20.320  1452  1452 I Telecom : CreateConnectionProcessor: Trying attempt CallAttemptRecord(ComponentInfo{com.android.phone/com.android.services.telephony.TelephonyConnectionService}, [****], UserHandle{0},ComponentInfo{com.android.phone/com.android.services.telephony.TelephonyConnectionService}, [****], UserHandle{0}): NOCBIR.oR@Hxs
03-08 23:52:20.320  1452  1452 I Telecom : Event: RecordEntry TC@23: BIND_CS, ComponentInfo{com.android.phone/com.android.services.telephony.TelephonyConnectionService}: NOCBIR.oR@Hxs
03-08 23:52:20.322  1452  1452 I Telecom : TelecomSystem: CallerInfoAsyncQuery.startQuery number=[****] cookie=NOCBIR.oR->CILH.sL->CILH.sL@Hxs: NOCBIR.oR->CILH.sL@Hxs
03-08 23:52:20.335  1452  1452 I Telecom : ServiceBinderConnection: Service bound ComponentInfo{com.android.phone/com.android.services.telephony.TelephonyConnectionService}: SBC.oSC@Hx0
03-08 23:52:20.335  1452  1452 I Telecom : Event: RecordEntry TC@23: CS_BOUND, ComponentInfo{com.android.phone/com.android.services.telephony.TelephonyConnectionService}: SBC.oSC@Hx0
03-08 23:52:20.335  1452  1452 I Telecom : Event: RecordEntry TC@23: START_CONNECTION, tel:***********: SBC.oSC@Hx0
03-08 23:52:20.340  1452  1948 I Telecom : PhoneAccountRegistrar: SimCallManager queried, returning: null: (...->CS.aCSA->H.CS.aCSA)->CSW.qRCS@E-E-Hx0
03-08 23:52:20.341  2171  2171 I Telephony: TelephonyConnectionService: onCreateOutgoingConnection, request: ConnectionRequest xxxxxxxxxxxxxxx Bundle[mParcelledData.dataSize=820]: (SBC.oSC)->CS.crCo->H.CS.crCo->H.CS.crCo.pICR@E-Hx0
03-08 23:52:20.350  1452  1452 I Telecom : CallerInfoLookupHelper: CI query for handle tel:*********** has completed; notifying all listeners.: NOCBIR.oR->CILH.sL->CILH.oQC@Hxs
03-08 23:52:20.350  1452  1452 I Telecom : Call: CallerInfo received for tel:***********: com.android.internal.telephony.CallerInfo@7216537 { name non-null, phoneNumber non-null }: NOCBIR.oR->CILH.sL->CILH.oQC@Hxs
03-08 23:52:20.351  1452  1452 I Telecom : CallerInfoLookupHelper: There is no photo for this contact, skipping photo query: NOCBIR.oR->CILH.sL->CILH.oQC@Hxs
03-08 23:52:20.387  2171  2171 I Telephony: GsmConnection: isAddParticipantCapable: isCapable = false: (SBC.oSC)->CS.crCo->H.CS.crCo->H.CS.crCo.pICR@E-Hx0
03-08 23:52:20.406  2171  2171 I chatty  : uid=1001(radio) com.android.phone identical 2 lines
03-08 23:52:20.407  2171  2171 I Telephony: GsmConnection: isAddParticipantCapable: isCapable = false: (SBC.oSC)->CS.crCo->H.CS.crCo->H.CS.crCo.pICR@E-Hx0
03-08 23:52:20.415  1452  2896 I Telecom : InCallController: Sending updateCall [TC@23, CONNECTING, com.android.phone/com.android.services.telephony.TelephonyConnectionService, tel:***********, A, childs(0), has_parent(false), [Capabilities:], [Properties:]]: (...->CS.crCo->H.CS.crCo->H.CS.crCo.pICR)->CSW.hCCC@E-E-Hx0
03-08 23:52:20.416  1452  2896 I Telecom : InCallController: Components updated: [ComponentInfo{com.google.android.dialer/com.android.incallui.InCallServiceImpl}]: (...->CS.crCo->H.CS.crCo->H.CS.crCo.pICR)->CSW.hCCC@E-E-Hx0
03-08 23:52:20.416  1452  2896 I Telecom : InCallController: Sending updateCall [TC@23, CONNECTING, com.android.phone/com.android.services.telephony.TelephonyConnectionService, tel:***********, A, childs(0), has_parent(false), [Capabilities: CAPABILITY_SUPPORT_HOLD CAPABILITY_MUTE CAPABILITY_CANNOT_DOWNGRADE_VIDEO_TO_AUDIO], [Properties:]]: (...->CS.crCo->H.CS.crCo->H.CS.crCo.pICR)->CSW.hCCC@E-E-Hx0
03-08 23:52:20.416  1452  2896 I Telecom : InCallController: Components updated: [ComponentInfo{com.google.android.dialer/com.android.incallui.InCallServiceImpl}]: (...->CS.crCo->H.CS.crCo->H.CS.crCo.pICR)->CSW.hCCC@E-E-Hx0
03-08 23:52:20.416  1452  2896 I Telecom : Event: RecordEntry TC@23: CAPABILITY_CHANGE, Current: [[ sup_hld mut !v2a]], Removed [[]], Added [[ sup_hld mut !v2a]]: (...->CS.crCo->H.CS.crCo->H.CS.crCo.pICR)->CSW.hCCC@E-E-Hx0
03-08 23:52:20.417  1452  2896 I Telecom : InCallController: Sending updateCall [TC@23, CONNECTING, com.android.phone/com.android.services.telephony.TelephonyConnectionService, tel:***********, A, childs(0), has_parent(false), [Capabilities: CAPABILITY_SUPPORT_HOLD CAPABILITY_MUTE CAPABILITY_CANNOT_DOWNGRADE_VIDEO_TO_AUDIO], [Properties:]]: (...->CS.crCo->H.CS.crCo->H.CS.crCo.pICR)->CSW.hCCC@E-E-Hx0
03-08 23:52:20.417  1452  2896 I Telecom : InCallController: Components updated: [ComponentInfo{com.google.android.dialer/com.android.incallui.InCallServiceImpl}]: (...->CS.crCo->H.CS.crCo->H.CS.crCo.pICR)->CSW.hCCC@E-E-Hx0
03-08 23:52:20.418  1452  2896 I Telecom : InCallController: Sending updateCall [TC@23, CONNECTING, com.android.phone/com.android.services.telephony.TelephonyConnectionService, tel:***********, A, childs(0), has_parent(false), [Capabilities: CAPABILITY_SUPPORT_HOLD CAPABILITY_MUTE CAPABILITY_CANNOT_DOWNGRADE_VIDEO_TO_AUDIO], [Properties:]]: (...->CS.crCo->H.CS.crCo->H.CS.crCo.pICR)->CSW.hCCC@E-E-Hx0
03-08 23:52:20.418  1452  2896 I Telecom : InCallController: Components updated: [ComponentInfo{com.google.android.dialer/com.android.incallui.InCallServiceImpl}]: (...->CS.crCo->H.CS.crCo->H.CS.crCo.pICR)->CSW.hCCC@E-E-Hx0
03-08 23:52:20.418  1452  2896 I Telecom : InCallController: Sending updateCall [TC@23, CONNECTING, com.android.phone/com.android.services.telephony.TelephonyConnectionService, tel:***********, A, childs(0), has_parent(false), [Capabilities: CAPABILITY_SUPPORT_HOLD CAPABILITY_MUTE CAPABILITY_CANNOT_DOWNGRADE_VIDEO_TO_AUDIO], [Properties:]]: (...->CS.crCo->H.CS.crCo->H.CS.crCo.pICR)->CSW.hCCC@E-E-Hx0
03-08 23:52:20.419  1452  2896 I Telecom : InCallController: Components updated: [ComponentInfo{com.google.android.dialer/com.android.incallui.InCallServiceImpl}]: (...->CS.crCo->H.CS.crCo->H.CS.crCo.pICR)->CSW.hCCC@E-E-Hx0
03-08 23:52:20.419  1452  2896 I Telecom : CallsManager: setCallState CONNECTING -> DIALING, call: [TC@23, CONNECTING, com.android.phone/com.android.services.telephony.TelephonyConnectionService, tel:***********, A, childs(0), has_parent(false), [Capabilities: CAPABILITY_SUPPORT_HOLD CAPABILITY_MUTE CAPABILITY_CANNOT_DOWNGRADE_VIDEO_TO_AUDIO], [Properties:]]: (...->CS.crCo->H.CS.crCo->H.CS.crCo.pICR)->CSW.hCCC@E-E-Hx0
03-08 23:52:20.419  1452  2896 I Telecom : Event: RecordEntry TC@23: SET_DIALING, successful outgoing call: (...->CS.crCo->H.CS.crCo->H.CS.crCo.pICR)->CSW.hCCC@E-E-Hx0
03-08 23:52:20.419  1452  2896 I Telecom : TelecomWakeLock: WakeLock already released with id: 26: (...->CS.crCo->H.CS.crCo->H.CS.crCo.pICR)->CSW.hCCC@E-E-Hx0
03-08 23:52:20.419  1452  2896 I Telecom : InCallWakeLockController: Releasing full wake lock: (...->CS.crCo->H.CS.crCo->H.CS.crCo.pICR)->CSW.hCCC@E-E-Hx0
03-08 23:52:20.419  2171  2171 I Telephony: GsmConnection: isAddParticipantCapable: isCapable = false
03-08 23:52:20.420  1452  2896 I Telecom : IncomingCallNotifier: updateIncomingCall: foundIncomingcall = null: (...->CS.crCo->H.CS.crCo->H.CS.crCo.pICR)->CSW.hCCC@E-E-Hx0
03-08 23:52:20.420  1452  2257 I Telecom : CallAudioModeStateMachine: Message received: NEW_ACTIVE_OR_DIALING_CALL.: (...->CS.crCo->H.CS.crCo->H.CS.crCo.pICR)->CSW.hCCC->CAMSM.pM_2001@E-E-Hx0
03-08 23:52:20.421  1452  2896 I Telecom : PhoneStateBroadcaster: Broadcasted state change: 2: (...->CS.crCo->H.CS.crCo->H.CS.crCo.pICR)->CSW.hCCC@E-E-Hx0
03-08 23:52:20.423  2171  2171 I Telephony: GsmConnection: isAddParticipantCapable: isCapable = false
03-08 23:52:20.423  1452  2896 I Telecom : InCallController: Sending updateCall [TC@23, DIALING, com.android.phone/com.android.services.telephony.TelephonyConnectionService, tel:***********, A, childs(0), has_parent(false), [Capabilities: CAPABILITY_SUPPORT_HOLD CAPABILITY_MUTE CAPABILITY_CANNOT_DOWNGRADE_VIDEO_TO_AUDIO], [Properties:]]: (...->CS.crCo->H.CS.crCo->H.CS.crCo.pICR)->CSW.hCCC@E-E-Hx0
03-08 23:52:20.423  1452  2896 I Telecom : InCallController: Components updated: [ComponentInfo{com.google.android.dialer/com.android.incallui.InCallServiceImpl}]: (...->CS.crCo->H.CS.crCo->H.CS.crCo.pICR)->CSW.hCCC@E-E-Hx0
03-08 23:52:20.423  1452  1561 W BroadcastQueue: Permission Denial: receiving Intent { act=android.intent.action.PHONE_STATE flg=0x1000010 (has extras) } to ProcessRecord{23c45f4 2004:com.android.systemui/u0a33} (pid=2004, uid=10033) requires android.permission.READ_PHONE_STATE due to sender android (uid 1000)
03-08 23:52:20.423  1452  2896 I Telecom : InCallController: Sending updateCall [TC@23, DIALING, com.android.phone/com.android.services.telephony.TelephonyConnectionService, tel:***********, A, childs(0), has_parent(false), [Capabilities: CAPABILITY_SUPPORT_HOLD CAPABILITY_MUTE CAPABILITY_CANNOT_DOWNGRADE_VIDEO_TO_AUDIO], [Properties:]]: (...->CS.crCo->H.CS.crCo->H.CS.crCo.pICR)->CSW.hCCC@E-E-Hx0
03-08 23:52:20.423  1452  1561 W BroadcastQueue: Permission Denial: receiving Intent { act=android.intent.action.PHONE_STATE flg=0x1000010 (has extras) } to com.google.android.apps.tachyon/.PhoneStateMonitor requires android.permission.READ_PRIVILEGED_PHONE_STATE due to sender android (uid 1000)
03-08 23:52:20.423  1452  2896 I Telecom : InCallController: Components updated: [ComponentInfo{com.google.android.dialer/com.android.incallui.InCallServiceImpl}]: (...->CS.crCo->H.CS.crCo->H.CS.crCo.pICR)->CSW.hCCC@E-E-Hx0
03-08 23:52:20.424  2171  2171 I Telephony: GsmConnection: isAddParticipantCapable: isCapable = false
03-08 23:52:20.424  1452  2896 I Telecom : CallsManager: setCallState DIALING -> DIALING, call: [TC@23, DIALING, com.android.phone/com.android.services.telephony.TelephonyConnectionService, tel:***********, A, childs(0), has_parent(false), [Capabilities: CAPABILITY_SUPPORT_HOLD CAPABILITY_MUTE CAPABILITY_CANNOT_DOWNGRADE_VIDEO_TO_AUDIO], [Properties:]]: (...->CS.crCo->H.CS.crCo->H.CS.crCo.pICR)->CSW.hCCC@E-E-Hx0
03-08 23:52:20.424  1452  2256 I Telecom : CallAudioRouteStateMachine: Message received: UPDATE_SYSTEM_AUDIO_ROUTE=1201, arg1=0: (...->CS.crCo->H.CS.crCo->H.CS.crCo.pICR)->CSW.hCCC->CARSM.pM_UPDATE_SYSTEM_AUDIO_ROUTE@E-E-Hx0
03-08 23:52:20.425  1452  2896 I Telecom : InCallController: Sending updateCall [TC@23, DIALING, com.android.phone/com.android.services.telephony.TelephonyConnectionService, tel:***********, A, childs(0), has_parent(false), [Capabilities: CAPABILITY_SUPPORT_HOLD CAPABILITY_MUTE], [Properties:]]: CSW.sCC@HyU
03-08 23:52:20.425  1452  2896 I Telecom : InCallController: Components updated: [ComponentInfo{com.google.android.dialer/com.android.incallui.InCallServiceImpl}]: CSW.sCC@HyU
03-08 23:52:20.425  1452  2896 I Telecom : Event: RecordEntry TC@23: CAPABILITY_CHANGE, Current: [[ sup_hld mut]], Removed [[ !v2a]], Added [[]]: CSW.sCC@HyU
03-08 23:52:20.426  1452  2896 I Telecom : InCallController: Sending updateCall [TC@23, DIALING, com.android.phone/com.android.services.telephony.TelephonyConnectionService, tel:***********, A, childs(0), has_parent(false), [Capabilities: CAPABILITY_SUPPORT_HOLD CAPABILITY_MUTE], [Properties:]]: CSW.pE@HyY
03-08 23:52:20.426  1452  2896 I Telecom : InCallController: Components updated: [ComponentInfo{com.google.android.dialer/com.android.incallui.InCallServiceImpl}]: CSW.pE@HyY
03-08 23:52:20.427  1452  2896 I Telecom : InCallController: Sending updateCall [TC@23, DIALING, com.android.phone/com.android.services.telephony.TelephonyConnectionService, tel:***********, A, childs(0), has_parent(false), [Capabilities: CAPABILITY_SUPPORT_HOLD CAPABILITY_MUTE], [Properties:]]: CSW.sSH@Hyc
03-08 23:52:20.427  1452  2896 I Telecom : InCallController: Components updated: [ComponentInfo{com.google.android.dialer/com.android.incallui.InCallServiceImpl}]: CSW.sSH@Hyc
03-08 23:52:20.427  1452  2256 I Telecom : CallAudioRouteStateMachine: setSystemAudioState: changing from [AudioState isMuted: false, route: EARPIECE, supportedRouteMask: EARPIECE, SPEAKER] to [AudioState isMuted: false, route: EARPIECE, supportedRouteMask: EARPIECE, SPEAKER]: (...->CS.crCo->H.CS.crCo->H.CS.crCo.pICR)->CSW.hCCC->CARSM.pM_UPDATE_SYSTEM_AUDIO_ROUTE@E-E-Hx0
03-08 23:52:20.428  1452  2256 I Telecom : InCallController: Calling onAudioStateChanged, audioState: [AudioState isMuted: false, route: EARPIECE, supportedRouteMask: EARPIECE, SPEAKER] -> [AudioState isMuted: false, route: EARPIECE, supportedRouteMask: EARPIECE, SPEAKER]: (...->CS.crCo->H.CS.crCo->H.CS.crCo.pICR)->CSW.hCCC->CARSM.pM_UPDATE_SYSTEM_AUDIO_ROUTE@E-E-Hx0
03-08 23:52:20.428  1452  2896 I Telecom : InCallController: Sending updateCall [TC@23, DIALING, com.android.phone/com.android.services.telephony.TelephonyConnectionService, tel:***********, A, childs(0), has_parent(false), [Capabilities: CAPABILITY_SUPPORT_HOLD CAPABILITY_MUTE], [Properties:]]: CSW.sCDN@Hyg
03-08 23:52:20.429  1452  2896 I Telecom : InCallController: Components updated: [ComponentInfo{com.google.android.dialer/com.android.incallui.InCallServiceImpl}]: CSW.sCDN@Hyg
03-08 23:52:20.436  2171  2171 I Telephony: TelephonyConnectionService: notifyCreateConnectionComplete TC@23_1: (...->CSW.hCCC)->CS.crCoC->H.CS.crCoC@E-E-E-Hx0
03-08 23:52:20.436  1452 14586 I Telecom : InCallController: Sending updateCall [TC@23, DIALING, com.android.phone/com.android.services.telephony.TelephonyConnectionService, tel:***********, A, childs(0), has_parent(false), [Capabilities: CAPABILITY_SUPPORT_HOLD CAPABILITY_MUTE], [Properties:]]: CSW.pE@Hyw
03-08 23:52:20.437  1452 14586 I Telecom : InCallController: Components updated: [ComponentInfo{com.google.android.dialer/com.android.incallui.InCallServiceImpl}]: CSW.pE@Hyw
03-08 23:52:20.437  2171  2171 I Telephony: TelephonyConnectionService: updatePhoneAccount setPhoneAccountHandle, account = ComponentInfo{com.android.phone/com.android.services.telephony.TelephonyConnectionService}, [****], UserHandle{0}: (...->CSW.hCCC)->CS.crCoC->H.CS.crCoC@E-E-E-Hx0
03-08 23:52:20.438  1452  8413 I Telecom : Event: RecordEntry TC@23: CONNECTION_EVENT, org.codeaurora.event.PHONE_ACCOUNT_CHANGED: (...->CS.crCoC->H.CS.crCoC)->CSW.oCE@E-E-E-E-Hx0
03-08 23:52:20.438  1452  8413 I Telecom : InCallController: notifyConnectionEvent {Call: [TC@23, DIALING, com.android.phone/com.android.services.telephony.TelephonyConnectionService, tel:***********, A, childs(0), has_parent(false), [Capabilities: CAPABILITY_SUPPORT_HOLD CAPABILITY_MUTE], [Properties:]], Event: org.codeaurora.event.PHONE_ACCOUNT_CHANGED, Extras:[Bundle[{emr_dial_account=ComponentInfo{com.android.phone/com.android.services.telephony.TelephonyConnectionService}, [****], UserHandle{0}}]]}: (...->CS.crCoC->H.CS.crCoC)->CSW.oCE@E-E-E-E-Hx0
03-08 23:52:20.441  1452 14586 W BroadcastQueue: Permission Denial: receiving Intent { act=android.intent.action.PHONE_STATE flg=0x1000010 (has extras) } to com.google.android.apps.tachyon/.PhoneStateMonitor requires android.permission.READ_PHONE_STATE due to sender android (uid 1000)
03-08 23:52:20.445  1452  1561 W BroadcastQueue: Permission Denial: receiving Intent { act=android.intent.action.PHONE_STATE flg=0x1000010 (has extras) } to com.google.android.ims/.receivers.PhoneStateChangedReceiver requires android.permission.READ_PHONE_STATE due to sender android (uid 1000)
03-08 23:52:21.080  1452  8413 I Telecom : InCallController: Sending updateCall [TC@23, DIALING, com.android.phone/com.android.services.telephony.TelephonyConnectionService, tel:***********, A, childs(0), has_parent(false), [Capabilities: CAPABILITY_SUPPORT_HOLD CAPABILITY_MUTE], [Properties: PROPERTY_HIGH_DEF_AUDIO]]: CSW.sCP@H8g
03-08 23:52:21.080  1452  8413 I Telecom : InCallController: Components updated: [ComponentInfo{com.google.android.dialer/com.android.incallui.InCallServiceImpl}]: CSW.sCP@H8g
03-08 23:52:21.081  1452  8413 I Telecom : Event: RecordEntry TC@23: PROPERTY_CHANGE, Current: [[ HD]], Removed [[]], Added [[ HD]]: CSW.sCP@H8g
03-08 23:52:21.086  1452  2962 I Telecom : InCallController: Sending updateCall [TC@23, DIALING, com.android.phone/com.android.services.telephony.TelephonyConnectionService, tel:***********, A, childs(0), has_parent(false), [Capabilities: CAPABILITY_SUPPORT_HOLD CAPABILITY_MUTE], [Properties: PROPERTY_HIGH_DEF_AUDIO]]: CSW.pE@H8k
03-08 23:52:21.087  1452  2962 I Telecom : InCallController: Components updated: [ComponentInfo{com.google.android.dialer/com.android.incallui.InCallServiceImpl}]: CSW.pE@H8k
03-08 23:52:21.088  1452  2962 I Telecom : InCallController: Sending updateCall [TC@23, DIALING, com.android.phone/com.android.services.telephony.TelephonyConnectionService, tel:***********, A, childs(0), has_parent(false), [Capabilities: CAPABILITY_SUPPORT_HOLD CAPABILITY_MUTE], [Properties: PROPERTY_HIGH_DEF_AUDIO]]: CSW.sSH@H8s
03-08 23:52:21.089  2171  2171 I Telephony: GsmConnection: isAddParticipantCapable: isCapable = false
03-08 23:52:21.089  1452  2962 I Telecom : InCallController: Components updated: [ComponentInfo{com.google.android.dialer/com.android.incallui.InCallServiceImpl}]: CSW.sSH@H8s
03-08 23:52:21.094  2171  2171 I Telephony: GsmConnection: isAddParticipantCapable: isCapable = false
03-08 23:52:26.637  1452  2896 I Telecom : Event: RecordEntry TC@23: REQUEST_DISCONNECT, null: ICA.dC(InCall package: com.google.android.dialer)@IAQ
03-08 23:52:26.637  1452  2896 I Telecom : Call: Send disconnect to connection service for call: [TC@23, DIALING, com.android.phone/com.android.services.telephony.TelephonyConnectionService, tel:***********, A, childs(0), has_parent(false), [Capabilities: CAPABILITY_SUPPORT_HOLD CAPABILITY_MUTE], [Properties: PROPERTY_HIGH_DEF_AUDIO]]: ICA.dC(InCall package: com.google.android.dialer)@IAQ
03-08 23:52:26.646  1452  2962 I Telecom : InCallController: Sending updateCall [TC@23, DIALING, com.android.phone/com.android.services.telephony.TelephonyConnectionService, tel:***********, A, childs(0), has_parent(false), [Capabilities: CAPABILITY_SUPPORT_HOLD CAPABILITY_MUTE], [Properties: PROPERTY_HIGH_DEF_AUDIO]]: CSW.sSH@IAU
03-08 23:52:26.647  1452  2962 I Telecom : InCallController: Components updated: [ComponentInfo{com.google.android.dialer/com.android.incallui.InCallServiceImpl}]: CSW.sSH@IAU
03-08 23:52:26.647  2171  2171 I Telephony: GsmConnection: isAddParticipantCapable: isCapable = false
03-08 23:52:26.649  2171  2171 I Telephony: GsmConnection: isAddParticipantCapable: isCapable = false
03-08 23:52:26.683  1452  8413 I Telecom : InCallController: Sending updateCall [TC@23, DIALING, com.android.phone/com.android.services.telephony.TelephonyConnectionService, tel:***********, A, childs(0), has_parent(false), [Capabilities: CAPABILITY_SUPPORT_HOLD CAPABILITY_MUTE], [Properties: PROPERTY_HIGH_DEF_AUDIO]]: CSW.pE@IBE
03-08 23:52:26.683  1452  8413 I Telecom : InCallController: Components updated: [ComponentInfo{com.google.android.dialer/com.android.incallui.InCallServiceImpl}]: CSW.pE@IBE
03-08 23:52:26.683  1452  8413 I Telecom : InCallController: Sending updateCall [TC@23, DIALING, com.android.phone/com.android.services.telephony.TelephonyConnectionService, tel:***********, A, childs(0), has_parent(false), [Capabilities: CAPABILITY_SUPPORT_HOLD CAPABILITY_MUTE], [Properties: PROPERTY_HIGH_DEF_AUDIO]]: CSW.sSH@IBI
03-08 23:52:26.684  1452  8413 I Telecom : InCallController: Components updated: [ComponentInfo{com.google.android.dialer/com.android.incallui.InCallServiceImpl}]: CSW.sSH@IBI
03-08 23:52:26.684  1452  8413 I Telecom : InCallController: Sending updateCall [TC@23, DIALING, com.android.phone/com.android.services.telephony.TelephonyConnectionService, tel:***********, A, childs(0), has_parent(false), [Capabilities: CAPABILITY_SUPPORT_HOLD CAPABILITY_MUTE], [Properties: PROPERTY_HIGH_DEF_AUDIO]]: CSW.sCC@IBM
03-08 23:52:26.685  1452  8413 I Telecom : InCallController: Components updated: [ComponentInfo{com.google.android.dialer/com.android.incallui.InCallServiceImpl}]: CSW.sCC@IBM
03-08 23:52:26.685  2171  2171 I Telephony: GsmConnection: isAddParticipantCapable: isCapable = false
03-08 23:52:26.685  1452  8413 I Telecom : InCallController: Sending updateCall [TC@23, DIALING, com.android.phone/com.android.services.telephony.TelephonyConnectionService, tel:***********, A, childs(0), has_parent(false), [Capabilities: CAPABILITY_SUPPORT_HOLD CAPABILITY_MUTE], [Properties: PROPERTY_HIGH_DEF_AUDIO]]: CSW.sCC@IBU
03-08 23:52:26.685  2171  2171 I Telephony: GsmConnection: isAddParticipantCapable: isCapable = false
03-08 23:52:26.685  1452  8413 I Telecom : InCallController: Components updated: [ComponentInfo{com.google.android.dialer/com.android.incallui.InCallServiceImpl}]: CSW.sCC@IBU
03-08 23:52:26.685  1452  8413 I Telecom : CallsManager: setCallState DIALING -> DISCONNECTED, call: [TC@23, DIALING, com.android.phone/com.android.services.telephony.TelephonyConnectionService, tel:***********, A, childs(0), has_parent(false), [Capabilities: CAPABILITY_SUPPORT_HOLD CAPABILITY_MUTE], [Properties: PROPERTY_HIGH_DEF_AUDIO]]: CSW.sDc@IBY
03-08 23:52:26.686  1452  8413 I Telecom : Event: RecordEntry TC@23: SET_DISCONNECTED, disconnected set explicitly> DisconnectCause [ Code: (LOCAL) Label: () Description: () Reason: (LOCAL) Tone: (27) ]: CSW.sDc@IBY
03-08 23:52:26.686  1452  8413 I Telecom : InCallController: onCanAddCallChanged : true: CSW.sDc@IBY
03-08 23:52:26.686  1452  8413 I Telecom : TelecomWakeLock: WakeLock already released with id: 26: CSW.sDc@IBY
03-08 23:52:26.686  1452  8413 I Telecom : InCallWakeLockController: Releasing full wake lock: CSW.sDc@IBY
03-08 23:52:26.686  1452  8413 I Telecom : IncomingCallNotifier: updateIncomingCall: foundIncomingcall = null: CSW.sDc@IBY
03-08 23:52:26.687  1452  2256 I Telecom : CallAudioRouteStateMachine: Message received: UPDATE_SYSTEM_AUDIO_ROUTE=1201, arg1=0: CSW.sDc->CARSM.pM_UPDATE_SYSTEM_AUDIO_ROUTE@IBY
03-08 23:52:26.687  1452  2257 I Telecom : CallAudioModeStateMachine: Message received: TONE_STARTED_PLAYING.: CSW.sDc->CAMSM.pM_3001@IBY
03-08 23:52:26.688  1452  8413 I Telecom : CallAudioManager: is ConfURI call disconnected = false call = [TC@23, DISCONNECTED, com.android.phone/com.android.services.telephony.TelephonyConnectionService, tel:***********, A, childs(0), has_parent(false), [Capabilities: CAPABILITY_SUPPORT_HOLD CAPABILITY_MUTE], [Properties: PROPERTY_HIGH_DEF_AUDIO]]: CSW.sDc@IBY
03-08 23:52:26.688  1452  2257 I Telecom : CallAudioModeStateMachine: Message received: NO_MORE_ACTIVE_OR_DIALING_CALLS.: CSW.sDc->CAMSM.pM_1001@IBY
03-08 23:52:26.688  1452  2257 I Telecom : CallAudioModeStateMachine: Audio focus entering TONE/HOLDING state: CSW.sDc->CAMSM.pM_1001@IBY
03-08 23:52:26.688  1452  2255 I Telecom : BluetoothRouteManager: Running runnable for testing
03-08 23:52:26.688  1452  2255 W Telecom : Logging: Log.endSession was called with no session active.
03-08 23:52:26.695  1452  8413 W ContextImpl: Calling a method in the system process without a qualified user: android.app.ContextImpl.sendBroadcast:965 android.content.ContextWrapper.sendBroadcast:436 com.android.server.telecom.CallLogManager.sendAddCallBroadcast:435 com.android.server.telecom.CallLogManager.logCall:282 com.android.server.telecom.CallLogManager.logCall:227 
03-08 23:52:26.697  1452  8413 I Telecom : PhoneStateBroadcaster: Broadcasted state change: 0: CSW.sDc@IBY
03-08 23:52:26.698  1452  1561 W BroadcastQueue: Permission Denial: receiving Intent { act=android.intent.action.PHONE_STATE flg=0x1000010 (has extras) } to ProcessRecord{23c45f4 2004:com.android.systemui/u0a33} (pid=2004, uid=10033) requires android.permission.READ_PHONE_STATE due to sender android (uid 1000)
03-08 23:52:26.698  1452  1561 W BroadcastQueue: Permission Denial: receiving Intent { act=android.intent.action.PHONE_STATE flg=0x1000010 (has extras) } to com.google.android.apps.tachyon/.PhoneStateMonitor requires android.permission.READ_PRIVILEGED_PHONE_STATE due to sender android (uid 1000)
03-08 23:52:26.699  1452  8413 I Telecom : InCallController: Sending updateCall [TC@23, DISCONNECTED, com.android.phone/com.android.services.telephony.TelephonyConnectionService, tel:***********, A, childs(0), has_parent(false), [Capabilities: CAPABILITY_SUPPORT_HOLD CAPABILITY_MUTE], [Properties: PROPERTY_HIGH_DEF_AUDIO]]: CSW.sDc@IBY
03-08 23:52:26.699  1452  8413 I Telecom : InCallController: Components updated: [ComponentInfo{com.google.android.dialer/com.android.incallui.InCallServiceImpl}]: CSW.sDc@IBY
03-08 23:52:26.700  1452  2256 I Telecom : CallAudioRouteStateMachine: setSystemAudioState: changing from [AudioState isMuted: false, route: EARPIECE, supportedRouteMask: EARPIECE, SPEAKER] to [AudioState isMuted: false, route: EARPIECE, supportedRouteMask: EARPIECE, SPEAKER]: CSW.sDc->CARSM.pM_UPDATE_SYSTEM_AUDIO_ROUTE@IBY
03-08 23:52:26.700  1452  2256 I Telecom : InCallController: Calling onAudioStateChanged, audioState: [AudioState isMuted: false, route: EARPIECE, supportedRouteMask: EARPIECE, SPEAKER] -> [AudioState isMuted: false, route: EARPIECE, supportedRouteMask: EARPIECE, SPEAKER]: CSW.sDc->CARSM.pM_UPDATE_SYSTEM_AUDIO_ROUTE@IBY
03-08 23:52:26.701  1452  8413 I Telecom : ConnectionServiceWrapper: Service unbound ComponentInfo{com.android.phone/com.android.services.telephony.TelephonyConnectionService}, from unbind.: CSW.rC@IBc
03-08 23:52:26.703  1452  8413 I Telecom : Event: RecordEntry TC@23: DESTROYED, null: CSW.rC@IBc
03-08 23:52:26.703  1452  8413 I Telecom : TelecomWakeLock: WakeLock already released with id: 26: CSW.rC@IBc
03-08 23:52:26.703  1452  8413 I Telecom : InCallWakeLockController: Releasing full wake lock: CSW.rC@IBc
03-08 23:52:26.703  1452  8413 I Telecom : IncomingCallNotifier: updateIncomingCall: foundIncomingcall = null: CSW.rC@IBc
03-08 23:52:26.704  1452  8413 I Telecom : InCallController: onCallRemoved: [TC@23, DISCONNECTED, null, tel:***********, A, childs(0), has_parent(false), [Capabilities: CAPABILITY_SUPPORT_HOLD CAPABILITY_MUTE], [Properties: PROPERTY_HIGH_DEF_AUDIO]]: CSW.rC@IBc
03-08 23:52:26.704  1452  8413 I Telecom : ProximitySensorManager: All calls removed, resetting proximity sensor to default state: CSW.rC@IBc
03-08 23:52:26.704  1452  8413 I Telecom : TelecomWakeLock: WakeLock already released with id: 32: CSW.rC@IBc
03-08 23:52:26.707  1452  2965 W BroadcastQueue: Permission Denial: receiving Intent { act=android.intent.action.PHONE_STATE flg=0x1000010 (has extras) } to com.google.android.apps.tachyon/.PhoneStateMonitor requires android.permission.READ_PHONE_STATE due to sender android (uid 1000)
03-08 23:52:26.708  1452  1561 W BroadcastQueue: Permission Denial: receiving Intent { act=android.intent.action.PHONE_STATE flg=0x1000010 (has extras) } to com.google.android.ims/.receivers.PhoneStateChangedReceiver requires android.permission.READ_PHONE_STATE due to sender android (uid 1000)
03-08 23:52:26.846  1452  2256 I Telecom : CallAudioRouteStateMachine: Message received: SWITCH_FOCUS=4001, arg1=2: CSW.sDc->CAMSM.pM_1001->CARSM.pM_SWITCH_FOCUS@IBY
03-08 23:52:27.247  1452  2257 I Telecom : CallAudioModeStateMachine: Message received: TONE_STOPPED_PLAYING.: CSW.sDc->ICTP.r->ICTP.cUTP->CAMSM.pM_3002@IBY
03-08 23:52:27.248  1452  2257 I Telecom : CallAudioModeStateMachine: Abandoning audio focus: now UNFOCUSED: CSW.sDc->ICTP.r->ICTP.cUTP->CAMSM.pM_3002@IBY
03-08 23:52:27.408  1452  2256 I Telecom : CallAudioRouteStateMachine: Message received: SWITCH_FOCUS=4001, arg1=1: CSW.sDc->ICTP.r->ICTP.cUTP->CAMSM.pM_3002->CARSM.pM_SWITCH_FOCUS@IBY
03-08 23:52:27.408  1452  2256 I Telecom : Logging.Events: Non-call EVENT: UNMUTE, null: CSW.sDc->ICTP.r->ICTP.cUTP->CAMSM.pM_3002->CARSM.pM_SWITCH_FOCUS@IBY
03-08 23:52:27.410  1452  2256 I Telecom : Logging.Events: Non-call EVENT: AUDIO_ROUTE, Leaving state ActiveEarpieceRoute: CSW.sDc->ICTP.r->ICTP.cUTP->CAMSM.pM_3002->CARSM.pM_SWITCH_FOCUS@IBY
03-08 23:52:27.410  1452  2256 I Telecom : Logging.Events: Non-call EVENT: AUDIO_ROUTE, Entering state QuiescentEarpieceRoute: CSW.sDc->ICTP.r->ICTP.cUTP->CAMSM.pM_3002->CARSM.pM_SWITCH_FOCUS@IBY
03-08 23:52:28.705  1452  1452 I Telecom : EmergencyInCallServiceConnection: Disconnect forced!: CSW.rC->ICC.oCR@IBc
03-08 23:52:28.935  1452  1452 I Telecom : CallIntentProcessor: onReceive - isUnknownCall: false: PCR.oR@IIE
03-08 23:52:28.940  1452  1452 I Telecom : LogUtils: EventRecord added as Call: [TC@24, NEW, null, tel:*** **** ****, A, childs(0), has_parent(false), [Capabilities:], [Properties:]]: PCR.oR@IIE
03-08 23:52:28.940  1452  1452 I Telecom : Event: RecordEntry TC@24: CREATED, null: PCR.oR@IIE
03-08 23:52:28.941  1452  1452 I Telecom : Event: RecordEntry TC@24: SET_CONNECTING, ComponentInfo{com.android.phone/com.android.services.telephony.TelephonyConnectionService}, [****], UserHandle{0}: PCR.oR@IIE
03-08 23:52:28.942  1452  1452 I Telecom : InCallController: onCanAddCallChanged : false: PCR.oR@IIE
03-08 23:52:28.942  1452  1452 I Telecom : TelecomWakeLock: WakeLock already released with id: 26: PCR.oR@IIE
03-08 23:52:28.942  1452  1452 I Telecom : InCallWakeLockController: Releasing full wake lock: PCR.oR@IIE
03-08 23:52:28.942  1452  1452 I Telecom : IncomingCallNotifier: updateIncomingCall: foundIncomingcall = null: PCR.oR@IIE
03-08 23:52:28.943  1452  2256 I Telecom : CallAudioRouteStateMachine: Message received: UPDATE_SYSTEM_AUDIO_ROUTE=1201, arg1=0: PCR.oR->CARSM.pM_UPDATE_SYSTEM_AUDIO_ROUTE@IIE
03-08 23:52:28.944  1452  1452 I Telecom : InCallController: onCallAdded: [TC@24, CONNECTING, null, tel:*** **** ****, A, childs(0), has_parent(false), [Capabilities:], [Properties:]]; not bound or connected.: PCR.oR@IIE
03-08 23:52:28.944  1452  2257 I Telecom : CallAudioModeStateMachine: Message received: NEW_ACTIVE_OR_DIALING_CALL.: PCR.oR->CAMSM.pM_2001@IIE
03-08 23:52:28.944  1452  2257 I Telecom : CallAudioModeStateMachine: Audio focus entering SIM CALL state: PCR.oR->CAMSM.pM_2001@IIE
03-08 23:52:28.944  1452  1452 I Telecom : InCallController: defaultDialer: null: PCR.oR@IIE
03-08 23:52:28.945  1452  1452 I Telecom : InCallController: defaultDialer: null: PCR.oR@IIE
03-08 23:52:28.946  1452  1452 I Telecom : CarSwappingInCallServiceConnection: carmodechange: false => false: PCR.oR@IIE
03-08 23:52:28.946  1452  1452 I Telecom : EmergencyCallHelper: ShouldGrantTemporaryLocationPermission, disabled by config: PCR.oR@IIE
03-08 23:52:28.947  1452  1452 I Telecom : EmergencyInCallServiceConnection: Attempting to bind to InCall [ComponentInfo{com.google.android.dialer/com.android.incallui.InCallServiceImpl} supportsExternal? true supportsSelfMg?false], with Intent { act=android.telecom.InCallService cmp=com.google.android.dialer/com.android.incallui.InCallServiceImpl (has extras) }: PCR.oR@IIE
03-08 23:52:28.957  1452  1452 I Telecom : NewOutgoingCallIntentBroadcaster: Sending NewOutgoingCallBroadcast for [TC@24, CONNECTING, null, tel:*** **** ****, A, childs(0), has_parent(false), [Capabilities:], [Properties:]] to UserHandle{0}: PCR.oR@IIE
03-08 23:52:28.959  1452  2256 I Telecom : CallAudioRouteStateMachine: setSystemAudioState: changing from [AudioState isMuted: false, route: EARPIECE, supportedRouteMask: EARPIECE, SPEAKER] to [AudioState isMuted: false, route: EARPIECE, supportedRouteMask: EARPIECE, SPEAKER]: PCR.oR->CARSM.pM_UPDATE_SYSTEM_AUDIO_ROUTE@IIE
03-08 23:52:28.960  1452  2256 I Telecom : InCallController: Calling onAudioStateChanged, audioState: [AudioState isMuted: false, route: EARPIECE, supportedRouteMask: EARPIECE, SPEAKER] -> [AudioState isMuted: false, route: EARPIECE, supportedRouteMask: EARPIECE, SPEAKER]: PCR.oR->CARSM.pM_UPDATE_SYSTEM_AUDIO_ROUTE@IIE
03-08 23:52:28.960  1452  1452 I Telecom : TelecomSystem: CallerInfoAsyncQuery.startQuery number=[****] cookie=PCR.oR->CILH.sL->CILH.sL@IIE: PCR.oR->CILH.sL@IIE
03-08 23:52:28.991  1452  1452 I Telecom : CallerInfoLookupHelper: CI query for handle tel:*** **** **** has completed; notifying all listeners.: PCR.oR->CILH.sL->CILH.oQC@IIE
03-08 23:52:28.991  1452  1452 I Telecom : Call: CallerInfo received for tel:*** **** ****: com.android.internal.telephony.CallerInfo@35f69d0 { name non-null, phoneNumber non-null }: PCR.oR->CILH.sL->CILH.oQC@IIE
03-08 23:52:28.991  1452  1452 I Telecom : CallerInfoLookupHelper: There is no photo for this contact, skipping photo query: PCR.oR->CILH.sL->CILH.oQC@IIE
03-08 23:52:29.160  1452 14586 I ActivityManager: START u0 {act=android.intent.action.MAIN flg=0x10040000 cmp=com.google.android.dialer/com.android.incallui.InCallActivity (has extras)} from uid 10016
03-08 23:52:29.174  1452  2256 I Telecom : CallAudioRouteStateMachine: Message received: SWITCH_FOCUS=4001, arg1=2: PCR.oR->CAMSM.pM_2001->CARSM.pM_SWITCH_FOCUS@IIE
03-08 23:52:29.175  1452  2256 I Telecom : Event: RecordEntry TC@24: AUDIO_ROUTE, Leaving state QuiescentEarpieceRoute: PCR.oR->CAMSM.pM_2001->CARSM.pM_SWITCH_FOCUS@IIE
03-08 23:52:29.175  1452  1452 I Telecom : InCallController: onConnected to ComponentInfo{com.google.android.dialer/com.android.incallui.InCallServiceImpl}: ICSBC.oSC@III
03-08 23:52:29.175  1452  2256 I Telecom : Event: RecordEntry TC@24: AUDIO_ROUTE, Entering state ActiveEarpieceRoute: PCR.oR->CAMSM.pM_2001->CARSM.pM_SWITCH_FOCUS@IIE
03-08 23:52:29.176  1452  1452 I Telecom : InCallController: Adding 1 calls to InCallService after onConnected: ComponentInfo{com.google.android.dialer/com.android.incallui.InCallServiceImpl}, including external calls: ICSBC.oSC@III
03-08 23:52:29.176  1452  1452 I Telecom : InCallController: 1 calls sent to InCallService.: ICSBC.oSC@III
03-08 23:52:29.177  1452  2256 I Telecom : CallAudioRouteStateMachine: setSystemAudioState: changing from [AudioState isMuted: false, route: EARPIECE, supportedRouteMask: EARPIECE, SPEAKER] to [AudioState isMuted: false, route: EARPIECE, supportedRouteMask: EARPIECE, SPEAKER]: PCR.oR->CAMSM.pM_2001->CARSM.pM_SWITCH_FOCUS@IIE
03-08 23:52:29.177  1452  2256 I Telecom : InCallController: Calling onAudioStateChanged, audioState: [AudioState isMuted: false, route: EARPIECE, supportedRouteMask: EARPIECE, SPEAKER] -> [AudioState isMuted: false, route: EARPIECE, supportedRouteMask: EARPIECE, SPEAKER]: PCR.oR->CAMSM.pM_2001->CARSM.pM_SWITCH_FOCUS@IIE
03-08 23:52:29.208  1452  1948 W BroadcastQueue: Permission Denial: receiving Intent { act=android.intent.action.NEW_OUTGOING_CALL flg=0x11000010 (has extras) } to com.google.android.ims/.receivers.PhoneStateChangedReceiver requires android.permission.PROCESS_OUTGOING_CALLS due to sender android (uid 1000)
03-08 23:52:29.215  1452  1452 I Telecom : NewOutgoingCallBroadcastIntentReceiver: Received new-outgoing-call-broadcast for [TC@24, CONNECTING, null, tel:*** **** ****, A, childs(0), has_parent(false), [Capabilities:], [Properties:]] with data [****]: NOCBIR.oR@IIU
03-08 23:52:29.218  1452  1452 I Telecom : CallsManager: Creating a new outgoing call with handle: tel:***********: NOCBIR.oR@IIU
03-08 23:52:29.221  1452  1902 I WindowManager: Failed to capture screenshot of Token{6986aea ActivityRecord{fd8a2d5 u0 com.google.android.dialer/.extensions.GoogleDialtactsActivity t703}} appWin=Window{5aa5a54 u0 com.google.android.dialer/com.google.android.dialer.extensions.GoogleDialtactsActivity} drawState=4
03-08 23:52:29.221  1452  1452 I Telecom : InCallController: Sending updateCall [TC@24, CONNECTING, null, tel:***********, A, childs(0), has_parent(false), [Capabilities:], [Properties:]]: NOCBIR.oR@IIU
03-08 23:52:29.221  1452  1452 I Telecom : InCallController: Components updated: [ComponentInfo{com.google.android.dialer/com.android.incallui.InCallServiceImpl}]: NOCBIR.oR@IIU
03-08 23:52:29.225  1452  1452 I Telecom : PhoneAccountRegistrar: SimCallManager queried, returning: null: NOCBIR.oR@IIU
03-08 23:52:29.225  1452  1452 I Telecom : CreateConnectionProcessor: Trying attempt CallAttemptRecord(ComponentInfo{com.android.phone/com.android.services.telephony.TelephonyConnectionService}, [****], UserHandle{0},ComponentInfo{com.android.phone/com.android.services.telephony.TelephonyConnectionService}, [****], UserHandle{0}): NOCBIR.oR@IIU
03-08 23:52:29.226  1452  1452 I Telecom : Event: RecordEntry TC@24: BIND_CS, ComponentInfo{com.android.phone/com.android.services.telephony.TelephonyConnectionService}: NOCBIR.oR@IIU
03-08 23:52:29.227  1452  1452 I Telecom : TelecomSystem: CallerInfoAsyncQuery.startQuery number=[****] cookie=NOCBIR.oR->CILH.sL->CILH.sL@IIU: NOCBIR.oR->CILH.sL@IIU
03-08 23:52:29.240  1452  1452 I Telecom : ServiceBinderConnection: Service bound ComponentInfo{com.android.phone/com.android.services.telephony.TelephonyConnectionService}: SBC.oSC@IIg
03-08 23:52:29.240  1452  1452 I Telecom : Event: RecordEntry TC@24: CS_BOUND, ComponentInfo{com.android.phone/com.android.services.telephony.TelephonyConnectionService}: SBC.oSC@IIg
03-08 23:52:29.240  1452  1452 I Telecom : Event: RecordEntry TC@24: START_CONNECTION, tel:***********: SBC.oSC@IIg
03-08 23:52:29.245  1452 14586 I Telecom : PhoneAccountRegistrar: SimCallManager queried, returning: null: (...->CS.aCSA->H.CS.aCSA)->CSW.qRCS@E-E-IIg
03-08 23:52:29.246  2171  2171 I Telephony: TelephonyConnectionService: onCreateOutgoingConnection, request: ConnectionRequest xxxxxxxxxxxxxxx Bundle[mParcelledData.dataSize=820]: (SBC.oSC)->CS.crCo->H.CS.crCo->H.CS.crCo.pICR@E-IIg
03-08 23:52:29.256  1452  1452 I Telecom : CallerInfoLookupHelper: CI query for handle tel:*********** has completed; notifying all listeners.: NOCBIR.oR->CILH.sL->CILH.oQC@IIU
03-08 23:52:29.256  1452  1452 I Telecom : Call: CallerInfo received for tel:***********: com.android.internal.telephony.CallerInfo@3fee5fb { name non-null, phoneNumber non-null }: NOCBIR.oR->CILH.sL->CILH.oQC@IIU
03-08 23:52:29.256  1452  1452 I Telecom : CallerInfoLookupHelper: There is no photo for this contact, skipping photo query: NOCBIR.oR->CILH.sL->CILH.oQC@IIU
03-08 23:52:29.294  2171  2171 I Telephony: GsmConnection: isAddParticipantCapable: isCapable = false: (SBC.oSC)->CS.crCo->H.CS.crCo->H.CS.crCo.pICR@E-IIg
03-08 23:52:29.320  2171  2171 I chatty  : uid=1001(radio) com.android.phone identical 2 lines
03-08 23:52:29.321  2171  2171 I Telephony: GsmConnection: isAddParticipantCapable: isCapable = false: (SBC.oSC)->CS.crCo->H.CS.crCo->H.CS.crCo.pICR@E-IIg
03-08 23:52:29.328  1452  8413 I Telecom : InCallController: Sending updateCall [TC@24, CONNECTING, com.android.phone/com.android.services.telephony.TelephonyConnectionService, tel:***********, A, childs(0), has_parent(false), [Capabilities:], [Properties:]]: (...->CS.crCo->H.CS.crCo->H.CS.crCo.pICR)->CSW.hCCC@E-E-IIg
03-08 23:52:29.329  1452  8413 I Telecom : InCallController: Components updated: [ComponentInfo{com.google.android.dialer/com.android.incallui.InCallServiceImpl}]: (...->CS.crCo->H.CS.crCo->H.CS.crCo.pICR)->CSW.hCCC@E-E-IIg
03-08 23:52:29.329  1452  8413 I Telecom : InCallController: Sending updateCall [TC@24, CONNECTING, com.android.phone/com.android.services.telephony.TelephonyConnectionService, tel:***********, A, childs(0), has_parent(false), [Capabilities: CAPABILITY_SUPPORT_HOLD CAPABILITY_MUTE CAPABILITY_CANNOT_DOWNGRADE_VIDEO_TO_AUDIO], [Properties:]]: (...->CS.crCo->H.CS.crCo->H.CS.crCo.pICR)->CSW.hCCC@E-E-IIg
03-08 23:52:29.329  1452  8413 I Telecom : InCallController: Components updated: [ComponentInfo{com.google.android.dialer/com.android.incallui.InCallServiceImpl}]: (...->CS.crCo->H.CS.crCo->H.CS.crCo.pICR)->CSW.hCCC@E-E-IIg
03-08 23:52:29.329  1452  8413 I Telecom : Event: RecordEntry TC@24: CAPABILITY_CHANGE, Current: [[ sup_hld mut !v2a]], Removed [[]], Added [[ sup_hld mut !v2a]]: (...->CS.crCo->H.CS.crCo->H.CS.crCo.pICR)->CSW.hCCC@E-E-IIg
03-08 23:52:29.330  1452  8413 I Telecom : InCallController: Sending updateCall [TC@24, CONNECTING, com.android.phone/com.android.services.telephony.TelephonyConnectionService, tel:***********, A, childs(0), has_parent(false), [Capabilities: CAPABILITY_SUPPORT_HOLD CAPABILITY_MUTE CAPABILITY_CANNOT_DOWNGRADE_VIDEO_TO_AUDIO], [Properties:]]: (...->CS.crCo->H.CS.crCo->H.CS.crCo.pICR)->CSW.hCCC@E-E-IIg
03-08 23:52:29.331  1452  8413 I Telecom : InCallController: Components updated: [ComponentInfo{com.google.android.dialer/com.android.incallui.InCallServiceImpl}]: (...->CS.crCo->H.CS.crCo->H.CS.crCo.pICR)->CSW.hCCC@E-E-IIg
03-08 23:52:29.331  1452  8413 I Telecom : InCallController: Sending updateCall [TC@24, CONNECTING, com.android.phone/com.android.services.telephony.TelephonyConnectionService, tel:***********, A, childs(0), has_parent(false), [Capabilities: CAPABILITY_SUPPORT_HOLD CAPABILITY_MUTE CAPABILITY_CANNOT_DOWNGRADE_VIDEO_TO_AUDIO], [Properties:]]: (...->CS.crCo->H.CS.crCo->H.CS.crCo.pICR)->CSW.hCCC@E-E-IIg
03-08 23:52:29.332  1452  8413 I Telecom : InCallController: Components updated: [ComponentInfo{com.google.android.dialer/com.android.incallui.InCallServiceImpl}]: (...->CS.crCo->H.CS.crCo->H.CS.crCo.pICR)->CSW.hCCC@E-E-IIg
03-08 23:52:29.332  1452  8413 I Telecom : InCallController: Sending updateCall [TC@24, CONNECTING, com.android.phone/com.android.services.telephony.TelephonyConnectionService, tel:***********, A, childs(0), has_parent(false), [Capabilities: CAPABILITY_SUPPORT_HOLD CAPABILITY_MUTE CAPABILITY_CANNOT_DOWNGRADE_VIDEO_TO_AUDIO], [Properties:]]: (...->CS.crCo->H.CS.crCo->H.CS.crCo.pICR)->CSW.hCCC@E-E-IIg
03-08 23:52:29.332  1452  8413 I Telecom : InCallController: Components updated: [ComponentInfo{com.google.android.dialer/com.android.incallui.InCallServiceImpl}]: (...->CS.crCo->H.CS.crCo->H.CS.crCo.pICR)->CSW.hCCC@E-E-IIg
03-08 23:52:29.333  1452  8413 I Telecom : CallsManager: setCallState CONNECTING -> DIALING, call: [TC@24, CONNECTING, com.android.phone/com.android.services.telephony.TelephonyConnectionService, tel:***********, A, childs(0), has_parent(false), [Capabilities: CAPABILITY_SUPPORT_HOLD CAPABILITY_MUTE CAPABILITY_CANNOT_DOWNGRADE_VIDEO_TO_AUDIO], [Properties:]]: (...->CS.crCo->H.CS.crCo->H.CS.crCo.pICR)->CSW.hCCC@E-E-IIg
