03-08 23:52:06.704  1452 14586 I ActivityManager: START u0 {act=android.intent.action.MAIN flg=0x10040000 cmp=com.google.android.dialer/com.android.incallui.InCallActivity (has extras)} from uid 10016
03-08 23:52:06.903  1452 14586 I WindowManager: Failed to capture screenshot of Token{6986aea ActivityRecord{fd8a2d5 u0 com.google.android.dialer/.extensions.GoogleDialtactsActivity t703}} appWin=Window{5aa5a54 u0 com.google.android.dialer/com.google.android.dialer.extensions.GoogleDialtactsActivity} drawState=4
03-08 23:52:08.125  1452 14586 I Telecom : InCallController: Sending updateCall [TC@21, DIALING, com.android.phone/com.android.services.telephony.TelephonyConnectionService, tel:**************, A, childs(0), has_parent(false), [Capabilities: CAPABILITY_SUPPORT_HOLD CAPABILITY_MUTE], [Properties: PROPERTY_HIGH_DEF_AUDIO]]: CSW.sCP@HWA
03-08 23:52:08.126  1452 14586 I Telecom : InCallController: Components updated: [ComponentInfo{com.google.android.dialer/com.android.incallui.InCallServiceImpl}]: CSW.sCP@HWA
03-08 23:52:08.126  1452 14586 I Telecom : Event: RecordEntry TC@21: PROPERTY_CHANGE, Current: [[ HD]], Removed [[]], Added [[ HD]]: CSW.sCP@HWA
03-08 23:52:08.136  2171  2171 I Telephony: GsmConnection: isAddParticipantCapable: isCapable = false
03-08 23:52:08.138  1452  2961 I Telecom : InCallController: Sending updateCall [TC@21, DIALING, com.android.phone/com.android.services.telephony.TelephonyConnectionService, tel:**************, A, childs(0), has_parent(false), [Capabilities: CAPABILITY_SUPPORT_HOLD CAPABILITY_MUTE CAPABILITY_SUPPORTS_VT_REMOTE_RX CAPABILITY_SUPPORTS_VT_REMOTE_TX CAPABILITY_SUPPORTS_VT_REMOTE_BIDIRECTIONAL], [Properties: PROPERTY_HIGH_DEF_AUDIO]]: CSW.sCC@HWQ
03-08 23:52:08.139  1452  2961 I Telecom : InCallController: Components updated: [ComponentInfo{com.google.android.dialer/com.android.incallui.InCallServiceImpl}]: CSW.sCC@HWQ
03-08 23:52:08.139  1452  2961 I Telecom : Event: RecordEntry TC@21: CAPABILITY_CHANGE, Current: [[ sup_hld mut VTrrx VTrtx VTrbi]], Removed [[]], Added [[ VTrrx VTrtx VTrbi]]: CSW.sCC@HWQ
03-08 23:52:08.140  1452  2961 I Telecom : InCallController: Sending updateCall [TC@21, DIALING, com.android.phone/com.android.services.telephony.TelephonyConnectionService, tel:**************, A, childs(0), has_parent(false), [Capabilities: CAPABILITY_SUPPORT_HOLD CAPABILITY_MUTE CAPABILITY_SUPPORTS_VT_REMOTE_RX CAPABILITY_SUPPORTS_VT_REMOTE_TX CAPABILITY_SUPPORTS_VT_REMOTE_BIDIRECTIONAL], [Properties: PROPERTY_HIGH_DEF_AUDIO]]: CSW.pE@HWU
03-08 23:52:08.140  1452  2961 I Telecom : InCallController: Components updated: [ComponentInfo{com.google.android.dialer/com.android.incallui.InCallServiceImpl}]: CSW.pE@HWU
03-08 23:52:08.141  1452  2965 I Telecom : InCallController: Sending updateCall [TC@21, DIALING, com.android.phone/com.android.services.telephony.TelephonyConnectionService, tel:**************, A, childs(0), has_parent(false), [Capabilities: CAPABILITY_SUPPORT_HOLD CAPABILITY_MUTE CAPABILITY_SUPPORTS_VT_REMOTE_RX CAPABILITY_SUPPORTS_VT_REMOTE_TX CAPABILITY_SUPPORTS_VT_REMOTE_BIDIRECTIONAL], [Properties: PROPERTY_HIGH_DEF_AUDIO]]: CSW.sSH@HWY
03-08 23:52:08.142  2171  2171 I Telephony: GsmConnection: isAddParticipantCapable: isCapable = false
03-08 23:52:08.142  1452  2965 I Telecom : InCallController: Components updated: [ComponentInfo{com.google.android.dialer/com.android.incallui.InCallServiceImpl}]: CSW.sSH@HWY
03-08 23:52:08.144  2171  2171 I Telephony: GsmConnection: isAddParticipantCapable: isCapable = false
03-08 23:52:08.612  1452  2962 I Telecom : Event: RecordEntry TC@21: REQUEST_DISCONNECT, null: ICA.dC(InCall package: com.google.android.dialer)@HZY
03-08 23:52:08.612  1452  2962 I Telecom : Call: Send disconnect to connection service for call: [TC@21, DIALING, com.android.phone/com.android.services.telephony.TelephonyConnectionService, tel:**************, A, childs(0), has_parent(false), [Capabilities: CAPABILITY_SUPPORT_HOLD CAPABILITY_MUTE CAPABILITY_SUPPORTS_VT_REMOTE_RX CAPABILITY_SUPPORTS_VT_REMOTE_TX CAPABILITY_SUPPORTS_VT_REMOTE_BIDIRECTIONAL], [Properties: PROPERTY_HIGH_DEF_AUDIO]]: ICA.dC(InCall package: com.google.android.dialer)@HZY
03-08 23:52:08.632  1452  2962 I Telecom : InCallController: Sending updateCall [TC@21, DIALING, com.android.phone/com.android.services.telephony.TelephonyConnectionService, tel:**************, A, childs(0), has_parent(false), [Capabilities: CAPABILITY_SUPPORT_HOLD CAPABILITY_MUTE CAPABILITY_SUPPORTS_VT_REMOTE_RX CAPABILITY_SUPPORTS_VT_REMOTE_TX CAPABILITY_SUPPORTS_VT_REMOTE_BIDIRECTIONAL], [Properties: PROPERTY_HIGH_DEF_AUDIO]]: CSW.sSH@HZc
03-08 23:52:08.633  1452  2962 I Telecom : InCallController: Components updated: [ComponentInfo{com.google.android.dialer/com.android.incallui.InCallServiceImpl}]: CSW.sSH@HZc
03-08 23:52:08.633  2171  2171 I Telephony: GsmConnection: isAddParticipantCapable: isCapable = false
03-08 23:52:08.637  2171  2171 I Telephony: GsmConnection: isAddParticipantCapable: isCapable = false
03-08 23:52:08.659  1452  8413 I Telecom : InCallController: Sending updateCall [TC@21, DIALING, com.android.phone/com.android.services.telephony.TelephonyConnectionService, tel:**************, A, childs(0), has_parent(false), [Capabilities: CAPABILITY_SUPPORT_HOLD CAPABILITY_MUTE CAPABILITY_SUPPORTS_VT_REMOTE_RX CAPABILITY_SUPPORTS_VT_REMOTE_TX CAPABILITY_SUPPORTS_VT_REMOTE_BIDIRECTIONAL], [Properties: PROPERTY_HIGH_DEF_AUDIO]]: CSW.pE@HZ0
03-08 23:52:08.660  1452  8413 I Telecom : InCallController: Components updated: [ComponentInfo{com.google.android.dialer/com.android.incallui.InCallServiceImpl}]: CSW.pE@HZ0
03-08 23:52:08.661  1452  8413 I Telecom : InCallController: Sending updateCall [TC@21, DIALING, com.android.phone/com.android.services.telephony.TelephonyConnectionService, tel:**************, A, childs(0), has_parent(false), [Capabilities: CAPABILITY_SUPPORT_HOLD CAPABILITY_MUTE CAPABILITY_SUPPORTS_VT_REMOTE_RX CAPABILITY_SUPPORTS_VT_REMOTE_TX CAPABILITY_SUPPORTS_VT_REMOTE_BIDIRECTIONAL], [Properties: PROPERTY_HIGH_DEF_AUDIO]]: CSW.sSH@HZ4
03-08 23:52:08.662  2171  2171 I Telephony: GsmConnection: isAddParticipantCapable: isCapable = false
03-08 23:52:08.662  2171  2171 I Telephony: GsmConnection: isAddParticipantCapable: isCapable = false
03-08 23:52:08.662  1452  8413 I Telecom : InCallController: Components updated: [ComponentInfo{com.google.android.dialer/com.android.incallui.InCallServiceImpl}]: CSW.sSH@HZ4
03-08 23:52:08.663  1452  8413 I Telecom : InCallController: Sending updateCall [TC@21, DIALING, com.android.phone/com.android.services.telephony.TelephonyConnectionService, tel:**************, A, childs(0), has_parent(false), [Capabilities: CAPABILITY_SUPPORT_HOLD CAPABILITY_MUTE CAPABILITY_SUPPORTS_VT_REMOTE_RX CAPABILITY_SUPPORTS_VT_REMOTE_TX CAPABILITY_SUPPORTS_VT_REMOTE_BIDIRECTIONAL], [Properties: PROPERTY_HIGH_DEF_AUDIO]]: CSW.sCC@HaA
03-08 23:52:08.664  1452  8413 I Telecom : InCallController: Components updated: [ComponentInfo{com.google.android.dialer/com.android.incallui.InCallServiceImpl}]: CSW.sCC@HaA
03-08 23:52:08.664  1452  8413 I Telecom : CallsManager: setCallState DIALING -> DISCONNECTED, call: [TC@21, DIALING, com.android.phone/com.android.services.telephony.TelephonyConnectionService, tel:**************, A, childs(0), has_parent(false), [Capabilities: CAPABILITY_SUPPORT_HOLD CAPABILITY_MUTE CAPABILITY_SUPPORTS_VT_REMOTE_RX CAPABILITY_SUPPORTS_VT_REMOTE_TX CAPABILITY_SUPPORTS_VT_REMOTE_BIDIRECTIONAL], [Properties: PROPERTY_HIGH_DEF_AUDIO]]: CSW.sDc@HaE
03-08 23:52:08.664  1452  8413 I Telecom : Event: RecordEntry TC@21: SET_DISCONNECTED, disconnected set explicitly> DisconnectCause [ Code: (LOCAL) Label: () Description: () Reason: (LOCAL) Tone: (27) ]: CSW.sDc@HaE
03-08 23:52:08.665  1452  8413 I Telecom : InCallController: onCanAddCallChanged : true: CSW.sDc@HaE
03-08 23:52:08.665  1452  8413 I Telecom : TelecomWakeLock: WakeLock already released with id: 26: CSW.sDc@HaE
03-08 23:52:08.665  1452  8413 I Telecom : InCallWakeLockController: Releasing full wake lock: CSW.sDc@HaE
03-08 23:52:08.666  1452  8413 I Telecom : IncomingCallNotifier: updateIncomingCall: foundIncomingcall = null: CSW.sDc@HaE
03-08 23:52:08.666  1452  2256 I Telecom : CallAudioRouteStateMachine: Message received: UPDATE_SYSTEM_AUDIO_ROUTE=1201, arg1=0: CSW.sDc->CARSM.pM_UPDATE_SYSTEM_AUDIO_ROUTE@HaE
03-08 23:52:08.667  1452  8413 I Telecom : CallAudioManager: is ConfURI call disconnected = false call = [TC@21, DISCONNECTED, com.android.phone/com.android.services.telephony.TelephonyConnectionService, tel:**************, A, childs(0), has_parent(false), [Capabilities: CAPABILITY_SUPPORT_HOLD CAPABILITY_MUTE CAPABILITY_SUPPORTS_VT_REMOTE_RX CAPABILITY_SUPPORTS_VT_REMOTE_TX CAPABILITY_SUPPORTS_VT_REMOTE_BIDIRECTIONAL], [Properties: PROPERTY_HIGH_DEF_AUDIO]]: CSW.sDc@HaE
03-08 23:52:08.669  1452  2257 I Telecom : CallAudioModeStateMachine: Message received: TONE_STARTED_PLAYING.: CSW.sDc->CAMSM.pM_3001@HaE
03-08 23:52:08.670  1452  2257 I Telecom : CallAudioModeStateMachine: Message received: NO_MORE_ACTIVE_OR_DIALING_CALLS.: CSW.sDc->CAMSM.pM_1001@HaE
03-08 23:52:08.670  1452  2257 I Telecom : CallAudioModeStateMachine: Audio focus entering TONE/HOLDING state: CSW.sDc->CAMSM.pM_1001@HaE
03-08 23:52:08.670  1452  2255 I Telecom : BluetoothRouteManager: Running runnable for testing
03-08 23:52:08.670  1452  2255 W Telecom : Logging: Log.endSession was called with no session active.
03-08 23:52:08.675  1452  8413 W ContextImpl: Calling a method in the system process without a qualified user: android.app.ContextImpl.sendBroadcast:965 android.content.ContextWrapper.sendBroadcast:436 com.android.server.telecom.CallLogManager.sendAddCallBroadcast:435 com.android.server.telecom.CallLogManager.logCall:282 com.android.server.telecom.CallLogManager.logCall:227 
03-08 23:52:08.678  1452  8413 I Telecom : PhoneStateBroadcaster: Broadcasted state change: 0: CSW.sDc@HaE
03-08 23:52:08.678  1452  1561 W BroadcastQueue: Permission Denial: receiving Intent { act=android.intent.action.PHONE_STATE flg=0x1000010 (has extras) } to ProcessRecord{23c45f4 2004:com.android.systemui/u0a33} (pid=2004, uid=10033) requires android.permission.READ_PHONE_STATE due to sender android (uid 1000)
03-08 23:52:08.678  1452  1561 W BroadcastQueue: Permission Denial: receiving Intent { act=android.intent.action.PHONE_STATE flg=0x1000010 (has extras) } to com.google.android.apps.tachyon/.PhoneStateMonitor requires android.permission.READ_PRIVILEGED_PHONE_STATE due to sender android (uid 1000)
03-08 23:52:08.681  1452  8413 I Telecom : InCallController: Sending updateCall [TC@21, DISCONNECTED, com.android.phone/com.android.services.telephony.TelephonyConnectionService, tel:**************, A, childs(0), has_parent(false), [Capabilities: CAPABILITY_SUPPORT_HOLD CAPABILITY_MUTE CAPABILITY_SUPPORTS_VT_REMOTE_RX CAPABILITY_SUPPORTS_VT_REMOTE_TX CAPABILITY_SUPPORTS_VT_REMOTE_BIDIRECTIONAL], [Properties: PROPERTY_HIGH_DEF_AUDIO]]: CSW.sDc@HaE
03-08 23:52:08.681  1452  8413 I Telecom : InCallController: Components updated: [ComponentInfo{com.google.android.dialer/com.android.incallui.InCallServiceImpl}]: CSW.sDc@HaE
03-08 23:52:08.682  1452  8413 I Telecom : InCallController: Sending updateCall [TC@21, DISCONNECTED, com.android.phone/com.android.services.telephony.TelephonyConnectionService, tel:**************, A, childs(0), has_parent(false), [Capabilities: CAPABILITY_SUPPORT_HOLD CAPABILITY_MUTE CAPABILITY_SUPPORTS_VT_REMOTE_RX CAPABILITY_SUPPORTS_VT_REMOTE_TX CAPABILITY_SUPPORTS_VT_REMOTE_BIDIRECTIONAL], [Properties: PROPERTY_HIGH_DEF_AUDIO]]: CSW.sCC@HaM
03-08 23:52:08.683  1452  8413 I Telecom : InCallController: Components updated: [ComponentInfo{com.google.android.dialer/com.android.incallui.InCallServiceImpl}]: CSW.sCC@HaM
03-08 23:52:08.683  1452  2256 I Telecom : CallAudioRouteStateMachine: setSystemAudioState: changing from [AudioState isMuted: false, route: EARPIECE, supportedRouteMask: EARPIECE, SPEAKER] to [AudioState isMuted: false, route: EARPIECE, supportedRouteMask: EARPIECE, SPEAKER]: CSW.sDc->CARSM.pM_UPDATE_SYSTEM_AUDIO_ROUTE@HaE
03-08 23:52:08.683  1452  2256 I Telecom : InCallController: Calling onAudioStateChanged, audioState: [AudioState isMuted: false, route: EARPIECE, supportedRouteMask: EARPIECE, SPEAKER] -> [AudioState isMuted: false, route: EARPIECE, supportedRouteMask: EARPIECE, SPEAKER]: CSW.sDc->CARSM.pM_UPDATE_SYSTEM_AUDIO_ROUTE@HaE
03-08 23:52:08.684  1452  8413 I Telecom : ConnectionServiceWrapper: Service unbound ComponentInfo{com.android.phone/com.android.services.telephony.TelephonyConnectionService}, from unbind.: CSW.rC@HaQ
03-08 23:52:08.687  1452  8413 I Telecom : Event: RecordEntry TC@21: DESTROYED, null: CSW.rC@HaQ
03-08 23:52:08.687  1452  8413 I Telecom : TelecomWakeLock: WakeLock already released with id: 26: CSW.rC@HaQ
03-08 23:52:08.687  1452  8413 I Telecom : InCallWakeLockController: Releasing full wake lock: CSW.rC@HaQ
03-08 23:52:08.687  1452  8413 I Telecom : IncomingCallNotifier: updateIncomingCall: foundIncomingcall = null: CSW.rC@HaQ
03-08 23:52:08.687  1452  2962 W BroadcastQueue: Permission Denial: receiving Intent { act=android.intent.action.PHONE_STATE flg=0x1000010 (has extras) } to com.google.android.apps.tachyon/.PhoneStateMonitor requires android.permission.READ_PHONE_STATE due to sender android (uid 1000)
03-08 23:52:08.688  1452  8413 I Telecom : InCallController: onCallRemoved: [TC@21, DISCONNECTED, null, tel:**************, A, childs(0), has_parent(false), [Capabilities: CAPABILITY_SUPPORT_HOLD CAPABILITY_MUTE CAPABILITY_SUPPORTS_VT_REMOTE_RX CAPABILITY_SUPPORTS_VT_REMOTE_TX CAPABILITY_SUPPORTS_VT_REMOTE_BIDIRECTIONAL], [Properties: PROPERTY_HIGH_DEF_AUDIO]]: CSW.rC@HaQ
03-08 23:52:08.688  1452  8413 I Telecom : ProximitySensorManager: All calls removed, resetting proximity sensor to default state: CSW.rC@HaQ
03-08 23:52:08.688  1452  8413 I Telecom : TelecomWakeLock: WakeLock already released with id: 32: CSW.rC@HaQ
03-08 23:52:08.688  1452  1561 W BroadcastQueue: Permission Denial: receiving Intent { act=android.intent.action.PHONE_STATE flg=0x1000010 (has extras) } to com.google.android.ims/.receivers.PhoneStateChangedReceiver requires android.permission.READ_PHONE_STATE due to sender android (uid 1000)
03-08 23:52:08.825  1452  2256 I Telecom : CallAudioRouteStateMachine: Message received: SWITCH_FOCUS=4001, arg1=2: CSW.sDc->CAMSM.pM_1001->CARSM.pM_SWITCH_FOCUS@HaE
03-08 23:52:08.949  1452  1452 I Telecom : VideoProviderHandler: removeVideoProvider - skipped; not present.
03-08 23:52:08.950  1452  1452 I Telecom : VideoProviderHandler: removeVideoProvider - skipped; not present.
03-08 23:52:09.217  1452  2257 I Telecom : CallAudioModeStateMachine: Message received: TONE_STOPPED_PLAYING.: CSW.sDc->ICTP.r->ICTP.cUTP->CAMSM.pM_3002@HaE
03-08 23:52:09.217  1452  2257 I Telecom : CallAudioModeStateMachine: Abandoning audio focus: now UNFOCUSED: CSW.sDc->ICTP.r->ICTP.cUTP->CAMSM.pM_3002@HaE
03-08 23:52:09.366  1452  2256 I Telecom : CallAudioRouteStateMachine: Message received: SWITCH_FOCUS=4001, arg1=1: CSW.sDc->ICTP.r->ICTP.cUTP->CAMSM.pM_3002->CARSM.pM_SWITCH_FOCUS@HaE
03-08 23:52:09.366  1452  2256 I Telecom : Logging.Events: Non-call EVENT: UNMUTE, null: CSW.sDc->ICTP.r->ICTP.cUTP->CAMSM.pM_3002->CARSM.pM_SWITCH_FOCUS@HaE
03-08 23:52:09.367  1452  2256 I Telecom : Logging.Events: Non-call EVENT: AUDIO_ROUTE, Leaving state ActiveEarpieceRoute: CSW.sDc->ICTP.r->ICTP.cUTP->CAMSM.pM_3002->CARSM.pM_SWITCH_FOCUS@HaE
03-08 23:52:09.367  1452  2256 I Telecom : Logging.Events: Non-call EVENT: AUDIO_ROUTE, Entering state QuiescentEarpieceRoute: CSW.sDc->ICTP.r->ICTP.cUTP->CAMSM.pM_3002->CARSM.pM_SWITCH_FOCUS@HaE
03-08 23:52:10.356  1452  1452 I Telecom : CallIntentProcessor: onReceive - isUnknownCall: false: PCR.oR@Hhc
03-08 23:52:10.358  1452  1452 I Telecom : LogUtils: EventRecord added as Call: [TC@22, NEW, null, tel:*** **** ****, A, childs(0), has_parent(false), [Capabilities:], [Properties:]]: PCR.oR@Hhc
03-08 23:52:10.358  1452  1452 I Telecom : Event: RecordEntry TC@22: CREATED, null: PCR.oR@Hhc
03-08 23:52:10.359  1452  1452 I Telecom : Event: RecordEntry TC@22: SET_CONNECTING, ComponentInfo{com.android.phone/com.android.services.telephony.TelephonyConnectionService}, [****], UserHandle{0}: PCR.oR@Hhc
03-08 23:52:10.359  1452  1452 I Telecom : InCallController: onCanAddCallChanged : false: PCR.oR@Hhc
03-08 23:52:10.359  1452  1452 I Telecom : TelecomWakeLock: WakeLock already released with id: 26: PCR.oR@Hhc
03-08 23:52:10.360  1452  1452 I Telecom : InCallWakeLockController: Releasing full wake lock: PCR.oR@Hhc
03-08 23:52:10.360  1452  1452 I Telecom : IncomingCallNotifier: updateIncomingCall: foundIncomingcall = null: PCR.oR@Hhc
03-08 23:52:10.361  1452  1452 I Telecom : InCallController: onCallAdded: [TC@22, CONNECTING, null, tel:*** **** ****, A, childs(0), has_parent(false), [Capabilities:], [Properties:]]: PCR.oR@Hhc
03-08 23:52:10.361  1452  2257 I Telecom : CallAudioModeStateMachine: Message received: NEW_ACTIVE_OR_DIALING_CALL.: PCR.oR->CAMSM.pM_2001@Hhc
03-08 23:52:10.361  1452  2257 I Telecom : CallAudioModeStateMachine: Audio focus entering SIM CALL state: PCR.oR->CAMSM.pM_2001@Hhc
03-08 23:52:10.361  1452  1452 I Telecom : InCallController: mInCallServiceConnection isConnected=true: PCR.oR@Hhc
03-08 23:52:10.361  1452  1452 I Telecom : InCallController: Call added to components: [ComponentInfo{com.google.android.dialer/com.android.incallui.InCallServiceImpl}]: PCR.oR@Hhc
03-08 23:52:10.362  1452  2256 I Telecom : CallAudioRouteStateMachine: Message received: UPDATE_SYSTEM_AUDIO_ROUTE=1201, arg1=0: PCR.oR->CARSM.pM_UPDATE_SYSTEM_AUDIO_ROUTE@Hhc
03-08 23:52:10.363  1452  1452 I Telecom : NewOutgoingCallIntentBroadcaster: Sending NewOutgoingCallBroadcast for [TC@22, CONNECTING, null, tel:*** **** ****, A, childs(0), has_parent(false), [Capabilities:], [Properties:]] to UserHandle{0}: PCR.oR@Hhc
03-08 23:52:10.364  1452  2256 I Telecom : CallAudioRouteStateMachine: setSystemAudioState: changing from [AudioState isMuted: false, route: EARPIECE, supportedRouteMask: EARPIECE, SPEAKER] to [AudioState isMuted: false, route: EARPIECE, supportedRouteMask: EARPIECE, SPEAKER]: PCR.oR->CARSM.pM_UPDATE_SYSTEM_AUDIO_ROUTE@Hhc
03-08 23:52:10.365  1452  2256 I Telecom : InCallController: Calling onAudioStateChanged, audioState: [AudioState isMuted: false, route: EARPIECE, supportedRouteMask: EARPIECE, SPEAKER] -> [AudioState isMuted: false, route: EARPIECE, supportedRouteMask: EARPIECE, SPEAKER]: PCR.oR->CARSM.pM_UPDATE_SYSTEM_AUDIO_ROUTE@Hhc
03-08 23:52:10.365  1452  1452 I Telecom : TelecomSystem: CallerInfoAsyncQuery.startQuery number=[****] cookie=PCR.oR->CILH.sL->CILH.sL@Hhc: PCR.oR->CILH.sL@Hhc
03-08 23:52:10.396  1452  1452 I Telecom : CallerInfoLookupHelper: CI query for handle tel:*** **** **** has completed; notifying all listeners.: PCR.oR->CILH.sL->CILH.oQC@Hhc
03-08 23:52:10.397  1452  1452 I Telecom : Call: CallerInfo received for tel:*** **** ****: com.android.internal.telephony.CallerInfo@364b8bc { name non-null, phoneNumber non-null }: PCR.oR->CILH.sL->CILH.oQC@Hhc
03-08 23:52:10.397  1452  1452 I Telecom : CallerInfoLookupHelper: There is no photo for this contact, skipping photo query: PCR.oR->CILH.sL->CILH.oQC@Hhc
03-08 23:52:10.430  1452  2961 W BroadcastQueue: Permission Denial: receiving Intent { act=android.intent.action.NEW_OUTGOING_CALL flg=0x11000010 (has extras) } to com.google.android.ims/.receivers.PhoneStateChangedReceiver requires android.permission.PROCESS_OUTGOING_CALLS due to sender android (uid 1000)
03-08 23:52:10.435  1452  1452 I Telecom : NewOutgoingCallBroadcastIntentReceiver: Received new-outgoing-call-broadcast for [TC@22, CONNECTING, null, tel:*** **** ****, A, childs(0), has_parent(false), [Capabilities:], [Properties:]] with data [****]: NOCBIR.oR@Hhw
03-08 23:52:10.437  1452  1452 I Telecom : CallsManager: Creating a new outgoing call with handle: tel:***********: NOCBIR.oR@Hhw
03-08 23:52:10.439  1452  1452 I Telecom : InCallController: Sending updateCall [TC@22, CONNECTING, null, tel:***********, A, childs(0), has_parent(false), [Capabilities:], [Properties:]]: NOCBIR.oR@Hhw
03-08 23:52:10.440  1452  1452 I Telecom : InCallController: Components updated: [ComponentInfo{com.google.android.dialer/com.android.incallui.InCallServiceImpl}]: NOCBIR.oR@Hhw
03-08 23:52:10.444  1452  1452 I Telecom : PhoneAccountRegistrar: SimCallManager queried, returning: null: NOCBIR.oR@Hhw
03-08 23:52:10.444  1452  1452 I Telecom : CreateConnectionProcessor: Trying attempt CallAttemptRecord(ComponentInfo{com.android.phone/com.android.services.telephony.TelephonyConnectionService}, [****], UserHandle{0},ComponentInfo{com.android.phone/com.android.services.telephony.TelephonyConnectionService}, [****], UserHandle{0}): NOCBIR.oR@Hhw
03-08 23:52:10.445  1452  1452 I Telecom : Event: RecordEntry TC@22: BIND_CS, ComponentInfo{com.android.phone/com.android.services.telephony.TelephonyConnectionService}: NOCBIR.oR@Hhw
03-08 23:52:10.446  1452  1452 I Telecom : TelecomSystem: CallerInfoAsyncQuery.startQuery number=[****] cookie=NOCBIR.oR->CILH.sL->CILH.sL@Hhw: NOCBIR.oR->CILH.sL@Hhw
03-08 23:52:10.461  1452  1452 I Telecom : ServiceBinderConnection: Service bound ComponentInfo{com.android.phone/com.android.services.telephony.TelephonyConnectionService}: SBC.oSC@Hh4
03-08 23:52:10.461  1452  1452 I Telecom : Event: RecordEntry TC@22: CS_BOUND, ComponentInfo{com.android.phone/com.android.services.telephony.TelephonyConnectionService}: SBC.oSC@Hh4
03-08 23:52:10.461  1452  1452 I Telecom : Event: RecordEntry TC@22: START_CONNECTION, tel:***********: SBC.oSC@Hh4
03-08 23:52:10.466  1452  2963 I Telecom : PhoneAccountRegistrar: SimCallManager queried, returning: null: (...->CS.aCSA->H.CS.aCSA)->CSW.qRCS@E-E-Hh4
03-08 23:52:10.466  2171  2171 I Telephony: TelephonyConnectionService: onCreateOutgoingConnection, request: ConnectionRequest xxxxxxxxxxxxxxx Bundle[mParcelledData.dataSize=820]: (SBC.oSC)->CS.crCo->H.CS.crCo->H.CS.crCo.pICR@E-Hh4
03-08 23:52:10.478  1452  1452 I Telecom : CallerInfoLookupHelper: CI query for handle tel:*********** has completed; notifying all listeners.: NOCBIR.oR->CILH.sL->CILH.oQC@Hhw
03-08 23:52:10.478  1452  1452 I Telecom : Call: CallerInfo received for tel:***********: com.android.internal.telephony.CallerInfo@a75f2a7 { name non-null, phoneNumber non-null }: NOCBIR.oR->CILH.sL->CILH.oQC@Hhw
03-08 23:52:10.479  1452  1452 I Telecom : CallerInfoLookupHelper: There is no photo for this contact, skipping photo query: NOCBIR.oR->CILH.sL->CILH.oQC@Hhw
03-08 23:52:10.523  1452  2256 I Telecom : CallAudioRouteStateMachine: Message received: SWITCH_FOCUS=4001, arg1=2: PCR.oR->CAMSM.pM_2001->CARSM.pM_SWITCH_FOCUS@Hhc
03-08 23:52:10.523  1452  2256 I Telecom : Event: RecordEntry TC@22: AUDIO_ROUTE, Leaving state QuiescentEarpieceRoute: PCR.oR->CAMSM.pM_2001->CARSM.pM_SWITCH_FOCUS@Hhc
03-08 23:52:10.524  1452  2256 I Telecom : Event: RecordEntry TC@22: AUDIO_ROUTE, Entering state ActiveEarpieceRoute: PCR.oR->CAMSM.pM_2001->CARSM.pM_SWITCH_FOCUS@Hhc
03-08 23:52:10.524  1452  2256 I Telecom : CallAudioRouteStateMachine: setSystemAudioState: changing from [AudioState isMuted: false, route: EARPIECE, supportedRouteMask: EARPIECE, SPEAKER] to [AudioState isMuted: false, route: EARPIECE, supportedRouteMask: EARPIECE, SPEAKER]: PCR.oR->CAMSM.pM_2001->CARSM.pM_SWITCH_FOCUS@Hhc
03-08 23:52:10.524  1452  2256 I Telecom : InCallController: Calling onAudioStateChanged, audioState: [AudioState isMuted: false, route: EARPIECE, supportedRouteMask: EARPIECE, SPEAKER] -> [AudioState isMuted: false, route: EARPIECE, supportedRouteMask: EARPIECE, SPEAKER]: PCR.oR->CAMSM.pM_2001->CARSM.pM_SWITCH_FOCUS@Hhc
03-08 23:52:10.528  2171  2171 I Telephony: GsmConnection: isAddParticipantCapable: isCapable = false: (SBC.oSC)->CS.crCo->H.CS.crCo->H.CS.crCo.pICR@E-Hh4
03-08 23:52:10.561  2171  2171 I chatty  : uid=1001(radio) com.android.phone identical 2 lines
03-08 23:52:10.563  2171  2171 I Telephony: GsmConnection: isAddParticipantCapable: isCapable = false: (SBC.oSC)->CS.crCo->H.CS.crCo->H.CS.crCo.pICR@E-Hh4
03-08 23:52:10.576  1452  2962 I Telecom : InCallController: Sending updateCall [TC@22, CONNECTING, com.android.phone/com.android.services.telephony.TelephonyConnectionService, tel:***********, A, childs(0), has_parent(false), [Capabilities:], [Properties:]]: (...->CS.crCo->H.CS.crCo->H.CS.crCo.pICR)->CSW.hCCC@E-E-Hh4
03-08 23:52:10.577  1452  2962 I Telecom : InCallController: Components updated: [ComponentInfo{com.google.android.dialer/com.android.incallui.InCallServiceImpl}]: (...->CS.crCo->H.CS.crCo->H.CS.crCo.pICR)->CSW.hCCC@E-E-Hh4
03-08 23:52:10.577  1452  2962 I Telecom : InCallController: Sending updateCall [TC@22, CONNECTING, com.android.phone/com.android.services.telephony.TelephonyConnectionService, tel:***********, A, childs(0), has_parent(false), [Capabilities: CAPABILITY_SUPPORT_HOLD CAPABILITY_MUTE CAPABILITY_CANNOT_DOWNGRADE_VIDEO_TO_AUDIO], [Properties:]]: (...->CS.crCo->H.CS.crCo->H.CS.crCo.pICR)->CSW.hCCC@E-E-Hh4
03-08 23:52:10.578  1452  2962 I Telecom : InCallController: Components updated: [ComponentInfo{com.google.android.dialer/com.android.incallui.InCallServiceImpl}]: (...->CS.crCo->H.CS.crCo->H.CS.crCo.pICR)->CSW.hCCC@E-E-Hh4
03-08 23:52:10.578  1452  2962 I Telecom : Event: RecordEntry TC@22: CAPABILITY_CHANGE, Current: [[ sup_hld mut !v2a]], Removed [[]], Added [[ sup_hld mut !v2a]]: (...->CS.crCo->H.CS.crCo->H.CS.crCo.pICR)->CSW.hCCC@E-E-Hh4
03-08 23:52:10.579  1452  2962 I Telecom : InCallController: Sending updateCall [TC@22, CONNECTING, com.android.phone/com.android.services.telephony.TelephonyConnectionService, tel:***********, A, childs(0), has_parent(false), [Capabilities: CAPABILITY_SUPPORT_HOLD CAPABILITY_MUTE CAPABILITY_CANNOT_DOWNGRADE_VIDEO_TO_AUDIO], [Properties:]]: (...->CS.crCo->H.CS.crCo->H.CS.crCo.pICR)->CSW.hCCC@E-E-Hh4
03-08 23:52:10.581  1452  2962 I Telecom : InCallController: Components updated: [ComponentInfo{com.google.android.dialer/com.android.incallui.InCallServiceImpl}]: (...->CS.crCo->H.CS.crCo->H.CS.crCo.pICR)->CSW.hCCC@E-E-Hh4
03-08 23:52:10.581  1452  2962 I Telecom : InCallController: Sending updateCall [TC@22, CONNECTING, com.android.phone/com.android.services.telephony.TelephonyConnectionService, tel:***********, A, childs(0), has_parent(false), [Capabilities: CAPABILITY_SUPPORT_HOLD CAPABILITY_MUTE CAPABILITY_CANNOT_DOWNGRADE_VIDEO_TO_AUDIO], [Properties:]]: (...->CS.crCo->H.CS.crCo->H.CS.crCo.pICR)->CSW.hCCC@E-E-Hh4
03-08 23:52:10.582  1452  2962 I Telecom : InCallController: Components updated: [ComponentInfo{com.google.android.dialer/com.android.incallui.InCallServiceImpl}]: (...->CS.crCo->H.CS.crCo->H.CS.crCo.pICR)->CSW.hCCC@E-E-Hh4
03-08 23:52:10.583  2171  2171 I Telephony: GsmConnection: isAddParticipantCapable: isCapable = false
03-08 23:52:10.584  1452  2962 I Telecom : InCallController: Sending updateCall [TC@22, CONNECTING, com.android.phone/com.android.services.telephony.TelephonyConnectionService, tel:***********, A, childs(0), has_parent(false), [Capabilities: CAPABILITY_SUPPORT_HOLD CAPABILITY_MUTE CAPABILITY_CANNOT_DOWNGRADE_VIDEO_TO_AUDIO], [Properties:]]: (...->CS.crCo->H.CS.crCo->H.CS.crCo.pICR)->CSW.hCCC@E-E-Hh4
03-08 23:52:10.584  1452  2962 I Telecom : InCallController: Components updated: [ComponentInfo{com.google.android.dialer/com.android.incallui.InCallServiceImpl}]: (...->CS.crCo->H.CS.crCo->H.CS.crCo.pICR)->CSW.hCCC@E-E-Hh4
03-08 23:52:10.585  1452  2962 I Telecom : CallsManager: setCallState CONNECTING -> DIALING, call: [TC@22, CONNECTING, com.android.phone/com.android.services.telephony.TelephonyConnectionService, tel:***********, A, childs(0), has_parent(false), [Capabilities: CAPABILITY_SUPPORT_HOLD CAPABILITY_MUTE CAPABILITY_CANNOT_DOWNGRADE_VIDEO_TO_AUDIO], [Properties:]]: (...->CS.crCo->H.CS.crCo->H.CS.crCo.pICR)->CSW.hCCC@E-E-Hh4
03-08 23:52:10.585  1452  2962 I Telecom : Event: RecordEntry TC@22: SET_DIALING, successful outgoing call: (...->CS.crCo->H.CS.crCo->H.CS.crCo.pICR)->CSW.hCCC@E-E-Hh4
03-08 23:52:10.585  1452  2962 I Telecom : TelecomWakeLock: WakeLock already released with id: 26: (...->CS.crCo->H.CS.crCo->H.CS.crCo.pICR)->CSW.hCCC@E-E-Hh4
03-08 23:52:10.585  1452  2962 I Telecom : InCallWakeLockController: Releasing full wake lock: (...->CS.crCo->H.CS.crCo->H.CS.crCo.pICR)->CSW.hCCC@E-E-Hh4
03-08 23:52:10.586  1452  2962 I Telecom : IncomingCallNotifier: updateIncomingCall: foundIncomingcall = null: (...->CS.crCo->H.CS.crCo->H.CS.crCo.pICR)->CSW.hCCC@E-E-Hh4
03-08 23:52:10.586  1452  2257 I Telecom : CallAudioModeStateMachine: Message received: NEW_ACTIVE_OR_DIALING_CALL.: (...->CS.crCo->H.CS.crCo->H.CS.crCo.pICR)->CSW.hCCC->CAMSM.pM_2001@E-E-Hh4
03-08 23:52:10.588  1452  2962 I Telecom : PhoneStateBroadcaster: Broadcasted state change: 2: (...->CS.crCo->H.CS.crCo->H.CS.crCo.pICR)->CSW.hCCC@E-E-Hh4
03-08 23:52:10.588  1452  1561 W BroadcastQueue: Permission Denial: receiving Intent { act=android.intent.action.PHONE_STATE flg=0x1000010 (has extras) } to ProcessRecord{23c45f4 2004:com.android.systemui/u0a33} (pid=2004, uid=10033) requires android.permission.READ_PHONE_STATE due to sender android (uid 1000)
03-08 23:52:10.588  1452  1561 W BroadcastQueue: Permission Denial: receiving Intent { act=android.intent.action.PHONE_STATE flg=0x1000010 (has extras) } to com.google.android.apps.tachyon/.PhoneStateMonitor requires android.permission.READ_PRIVILEGED_PHONE_STATE due to sender android (uid 1000)
03-08 23:52:10.591  2171  2171 I Telephony: GsmConnection: isAddParticipantCapable: isCapable = false
03-08 23:52:10.591  1452  2962 I Telecom : InCallController: Sending updateCall [TC@22, DIALING, com.android.phone/com.android.services.telephony.TelephonyConnectionService, tel:***********, A, childs(0), has_parent(false), [Capabilities: CAPABILITY_SUPPORT_HOLD CAPABILITY_MUTE CAPABILITY_CANNOT_DOWNGRADE_VIDEO_TO_AUDIO], [Properties:]]: (...->CS.crCo->H.CS.crCo->H.CS.crCo.pICR)->CSW.hCCC@E-E-Hh4
03-08 23:52:10.592  2171  2171 I Telephony: GsmConnection: isAddParticipantCapable: isCapable = false
03-08 23:52:10.592  1452  2962 I Telecom : InCallController: Components updated: [ComponentInfo{com.google.android.dialer/com.android.incallui.InCallServiceImpl}]: (...->CS.crCo->H.CS.crCo->H.CS.crCo.pICR)->CSW.hCCC@E-E-Hh4
03-08 23:52:10.592  1452  2962 I Telecom : InCallController: Sending updateCall [TC@22, DIALING, com.android.phone/com.android.services.telephony.TelephonyConnectionService, tel:***********, A, childs(0), has_parent(false), [Capabilities: CAPABILITY_SUPPORT_HOLD CAPABILITY_MUTE CAPABILITY_CANNOT_DOWNGRADE_VIDEO_TO_AUDIO], [Properties:]]: (...->CS.crCo->H.CS.crCo->H.CS.crCo.pICR)->CSW.hCCC@E-E-Hh4
03-08 23:52:10.592  1452  2256 I Telecom : CallAudioRouteStateMachine: Message received: UPDATE_SYSTEM_AUDIO_ROUTE=1201, arg1=0: (...->CS.crCo->H.CS.crCo->H.CS.crCo.pICR)->CSW.hCCC->CARSM.pM_UPDATE_SYSTEM_AUDIO_ROUTE@E-E-Hh4
03-08 23:52:10.592  1452  2962 I Telecom : InCallController: Components updated: [ComponentInfo{com.google.android.dialer/com.android.incallui.InCallServiceImpl}]: (...->CS.crCo->H.CS.crCo->H.CS.crCo.pICR)->CSW.hCCC@E-E-Hh4
03-08 23:52:10.593  1452  2962 I Telecom : CallsManager: setCallState DIALING -> DIALING, call: [TC@22, DIALING, com.android.phone/com.android.services.telephony.TelephonyConnectionService, tel:***********, A, childs(0), has_parent(false), [Capabilities: CAPABILITY_SUPPORT_HOLD CAPABILITY_MUTE CAPABILITY_CANNOT_DOWNGRADE_VIDEO_TO_AUDIO], [Properties:]]: (...->CS.crCo->H.CS.crCo->H.CS.crCo.pICR)->CSW.hCCC@E-E-Hh4
03-08 23:52:10.593  1452  2962 I Telecom : InCallController: Sending updateCall [TC@22, DIALING, com.android.phone/com.android.services.telephony.TelephonyConnectionService, tel:***********, A, childs(0), has_parent(false), [Capabilities: CAPABILITY_SUPPORT_HOLD CAPABILITY_MUTE], [Properties:]]: CSW.sCC@HiA
03-08 23:52:10.594  1452  2962 I Telecom : InCallController: Components updated: [ComponentInfo{com.google.android.dialer/com.android.incallui.InCallServiceImpl}]: CSW.sCC@HiA
03-08 23:52:10.594  1452  2962 I Telecom : Event: RecordEntry TC@22: CAPABILITY_CHANGE, Current: [[ sup_hld mut]], Removed [[ !v2a]], Added [[]]: CSW.sCC@HiA
03-08 23:52:10.594  1452  2256 I Telecom : CallAudioRouteStateMachine: setSystemAudioState: changing from [AudioState isMuted: false, route: EARPIECE, supportedRouteMask: EARPIECE, SPEAKER] to [AudioState isMuted: false, route: EARPIECE, supportedRouteMask: EARPIECE, SPEAKER]: (...->CS.crCo->H.CS.crCo->H.CS.crCo.pICR)->CSW.hCCC->CARSM.pM_UPDATE_SYSTEM_AUDIO_ROUTE@E-E-Hh4
03-08 23:52:10.595  1452  2256 I Telecom : InCallController: Calling onAudioStateChanged, audioState: [AudioState isMuted: false, route: EARPIECE, supportedRouteMask: EARPIECE, SPEAKER] -> [AudioState isMuted: false, route: EARPIECE, supportedRouteMask: EARPIECE, SPEAKER]: (...->CS.crCo->H.CS.crCo->H.CS.crCo.pICR)->CSW.hCCC->CARSM.pM_UPDATE_SYSTEM_AUDIO_ROUTE@E-E-Hh4
03-08 23:52:10.595  1452  2962 I Telecom : InCallController: Sending updateCall [TC@22, DIALING, com.android.phone/com.android.services.telephony.TelephonyConnectionService, tel:***********, A, childs(0), has_parent(false), [Capabilities: CAPABILITY_SUPPORT_HOLD CAPABILITY_MUTE], [Properties:]]: CSW.pE@HiE
03-08 23:52:10.596  1452  2962 I Telecom : InCallController: Components updated: [ComponentInfo{com.google.android.dialer/com.android.incallui.InCallServiceImpl}]: CSW.pE@HiE
03-08 23:52:10.596  1452  2962 I Telecom : InCallController: Sending updateCall [TC@22, DIALING, com.android.phone/com.android.services.telephony.TelephonyConnectionService, tel:***********, A, childs(0), has_parent(false), [Capabilities: CAPABILITY_SUPPORT_HOLD CAPABILITY_MUTE], [Properties:]]: CSW.sSH@HiI
03-08 23:52:10.597  1452  2962 I Telecom : InCallController: Components updated: [ComponentInfo{com.google.android.dialer/com.android.incallui.InCallServiceImpl}]: CSW.sSH@HiI
03-08 23:52:10.597  1452  2962 I Telecom : InCallController: Sending updateCall [TC@22, DIALING, com.android.phone/com.android.services.telephony.TelephonyConnectionService, tel:***********, A, childs(0), has_parent(false), [Capabilities: CAPABILITY_SUPPORT_HOLD CAPABILITY_MUTE], [Properties:]]: CSW.sCDN@HiM
03-08 23:52:10.598  1452  2962 I Telecom : InCallController: Components updated: [ComponentInfo{com.google.android.dialer/com.android.incallui.InCallServiceImpl}]: CSW.sCDN@HiM
03-08 23:52:10.599  2171  2171 I Telephony: TelephonyConnectionService: notifyCreateConnectionComplete TC@22_1: (...->CSW.hCCC)->CS.crCoC->H.CS.crCoC@E-E-E-Hh4
03-08 23:52:10.600  1452  2962 I Telecom : InCallController: Sending updateCall [TC@22, DIALING, com.android.phone/com.android.services.telephony.TelephonyConnectionService, tel:***********, A, childs(0), has_parent(false), [Capabilities: CAPABILITY_SUPPORT_HOLD CAPABILITY_MUTE], [Properties:]]: CSW.pE@HiQ
03-08 23:52:10.601  1452  2962 I Telecom : InCallController: Components updated: [ComponentInfo{com.google.android.dialer/com.android.incallui.InCallServiceImpl}]: CSW.pE@HiQ
03-08 23:52:10.601  2171  2171 I Telephony: TelephonyConnectionService: updatePhoneAccount setPhoneAccountHandle, account = ComponentInfo{com.android.phone/com.android.services.telephony.TelephonyConnectionService}, [****], UserHandle{0}: (...->CSW.hCCC)->CS.crCoC->H.CS.crCoC@E-E-E-Hh4
03-08 23:52:10.601  1452  2962 I Telecom : Event: RecordEntry TC@22: CONNECTION_EVENT, org.codeaurora.event.PHONE_ACCOUNT_CHANGED: (...->CS.crCoC->H.CS.crCoC)->CSW.oCE@E-E-E-E-Hh4
03-08 23:52:10.602  1452  2962 I Telecom : InCallController: notifyConnectionEvent {Call: [TC@22, DIALING, com.android.phone/com.android.services.telephony.TelephonyConnectionService, tel:***********, A, childs(0), has_parent(false), [Capabilities: CAPABILITY_SUPPORT_HOLD CAPABILITY_MUTE], [Properties:]], Event: org.codeaurora.event.PHONE_ACCOUNT_CHANGED, Extras:[Bundle[{emr_dial_account=ComponentInfo{com.android.phone/com.android.services.telephony.TelephonyConnectionService}, [****], UserHandle{0}}]]}: (...->CS.crCoC->H.CS.crCoC)->CSW.oCE@E-E-E-E-Hh4
03-08 23:52:10.603  1452 14586 W BroadcastQueue: Permission Denial: receiving Intent { act=android.intent.action.PHONE_STATE flg=0x1000010 (has extras) } to com.google.android.apps.tachyon/.PhoneStateMonitor requires android.permission.READ_PHONE_STATE due to sender android (uid 1000)
03-08 23:52:10.604  1452  1561 W BroadcastQueue: Permission Denial: receiving Intent { act=android.intent.action.PHONE_STATE flg=0x1000010 (has extras) } to com.google.android.ims/.receivers.PhoneStateChangedReceiver requires android.permission.READ_PHONE_STATE due to sender android (uid 1000)
03-08 23:52:10.615  1452 11781 I ActivityManager: START u0 {act=android.intent.action.MAIN flg=0x10040000 cmp=com.google.android.dialer/com.android.incallui.InCallActivity (has extras)} from uid 10016
03-08 23:52:10.793  1452  2962 I WindowManager: Failed to capture screenshot of Token{6986aea ActivityRecord{fd8a2d5 u0 com.google.android.dialer/.extensions.GoogleDialtactsActivity t703}} appWin=Window{5aa5a54 u0 com.google.android.dialer/com.google.android.dialer.extensions.GoogleDialtactsActivity} drawState=4
03-08 23:52:11.216  1452 11781 I Telecom : InCallController: Sending updateCall [TC@22, DIALING, com.android.phone/com.android.services.telephony.TelephonyConnectionService, tel:***********, A, childs(0), has_parent(false), [Capabilities: CAPABILITY_SUPPORT_HOLD CAPABILITY_MUTE], [Properties: PROPERTY_HIGH_DEF_AUDIO]]: CSW.sCP@HnE
03-08 23:52:11.216  1452 11781 I Telecom : InCallController: Components updated: [ComponentInfo{com.google.android.dialer/com.android.incallui.InCallServiceImpl}]: CSW.sCP@HnE
03-08 23:52:11.216  1452 11781 I Telecom : Event: RecordEntry TC@22: PROPERTY_CHANGE, Current: [[ HD]], Removed [[]], Added [[ HD]]: CSW.sCP@HnE
03-08 23:52:11.218  1452 11781 I Telecom : InCallController: Sending updateCall [TC@22, DIALING, com.android.phone/com.android.services.telephony.TelephonyConnectionService, tel:***********, A, childs(0), has_parent(false), [Capabilities: CAPABILITY_SUPPORT_HOLD CAPABILITY_MUTE], [Properties: PROPERTY_HIGH_DEF_AUDIO]]: CSW.pE@HnI
03-08 23:52:11.219  1452 11781 I Telecom : InCallController: Components updated: [ComponentInfo{com.google.android.dialer/com.android.incallui.InCallServiceImpl}]: CSW.pE@HnI
03-08 23:52:11.220  1452  2961 I Telecom : InCallController: Sending updateCall [TC@22, DIALING, com.android.phone/com.android.services.telephony.TelephonyConnectionService, tel:***********, A, childs(0), has_parent(false), [Capabilities: CAPABILITY_SUPPORT_HOLD CAPABILITY_MUTE], [Properties: PROPERTY_HIGH_DEF_AUDIO]]: CSW.sSH@HnQ
03-08 23:52:11.220  1452  2961 I Telecom : InCallController: Components updated: [ComponentInfo{com.google.android.dialer/com.android.incallui.InCallServiceImpl}]: CSW.sSH@HnQ
03-08 23:52:11.221  2171  2171 I Telephony: GsmConnection: isAddParticipantCapable: isCapable = false
03-08 23:52:11.224  2171  2171 I Telephony: GsmConnection: isAddParticipantCapable: isCapable = false
03-08 23:52:16.251  1452  2963 I Telecom : Event: RecordEntry TC@22: REQUEST_DISCONNECT, null: ICA.dC(InCall package: com.google.android.dialer)@Hpo
03-08 23:52:16.251  1452  2963 I Telecom : Call: Send disconnect to connection service for call: [TC@22, DIALING, com.android.phone/com.android.services.telephony.TelephonyConnectionService, tel:***********, A, childs(0), has_parent(false), [Capabilities: CAPABILITY_SUPPORT_HOLD CAPABILITY_MUTE], [Properties: PROPERTY_HIGH_DEF_AUDIO]]: ICA.dC(InCall package: com.google.android.dialer)@Hpo
03-08 23:52:16.262  1452 14586 I Telecom : InCallController: Sending updateCall [TC@22, DIALING, com.android.phone/com.android.services.telephony.TelephonyConnectionService, tel:***********, A, childs(0), has_parent(false), [Capabilities: CAPABILITY_SUPPORT_HOLD CAPABILITY_MUTE], [Properties: PROPERTY_HIGH_DEF_AUDIO]]: CSW.sSH@Hps
03-08 23:52:16.263  1452 14586 I Telecom : InCallController: Components updated: [ComponentInfo{com.google.android.dialer/com.android.incallui.InCallServiceImpl}]: CSW.sSH@Hps
03-08 23:52:16.265  2171  2171 I Telephony: GsmConnection: isAddParticipantCapable: isCapable = false
03-08 23:52:16.269  2171  2171 I Telephony: GsmConnection: isAddParticipantCapable: isCapable = false
03-08 23:52:16.293  1452  2962 I Telecom : InCallController: Sending updateCall [TC@22, DIALING, com.android.phone/com.android.services.telephony.TelephonyConnectionService, tel:***********, A, childs(0), has_parent(false), [Capabilities: CAPABILITY_SUPPORT_HOLD CAPABILITY_MUTE], [Properties: PROPERTY_HIGH_DEF_AUDIO]]: CSW.pE@HqM
03-08 23:52:16.294  1452  2962 I Telecom : InCallController: Components updated: [ComponentInfo{com.google.android.dialer/com.android.incallui.InCallServiceImpl}]: CSW.pE@HqM
03-08 23:52:16.295  1452  2962 I Telecom : InCallController: Sending updateCall [TC@22, DIALING, com.android.phone/com.android.services.telephony.TelephonyConnectionService, tel:***********, A, childs(0), has_parent(false), [Capabilities: CAPABILITY_SUPPORT_HOLD CAPABILITY_MUTE], [Properties: PROPERTY_HIGH_DEF_AUDIO]]: CSW.sSH@HqQ
03-08 23:52:16.295  1452  2962 I Telecom : InCallController: Components updated: [ComponentInfo{com.google.android.dialer/com.android.incallui.InCallServiceImpl}]: CSW.sSH@HqQ
03-08 23:52:16.296  1452  2962 I Telecom : InCallController: Sending updateCall [TC@22, DIALING, com.android.phone/com.android.services.telephony.TelephonyConnectionService, tel:***********, A, childs(0), has_parent(false), [Capabilities: CAPABILITY_SUPPORT_HOLD CAPABILITY_MUTE], [Properties: PROPERTY_HIGH_DEF_AUDIO]]: CSW.sCC@HqU
03-08 23:52:16.296  2171  2171 I Telephony: GsmConnection: isAddParticipantCapable: isCapable = false
03-08 23:52:16.296  2171  2171 I Telephony: GsmConnection: isAddParticipantCapable: isCapable = false
03-08 23:52:16.296  1452  2962 I Telecom : InCallController: Components updated: [ComponentInfo{com.google.android.dialer/com.android.incallui.InCallServiceImpl}]: CSW.sCC@HqU
03-08 23:52:16.297  1452  2962 I Telecom : CallsManager: setCallState DIALING -> DISCONNECTED, call: [TC@22, DIALING, com.android.phone/com.android.services.telephony.TelephonyConnectionService, tel:***********, A, childs(0), has_parent(false), [Capabilities: CAPABILITY_SUPPORT_HOLD CAPABILITY_MUTE], [Properties: PROPERTY_HIGH_DEF_AUDIO]]: CSW.sDc@HqY
03-08 23:52:16.297  1452  2962 I Telecom : Event: RecordEntry TC@22: SET_DISCONNECTED, disconnected set explicitly> DisconnectCause [ Code: (LOCAL) Label: () Description: () Reason: (LOCAL) Tone: (27) ]: CSW.sDc@HqY
03-08 23:52:16.297  1452  2962 I Telecom : InCallController: onCanAddCallChanged : true: CSW.sDc@HqY
03-08 23:52:16.298  1452  2962 I Telecom : TelecomWakeLock: WakeLock already released with id: 26: CSW.sDc@HqY
03-08 23:52:16.298  1452  2962 I Telecom : InCallWakeLockController: Releasing full wake lock: CSW.sDc@HqY
03-08 23:52:16.298  1452  2962 I Telecom : IncomingCallNotifier: updateIncomingCall: foundIncomingcall = null: CSW.sDc@HqY
03-08 23:52:16.298  1452  2256 I Telecom : CallAudioRouteStateMachine: Message received: UPDATE_SYSTEM_AUDIO_ROUTE=1201, arg1=0: CSW.sDc->CARSM.pM_UPDATE_SYSTEM_AUDIO_ROUTE@HqY
03-08 23:52:16.299  1452  2962 I Telecom : CallAudioManager: is ConfURI call disconnected = false call = [TC@22, DISCONNECTED, com.android.phone/com.android.services.telephony.TelephonyConnectionService, tel:***********, A, childs(0), has_parent(false), [Capabilities: CAPABILITY_SUPPORT_HOLD CAPABILITY_MUTE], [Properties: PROPERTY_HIGH_DEF_AUDIO]]: CSW.sDc@HqY
03-08 23:52:16.300  1452  2257 I Telecom : CallAudioModeStateMachine: Message received: TONE_STARTED_PLAYING.: CSW.sDc->CAMSM.pM_3001@HqY
03-08 23:52:16.300  1452  2257 I Telecom : CallAudioModeStateMachine: Message received: NO_MORE_ACTIVE_OR_DIALING_CALLS.: CSW.sDc->CAMSM.pM_1001@HqY
03-08 23:52:16.300  1452  2257 I Telecom : CallAudioModeStateMachine: Audio focus entering TONE/HOLDING state: CSW.sDc->CAMSM.pM_1001@HqY
03-08 23:52:16.301  1452  2255 I Telecom : BluetoothRouteManager: Running runnable for testing
03-08 23:52:16.301  1452  2255 W Telecom : Logging: Log.endSession was called with no session active.
03-08 23:52:16.305  1452  2962 W ContextImpl: Calling a method in the system process without a qualified user: android.app.ContextImpl.sendBroadcast:965 android.content.ContextWrapper.sendBroadcast:436 com.android.server.telecom.CallLogManager.sendAddCallBroadcast:435 com.android.server.telecom.CallLogManager.logCall:282 com.android.server.telecom.CallLogManager.logCall:227 
03-08 23:52:16.307  1452  2962 I Telecom : PhoneStateBroadcaster: Broadcasted state change: 0: CSW.sDc@HqY
03-08 23:52:16.307  1452  1561 W BroadcastQueue: Permission Denial: receiving Intent { act=android.intent.action.PHONE_STATE flg=0x1000010 (has extras) } to ProcessRecord{23c45f4 2004:com.android.systemui/u0a33} (pid=2004, uid=10033) requires android.permission.READ_PHONE_STATE due to sender android (uid 1000)
03-08 23:52:16.307  1452  1561 W BroadcastQueue: Permission Denial: receiving Intent { act=android.intent.action.PHONE_STATE flg=0x1000010 (has extras) } to com.google.android.apps.tachyon/.PhoneStateMonitor requires android.permission.READ_PRIVILEGED_PHONE_STATE due to sender android (uid 1000)
03-08 23:52:16.309  1452  2962 I Telecom : InCallController: Sending updateCall [TC@22, DISCONNECTED, com.android.phone/com.android.services.telephony.TelephonyConnectionService, tel:***********, A, childs(0), has_parent(false), [Capabilities: CAPABILITY_SUPPORT_HOLD CAPABILITY_MUTE], [Properties: PROPERTY_HIGH_DEF_AUDIO]]: CSW.sDc@HqY
03-08 23:52:16.309  1452  2962 I Telecom : InCallController: Components updated: [ComponentInfo{com.google.android.dialer/com.android.incallui.InCallServiceImpl}]: CSW.sDc@HqY
03-08 23:52:16.310  1452  2962 I Telecom : InCallController: Sending updateCall [TC@22, DISCONNECTED, com.android.phone/com.android.services.telephony.TelephonyConnectionService, tel:***********, A, childs(0), has_parent(false), [Capabilities: CAPABILITY_SUPPORT_HOLD CAPABILITY_MUTE], [Properties: PROPERTY_HIGH_DEF_AUDIO]]: CSW.sCC@Hqk
03-08 23:52:16.310  1452  2962 I Telecom : InCallController: Components updated: [ComponentInfo{com.google.android.dialer/com.android.incallui.InCallServiceImpl}]: CSW.sCC@Hqk
03-08 23:52:16.311  1452  2962 I Telecom : ConnectionServiceWrapper: Service unbound ComponentInfo{com.android.phone/com.android.services.telephony.TelephonyConnectionService}, from unbind.: CSW.rC@Hqo
03-08 23:52:16.312  1452  2962 I Telecom : Event: RecordEntry TC@22: DESTROYED, null: CSW.rC@Hqo
03-08 23:52:16.312  1452  2962 I Telecom : TelecomWakeLock: WakeLock already released with id: 26: CSW.rC@Hqo
03-08 23:52:16.312  1452  2962 I Telecom : InCallWakeLockController: Releasing full wake lock: CSW.rC@Hqo
03-08 23:52:16.313  1452  2962 I Telecom : IncomingCallNotifier: updateIncomingCall: foundIncomingcall = null: CSW.rC@Hqo
03-08 23:52:16.313  1452  2962 I Telecom : InCallController: onCallRemoved: [TC@22, DISCONNECTED, null, tel:***********, A, childs(0), has_parent(false), [Capabilities: CAPABILITY_SUPPORT_HOLD CAPABILITY_MUTE], [Properties: PROPERTY_HIGH_DEF_AUDIO]]: CSW.rC@Hqo
03-08 23:52:16.313  1452  2962 I Telecom : ProximitySensorManager: All calls removed, resetting proximity sensor to default state: CSW.rC@Hqo
03-08 23:52:16.313  1452  2962 I Telecom : TelecomWakeLock: WakeLock already released with id: 32: CSW.rC@Hqo
03-08 23:52:16.314  1452  2256 I Telecom : CallAudioRouteStateMachine: setSystemAudioState: changing from [AudioState isMuted: false, route: EARPIECE, supportedRouteMask: EARPIECE, SPEAKER] to [AudioState isMuted: false, route: EARPIECE, supportedRouteMask: EARPIECE, SPEAKER]: CSW.sDc->CARSM.pM_UPDATE_SYSTEM_AUDIO_ROUTE@HqY
03-08 23:52:16.314  1452  2256 I Telecom : InCallController: Calling onAudioStateChanged, audioState: [AudioState isMuted: false, route: EARPIECE, supportedRouteMask: EARPIECE, SPEAKER] -> [AudioState isMuted: false, route: EARPIECE, supportedRouteMask: EARPIECE, SPEAKER]: CSW.sDc->CARSM.pM_UPDATE_SYSTEM_AUDIO_ROUTE@HqY
03-08 23:52:16.315  1452  2961 W BroadcastQueue: Permission Denial: receiving Intent { act=android.intent.action.PHONE_STATE flg=0x1000010 (has extras) } to com.google.android.apps.tachyon/.PhoneStateMonitor requires android.permission.READ_PHONE_STATE due to sender android (uid 1000)
03-08 23:52:16.316  1452  1561 W BroadcastQueue: Permission Denial: receiving Intent { act=android.intent.action.PHONE_STATE flg=0x1000010 (has extras) } to com.google.android.ims/.receivers.PhoneStateChangedReceiver requires android.permission.READ_PHONE_STATE due to sender android (uid 1000)
03-08 23:52:16.478  1452  2256 I Telecom : CallAudioRouteStateMachine: Message received: SWITCH_FOCUS=4001, arg1=2: CSW.sDc->CAMSM.pM_1001->CARSM.pM_SWITCH_FOCUS@HqY
03-08 23:52:16.546  1452  1452 I Telecom : VideoProviderHandler: removeVideoProvider - skipped; not present.
03-08 23:52:16.546  1452  1452 I Telecom : VideoProviderHandler: removeVideoProvider - skipped; not present.
03-08 23:52:16.879  1452  2257 I Telecom : CallAudioModeStateMachine: Message received: TONE_STOPPED_PLAYING.: CSW.sDc->ICTP.r->ICTP.cUTP->CAMSM.pM_3002@HqY
03-08 23:52:16.879  1452  2257 I Telecom : CallAudioModeStateMachine: Abandoning audio focus: now UNFOCUSED: CSW.sDc->ICTP.r->ICTP.cUTP->CAMSM.pM_3002@HqY
03-08 23:52:17.067  1452  2256 I Telecom : CallAudioRouteStateMachine: Message received: SWITCH_FOCUS=4001, arg1=1: CSW.sDc->ICTP.r->ICTP.cUTP->CAMSM.pM_3002->CARSM.pM_SWITCH_FOCUS@HqY
03-08 23:52:17.067  1452  2256 I Telecom : Logging.Events: Non-call EVENT: UNMUTE, null: CSW.sDc->ICTP.r->ICTP.cUTP->CAMSM.pM_3002->CARSM.pM_SWITCH_FOCUS@HqY
