03-08 19:25:17.903  2969  2969 W ViewRootImpl[SearchLauncher]: Dropping event due to no window focus: KeyEvent { action=ACTION_DOWN, keyCode=KEYCODE_BACK, scanCode=158, metaState=0, flags=0x48, repeatCount=0, eventTime=20976459, downTime=20976459, deviceId=9, source=0x101 }
03-08 19:25:17.904  1452  1917 I chatty  : uid=1000(system) InputDispatcher expire 4 lines
03-08 19:25:18.139  1452  2967 I chatty  : uid=1000(system) Binder:1452_12 expire 5 lines
03-08 19:25:18.201  1452  1561 I chatty  : uid=1000(system) ActivityManager expire 21 lines
03-08 19:25:34.624  1452 14411 I chatty  : uid=1000(system) Binder:1452_1E expire 3 lines
03-08 19:25:34.777  1452  2623 I chatty  : uid=1000(system) Binder:1452_8 expire 1 line
03-08 19:25:35.281  1452  6308 I chatty  : uid=1000(system) Binder:1452_16 expire 11 lines
03-08 19:25:38.142  1452  2962 I chatty  : uid=1000(system) Binder:1452_E expire 11 lines
03-08 19:25:41.041  1452  1948 I chatty  : uid=1000(system) Binder:1452_3 expire 2 lines
03-08 19:25:43.130  1452  2948 I chatty  : uid=1000(system) Binder:1452_B expire 4 lines
03-08 19:25:54.570  1452  6930 I chatty  : uid=1000(system) Binder:1452_17 expire 1 line
03-08 19:29:40.444  1452  2189 I chatty  : uid=1000(system) Binder:1452_6 expire 2 lines
03-08 19:29:53.771  1452  5060 I chatty  : uid=1000(system) Binder:1452_14 expire 1 line
03-08 19:29:54.103  1452  2961 I chatty  : uid=1000(system) Binder:1452_D expire 2 lines
03-08 19:30:07.623  1452  1567 I chatty  : uid=1000(system) batterystats-sy expire 1 line
03-08 19:30:11.952  1452  8117 I chatty  : uid=1000(system) Binder:1452_18 expire 3 lines
03-08 19:30:12.185  1452 11781 I chatty  : uid=1000(system) Binder:1452_1C expire 3 lines
03-08 19:30:14.691  1452  4743 I chatty  : uid=1000(system) Binder:1452_13 expire 1 line
03-08 19:30:14.767  1452  1581 I chatty  : uid=1000(system) android.display expire 4 lines
03-08 19:30:17.038  1452  6227 I chatty  : uid=1000(system) Binder:1452_15 expire 1 line
03-08 19:30:17.303  1452 14412 I chatty  : uid=1000(system) Binder:1452_1F expire 4 lines
03-08 19:30:17.385  1452  2032 I chatty  : uid=1000(system) Binder:1452_4 expire 4 lines
03-08 19:30:17.386  1452  1938 I chatty  : uid=1000(system) ConnectivitySer expire 3 lines
03-08 19:30:51.646  1452  1528 I chatty  : uid=1000(system) Binder:1452_2 expire 2 lines
03-08 19:30:51.806  1452 13936 I chatty  : uid=1000(system) Binder:1452_1D expire 1 line
03-08 19:30:51.988  1452  2963 I chatty  : uid=1000(system) Binder:1452_F expire 2 lines
03-08 19:30:59.266  1452  8413 I chatty  : uid=1000(system) Binder:1452_19 expire 3 lines
03-08 19:31:06.860  1452  2897 I chatty  : uid=1000(system) Binder:1452_A expire 4 lines
03-08 19:31:23.332  1452 14412 I chatty  : uid=1000(system) Binder:1452_1F expire 7 lines
03-08 19:31:23.509  1452  2963 I chatty  : uid=1000(system) Binder:1452_F expire 1 line
03-08 19:31:28.085  1452  1561 I chatty  : uid=1000(system) ActivityManager expire 8 lines
03-08 19:31:36.683  1452 13936 I chatty  : uid=1000(system) Binder:1452_1D expire 2 lines
03-08 19:31:40.359  1452  8413 I chatty  : uid=1000(system) Binder:1452_19 expire 1 line
03-08 19:31:46.253  1452  6227 I chatty  : uid=1000(system) Binder:1452_15 expire 5 lines
03-08 19:31:46.254  1452  1938 I chatty  : uid=1000(system) ConnectivitySer expire 2 lines
03-08 19:31:46.259  1452  1581 I chatty  : uid=1000(system) android.display expire 7 lines
03-08 19:31:54.256  1452 14411 I chatty  : uid=1000(system) Binder:1452_1E expire 10 lines
03-08 19:31:57.601  1452  1560 I chatty  : uid=1000(system) android.bg expire 7 lines
03-08 19:32:03.311  1452  2189 I chatty  : uid=1000(system) Binder:1452_6 expire 9 lines
03-08 19:32:28.412  1452  2033 I chatty  : uid=1000(system) Binder:1452_5 expire 5 lines
03-08 19:32:28.631 15558 15574 E ActivityThread: Failed to find provider info for com.qti.smq.qualcommFeedback.provider
03-08 19:33:17.784  1452  2965 I chatty  : uid=1000(system) Binder:1452_10 expire 3 lines
03-08 19:33:22.501  1452  1917 I chatty  : uid=1000(system) InputDispatcher expire 9 lines
03-08 19:33:22.822  1452 11781 I chatty  : uid=1000(system) Binder:1452_1C expire 3 lines
03-08 19:33:31.633  1452  4743 I chatty  : uid=1000(system) Binder:1452_13 expire 4 lines
03-08 19:33:48.260  1452  6308 I chatty  : uid=1000(system) Binder:1452_16 expire 11 lines
03-08 19:33:50.618  1452  2190 I chatty  : uid=1000(system) Binder:1452_7 expire 3 lines
03-08 19:33:58.338  1452 14586 I chatty  : uid=1000(system) Binder:1452_20 expire 7 lines
03-08 19:34:05.562  1452  1567 I chatty  : uid=1000(system) batterystats-sy expire 4 lines
03-08 19:36:17.686  1452  1452 I chatty  : uid=1000 system_server expire 10 lines
03-08 19:37:04.502 15120 15120 W ViewRootImpl[MusicSettingsActivity]: Dropping event due to no window focus: KeyEvent { action=ACTION_DOWN, keyCode=KEYCODE_BACK, scanCode=158, metaState=0, flags=0x48, repeatCount=0, eventTime=21683054, downTime=21683054, deviceId=9, source=0x101 }
03-08 19:37:04.883 15120 15120 W ViewRootImpl[TopLevelActivity]: Dropping event due to no window focus: KeyEvent { action=ACTION_DOWN, keyCode=KEYCODE_BACK, scanCode=158, metaState=0, flags=0x48, repeatCount=0, eventTime=21683453, downTime=21683453, deviceId=9, source=0x101 }
03-08 19:42:06.587  1452  1588 I chatty  : uid=1000(system) PowerManagerSer expire 18 lines
03-08 19:42:06.965  1452  1579 I chatty  : uid=1000(system) android.fg expire 8 lines
03-08 19:54:29.864  1452  1918 I chatty  : uid=1000(system) InputReader expire 3 lines
03-08 20:45:23.645  1452 14411 I chatty  : uid=1000(system) Binder:1452_1E expire 4 lines
03-08 23:23:00.566  1452  1527 I chatty  : uid=1000(system) Binder:1452_1 expire 1 line
03-08 23:23:01.236 16323 16356 E ActivityThread: Failed to find provider info for com.qti.smq.qualcommFeedback.provider
03-08 23:23:03.631 16323 16375 E ActivityThread: Failed to find provider info for com.qti.smq.qualcommFeedback.provider
03-08 23:23:31.543  1452  2896 I chatty  : uid=1000(system) Binder:1452_9 expire 2 lines
03-08 23:23:32.163  1452  1528 I chatty  : uid=1000(system) Binder:1452_2 expire 1 line
03-08 23:23:34.703  1452  2032 I chatty  : uid=1000(system) Binder:1452_4 expire 9 lines
03-08 23:23:35.748  1452  2962 I chatty  : uid=1000(system) Binder:1452_E expire 2 lines
03-08 23:23:36.382  1452  2623 I chatty  : uid=1000(system) Binder:1452_8 expire 2 lines
03-08 23:23:36.922  1452  1581 I chatty  : uid=1000(system) android.display expire 1 line
03-08 23:23:37.517  1452 11781 I chatty  : uid=1000(system) Binder:1452_1C expire 1 line
03-08 23:23:37.818  1452  2963 I chatty  : uid=1000(system) Binder:1452_F expire 1 line
03-08 23:23:37.842  1452 13936 I chatty  : uid=1000(system) Binder:1452_1D expire 1 line
03-08 23:23:38.490  1452  8117 I chatty  : uid=1000(system) Binder:1452_18 expire 1 line
03-08 23:23:48.794  1452  4743 I chatty  : uid=1000(system) Binder:1452_13 expire 3 lines
03-08 23:23:48.875  1452  1938 I chatty  : uid=1000(system) ConnectivitySer expire 1 line
03-08 23:23:51.627  1452 14586 I chatty  : uid=1000(system) Binder:1452_20 expire 2 lines
03-08 23:23:51.966  1452  2032 I chatty  : uid=1000(system) Binder:1452_4 expire 4 lines
03-08 23:23:57.729  1452  1452 I chatty  : uid=1000 system_server expire 95 lines
03-08 23:23:57.745  1452  2256 I chatty  : uid=1000(system) uteStateMachine expire 30 lines
03-08 23:23:57.745  1452  2257 I chatty  : uid=1000(system) CallAudioModeSt expire 8 lines
03-08 23:23:57.794  1452  8413 I chatty  : uid=1000(system) Binder:1452_19 expire 3 lines
03-08 23:23:57.834  1452 10540 I chatty  : uid=1000(system) Binder:1452_1A expire 3 lines
03-08 23:23:57.853  1452  1902 I chatty  : uid=1000(system) android.anim expire 2 lines
03-08 23:23:57.903  1452  5060 I chatty  : uid=1000(system) Binder:1452_14 expire 1 line
03-08 23:24:01.269  1452 14411 I chatty  : uid=1000(system) Binder:1452_1E expire 1 line
03-08 23:24:11.717  1452  2896 I chatty  : uid=1000(system) Binder:1452_9 expire 2 lines
03-08 23:24:47.167   841   841 W wificond: Failed to get NL80211_ATTR_STATUS_CODE
03-08 23:24:47.178   841   841 E wificond: Failed to get NL80211_STA_INFO_TX_PACKETS
03-08 23:24:57.987  1452  5060 I chatty  : uid=1000(system) Binder:1452_14 expire 4 lines
03-08 23:24:58.069  2171  2171 D MccTable: updateMccMncConfiguration mccmnc='' fromServiceState=false
03-08 23:24:58.205  2171  2171 I Telephony: PstnIncomingCallNotifier: Unregistering: Handler (com.qualcomm.qti.internal.telephony.QtiGsmCdmaPhone) {a7c87b1}
03-08 23:24:58.250  1452  4743 I chatty  : uid=1000(system) Binder:1452_13 expire 1 line
03-08 23:24:58.254  2171  2171 I Telephony: AccountEntry: Registered phoneAccount: [[ ] PhoneAccount: ComponentInfo{com.android.phone/com.android.services.telephony.TelephonyConnectionService}, [****], UserHandle{0} Capabilities: CallProvider EmergOnly MultiUser PlaceEmerg SimSub  Audio Routes: BESW Schemes: tel voicemail  Extras: Bundle[{android.telecom.extra.SORT_ORDER=-1, codeaurora.org.extra.ALWAYS_USE_VOIP_AUDIO_MODE=false}] GroupId: [****]] with handle: ComponentInfo{com.android.phone/com.android.services.telephony.TelephonyConnectionService}, [****], UserHandle{0}
03-08 23:24:58.254  2171  2171 I Telephony: PstnIncomingCallNotifier: Registering: Handler (com.qualcomm.qti.internal.telephony.QtiGsmCdmaPhone) {a7c87b1}
03-08 23:24:58.267  1452  1452 I chatty  : uid=1000 system_server expire 61 lines
03-08 23:24:58.274  1452  2257 I chatty  : uid=1000(system) CallAudioModeSt expire 4 lines
03-08 23:24:58.276  1452  2256 I chatty  : uid=1000(system) uteStateMachine expire 15 lines
03-08 23:24:58.306  1452  8413 I chatty  : uid=1000(system) Binder:1452_19 expire 1 line
03-08 23:24:58.369  1452  1902 I chatty  : uid=1000(system) android.anim expire 1 line
03-08 23:24:58.372  1452 10540 I chatty  : uid=1000(system) Binder:1452_1A expire 5 lines
03-08 23:24:58.411  2171  2171 I Telephony: PstnIncomingCallNotifier: Unregistering: Handler (com.qualcomm.qti.internal.telephony.QtiGsmCdmaPhone) {a7c87b1}
03-08 23:24:58.433  1452  1527 I chatty  : uid=1000(system) Binder:1452_1 expire 2 lines
03-08 23:24:58.443  1452 14586 I chatty  : uid=1000(system) Binder:1452_20 expire 3 lines
03-08 23:24:58.450  2171  2171 I Telephony: AccountEntry: Registered phoneAccount: [[ ] PhoneAccount: ComponentInfo{com.android.phone/com.android.services.telephony.TelephonyConnectionService}, [****], UserHandle{0} Capabilities: CallProvider EmergOnly MultiUser PlaceEmerg SimSub  Audio Routes: BESW Schemes: tel voicemail  Extras: Bundle[{android.telecom.extra.SORT_ORDER=-1, codeaurora.org.extra.ALWAYS_USE_VOIP_AUDIO_MODE=false}] GroupId: [****]] with handle: ComponentInfo{com.android.phone/com.android.services.telephony.TelephonyConnectionService}, [****], UserHandle{0}
03-08 23:24:58.450  2171  2171 I Telephony: PstnIncomingCallNotifier: Registering: Handler (com.qualcomm.qti.internal.telephony.QtiGsmCdmaPhone) {a7c87b1}
03-08 23:24:58.456  2171  2171 I Telephony: PstnPhoneCapabilitiesNotifier: handleVideoCapabilitesChanged. Video capability - false
03-08 23:24:58.508  2171  2171 I Telephony: PstnPhoneCapabilitiesNotifier: handleVideoCapabilitesChanged. Video capability - false
03-08 23:24:58.740  2171  2171 I Telephony: PstnIncomingCallNotifier: Unregistering: Handler (com.qualcomm.qti.internal.telephony.QtiGsmCdmaPhone) {a7c87b1}
03-08 23:24:58.767  1452 13936 I chatty  : uid=1000(system) Binder:1452_1D expire 3 lines
03-08 23:24:58.777  2171  2171 I Telephony: AccountEntry: Registered phoneAccount: [[ ] PhoneAccount: ComponentInfo{com.android.phone/com.android.services.telephony.TelephonyConnectionService}, [****], UserHandle{0} Capabilities: CallProvider MultiUser PlaceEmerg SimSub  Audio Routes: BESW Schemes: tel voicemail  Extras: Bundle[{android.telecom.extra.SORT_ORDER=0, codeaurora.org.extra.ALWAYS_USE_VOIP_AUDIO_MODE=false}] GroupId: [****]] with handle: ComponentInfo{com.android.phone/com.android.services.telephony.TelephonyConnectionService}, [****], UserHandle{0}
03-08 23:24:58.777  2171  2171 I Telephony: PstnIncomingCallNotifier: Registering: Handler (com.qualcomm.qti.internal.telephony.QtiGsmCdmaPhone) {a7c87b1}
03-08 23:24:58.780  2171  2171 I Telephony: TelecomAccountRegistry: Unregistering phone account ComponentInfo{com.android.phone/com.android.services.telephony.TelephonyConnectionService}, [****], UserHandle{0}.
03-08 23:24:58.785  1452  2623 I chatty  : uid=1000(system) Binder:1452_8 expire 2 lines
03-08 23:24:58.816  2171  2171 I Telephony: PstnPhoneCapabilitiesNotifier: handleVideoCapabilitesChanged. Video capability - false
03-08 23:24:58.850  1452 14411 I chatty  : uid=1000(system) Binder:1452_1E expire 2 lines
03-08 23:24:59.028  1452 11781 I chatty  : uid=1000(system) Binder:1452_1C expire 6 lines
03-08 23:24:59.109  1452  2032 I chatty  : uid=1000(system) Binder:1452_4 expire 1 line
03-08 23:24:59.351 24669 24686 D ActivityThread: Loading provider icc: com.android.phone.IccProvider
03-08 23:24:59.497  1452  1561 I chatty  : uid=1000(system) ActivityManager expire 6 lines
03-08 23:24:59.793  2171  2171 I Telephony: PstnIncomingCallNotifier: Unregistering: Handler (com.qualcomm.qti.internal.telephony.QtiGsmCdmaPhone) {a7c87b1}
03-08 23:24:59.817  1452  1948 I chatty  : uid=1000(system) Binder:1452_3 expire 12 lines
03-08 23:24:59.823  2171  2171 I Telephony: AccountEntry: Registered phoneAccount: [[ ] PhoneAccount: ComponentInfo{com.android.phone/com.android.services.telephony.TelephonyConnectionService}, [****], UserHandle{0} Capabilities: CallProvider MultiUser PlaceEmerg SimSub  Audio Routes: BESW Schemes: tel voicemail  Extras: Bundle[{android.telecom.extra.SORT_ORDER=0, codeaurora.org.extra.ALWAYS_USE_VOIP_AUDIO_MODE=false}] GroupId: [****]] with handle: ComponentInfo{com.android.phone/com.android.services.telephony.TelephonyConnectionService}, [****], UserHandle{0}
03-08 23:24:59.823  2171  2171 I Telephony: PstnIncomingCallNotifier: Registering: Handler (com.qualcomm.qti.internal.telephony.QtiGsmCdmaPhone) {a7c87b1}
03-08 23:24:59.825  2171  2171 I Telephony: TelecomAccountRegistry: Unregistering phone account ComponentInfo{com.android.phone/com.android.services.telephony.TelephonyConnectionService}, [****], UserHandle{0}.
03-08 23:24:59.868  2171  2171 D MccTable: updateMccMncConfiguration mccmnc='46000' fromServiceState=false
03-08 23:24:59.869  2171  2171 D MccTable: updateMccMncConfiguration defaultMccMnc=
03-08 23:24:59.869  2171  2171 D MccTable: updateMccMncConfiguration: mcc=460, mnc=0
03-08 23:24:59.869  2171  2171 D MccTable: updateMccMncConfiguration updateConfig config={0.0 460mcc65535mnc ?localeList ?layoutDir ?swdp ?wdp ?hdp ?density ?lsize ?long ?ldr ?wideColorGamut ?orien ?uimode ?night ?touch ?keyb/?/? ?nav/?}
03-08 23:24:59.990  2171  2171 I Telephony: PstnPhoneCapabilitiesNotifier: handleVideoCapabilitesChanged. Video capability - false
03-08 23:25:00.409  1452  6930 I chatty  : uid=1000(system) Binder:1452_17 expire 7 lines
03-08 23:25:00.478  2171  2171 I Telephony: PstnIncomingCallNotifier: Unregistering: Handler (com.qualcomm.qti.internal.telephony.QtiGsmCdmaPhone) {a7c87b1}
03-08 23:25:00.507  1452  2948 I chatty  : uid=1000(system) Binder:1452_B expire 4 lines
03-08 23:25:00.510  2171  2171 I Telephony: AccountEntry: Registered phoneAccount: [[ ] PhoneAccount: ComponentInfo{com.android.phone/com.android.services.telephony.TelephonyConnectionService}, [****], UserHandle{0} Capabilities: CallProvider MultiUser PlaceEmerg SimSub  Audio Routes: BESW Schemes: tel voicemail  Extras: Bundle[{android.telecom.extra.SORT_ORDER=0, codeaurora.org.extra.ALWAYS_USE_VOIP_AUDIO_MODE=false}] GroupId: [****]] with handle: ComponentInfo{com.android.phone/com.android.services.telephony.TelephonyConnectionService}, [****], UserHandle{0}
03-08 23:25:00.510  2171  2171 I Telephony: PstnIncomingCallNotifier: Registering: Handler (com.qualcomm.qti.internal.telephony.QtiGsmCdmaPhone) {a7c87b1}
03-08 23:25:00.635  2171  2171 I Telephony: PstnPhoneCapabilitiesNotifier: handleVideoCapabilitesChanged. Video capability - false
03-08 23:25:00.685  2171  2171 D MccTable: updateMccMncConfiguration mccmnc='46000' fromServiceState=true
03-08 23:25:00.687  2171  2171 D MccTable: updateMccMncConfiguration defaultMccMnc=46000
03-08 23:25:00.687  2171  2171 D MccTable: updateMccMncConfiguration: mcc=460, mnc=0
03-08 23:25:00.687  2171  2171 D MccTable: WIFI_COUNTRY_CODE set to cn
03-08 23:25:00.687  1452  8117 I chatty  : uid=1000(system) Binder:1452_18 expire 1 line
03-08 23:25:00.755  2171  2171 I Telephony: PstnIncomingCallNotifier: Unregistering: Handler (com.qualcomm.qti.internal.telephony.QtiGsmCdmaPhone) {a7c87b1}
03-08 23:25:00.783  2171  2171 I Telephony: AccountEntry: Registered phoneAccount: [[ ] PhoneAccount: ComponentInfo{com.android.phone/com.android.services.telephony.TelephonyConnectionService}, [****], UserHandle{0} Capabilities: CallProvider MultiUser PlaceEmerg SimSub  Audio Routes: BESW Schemes: tel voicemail  Extras: Bundle[{android.telecom.extra.SORT_ORDER=0, codeaurora.org.extra.ALWAYS_USE_VOIP_AUDIO_MODE=false}] GroupId: [****]] with handle: ComponentInfo{com.android.phone/com.android.services.telephony.TelephonyConnectionService}, [****], UserHandle{0}
03-08 23:25:00.783  2171  2171 I Telephony: PstnIncomingCallNotifier: Registering: Handler (com.qualcomm.qti.internal.telephony.QtiGsmCdmaPhone) {a7c87b1}
03-08 23:25:00.814  2171  2171 I Telephony: PstnIncomingCallNotifier: Unregistering: Handler (com.qualcomm.qti.internal.telephony.QtiGsmCdmaPhone) {a7c87b1}
03-08 23:25:00.856  1452  2033 I chatty  : uid=1000(system) Binder:1452_5 expire 2 lines
03-08 23:25:00.859  2171  2171 I Telephony: AccountEntry: Registered phoneAccount: [[ ] PhoneAccount: ComponentInfo{com.android.phone/com.android.services.telephony.TelephonyConnectionService}, [****], UserHandle{0} Capabilities: CallProvider MultiUser PlaceEmerg SimSub  Audio Routes: BESW Schemes: tel voicemail  Extras: Bundle[{android.telecom.extra.SORT_ORDER=0, codeaurora.org.extra.ALWAYS_USE_VOIP_AUDIO_MODE=false}] GroupId: [****]] with handle: ComponentInfo{com.android.phone/com.android.services.telephony.TelephonyConnectionService}, [****], UserHandle{0}
03-08 23:25:00.859  2171  2171 I Telephony: PstnIncomingCallNotifier: Registering: Handler (com.qualcomm.qti.internal.telephony.QtiGsmCdmaPhone) {a7c87b1}
03-08 23:25:00.920  2171  2171 I Telephony: PstnPhoneCapabilitiesNotifier: handleVideoCapabilitesChanged. Video capability - false
03-08 23:25:00.920  2171  2171 I Telephony: PstnPhoneCapabilitiesNotifier: handleVideoCapabilitesChanged. Video capability - false
03-08 23:25:00.939  1452  6308 I chatty  : uid=1000(system) Binder:1452_16 expire 4 lines
03-08 23:25:00.994  2171  2171 D MccTable: updateMccMncConfiguration mccmnc='46000' fromServiceState=false
03-08 23:25:00.995  2171  2171 D MccTable: updateMccMncConfiguration defaultMccMnc=46000
03-08 23:25:00.995  2171  2171 D MccTable: updateMccMncConfiguration: mcc=460, mnc=0
03-08 23:25:00.995  2171  2171 D MccTable: updateMccMncConfiguration updateConfig config={0.0 460mcc65535mnc ?localeList ?layoutDir ?swdp ?wdp ?hdp ?density ?lsize ?long ?ldr ?wideColorGamut ?orien ?uimode ?night ?touch ?keyb/?/? ?nav/?}
03-08 23:25:01.093  2171  2171 I Telephony: PstnIncomingCallNotifier: Unregistering: Handler (com.qualcomm.qti.internal.telephony.QtiGsmCdmaPhone) {a7c87b1}
03-08 23:25:01.117  2171  2171 I Telephony: AccountEntry: Registered phoneAccount: [[ ] PhoneAccount: ComponentInfo{com.android.phone/com.android.services.telephony.TelephonyConnectionService}, [****], UserHandle{0} Capabilities: CallProvider MultiUser PlaceEmerg SimSub  Audio Routes: BESW Schemes: tel voicemail  Extras: Bundle[{android.telecom.extra.SORT_ORDER=0, codeaurora.org.extra.ALWAYS_USE_VOIP_AUDIO_MODE=false}] GroupId: [****]] with handle: ComponentInfo{com.android.phone/com.android.services.telephony.TelephonyConnectionService}, [****], UserHandle{0}
03-08 23:25:01.117  2171  2171 I Telephony: PstnIncomingCallNotifier: Registering: Handler (com.qualcomm.qti.internal.telephony.QtiGsmCdmaPhone) {a7c87b1}
03-08 23:25:01.161  2171  2171 I Telephony: PstnIncomingCallNotifier: Unregistering: Handler (com.qualcomm.qti.internal.telephony.QtiGsmCdmaPhone) {a7c87b1}
03-08 23:25:01.176  2171  2171 I Telephony: AccountEntry: Registered phoneAccount: [[ ] PhoneAccount: ComponentInfo{com.android.phone/com.android.services.telephony.TelephonyConnectionService}, [****], UserHandle{0} Capabilities: CallProvider MultiUser PlaceEmerg SimSub  Audio Routes: BESW Schemes: tel voicemail  Extras: Bundle[{android.telecom.extra.SORT_ORDER=0, codeaurora.org.extra.ALWAYS_USE_VOIP_AUDIO_MODE=false}] GroupId: [****]] with handle: ComponentInfo{com.android.phone/com.android.services.telephony.TelephonyConnectionService}, [****], UserHandle{0}
03-08 23:25:01.176  2171  2171 I Telephony: PstnIncomingCallNotifier: Registering: Handler (com.qualcomm.qti.internal.telephony.QtiGsmCdmaPhone) {a7c87b1}
03-08 23:25:01.248  2171  2171 I Telephony: PstnPhoneCapabilitiesNotifier: handleVideoCapabilitesChanged. Video capability - false
03-08 23:25:01.248  2171  2171 I Telephony: PstnPhoneCapabilitiesNotifier: handleVideoCapabilitesChanged. Video capability - false
03-08 23:25:01.321  1452  1930 I chatty  : uid=1000(system) NetworkPolicy expire 1 line
03-08 23:25:01.585   839  1017 E NetlinkEvent: NetlinkEvent::FindParam(): Parameter 'INTERFACE' not found
03-08 23:25:01.585   839  1017 E NetlinkEvent: NetlinkEvent::FindParam(): Parameter 'STATE' not found
03-08 23:25:01.585   839  1017 E NetlinkEvent: NetlinkEvent::FindParam(): Parameter 'TIME_NS' not found
03-08 23:25:01.585   839  1017 E NetlinkEvent: NetlinkEvent::FindParam(): Parameter 'UID' not found
03-08 23:25:02.327  1452  1938 I chatty  : uid=1000(system) ConnectivitySer expire 5 lines
03-08 23:25:02.389 10918 11416 I imsrcsd : Successful Initialization
03-08 23:25:02.389 10918 11416 I imsrcsd : Service failied, retry to create service
03-08 23:25:02.440 17530 17530 I imsrcsd : Uce Service HAL  is starting up...
03-08 23:25:03.422  2171  2171 I Telephony: PstnPhoneCapabilitiesNotifier: handleVideoCapabilitesChanged. Video capability - true
03-08 23:25:05.158  1452  1917 I chatty  : uid=1000(system) InputDispatcher expire 1 line
03-08 23:25:07.441 17530 17530 I imsrcsd : getAndroidPropValue[1]
03-08 23:25:07.442 17530 17530 I imsrcsd : Uce Service HAL  detected modemVersion[1]
03-08 23:25:07.442 17530 17530 I imsrcsd : Uce Service HAL  loading lib-uceservice
03-08 23:25:07.745 17530 17566 I imsrcsd : Successful Initialization
03-08 23:25:07.745 17530 17566 I imsrcsd : Starting Service for First Time
03-08 23:25:10.392  1452  2963 I chatty  : uid=1000(system) Binder:1452_F expire 1 line
03-08 23:25:13.181  1452  1560 I chatty  : uid=1000(system) android.bg expire 1 line
03-08 23:25:20.926  1452  2256 I chatty  : uid=1000(system) uteStateMachine expire 19 lines
03-08 23:25:20.926  1452  2257 I chatty  : uid=1000(system) CallAudioModeSt expire 8 lines
03-08 23:25:20.926  1452  1452 I chatty  : uid=1000 system_server expire 25 lines
03-08 23:25:20.956  1452  6308 I chatty  : uid=1000(system) Binder:1452_16 expire 25 lines
03-08 23:25:21.020  1452 13936 I chatty  : uid=1000(system) Binder:1452_1D expire 1 line
03-08 23:25:21.025  1452  1902 I chatty  : uid=1000(system) android.anim expire 1 line
03-08 23:25:21.067  1452  5060 I chatty  : uid=1000(system) Binder:1452_14 expire 10 lines
03-08 23:25:21.069  2171  2171 I Telephony: TelephonyConnectionService: onCreateOutgoingConnection, request: ConnectionRequest xxxxxxxxx Bundle[mParcelledData.dataSize=888]: (SBC.oSC)->CS.crCo->H.CS.crCo->H.CS.crCo.pICR@E-DXY
03-08 23:25:21.205  2171  2171 I Telephony: GsmConnection: isAddParticipantCapable: isCapable = false: (SBC.oSC)->CS.crCo->H.CS.crCo->H.CS.crCo.pICR@E-DXY
03-08 23:25:21.223  2171  2171 I chatty  : uid=1001(radio) com.android.phone identical 2 lines
03-08 23:25:21.225  2171  2171 I Telephony: GsmConnection: isAddParticipantCapable: isCapable = false: (SBC.oSC)->CS.crCo->H.CS.crCo->H.CS.crCo.pICR@E-DXY
03-08 23:25:21.247  1452  1561 I chatty  : uid=1000(system) ActivityManager expire 10 lines
03-08 23:25:21.256  2171  2171 I Telephony: TelephonyConnectionService: notifyCreateConnectionComplete TC@11_1: (...->CSW.hCCC)->CS.crCoC->H.CS.crCoC@E-E-E-DXY
03-08 23:25:21.261  2171  2171 I Telephony: TelephonyConnectionService: updatePhoneAccount setPhoneAccountHandle, account = ComponentInfo{com.android.phone/com.android.services.telephony.TelephonyConnectionService}, [****], UserHandle{0}: (...->CSW.hCCC)->CS.crCoC->H.CS.crCoC@E-E-E-DXY
03-08 23:25:21.263  1452  2896 I chatty  : uid=1000(system) Binder:1452_9 expire 3 lines
03-08 23:25:21.264  2171  2171 I Telephony: GsmConnection: isAddParticipantCapable: isCapable = false
03-08 23:25:21.266  1452  2897 I chatty  : uid=1000(system) Binder:1452_A expire 10 lines
03-08 23:25:21.271  2171  2171 I Telephony: GsmConnection: isAddParticipantCapable: isCapable = false
03-08 23:25:21.272  2171  2171 I Telephony: GsmConnection: isAddParticipantCapable: isCapable = false
03-08 23:25:21.988  1452  6930 I chatty  : uid=1000(system) Binder:1452_17 expire 29 lines
03-08 23:25:21.988  2171  2171 I Telephony: GsmConnection: isAddParticipantCapable: isCapable = false
03-08 23:25:21.989  2171  2171 I Telephony: GsmConnection: isAddParticipantCapable: isCapable = false
03-08 23:25:22.180  2171  2171 I Telephony: GsmConnection: isAddParticipantCapable: isCapable = false
03-08 23:25:22.182  2171  2171 I Telephony: GsmConnection: isAddParticipantCapable: isCapable = false
03-08 23:25:22.217  2171  2171 I Telephony: GsmConnection: isAddParticipantCapable: isCapable = false
03-08 23:25:22.217  2171  2171 I Telephony: GsmConnection: isAddParticipantCapable: isCapable = false
03-08 23:25:22.222  1452  2255 I chatty  : uid=1000(system) BluetoothRouteM expire 2 lines
03-08 23:25:22.235  1452  2963 I chatty  : uid=1000(system) Binder:1452_F expire 1 line
03-08 23:25:32.272  1452 11781 I chatty  : uid=1000(system) Binder:1452_1C expire 2 lines
03-08 23:25:40.665  5236 17987 W FileUtils: Failed to chmod(/data/user/0/com.mi.global.bbs/shared_prefs/mipush_extra.xml): android.system.ErrnoException: chmod failed: ENOENT (No such file or directory)
03-08 23:25:43.176  1452  1917 I chatty  : uid=1000(system) InputDispatcher expire 3 lines
03-08 23:25:43.544  1452  2962 I chatty  : uid=1000(system) Binder:1452_E expire 2 lines
03-08 23:25:43.707  1452  1561 I chatty  : uid=1000(system) ActivityManager expire 10 lines
03-08 23:25:49.941  1452  2962 I chatty  : uid=1000(system) Binder:1452_E expire 4 lines
03-08 23:25:51.910  1452  5060 I chatty  : uid=1000(system) Binder:1452_14 expire 3 lines
03-08 23:25:56.744  1452  8117 I chatty  : uid=1000(system) Binder:1452_18 expire 2 lines
03-08 23:25:56.782  1452  1948 I chatty  : uid=1000(system) Binder:1452_3 expire 1 line
03-08 23:25:57.784  1452  2190 I chatty  : uid=1000(system) Binder:1452_7 expire 1 line
03-08 23:25:57.788  1452  1581 I chatty  : uid=1000(system) android.display expire 2 lines
03-08 23:26:22.696  1452  2953 I chatty  : uid=1000(system) Binder:1452_C expire 3 lines
03-08 23:26:34.420  1452  1452 I chatty  : uid=1000 system_server expire 37 lines
03-08 23:26:35.302  1452  2256 I chatty  : uid=1000(system) uteStateMachine expire 14 lines
03-08 23:26:35.303  1452  2257 I chatty  : uid=1000(system) CallAudioModeSt expire 6 lines
03-08 23:26:35.332  1452  2189 I chatty  : uid=1000(system) Binder:1452_6 expire 3 lines
03-08 23:26:35.392  1452  1902 I chatty  : uid=1000(system) android.anim expire 1 line
03-08 23:26:35.405  1452  1528 I chatty  : uid=1000(system) Binder:1452_2 expire 1 line
03-08 23:26:35.448  1452 10540 I chatty  : uid=1000(system) Binder:1452_1A expire 28 lines
03-08 23:26:35.449  2171  2171 I Telephony: TelephonyConnectionService: onCreateOutgoingConnection, request: ConnectionRequest xxxxxxxxxxxxxxx Bundle[mParcelledData.dataSize=936]: (SBC.oSC)->CS.crCo->H.CS.crCo->H.CS.crCo.pICR@E-D3k
03-08 23:26:35.496  2171  2171 I Telephony: GsmConnection: isAddParticipantCapable: isCapable = false: (SBC.oSC)->CS.crCo->H.CS.crCo->H.CS.crCo.pICR@E-D3k
03-08 23:26:35.519  2171  2171 I chatty  : uid=1001(radio) com.android.phone identical 2 lines
03-08 23:26:35.520  2171  2171 I Telephony: GsmConnection: isAddParticipantCapable: isCapable = false: (SBC.oSC)->CS.crCo->H.CS.crCo->H.CS.crCo.pICR@E-D3k
03-08 23:26:35.531  2171  2171 I Telephony: GsmConnection: isAddParticipantCapable: isCapable = false
03-08 23:26:35.533  2171  2171 I Telephony: GsmConnection: isAddParticipantCapable: isCapable = false
03-08 23:26:35.534  2171  2171 I Telephony: GsmConnection: isAddParticipantCapable: isCapable = false
03-08 23:26:35.542  2171  2171 I Telephony: TelephonyConnectionService: notifyCreateConnectionComplete TC@12_1: (...->CSW.hCCC)->CS.crCoC->H.CS.crCoC@E-E-E-D3k
03-08 23:26:35.542  1452  2032 I chatty  : uid=1000(system) Binder:1452_4 expire 35 lines
03-08 23:26:35.544  2171  2171 I Telephony: TelephonyConnectionService: updatePhoneAccount setPhoneAccountHandle, account = ComponentInfo{com.android.phone/com.android.services.telephony.TelephonyConnectionService}, [****], UserHandle{0}: (...->CSW.hCCC)->CS.crCoC->H.CS.crCoC@E-E-E-D3k
03-08 23:26:35.774   839  1017 E NetlinkEvent: NetlinkEvent::FindParam(): Parameter 'INTERFACE' not found
03-08 23:26:35.774   839  1017 E NetlinkEvent: NetlinkEvent::FindParam(): Parameter 'STATE' not found
03-08 23:26:35.774   839  1017 E NetlinkEvent: NetlinkEvent::FindParam(): Parameter 'TIME_NS' not found
03-08 23:26:35.774   839  1017 E NetlinkEvent: NetlinkEvent::FindParam(): Parameter 'UID' not found
03-08 23:26:36.284  2171  2171 I Telephony: GsmConnection: isAddParticipantCapable: isCapable = false
03-08 23:26:36.286  2171  2171 I Telephony: GsmConnection: isAddParticipantCapable: isCapable = false
03-08 23:26:37.662  2171  2171 I Telephony: GsmConnection: isAddParticipantCapable: isCapable = false
03-08 23:26:37.665  2171  2171 I Telephony: GsmConnection: isAddParticipantCapable: isCapable = false
03-08 23:26:37.694  2171  2171 I Telephony: GsmConnection: isAddParticipantCapable: isCapable = false
03-08 23:26:37.694  2171  2171 I Telephony: GsmConnection: isAddParticipantCapable: isCapable = false
03-08 23:26:37.698  1452  2255 I chatty  : uid=1000(system) BluetoothRouteM expire 2 lines
03-08 23:26:37.716  1452 11781 I chatty  : uid=1000(system) Binder:1452_1C expire 1 line
03-08 23:26:37.719  1452  2032 I chatty  : uid=1000(system) Binder:1452_4 expire 7 lines
03-08 23:26:37.862  1452  2256 I chatty  : uid=1000(system) uteStateMachine expire 19 lines
03-08 23:26:38.003  1452  1452 I chatty  : uid=1000 system_server expire 39 lines
03-08 23:26:38.267  1452  2257 I chatty  : uid=1000(system) CallAudioModeSt expire 8 lines
03-08 23:26:45.451  1452  2953 I chatty  : uid=1000(system) Binder:1452_C expire 2 lines
03-08 23:26:45.515  1452  1527 I chatty  : uid=1000(system) Binder:1452_1 expire 9 lines
03-08 23:26:45.527  1452  1902 I chatty  : uid=1000(system) android.anim expire 1 line
03-08 23:26:45.560  2171  2171 I Telephony: TelephonyConnectionService: onCreateOutgoingConnection, request: ConnectionRequest xxxxxxxxxxxxxxx Bundle[mParcelledData.dataSize=820]: (SBC.oSC)->CS.crCo->H.CS.crCo->H.CS.crCo.pICR@E-EQA
03-08 23:26:45.617  2171  2171 I Telephony: GsmConnection: isAddParticipantCapable: isCapable = false: (SBC.oSC)->CS.crCo->H.CS.crCo->H.CS.crCo.pICR@E-EQA
03-08 23:26:45.638  2171  2171 I chatty  : uid=1001(radio) com.android.phone identical 2 lines
03-08 23:26:45.640  2171  2171 I Telephony: GsmConnection: isAddParticipantCapable: isCapable = false: (SBC.oSC)->CS.crCo->H.CS.crCo->H.CS.crCo.pICR@E-EQA
03-08 23:26:45.650  1452  2962 I chatty  : uid=1000(system) Binder:1452_E expire 27 lines
03-08 23:26:45.655  2171  2171 I Telephony: GsmConnection: isAddParticipantCapable: isCapable = false
03-08 23:26:45.655  1452  1561 I chatty  : uid=1000(system) ActivityManager expire 7 lines
03-08 23:26:45.660  2171  2171 I Telephony: GsmConnection: isAddParticipantCapable: isCapable = false
03-08 23:26:45.662  2171  2171 I Telephony: GsmConnection: isAddParticipantCapable: isCapable = false
03-08 23:26:45.671  2171  2171 I Telephony: TelephonyConnectionService: notifyCreateConnectionComplete TC@13_1: (...->CSW.hCCC)->CS.crCoC->H.CS.crCoC@E-E-E-EQA
03-08 23:26:45.673  2171  2171 I Telephony: TelephonyConnectionService: updatePhoneAccount setPhoneAccountHandle, account = ComponentInfo{com.android.phone/com.android.services.telephony.TelephonyConnectionService}, [****], UserHandle{0}: (...->CSW.hCCC)->CS.crCoC->H.CS.crCoC@E-E-E-EQA
03-08 23:26:45.674  1452 10540 I chatty  : uid=1000(system) Binder:1452_1A expire 33 lines
03-08 23:26:46.307  2171  2171 I Telephony: GsmConnection: isAddParticipantCapable: isCapable = false
03-08 23:26:46.310  2171  2171 I Telephony: GsmConnection: isAddParticipantCapable: isCapable = false
03-08 23:26:47.435  2171  2171 I Telephony: GsmConnection: isAddParticipantCapable: isCapable = false
03-08 23:26:47.438  2171  2171 I Telephony: GsmConnection: isAddParticipantCapable: isCapable = false
03-08 23:26:47.469  2171  2171 I Telephony: GsmConnection: isAddParticipantCapable: isCapable = false
03-08 23:26:47.469  2171  2171 I Telephony: GsmConnection: isAddParticipantCapable: isCapable = false
03-08 23:26:47.476  1452  2255 I chatty  : uid=1000(system) BluetoothRouteM expire 2 lines
03-08 23:26:47.491  1452 10540 I chatty  : uid=1000(system) Binder:1452_1A expire 4 lines
03-08 23:26:47.495  1452 11781 I chatty  : uid=1000(system) Binder:1452_1C expire 8 lines
03-08 23:26:47.495  1452  1561 I chatty  : uid=1000(system) ActivityManager expire 5 lines
03-08 23:26:47.632  1452  2256 I chatty  : uid=1000(system) uteStateMachine expire 13 lines
03-08 23:26:47.730  1452  1452 I chatty  : uid=1000 system_server expire 38 lines
03-08 23:26:48.031  1452  2257 I chatty  : uid=1000(system) CallAudioModeSt expire 5 lines
03-08 23:26:50.090  1452  1562 I chatty  : uid=1000(system) android.ui expire 6 lines
03-08 23:26:50.623  1452  1902 I chatty  : uid=1000(system) android.anim expire 3 lines
03-08 23:27:12.136   839  1017 E NetlinkEvent: NetlinkEvent::FindParam(): Parameter 'INTERFACE' not found
03-08 23:27:12.136   839  1017 E NetlinkEvent: NetlinkEvent::FindParam(): Parameter 'STATE' not found
03-08 23:27:12.136   839  1017 E NetlinkEvent: NetlinkEvent::FindParam(): Parameter 'TIME_NS' not found
03-08 23:27:12.136   839  1017 E NetlinkEvent: NetlinkEvent::FindParam(): Parameter 'UID' not found
03-08 23:27:12.442   839  1017 E NetlinkEvent: NetlinkEvent::FindParam(): Parameter 'INTERFACE' not found
03-08 23:27:12.442   839  1017 E NetlinkEvent: NetlinkEvent::FindParam(): Parameter 'STATE' not found
03-08 23:27:12.442   839  1017 E NetlinkEvent: NetlinkEvent::FindParam(): Parameter 'TIME_NS' not found
03-08 23:27:12.442   839  1017 E NetlinkEvent: NetlinkEvent::FindParam(): Parameter 'UID' not found
03-08 23:27:12.610  1452  2623 I chatty  : uid=1000(system) Binder:1452_8 expire 19 lines
03-08 23:27:12.610  1452  1938 I chatty  : uid=1000(system) ConnectivitySer expire 9 lines
03-08 23:27:19.266  1452  2967 I chatty  : uid=1000(system) Binder:1452_12 expire 10 lines
03-08 23:27:45.875  1452  2189 I chatty  : uid=1000(system) Binder:1452_6 expire 1 line
03-08 23:27:45.910  2171  2171 I Telephony: TelephonyConnectionService: onCreateOutgoingConnection, request: ConnectionRequest xxxxxxxxxxxxxxx Bundle[mParcelledData.dataSize=820]: (SBC.oSC)->CS.crCo->H.CS.crCo->H.CS.crCo.pICR@E-EtE
03-08 23:27:45.918  1452  1452 I chatty  : uid=1000 system_server expire 3 lines
03-08 23:27:45.973  2171  2171 I Telephony: GsmConnection: isAddParticipantCapable: isCapable = false: (SBC.oSC)->CS.crCo->H.CS.crCo->H.CS.crCo.pICR@E-EtE
03-08 23:27:45.996  2171  2171 I chatty  : uid=1001(radio) com.android.phone identical 2 lines
03-08 23:27:45.998  2171  2171 I Telephony: GsmConnection: isAddParticipantCapable: isCapable = false: (SBC.oSC)->CS.crCo->H.CS.crCo->H.CS.crCo.pICR@E-EtE
03-08 23:27:46.013  2171  2171 I Telephony: GsmConnection: isAddParticipantCapable: isCapable = false
03-08 23:27:46.013  1452  2623 I chatty  : uid=1000(system) Binder:1452_8 expire 18 lines
03-08 23:27:46.018  1452  2256 I chatty  : uid=1000(system) uteStateMachine expire 3 lines
03-08 23:27:46.020  2171  2171 I Telephony: GsmConnection: isAddParticipantCapable: isCapable = false
03-08 23:27:46.021  2171  2171 I Telephony: GsmConnection: isAddParticipantCapable: isCapable = false
03-08 23:27:46.028  2171  2171 I Telephony: TelephonyConnectionService: notifyCreateConnectionComplete TC@14_1: (...->CSW.hCCC)->CS.crCoC->H.CS.crCoC@E-E-E-EtE
03-08 23:27:46.030  2171  2171 I Telephony: TelephonyConnectionService: updatePhoneAccount setPhoneAccountHandle, account = ComponentInfo{com.android.phone/com.android.services.telephony.TelephonyConnectionService}, [****], UserHandle{0}: (...->CSW.hCCC)->CS.crCoC->H.CS.crCoC@E-E-E-EtE
03-08 23:27:46.034  1452  2190 I chatty  : uid=1000(system) Binder:1452_7 expire 26 lines
03-08 23:27:46.230   839  1017 E NetlinkEvent: NetlinkEvent::FindParam(): Parameter 'INTERFACE' not found
03-08 23:27:46.231   839  1017 E NetlinkEvent: NetlinkEvent::FindParam(): Parameter 'STATE' not found
03-08 23:27:46.231   839  1017 E NetlinkEvent: NetlinkEvent::FindParam(): Parameter 'TIME_NS' not found
03-08 23:27:46.231   839  1017 E NetlinkEvent: NetlinkEvent::FindParam(): Parameter 'UID' not found
03-08 23:27:46.920  2171  2171 I Telephony: GsmConnection: isAddParticipantCapable: isCapable = false
03-08 23:27:46.923  2171  2171 I Telephony: GsmConnection: isAddParticipantCapable: isCapable = false
03-08 23:27:48.144  2171  2171 I Telephony: GsmConnection: isAddParticipantCapable: isCapable = false
03-08 23:27:48.150  2171  2171 I Telephony: GsmConnection: isAddParticipantCapable: isCapable = false
03-08 23:27:48.179  2171  2171 I Telephony: GsmConnection: isAddParticipantCapable: isCapable = false
03-08 23:27:48.179  2171  2171 I Telephony: GsmConnection: isAddParticipantCapable: isCapable = false
03-08 23:27:48.182  1452  2257 I chatty  : uid=1000(system) CallAudioModeSt expire 5 lines
03-08 23:27:48.182  1452  2256 I chatty  : uid=1000(system) uteStateMachine expire 8 lines
03-08 23:27:48.184  1452  2255 I chatty  : uid=1000(system) BluetoothRouteM expire 2 lines
03-08 23:27:48.192  1452  1561 I chatty  : uid=1000(system) ActivityManager expire 29 lines
03-08 23:27:48.200  1452  2623 I chatty  : uid=1000(system) Binder:1452_8 expire 2 lines
03-08 23:27:48.457  1452  1452 I chatty  : uid=1000 system_server expire 18 lines
03-08 23:29:44.396  1452  1560 I chatty  : uid=1000(system) android.bg expire 1 line
03-08 23:31:17.860  1452  2189 I chatty  : uid=1000(system) Binder:1452_6 expire 1 line
03-08 23:31:18.202  1452  2963 I chatty  : uid=1000(system) Binder:1452_F expire 3 lines
03-08 23:31:55.304  1452  1617 I chatty  : uid=1000(system) PackageManager expire 14 lines
03-08 23:32:02.688  1452  1567 I chatty  : uid=1000(system) batterystats-sy expire 1 line
03-08 23:32:15.789  3097  3097 I ActivityThread: Removing dead content provider:android.content.ContentProviderProxy@d008628
03-08 23:32:15.791  1452  1561 I chatty  : uid=1000(system) ActivityManager expire 35 lines
03-08 23:32:15.863  1452  2033 I chatty  : uid=1000(system) Binder:1452_5 expire 2 lines
03-08 23:32:15.864  1452  2896 I chatty  : uid=1000(system) Binder:1452_9 expire 1 line
03-08 23:32:15.865  1452  1938 I chatty  : uid=1000(system) ConnectivitySer expire 6 lines
03-08 23:32:15.868  1452  1581 I chatty  : uid=1000(system) android.display expire 2 lines
03-08 23:32:15.910  1452  2965 I chatty  : uid=1000(system) Binder:1452_10 expire 1 line
03-08 23:32:15.910  1452 14411 I chatty  : uid=1000(system) Binder:1452_1E expire 1 line
03-08 23:32:15.957  1452 14586 I chatty  : uid=1000(system) Binder:1452_20 expire 2 lines
03-08 23:32:15.958  1452 14412 I chatty  : uid=1000(system) Binder:1452_1F expire 2 lines
03-08 23:32:16.298  1452 11781 I chatty  : uid=1000(system) Binder:1452_1C expire 1 line
03-08 23:32:16.530  1452  1527 I chatty  : uid=1000(system) Binder:1452_1 expire 1 line
03-08 23:32:16.698  1452  8413 I chatty  : uid=1000(system) Binder:1452_19 expire 2 lines
03-08 23:32:16.700  1452  1561 I chatty  : uid=1000(system) ActivityManager expire 10 lines
03-08 23:32:16.731  1452  2962 I chatty  : uid=1000(system) Binder:1452_E expire 9 lines
03-08 23:32:17.954  1452  5060 I chatty  : uid=1000(system) Binder:1452_14 expire 9 lines
03-08 23:32:17.958  1452  1581 I chatty  : uid=1000(system) android.display expire 4 lines
03-08 23:32:17.973  1452  2963 I chatty  : uid=1000(system) Binder:1452_F expire 8 lines
03-08 23:32:17.974  1452  4743 I chatty  : uid=1000(system) Binder:1452_13 expire 1 line
03-08 23:32:17.979  1452  1452 I chatty  : uid=1000 system_server expire 11 lines
03-08 23:32:18.181  1452  2953 I chatty  : uid=1000(system) Binder:1452_C expire 1 line
03-08 23:32:18.181  1452 14412 I chatty  : uid=1000(system) Binder:1452_1F expire 6 lines
03-08 23:32:18.181  1452  1938 I chatty  : uid=1000(system) ConnectivitySer expire 12 lines
03-08 23:32:18.232  1452  6930 I chatty  : uid=1000(system) Binder:1452_17 expire 4 lines
03-08 23:32:18.470  1452  2897 I chatty  : uid=1000(system) Binder:1452_A expire 6 lines
03-08 23:32:19.231   460   465 D VoldCryptCmdListener: cryptfs getpwtype
03-08 23:32:19.237  1452  1924 I chatty  : uid=1000(system) CryptdConnector expire 1 line
03-08 23:32:21.061  1452  2190 I chatty  : uid=1000(system) Binder:1452_7 expire 8 lines
03-08 23:32:21.310  1452 14411 I chatty  : uid=1000(system) Binder:1452_1E expire 6 lines
03-08 23:32:22.496  1452  8117 I chatty  : uid=1000(system) Binder:1452_18 expire 6 lines
03-08 23:32:24.099  1452  1948 I chatty  : uid=1000(system) Binder:1452_3 expire 2 lines
03-08 23:32:24.567  1452  2961 I chatty  : uid=1000(system) Binder:1452_D expire 4 lines
03-08 23:32:25.909   839  1017 E NetlinkEvent: NetlinkEvent::FindParam(): Parameter 'INTERFACE' not found
03-08 23:32:25.909   839  1017 E NetlinkEvent: NetlinkEvent::FindParam(): Parameter 'STATE' not found
03-08 23:32:25.909   839  1017 E NetlinkEvent: NetlinkEvent::FindParam(): Parameter 'TIME_NS' not found
03-08 23:32:25.909   839  1017 E NetlinkEvent: NetlinkEvent::FindParam(): Parameter 'UID' not found
03-08 23:32:26.118   839  1017 E NetlinkEvent: NetlinkEvent::FindParam(): Parameter 'INTERFACE' not found
03-08 23:32:26.119   839  1017 E NetlinkEvent: NetlinkEvent::FindParam(): Parameter 'STATE' not found
03-08 23:32:26.119   839  1017 E NetlinkEvent: NetlinkEvent::FindParam(): Parameter 'TIME_NS' not found
03-08 23:32:26.119   839  1017 E NetlinkEvent: NetlinkEvent::FindParam(): Parameter 'UID' not found
03-08 23:33:31.755   839  1017 E NetlinkEvent: NetlinkEvent::FindParam(): Parameter 'INTERFACE' not found
03-08 23:33:31.755   839  1017 E NetlinkEvent: NetlinkEvent::FindParam(): Parameter 'STATE' not found
03-08 23:33:31.755   839  1017 E NetlinkEvent: NetlinkEvent::FindParam(): Parameter 'TIME_NS' not found
03-08 23:33:31.755   839  1017 E NetlinkEvent: NetlinkEvent::FindParam(): Parameter 'UID' not found
03-08 23:33:32.010   839  1017 E NetlinkEvent: NetlinkEvent::FindParam(): Parameter 'INTERFACE' not found
03-08 23:33:32.010   839  1017 E NetlinkEvent: NetlinkEvent::FindParam(): Parameter 'STATE' not found
03-08 23:33:32.010   839  1017 E NetlinkEvent: NetlinkEvent::FindParam(): Parameter 'TIME_NS' not found
03-08 23:33:32.010   839  1017 E NetlinkEvent: NetlinkEvent::FindParam(): Parameter 'UID' not found
03-08 23:33:32.181  1452  2189 I chatty  : uid=1000(system) Binder:1452_6 expire 3 lines
03-08 23:33:32.181  1452  1938 I chatty  : uid=1000(system) ConnectivitySer expire 7 lines
03-08 23:33:35.747  1452  1452 I chatty  : uid=1000 system_server expire 3 lines
03-08 23:35:17.067  1452  1588 I chatty  : uid=1000(system) PowerManagerSer expire 10 lines
03-08 23:35:17.421  1452  1579 I chatty  : uid=1000(system) android.fg expire 5 lines
03-08 23:37:21.604  1452  2966 I chatty  : uid=1000(system) Binder:1452_11 expire 3 lines
03-08 23:37:21.654  1452 11781 I chatty  : uid=1000(system) Binder:1452_1C expire 1 line
03-08 23:39:46.768  1452  1918 I chatty  : uid=1000(system) InputReader expire 1 line
03-08 23:39:47.139  2171  2171 I Telephony: PstnIncomingCallNotifier: Unregistering: Handler (com.qualcomm.qti.internal.telephony.QtiGsmCdmaPhone) {a7c87b1}
03-08 23:39:47.150  1452  2623 I chatty  : uid=1000(system) Binder:1452_8 expire 2 lines
03-08 23:39:47.173  1452 14586 I chatty  : uid=1000(system) Binder:1452_20 expire 4 lines
03-08 23:39:47.177  2171  2171 I Telephony: AccountEntry: Registered phoneAccount: [[ ] PhoneAccount: ComponentInfo{com.android.phone/com.android.services.telephony.TelephonyConnectionService}, [****], UserHandle{0} Capabilities: SuppVideo Video CallProvider MultiUser PlaceEmerg SimSub  Audio Routes: BESW Schemes: tel voicemail  Extras: Bundle[{android.telecom.extra.SORT_ORDER=0, codeaurora.org.extra.ALWAYS_USE_VOIP_AUDIO_MODE=false}] GroupId: [****]] with handle: ComponentInfo{com.android.phone/com.android.services.telephony.TelephonyConnectionService}, [****], UserHandle{0}
03-08 23:39:47.178  2171  2171 I Telephony: PstnIncomingCallNotifier: Registering: Handler (com.qualcomm.qti.internal.telephony.QtiGsmCdmaPhone) {a7c87b1}
03-08 23:39:47.194  2171  2171 I Telephony: PstnPhoneCapabilitiesNotifier: handleVideoCapabilitesChanged. Video capability - true
03-08 23:39:50.012  1452  1567 I chatty  : uid=1000(system) batterystats-sy expire 2 lines
03-08 23:39:51.424  1452 18660 I chatty  : uid=1000(system) UsbDebuggingMan expire 1 line
03-08 23:44:27.753  1452  2896 I chatty  : uid=1000(system) Binder:1452_9 expire 2 lines
03-08 23:44:27.914 21061 21061 D ActivityThread: Loading provider com.whatsapp.provider.contact: com.whatsapp.contact.ContactProvider
03-08 23:45:34.772  1452  1560 I chatty  : uid=1000(system) android.bg expire 1 line
03-08 23:48:09.889  1452 14411 I chatty  : uid=1000(system) Binder:1452_1E expire 3 lines
03-08 23:48:12.011  1452  1452 I chatty  : uid=1000 system_server expire 43 lines
03-08 23:48:12.016  1452  2256 I chatty  : uid=1000(system) uteStateMachine expire 19 lines
03-08 23:48:12.016  1452  2257 I chatty  : uid=1000(system) CallAudioModeSt expire 8 lines
03-08 23:48:12.043  1452  2189 I chatty  : uid=1000(system) Binder:1452_6 expire 60 lines
03-08 23:48:12.100  1452  1902 I chatty  : uid=1000(system) android.anim expire 1 line
03-08 23:48:12.129  2171  2171 I Telephony: TelephonyConnectionService: onCreateOutgoingConnection, request: ConnectionRequest xxxxxxxxxxxxxxxxxxxx Bundle[mParcelledData.dataSize=828]: (SBC.oSC)->CS.crCo->H.CS.crCo->H.CS.crCo.pICR@E-FRE
03-08 23:48:12.185  2171  2171 I Telephony: GsmConnection: isAddParticipantCapable: isCapable = false: (SBC.oSC)->CS.crCo->H.CS.crCo->H.CS.crCo.pICR@E-FRE
03-08 23:48:12.206  2171  2171 I chatty  : uid=1001(radio) com.android.phone identical 2 lines
03-08 23:48:12.207  2171  2171 I Telephony: GsmConnection: isAddParticipantCapable: isCapable = false: (SBC.oSC)->CS.crCo->H.CS.crCo->H.CS.crCo.pICR@E-FRE
03-08 23:48:12.223  2171  2171 I Telephony: GsmConnection: isAddParticipantCapable: isCapable = false
03-08 23:48:12.224  1452  1561 I chatty  : uid=1000(system) ActivityManager expire 7 lines
03-08 23:48:12.226  2171  2171 I Telephony: GsmConnection: isAddParticipantCapable: isCapable = false
03-08 23:48:12.227  2171  2171 I Telephony: GsmConnection: isAddParticipantCapable: isCapable = false
03-08 23:48:12.235  2171  2171 I Telephony: TelephonyConnectionService: notifyCreateConnectionComplete TC@15_1: (...->CSW.hCCC)->CS.crCoC->H.CS.crCoC@E-E-E-FRE
03-08 23:48:12.236  2171  2171 I Telephony: TelephonyConnectionService: updatePhoneAccount setPhoneAccountHandle, account = ComponentInfo{com.android.phone/com.android.services.telephony.TelephonyConnectionService}, [****], UserHandle{0}: (...->CSW.hCCC)->CS.crCoC->H.CS.crCoC@E-E-E-FRE
03-08 23:48:12.261  1452  2963 I chatty  : uid=1000(system) Binder:1452_F expire 7 lines
03-08 23:48:12.485   839  1017 E NetlinkEvent: NetlinkEvent::FindParam(): Parameter 'INTERFACE' not found
03-08 23:48:12.485   839  1017 E NetlinkEvent: NetlinkEvent::FindParam(): Parameter 'STATE' not found
03-08 23:48:12.485   839  1017 E NetlinkEvent: NetlinkEvent::FindParam(): Parameter 'TIME_NS' not found
03-08 23:48:12.485   839  1017 E NetlinkEvent: NetlinkEvent::FindParam(): Parameter 'UID' not found
03-08 23:48:13.177  2171  2171 I Telephony: GsmConnection: isAddParticipantCapable: isCapable = false
03-08 23:48:13.179  2171  2171 I Telephony: GsmConnection: isAddParticipantCapable: isCapable = false
03-08 23:48:13.223  2171  2171 I Telephony: GsmConnection: isAddParticipantCapable: isCapable = false
03-08 23:48:13.223  2171  2171 I Telephony: GsmConnection: isAddParticipantCapable: isCapable = false
03-08 23:48:13.226  1452  2255 I chatty  : uid=1000(system) BluetoothRouteM expire 2 lines
03-08 23:48:13.247  1452 14586 I chatty  : uid=1000(system) Binder:1452_20 expire 38 lines
03-08 23:48:15.994  1452  1452 I chatty  : uid=1000 system_server expire 34 lines
03-08 23:48:15.996  1452  2256 I chatty  : uid=1000(system) uteStateMachine expire 18 lines
03-08 23:48:15.997  1452  2257 I chatty  : uid=1000(system) CallAudioModeSt expire 8 lines
03-08 23:48:16.210  1452  2189 I chatty  : uid=1000(system) Binder:1452_6 expire 1 line
03-08 23:48:16.275  1452  1902 I chatty  : uid=1000(system) android.anim expire 1 line
03-08 23:48:16.289  1452  2962 I chatty  : uid=1000(system) Binder:1452_E expire 1 line
03-08 23:48:16.290  2171  2171 I Telephony: TelephonyConnectionService: onCreateOutgoingConnection, request: ConnectionRequest xxxxxxxxxxxxxxxxxxxx Bundle[mParcelledData.dataSize=820]: (SBC.oSC)->CS.crCo->H.CS.crCo->H.CS.crCo.pICR@E-Fk0
