03-08 23:52:29.333  1452  8413 I Telecom : Event: RecordEntry TC@24: SET_DIALING, successful outgoing call: (...->CS.crCo->H.CS.crCo->H.CS.crCo.pICR)->CSW.hCCC@E-E-IIg
03-08 23:52:29.333  2171  2171 I Telephony: GsmConnection: isAddParticipantCapable: isCapable = false
03-08 23:52:29.333  1452  8413 I Telecom : TelecomWakeLock: WakeLock already released with id: 26: (...->CS.crCo->H.CS.crCo->H.CS.crCo.pICR)->CSW.hCCC@E-E-IIg
03-08 23:52:29.333  1452  8413 I Telecom : InCallWakeLockController: Releasing full wake lock: (...->CS.crCo->H.CS.crCo->H.CS.crCo.pICR)->CSW.hCCC@E-E-IIg
03-08 23:52:29.333  1452  8413 I Telecom : IncomingCallNotifier: updateIncomingCall: foundIncomingcall = null: (...->CS.crCo->H.CS.crCo->H.CS.crCo.pICR)->CSW.hCCC@E-E-IIg
03-08 23:52:29.335  1452  2257 I Telecom : CallAudioModeStateMachine: Message received: NEW_ACTIVE_OR_DIALING_CALL.: (...->CS.crCo->H.CS.crCo->H.CS.crCo.pICR)->CSW.hCCC->CAMSM.pM_2001@E-E-IIg
03-08 23:52:29.335  1452  1561 W BroadcastQueue: Permission Denial: receiving Intent { act=android.intent.action.PHONE_STATE flg=0x1000010 (has extras) } to com.google.android.apps.tachyon/.PhoneStateMonitor requires android.permission.READ_PRIVILEGED_PHONE_STATE due to sender android (uid 1000)
03-08 23:52:29.336  1452  8413 I Telecom : PhoneStateBroadcaster: Broadcasted state change: 2: (...->CS.crCo->H.CS.crCo->H.CS.crCo.pICR)->CSW.hCCC@E-E-IIg
03-08 23:52:29.336  1452  1561 W BroadcastQueue: Permission Denial: receiving Intent { act=android.intent.action.PHONE_STATE flg=0x1000010 (has extras) } to ProcessRecord{23c45f4 2004:com.android.systemui/u0a33} (pid=2004, uid=10033) requires android.permission.READ_PHONE_STATE due to sender android (uid 1000)
03-08 23:52:29.337  2171  2171 I Telephony: GsmConnection: isAddParticipantCapable: isCapable = false
03-08 23:52:29.338  1452  8413 I Telecom : InCallController: Sending updateCall [TC@24, DIALING, com.android.phone/com.android.services.telephony.TelephonyConnectionService, tel:***********, A, childs(0), has_parent(false), [Capabilities: CAPABILITY_SUPPORT_HOLD CAPABILITY_MUTE CAPABILITY_CANNOT_DOWNGRADE_VIDEO_TO_AUDIO], [Properties:]]: (...->CS.crCo->H.CS.crCo->H.CS.crCo.pICR)->CSW.hCCC@E-E-IIg
03-08 23:52:29.338  1452  8413 I Telecom : InCallController: Components updated: [ComponentInfo{com.google.android.dialer/com.android.incallui.InCallServiceImpl}]: (...->CS.crCo->H.CS.crCo->H.CS.crCo.pICR)->CSW.hCCC@E-E-IIg
03-08 23:52:29.338  2171  2171 I Telephony: GsmConnection: isAddParticipantCapable: isCapable = false
03-08 23:52:29.339  1452  2256 I Telecom : CallAudioRouteStateMachine: Message received: UPDATE_SYSTEM_AUDIO_ROUTE=1201, arg1=0: (...->CS.crCo->H.CS.crCo->H.CS.crCo.pICR)->CSW.hCCC->CARSM.pM_UPDATE_SYSTEM_AUDIO_ROUTE@E-E-IIg
03-08 23:52:29.339  1452  8413 I Telecom : InCallController: Sending updateCall [TC@24, DIALING, com.android.phone/com.android.services.telephony.TelephonyConnectionService, tel:***********, A, childs(0), has_parent(false), [Capabilities: CAPABILITY_SUPPORT_HOLD CAPABILITY_MUTE CAPABILITY_CANNOT_DOWNGRADE_VIDEO_TO_AUDIO], [Properties:]]: (...->CS.crCo->H.CS.crCo->H.CS.crCo.pICR)->CSW.hCCC@E-E-IIg
03-08 23:52:29.340  1452  8413 I Telecom : InCallController: Components updated: [ComponentInfo{com.google.android.dialer/com.android.incallui.InCallServiceImpl}]: (...->CS.crCo->H.CS.crCo->H.CS.crCo.pICR)->CSW.hCCC@E-E-IIg
03-08 23:52:29.340  1452  8413 I Telecom : CallsManager: setCallState DIALING -> DIALING, call: [TC@24, DIALING, com.android.phone/com.android.services.telephony.TelephonyConnectionService, tel:***********, A, childs(0), has_parent(false), [Capabilities: CAPABILITY_SUPPORT_HOLD CAPABILITY_MUTE CAPABILITY_CANNOT_DOWNGRADE_VIDEO_TO_AUDIO], [Properties:]]: (...->CS.crCo->H.CS.crCo->H.CS.crCo.pICR)->CSW.hCCC@E-E-IIg
03-08 23:52:29.341  1452  8413 I Telecom : InCallController: Sending updateCall [TC@24, DIALING, com.android.phone/com.android.services.telephony.TelephonyConnectionService, tel:***********, A, childs(0), has_parent(false), [Capabilities: CAPABILITY_SUPPORT_HOLD CAPABILITY_MUTE], [Properties:]]: CSW.sCC@IJA
03-08 23:52:29.341  1452  8413 I Telecom : InCallController: Components updated: [ComponentInfo{com.google.android.dialer/com.android.incallui.InCallServiceImpl}]: CSW.sCC@IJA
03-08 23:52:29.341  1452  8413 I Telecom : Event: RecordEntry TC@24: CAPABILITY_CHANGE, Current: [[ sup_hld mut]], Removed [[ !v2a]], Added [[]]: CSW.sCC@IJA
03-08 23:52:29.342  1452  2256 I Telecom : CallAudioRouteStateMachine: setSystemAudioState: changing from [AudioState isMuted: false, route: EARPIECE, supportedRouteMask: EARPIECE, SPEAKER] to [AudioState isMuted: false, route: EARPIECE, supportedRouteMask: EARPIECE, SPEAKER]: (...->CS.crCo->H.CS.crCo->H.CS.crCo.pICR)->CSW.hCCC->CARSM.pM_UPDATE_SYSTEM_AUDIO_ROUTE@E-E-IIg
03-08 23:52:29.342  1452  2256 I Telecom : InCallController: Calling onAudioStateChanged, audioState: [AudioState isMuted: false, route: EARPIECE, supportedRouteMask: EARPIECE, SPEAKER] -> [AudioState isMuted: false, route: EARPIECE, supportedRouteMask: EARPIECE, SPEAKER]: (...->CS.crCo->H.CS.crCo->H.CS.crCo.pICR)->CSW.hCCC->CARSM.pM_UPDATE_SYSTEM_AUDIO_ROUTE@E-E-IIg
03-08 23:52:29.343  1452  8413 I Telecom : InCallController: Sending updateCall [TC@24, DIALING, com.android.phone/com.android.services.telephony.TelephonyConnectionService, tel:***********, A, childs(0), has_parent(false), [Capabilities: CAPABILITY_SUPPORT_HOLD CAPABILITY_MUTE], [Properties:]]: CSW.pE@IJI
03-08 23:52:29.344  1452  8413 I Telecom : InCallController: Components updated: [ComponentInfo{com.google.android.dialer/com.android.incallui.InCallServiceImpl}]: CSW.pE@IJI
03-08 23:52:29.345  1452  8413 I Telecom : InCallController: Sending updateCall [TC@24, DIALING, com.android.phone/com.android.services.telephony.TelephonyConnectionService, tel:***********, A, childs(0), has_parent(false), [Capabilities: CAPABILITY_SUPPORT_HOLD CAPABILITY_MUTE], [Properties:]]: CSW.sSH@IJQ
03-08 23:52:29.345  1452  8413 I Telecom : InCallController: Components updated: [ComponentInfo{com.google.android.dialer/com.android.incallui.InCallServiceImpl}]: CSW.sSH@IJQ
03-08 23:52:29.345  2171  2171 I Telephony: TelephonyConnectionService: notifyCreateConnectionComplete TC@24_1: (...->CSW.hCCC)->CS.crCoC->H.CS.crCoC@E-E-E-IIg
03-08 23:52:29.346  1452  8413 I Telecom : InCallController: Sending updateCall [TC@24, DIALING, com.android.phone/com.android.services.telephony.TelephonyConnectionService, tel:***********, A, childs(0), has_parent(false), [Capabilities: CAPABILITY_SUPPORT_HOLD CAPABILITY_MUTE], [Properties:]]: CSW.sCDN@IJU
03-08 23:52:29.346  1452  8413 I Telecom : InCallController: Components updated: [ComponentInfo{com.google.android.dialer/com.android.incallui.InCallServiceImpl}]: CSW.sCDN@IJU
03-08 23:52:29.347  1452  8413 I Telecom : InCallController: Sending updateCall [TC@24, DIALING, com.android.phone/com.android.services.telephony.TelephonyConnectionService, tel:***********, A, childs(0), has_parent(false), [Capabilities: CAPABILITY_SUPPORT_HOLD CAPABILITY_MUTE], [Properties:]]: CSW.pE@IJY
03-08 23:52:29.347  1452  8413 I Telecom : InCallController: Components updated: [ComponentInfo{com.google.android.dialer/com.android.incallui.InCallServiceImpl}]: CSW.pE@IJY
03-08 23:52:29.347  2171  2171 I Telephony: TelephonyConnectionService: updatePhoneAccount setPhoneAccountHandle, account = ComponentInfo{com.android.phone/com.android.services.telephony.TelephonyConnectionService}, [****], UserHandle{0}: (...->CSW.hCCC)->CS.crCoC->H.CS.crCoC@E-E-E-IIg
03-08 23:52:29.348  1452  2963 I Telecom : Event: RecordEntry TC@24: CONNECTION_EVENT, org.codeaurora.event.PHONE_ACCOUNT_CHANGED: (...->CS.crCoC->H.CS.crCoC)->CSW.oCE@E-E-E-E-IIg
03-08 23:52:29.348  1452  2963 I Telecom : InCallController: notifyConnectionEvent {Call: [TC@24, DIALING, com.android.phone/com.android.services.telephony.TelephonyConnectionService, tel:***********, A, childs(0), has_parent(false), [Capabilities: CAPABILITY_SUPPORT_HOLD CAPABILITY_MUTE], [Properties:]], Event: org.codeaurora.event.PHONE_ACCOUNT_CHANGED, Extras:[Bundle[{emr_dial_account=ComponentInfo{com.android.phone/com.android.services.telephony.TelephonyConnectionService}, [****], UserHandle{0}}]]}: (...->CS.crCoC->H.CS.crCoC)->CSW.oCE@E-E-E-E-IIg
03-08 23:52:29.356  1452  2965 W BroadcastQueue: Permission Denial: receiving Intent { act=android.intent.action.PHONE_STATE flg=0x1000010 (has extras) } to com.google.android.apps.tachyon/.PhoneStateMonitor requires android.permission.READ_PHONE_STATE due to sender android (uid 1000)
03-08 23:52:29.357  1452  1561 W BroadcastQueue: Permission Denial: receiving Intent { act=android.intent.action.PHONE_STATE flg=0x1000010 (has extras) } to com.google.android.ims/.receivers.PhoneStateChangedReceiver requires android.permission.READ_PHONE_STATE due to sender android (uid 1000)
03-08 23:52:29.997  1452  2962 I Telecom : InCallController: Sending updateCall [TC@24, DIALING, com.android.phone/com.android.services.telephony.TelephonyConnectionService, tel:***********, A, childs(0), has_parent(false), [Capabilities: CAPABILITY_SUPPORT_HOLD CAPABILITY_MUTE], [Properties: PROPERTY_HIGH_DEF_AUDIO]]: CSW.sCP@ISc
03-08 23:52:29.998  1452  2962 I Telecom : InCallController: Components updated: [ComponentInfo{com.google.android.dialer/com.android.incallui.InCallServiceImpl}]: CSW.sCP@ISc
03-08 23:52:29.998  1452  2962 I Telecom : Event: RecordEntry TC@24: PROPERTY_CHANGE, Current: [[ HD]], Removed [[]], Added [[ HD]]: CSW.sCP@ISc
03-08 23:52:30.005  1452  1948 I Telecom : InCallController: Sending updateCall [TC@24, DIALING, com.android.phone/com.android.services.telephony.TelephonyConnectionService, tel:***********, A, childs(0), has_parent(false), [Capabilities: CAPABILITY_SUPPORT_HOLD CAPABILITY_MUTE], [Properties: PROPERTY_HIGH_DEF_AUDIO]]: CSW.pE@ISk
03-08 23:52:30.006  1452  1948 I Telecom : InCallController: Components updated: [ComponentInfo{com.google.android.dialer/com.android.incallui.InCallServiceImpl}]: CSW.pE@ISk
03-08 23:52:30.007  1452  1948 I Telecom : InCallController: Sending updateCall [TC@24, DIALING, com.android.phone/com.android.services.telephony.TelephonyConnectionService, tel:***********, A, childs(0), has_parent(false), [Capabilities: CAPABILITY_SUPPORT_HOLD CAPABILITY_MUTE], [Properties: PROPERTY_HIGH_DEF_AUDIO]]: CSW.sSH@ISo
03-08 23:52:30.008  1452  1948 I Telecom : InCallController: Components updated: [ComponentInfo{com.google.android.dialer/com.android.incallui.InCallServiceImpl}]: CSW.sSH@ISo
03-08 23:52:30.010  2171  2171 I Telephony: GsmConnection: isAddParticipantCapable: isCapable = false
03-08 23:52:30.014  2171  2171 I Telephony: GsmConnection: isAddParticipantCapable: isCapable = false
03-08 23:52:31.394  1452  2962 I Telecom : Event: RecordEntry TC@24: REQUEST_DISCONNECT, null: ICA.dC(InCall package: com.google.android.dialer)@IW4
03-08 23:52:31.395  1452  2962 I Telecom : Call: Send disconnect to connection service for call: [TC@24, DIALING, com.android.phone/com.android.services.telephony.TelephonyConnectionService, tel:***********, A, childs(0), has_parent(false), [Capabilities: CAPABILITY_SUPPORT_HOLD CAPABILITY_MUTE], [Properties: PROPERTY_HIGH_DEF_AUDIO]]: ICA.dC(InCall package: com.google.android.dialer)@IW4
03-08 23:52:31.412  1452  2962 I Telecom : InCallController: Sending updateCall [TC@24, DIALING, com.android.phone/com.android.services.telephony.TelephonyConnectionService, tel:***********, A, childs(0), has_parent(false), [Capabilities: CAPABILITY_SUPPORT_HOLD CAPABILITY_MUTE], [Properties: PROPERTY_HIGH_DEF_AUDIO]]: CSW.sSH@IW8
03-08 23:52:31.413  1452  2962 I Telecom : InCallController: Components updated: [ComponentInfo{com.google.android.dialer/com.android.incallui.InCallServiceImpl}]: CSW.sSH@IW8
03-08 23:52:31.414  2171  2171 I Telephony: GsmConnection: isAddParticipantCapable: isCapable = false
03-08 23:52:31.417  2171  2171 I Telephony: GsmConnection: isAddParticipantCapable: isCapable = false
03-08 23:52:31.438  1452  2963 I Telecom : InCallController: Sending updateCall [TC@24, DIALING, com.android.phone/com.android.services.telephony.TelephonyConnectionService, tel:***********, A, childs(0), has_parent(false), [Capabilities: CAPABILITY_SUPPORT_HOLD CAPABILITY_MUTE], [Properties: PROPERTY_HIGH_DEF_AUDIO]]: CSW.pE@IXY
03-08 23:52:31.439  1452  2963 I Telecom : InCallController: Components updated: [ComponentInfo{com.google.android.dialer/com.android.incallui.InCallServiceImpl}]: CSW.pE@IXY
03-08 23:52:31.439  1452  2963 I Telecom : InCallController: Sending updateCall [TC@24, DIALING, com.android.phone/com.android.services.telephony.TelephonyConnectionService, tel:***********, A, childs(0), has_parent(false), [Capabilities: CAPABILITY_SUPPORT_HOLD CAPABILITY_MUTE], [Properties: PROPERTY_HIGH_DEF_AUDIO]]: CSW.sSH@IXc
03-08 23:52:31.440  1452  2963 I Telecom : InCallController: Components updated: [ComponentInfo{com.google.android.dialer/com.android.incallui.InCallServiceImpl}]: CSW.sSH@IXc
03-08 23:52:31.440  1452  2963 I Telecom : InCallController: Sending updateCall [TC@24, DIALING, com.android.phone/com.android.services.telephony.TelephonyConnectionService, tel:***********, A, childs(0), has_parent(false), [Capabilities: CAPABILITY_SUPPORT_HOLD CAPABILITY_MUTE], [Properties: PROPERTY_HIGH_DEF_AUDIO]]: CSW.sCC@IXg
03-08 23:52:31.441  1452  2963 I Telecom : InCallController: Components updated: [ComponentInfo{com.google.android.dialer/com.android.incallui.InCallServiceImpl}]: CSW.sCC@IXg
03-08 23:52:31.441  1452  2963 I Telecom : InCallController: Sending updateCall [TC@24, DIALING, com.android.phone/com.android.services.telephony.TelephonyConnectionService, tel:***********, A, childs(0), has_parent(false), [Capabilities: CAPABILITY_SUPPORT_HOLD CAPABILITY_MUTE], [Properties: PROPERTY_HIGH_DEF_AUDIO]]: CSW.sCC@IXk
03-08 23:52:31.441  2171  2171 I Telephony: GsmConnection: isAddParticipantCapable: isCapable = false
03-08 23:52:31.442  2171  2171 I Telephony: GsmConnection: isAddParticipantCapable: isCapable = false
03-08 23:52:31.442  1452  2963 I Telecom : InCallController: Components updated: [ComponentInfo{com.google.android.dialer/com.android.incallui.InCallServiceImpl}]: CSW.sCC@IXk
03-08 23:52:31.442  1452  2963 I Telecom : CallsManager: setCallState DIALING -> DISCONNECTED, call: [TC@24, DIALING, com.android.phone/com.android.services.telephony.TelephonyConnectionService, tel:***********, A, childs(0), has_parent(false), [Capabilities: CAPABILITY_SUPPORT_HOLD CAPABILITY_MUTE], [Properties: PROPERTY_HIGH_DEF_AUDIO]]: CSW.sDc@IXo
03-08 23:52:31.442  1452  2963 I Telecom : Event: RecordEntry TC@24: SET_DISCONNECTED, disconnected set explicitly> DisconnectCause [ Code: (LOCAL) Label: () Description: () Reason: (LOCAL) Tone: (27) ]: CSW.sDc@IXo
03-08 23:52:31.443  1452  2963 I Telecom : InCallController: onCanAddCallChanged : true: CSW.sDc@IXo
03-08 23:52:31.443  1452  2963 I Telecom : TelecomWakeLock: WakeLock already released with id: 26: CSW.sDc@IXo
03-08 23:52:31.443  1452  2963 I Telecom : InCallWakeLockController: Releasing full wake lock: CSW.sDc@IXo
03-08 23:52:31.443  1452  2963 I Telecom : IncomingCallNotifier: updateIncomingCall: foundIncomingcall = null: CSW.sDc@IXo
03-08 23:52:31.444  1452  2256 I Telecom : CallAudioRouteStateMachine: Message received: UPDATE_SYSTEM_AUDIO_ROUTE=1201, arg1=0: CSW.sDc->CARSM.pM_UPDATE_SYSTEM_AUDIO_ROUTE@IXo
03-08 23:52:31.444  1452  2963 I Telecom : CallAudioManager: is ConfURI call disconnected = false call = [TC@24, DISCONNECTED, com.android.phone/com.android.services.telephony.TelephonyConnectionService, tel:***********, A, childs(0), has_parent(false), [Capabilities: CAPABILITY_SUPPORT_HOLD CAPABILITY_MUTE], [Properties: PROPERTY_HIGH_DEF_AUDIO]]: CSW.sDc@IXo
03-08 23:52:31.445  1452  2257 I Telecom : CallAudioModeStateMachine: Message received: TONE_STARTED_PLAYING.: CSW.sDc->CAMSM.pM_3001@IXo
03-08 23:52:31.446  1452  2257 I Telecom : CallAudioModeStateMachine: Message received: NO_MORE_ACTIVE_OR_DIALING_CALLS.: CSW.sDc->CAMSM.pM_1001@IXo
03-08 23:52:31.446  1452  2255 I Telecom : BluetoothRouteManager: Running runnable for testing
03-08 23:52:31.446  1452  2257 I Telecom : CallAudioModeStateMachine: Audio focus entering TONE/HOLDING state: CSW.sDc->CAMSM.pM_1001@IXo
03-08 23:52:31.446  1452  2255 W Telecom : Logging: Log.endSession was called with no session active.
03-08 23:52:31.451  1452  2963 W ContextImpl: Calling a method in the system process without a qualified user: android.app.ContextImpl.sendBroadcast:965 android.content.ContextWrapper.sendBroadcast:436 com.android.server.telecom.CallLogManager.sendAddCallBroadcast:435 com.android.server.telecom.CallLogManager.logCall:282 com.android.server.telecom.CallLogManager.logCall:227 
03-08 23:52:31.453  1452  1561 W BroadcastQueue: Permission Denial: receiving Intent { act=android.intent.action.PHONE_STATE flg=0x1000010 (has extras) } to com.google.android.apps.tachyon/.PhoneStateMonitor requires android.permission.READ_PRIVILEGED_PHONE_STATE due to sender android (uid 1000)
03-08 23:52:31.454  1452  2963 I Telecom : PhoneStateBroadcaster: Broadcasted state change: 0: CSW.sDc@IXo
03-08 23:52:31.455  1452  1561 W BroadcastQueue: Permission Denial: receiving Intent { act=android.intent.action.PHONE_STATE flg=0x1000010 (has extras) } to ProcessRecord{23c45f4 2004:com.android.systemui/u0a33} (pid=2004, uid=10033) requires android.permission.READ_PHONE_STATE due to sender android (uid 1000)
03-08 23:52:31.456  1452  2963 I Telecom : InCallController: Sending updateCall [TC@24, DISCONNECTED, com.android.phone/com.android.services.telephony.TelephonyConnectionService, tel:***********, A, childs(0), has_parent(false), [Capabilities: CAPABILITY_SUPPORT_HOLD CAPABILITY_MUTE], [Properties: PROPERTY_HIGH_DEF_AUDIO]]: CSW.sDc@IXo
03-08 23:52:31.457  1452  2963 I Telecom : InCallController: Components updated: [ComponentInfo{com.google.android.dialer/com.android.incallui.InCallServiceImpl}]: CSW.sDc@IXo
03-08 23:52:31.458  1452  2963 I Telecom : ConnectionServiceWrapper: Service unbound ComponentInfo{com.android.phone/com.android.services.telephony.TelephonyConnectionService}, from unbind.: CSW.rC@IXs
03-08 23:52:31.460  1452  2963 I Telecom : Event: RecordEntry TC@24: DESTROYED, null: CSW.rC@IXs
03-08 23:52:31.460  1452  2963 I Telecom : TelecomWakeLock: WakeLock already released with id: 26: CSW.rC@IXs
03-08 23:52:31.460  1452  2963 I Telecom : InCallWakeLockController: Releasing full wake lock: CSW.rC@IXs
03-08 23:52:31.460  1452  2963 I Telecom : IncomingCallNotifier: updateIncomingCall: foundIncomingcall = null: CSW.rC@IXs
03-08 23:52:31.461  1452  2963 I Telecom : InCallController: onCallRemoved: [TC@24, DISCONNECTED, null, tel:***********, A, childs(0), has_parent(false), [Capabilities: CAPABILITY_SUPPORT_HOLD CAPABILITY_MUTE], [Properties: PROPERTY_HIGH_DEF_AUDIO]]: CSW.rC@IXs
03-08 23:52:31.461  1452  2963 I Telecom : ProximitySensorManager: All calls removed, resetting proximity sensor to default state: CSW.rC@IXs
03-08 23:52:31.461  1452  2963 I Telecom : TelecomWakeLock: WakeLock already released with id: 32: CSW.rC@IXs
03-08 23:52:31.463  1452  2256 I Telecom : CallAudioRouteStateMachine: setSystemAudioState: changing from [AudioState isMuted: false, route: EARPIECE, supportedRouteMask: EARPIECE, SPEAKER] to [AudioState isMuted: false, route: EARPIECE, supportedRouteMask: EARPIECE, SPEAKER]: CSW.sDc->CARSM.pM_UPDATE_SYSTEM_AUDIO_ROUTE@IXo
03-08 23:52:31.463  1452  2256 I Telecom : InCallController: Calling onAudioStateChanged, audioState: [AudioState isMuted: false, route: EARPIECE, supportedRouteMask: EARPIECE, SPEAKER] -> [AudioState isMuted: false, route: EARPIECE, supportedRouteMask: EARPIECE, SPEAKER]: CSW.sDc->CARSM.pM_UPDATE_SYSTEM_AUDIO_ROUTE@IXo
03-08 23:52:31.465  1452 11781 W BroadcastQueue: Permission Denial: receiving Intent { act=android.intent.action.PHONE_STATE flg=0x1000010 (has extras) } to com.google.android.apps.tachyon/.PhoneStateMonitor requires android.permission.READ_PHONE_STATE due to sender android (uid 1000)
03-08 23:52:31.466  1452  1561 W BroadcastQueue: Permission Denial: receiving Intent { act=android.intent.action.PHONE_STATE flg=0x1000010 (has extras) } to com.google.android.ims/.receivers.PhoneStateChangedReceiver requires android.permission.READ_PHONE_STATE due to sender android (uid 1000)
03-08 23:52:31.598  1452  2256 I Telecom : CallAudioRouteStateMachine: Message received: SWITCH_FOCUS=4001, arg1=2: CSW.sDc->CAMSM.pM_1001->CARSM.pM_SWITCH_FOCUS@IXo
03-08 23:52:31.997  1452  2257 I Telecom : CallAudioModeStateMachine: Message received: TONE_STOPPED_PLAYING.: CSW.sDc->ICTP.r->ICTP.cUTP->CAMSM.pM_3002@IXo
03-08 23:52:31.998  1452  2257 I Telecom : CallAudioModeStateMachine: Abandoning audio focus: now UNFOCUSED: CSW.sDc->ICTP.r->ICTP.cUTP->CAMSM.pM_3002@IXo
03-08 23:52:32.128  1452  2256 I Telecom : CallAudioRouteStateMachine: Message received: SWITCH_FOCUS=4001, arg1=1: CSW.sDc->ICTP.r->ICTP.cUTP->CAMSM.pM_3002->CARSM.pM_SWITCH_FOCUS@IXo
03-08 23:52:32.129  1452  2256 I Telecom : Logging.Events: Non-call EVENT: UNMUTE, null: CSW.sDc->ICTP.r->ICTP.cUTP->CAMSM.pM_3002->CARSM.pM_SWITCH_FOCUS@IXo
03-08 23:52:32.130  1452  2256 I Telecom : Logging.Events: Non-call EVENT: AUDIO_ROUTE, Leaving state ActiveEarpieceRoute: CSW.sDc->ICTP.r->ICTP.cUTP->CAMSM.pM_3002->CARSM.pM_SWITCH_FOCUS@IXo
03-08 23:52:32.130  1452  2256 I Telecom : Logging.Events: Non-call EVENT: AUDIO_ROUTE, Entering state QuiescentEarpieceRoute: CSW.sDc->ICTP.r->ICTP.cUTP->CAMSM.pM_3002->CARSM.pM_SWITCH_FOCUS@IXo
03-08 23:52:33.463  1452  1452 I Telecom : EmergencyInCallServiceConnection: Disconnect forced!: CSW.rC->ICC.oCR@IXs
03-08 23:52:33.921  1452  1567 E BatteryStatsService: no controller energy info supplied
03-08 23:52:33.922  1452  1561 W BroadcastQueue: Background execution not allowed: receiving Intent { act=android.intent.action.ACTION_POWER_DISCONNECTED flg=0x4000010 (has extras) } to com.google.android.apps.photos/.scheduler.PowerReceiver
03-08 23:52:34.313  1452  1452 I EntropyMixer: Writing entropy...
03-08 23:52:34.317  1452  1567 E BatteryStatsService: no controller energy info supplied
03-08 23:52:34.321  1452  1561 W BroadcastQueue: Background execution not allowed: receiving Intent { act=android.intent.action.ACTION_POWER_CONNECTED flg=0x4000010 (has extras) } to com.google.android.apps.photos/.scheduler.PowerReceiver
03-08 23:52:34.564  1452 18660 D UsbDebuggingManager: Received public key: QAAAAKOdV3T1gd2k4TGsvIGe1R/LQoNKXMP7DaVPDGs6ZfEccc0bI4pWkE71nyCfXGxW2YryYSKzpioxSNA5tQdpUCxdhBcnlnSlXd0VfSDNQYU7Zwgv7ZeLPldCU3z91Zqy/VHdCmv5fJ9xXDY/FuxObYfFebUBsAxKhH5KrZpeEfPfS4pIqLEPodWuJWfSV4k1W16LTmbdIKwqu5Q699xGpUjbzsuLJDzUQiN8TQkV6Hx1w1c2Uh9HTTS5aqeX0lO5EvMGem4TJxQVz6eAkPNd+Yiw0DtHCvqBTbBnC0zlOCIMrNxl0J+6EMT/tg5ZFQ7OJGfljExq8mfCILsb9/LUFmU1tBL7xGgJ7yEa9X3OsuO6Unffpl2f0ngFIF257ulLXS3YGF4r9S4mDpcqD45IYwWWuRKu9TkZy2D/jg3sZTf7lzYPT5fK7kyNrzCsWoyVsUcbUthEerYDqP4sOql0r9R9RdmrsNSlFdfrJAWpT0DpZUoHC5Oj38R3e9QCeoMmLMTOyPRjEtY0vsfqXVOVenBMfxHZNoqtSwhZXTNdoL4FH6321H9M2d3YalKQYqKzStYCus73y8kdfspYfsG1r+lEfP8dyMhhrUqDy8H06gXoi1LWL5gIqQdOopvZOl4mxQWc05lIMLoGimYvc7llf7RJyn6SQa/v81NdbeplPKdx7YMxrAEAAQA=
03-08 23:52:34.566  1452  1579 I ActivityManager: START u0 {flg=0x10000000 cmp=com.android.systemui/.usb.UsbDebuggingActivity (has extras)} from uid 1000
03-08 23:52:52.109  1452  1452 I Telecom : CallIntentProcessor: onReceive - isUnknownCall: false: PCR.oR@Ig0
03-08 23:52:52.112  1452  1452 I Telecom : LogUtils: EventRecord added as Call: [TC@25, NEW, null, tel:*** **** ****, A, childs(0), has_parent(false), [Capabilities:], [Properties:]]: PCR.oR@Ig0
03-08 23:52:52.112  1452  1452 I Telecom : Event: RecordEntry TC@25: CREATED, null: PCR.oR@Ig0
03-08 23:52:52.112  1452  1452 I Telecom : Event: RecordEntry TC@25: SET_CONNECTING, ComponentInfo{com.android.phone/com.android.services.telephony.TelephonyConnectionService}, [****], UserHandle{0}: PCR.oR@Ig0
03-08 23:52:52.113  1452  1452 I Telecom : InCallController: onCanAddCallChanged : false: PCR.oR@Ig0
03-08 23:52:52.113  1452  1452 I Telecom : TelecomWakeLock: WakeLock already released with id: 26: PCR.oR@Ig0
03-08 23:52:52.113  1452  1452 I Telecom : InCallWakeLockController: Releasing full wake lock: PCR.oR@Ig0
03-08 23:52:52.113  1452  1452 I Telecom : IncomingCallNotifier: updateIncomingCall: foundIncomingcall = null: PCR.oR@Ig0
03-08 23:52:52.114  1452  2256 I Telecom : CallAudioRouteStateMachine: Message received: UPDATE_SYSTEM_AUDIO_ROUTE=1201, arg1=0: PCR.oR->CARSM.pM_UPDATE_SYSTEM_AUDIO_ROUTE@Ig0
03-08 23:52:52.114  1452  1452 I Telecom : InCallController: onCallAdded: [TC@25, CONNECTING, null, tel:*** **** ****, A, childs(0), has_parent(false), [Capabilities:], [Properties:]]; not bound or connected.: PCR.oR@Ig0
03-08 23:52:52.114  1452  2257 I Telecom : CallAudioModeStateMachine: Message received: NEW_ACTIVE_OR_DIALING_CALL.: PCR.oR->CAMSM.pM_2001@Ig0
03-08 23:52:52.115  1452  2257 I Telecom : CallAudioModeStateMachine: Audio focus entering SIM CALL state: PCR.oR->CAMSM.pM_2001@Ig0
03-08 23:52:52.115  1452  1452 I Telecom : InCallController: defaultDialer: null: PCR.oR@Ig0
03-08 23:52:52.115  1452  1452 I Telecom : InCallController: defaultDialer: null: PCR.oR@Ig0
03-08 23:52:52.116  1452  1452 I Telecom : CarSwappingInCallServiceConnection: carmodechange: false => false: PCR.oR@Ig0
03-08 23:52:52.116  1452  1452 I Telecom : EmergencyCallHelper: ShouldGrantTemporaryLocationPermission, disabled by config: PCR.oR@Ig0
03-08 23:52:52.116  1452  1452 I Telecom : EmergencyInCallServiceConnection: Attempting to bind to InCall [ComponentInfo{com.google.android.dialer/com.android.incallui.InCallServiceImpl} supportsExternal? true supportsSelfMg?false], with Intent { act=android.telecom.InCallService cmp=com.google.android.dialer/com.android.incallui.InCallServiceImpl (has extras) }: PCR.oR@Ig0
03-08 23:52:52.123  1452  1452 I Telecom : NewOutgoingCallIntentBroadcaster: Sending NewOutgoingCallBroadcast for [TC@25, CONNECTING, null, tel:*** **** ****, A, childs(0), has_parent(false), [Capabilities:], [Properties:]] to UserHandle{0}: PCR.oR@Ig0
03-08 23:52:52.125  1452  2256 I Telecom : CallAudioRouteStateMachine: setSystemAudioState: changing from [AudioState isMuted: false, route: EARPIECE, supportedRouteMask: EARPIECE, SPEAKER] to [AudioState isMuted: false, route: EARPIECE, supportedRouteMask: EARPIECE, SPEAKER]: PCR.oR->CARSM.pM_UPDATE_SYSTEM_AUDIO_ROUTE@Ig0
03-08 23:52:52.126  1452  2256 I Telecom : InCallController: Calling onAudioStateChanged, audioState: [AudioState isMuted: false, route: EARPIECE, supportedRouteMask: EARPIECE, SPEAKER] -> [AudioState isMuted: false, route: EARPIECE, supportedRouteMask: EARPIECE, SPEAKER]: PCR.oR->CARSM.pM_UPDATE_SYSTEM_AUDIO_ROUTE@Ig0
03-08 23:52:52.127  1452  1452 I Telecom : TelecomSystem: CallerInfoAsyncQuery.startQuery number=[****] cookie=PCR.oR->CILH.sL->CILH.sL@Ig0: PCR.oR->CILH.sL@Ig0
03-08 23:52:52.137  1452  2965 I ActivityManager: START u0 {act=android.intent.action.MAIN flg=0x10040000 cmp=com.google.android.dialer/com.android.incallui.InCallActivity (has extras)} from uid 10016
03-08 23:52:52.155  1452  1452 I Telecom : InCallController: onConnected to ComponentInfo{com.google.android.dialer/com.android.incallui.InCallServiceImpl}: ICSBC.oSC@Ig4
03-08 23:52:52.156  1452  1452 I Telecom : InCallController: Adding 1 calls to InCallService after onConnected: ComponentInfo{com.google.android.dialer/com.android.incallui.InCallServiceImpl}, including external calls: ICSBC.oSC@Ig4
03-08 23:52:52.156  1452  1452 I Telecom : InCallController: 1 calls sent to InCallService.: ICSBC.oSC@Ig4
03-08 23:52:52.178  1452  2256 I Telecom : CallAudioRouteStateMachine: Message received: SWITCH_FOCUS=4001, arg1=2: PCR.oR->CAMSM.pM_2001->CARSM.pM_SWITCH_FOCUS@Ig0
03-08 23:52:52.178  1452  2256 I Telecom : Event: RecordEntry TC@25: AUDIO_ROUTE, Leaving state QuiescentEarpieceRoute: PCR.oR->CAMSM.pM_2001->CARSM.pM_SWITCH_FOCUS@Ig0
03-08 23:52:52.178  1452  2256 I Telecom : Event: RecordEntry TC@25: AUDIO_ROUTE, Entering state ActiveEarpieceRoute: PCR.oR->CAMSM.pM_2001->CARSM.pM_SWITCH_FOCUS@Ig0
03-08 23:52:52.179  1452  2256 I Telecom : CallAudioRouteStateMachine: setSystemAudioState: changing from [AudioState isMuted: false, route: EARPIECE, supportedRouteMask: EARPIECE, SPEAKER] to [AudioState isMuted: false, route: EARPIECE, supportedRouteMask: EARPIECE, SPEAKER]: PCR.oR->CAMSM.pM_2001->CARSM.pM_SWITCH_FOCUS@Ig0
03-08 23:52:52.179  1452  2256 I Telecom : InCallController: Calling onAudioStateChanged, audioState: [AudioState isMuted: false, route: EARPIECE, supportedRouteMask: EARPIECE, SPEAKER] -> [AudioState isMuted: false, route: EARPIECE, supportedRouteMask: EARPIECE, SPEAKER]: PCR.oR->CAMSM.pM_2001->CARSM.pM_SWITCH_FOCUS@Ig0
03-08 23:52:52.180  1452  1452 I Telecom : CallerInfoLookupHelper: CI query for handle tel:*** **** **** has completed; notifying all listeners.: PCR.oR->CILH.sL->CILH.oQC@Ig0
03-08 23:52:52.180  1452  1452 I Telecom : Call: CallerInfo received for tel:*** **** ****: com.android.internal.telephony.CallerInfo@2147cd3 { name non-null, phoneNumber non-null }: PCR.oR->CILH.sL->CILH.oQC@Ig0
03-08 23:52:52.180  1452  1452 I Telecom : CallerInfoLookupHelper: There is no photo for this contact, skipping photo query: PCR.oR->CILH.sL->CILH.oQC@Ig0
03-08 23:52:52.187  1452 11781 W BroadcastQueue: Permission Denial: receiving Intent { act=android.intent.action.NEW_OUTGOING_CALL flg=0x11000010 (has extras) } to com.google.android.ims/.receivers.PhoneStateChangedReceiver requires android.permission.PROCESS_OUTGOING_CALLS due to sender android (uid 1000)
03-08 23:52:52.196  1452  1452 I Telecom : NewOutgoingCallBroadcastIntentReceiver: Received new-outgoing-call-broadcast for [TC@25, CONNECTING, null, tel:*** **** ****, A, childs(0), has_parent(false), [Capabilities:], [Properties:]] with data [****]: NOCBIR.oR@IhE
03-08 23:52:52.197  1452  1902 I WindowManager: Failed to capture screenshot of Token{6986aea ActivityRecord{fd8a2d5 u0 com.google.android.dialer/.extensions.GoogleDialtactsActivity t703}} appWin=Window{5aa5a54 u0 com.google.android.dialer/com.google.android.dialer.extensions.GoogleDialtactsActivity} drawState=4
03-08 23:52:52.198  1452  1452 I Telecom : CallsManager: Creating a new outgoing call with handle: tel:***********: NOCBIR.oR@IhE
03-08 23:52:52.201  1452  1452 I Telecom : InCallController: Sending updateCall [TC@25, CONNECTING, null, tel:***********, A, childs(0), has_parent(false), [Capabilities:], [Properties:]]: NOCBIR.oR@IhE
03-08 23:52:52.201  1452  1452 I Telecom : InCallController: Components updated: [ComponentInfo{com.google.android.dialer/com.android.incallui.InCallServiceImpl}]: NOCBIR.oR@IhE
03-08 23:52:52.205  1452  1452 I Telecom : PhoneAccountRegistrar: SimCallManager queried, returning: null: NOCBIR.oR@IhE
03-08 23:52:52.205  1452  1452 I Telecom : CreateConnectionProcessor: Trying attempt CallAttemptRecord(ComponentInfo{com.android.phone/com.android.services.telephony.TelephonyConnectionService}, [****], UserHandle{0},ComponentInfo{com.android.phone/com.android.services.telephony.TelephonyConnectionService}, [****], UserHandle{0}): NOCBIR.oR@IhE
03-08 23:52:52.206  1452  1452 I Telecom : Event: RecordEntry TC@25: BIND_CS, ComponentInfo{com.android.phone/com.android.services.telephony.TelephonyConnectionService}: NOCBIR.oR@IhE
03-08 23:52:52.208  1452  1452 I Telecom : TelecomSystem: CallerInfoAsyncQuery.startQuery number=[****] cookie=NOCBIR.oR->CILH.sL->CILH.sL@IhE: NOCBIR.oR->CILH.sL@IhE
03-08 23:52:52.221  1452  1452 I Telecom : ServiceBinderConnection: Service bound ComponentInfo{com.android.phone/com.android.services.telephony.TelephonyConnectionService}: SBC.oSC@IhM
03-08 23:52:52.221  1452  1452 I Telecom : Event: RecordEntry TC@25: CS_BOUND, ComponentInfo{com.android.phone/com.android.services.telephony.TelephonyConnectionService}: SBC.oSC@IhM
03-08 23:52:52.221  1452  1452 I Telecom : Event: RecordEntry TC@25: START_CONNECTION, tel:***********: SBC.oSC@IhM
03-08 23:52:52.226  1452 11781 I Telecom : PhoneAccountRegistrar: SimCallManager queried, returning: null: (...->CS.aCSA->H.CS.aCSA)->CSW.qRCS@E-E-IhM
03-08 23:52:52.227  2171  2171 I Telephony: TelephonyConnectionService: onCreateOutgoingConnection, request: ConnectionRequest xxxxxxxxxxxxxxx Bundle[mParcelledData.dataSize=820]: (SBC.oSC)->CS.crCo->H.CS.crCo->H.CS.crCo.pICR@E-IhM
03-08 23:52:52.243  1452  1452 I Telecom : CallerInfoLookupHelper: CI query for handle tel:*********** has completed; notifying all listeners.: NOCBIR.oR->CILH.sL->CILH.oQC@IhE
03-08 23:52:52.244  1452  1452 I Telecom : Call: CallerInfo received for tel:***********: com.android.internal.telephony.CallerInfo@63b3c1a { name non-null, phoneNumber non-null }: NOCBIR.oR->CILH.sL->CILH.oQC@IhE
03-08 23:52:52.244  1452  1452 I Telecom : CallerInfoLookupHelper: There is no photo for this contact, skipping photo query: NOCBIR.oR->CILH.sL->CILH.oQC@IhE
03-08 23:52:52.292  1452  1948 I ActivityManager: Process com.google.android.apps.docs (pid 20323) has died: cch+6CEM 
03-08 23:52:52.311  2171  2171 I Telephony: GsmConnection: isAddParticipantCapable: isCapable = false: (SBC.oSC)->CS.crCo->H.CS.crCo->H.CS.crCo.pICR@E-IhM
03-08 23:52:52.330  2171  2171 I chatty  : uid=1001(radio) com.android.phone identical 2 lines
03-08 23:52:52.331  2171  2171 I Telephony: GsmConnection: isAddParticipantCapable: isCapable = false: (SBC.oSC)->CS.crCo->H.CS.crCo->H.CS.crCo.pICR@E-IhM
03-08 23:52:52.337  1452  2961 I Telecom : InCallController: Sending updateCall [TC@25, CONNECTING, com.android.phone/com.android.services.telephony.TelephonyConnectionService, tel:***********, A, childs(0), has_parent(false), [Capabilities:], [Properties:]]: (...->CS.crCo->H.CS.crCo->H.CS.crCo.pICR)->CSW.hCCC@E-E-IhM
03-08 23:52:52.337  1452  2961 I Telecom : InCallController: Components updated: [ComponentInfo{com.google.android.dialer/com.android.incallui.InCallServiceImpl}]: (...->CS.crCo->H.CS.crCo->H.CS.crCo.pICR)->CSW.hCCC@E-E-IhM
03-08 23:52:52.337  1452  2961 I Telecom : InCallController: Sending updateCall [TC@25, CONNECTING, com.android.phone/com.android.services.telephony.TelephonyConnectionService, tel:***********, A, childs(0), has_parent(false), [Capabilities: CAPABILITY_SUPPORT_HOLD CAPABILITY_MUTE CAPABILITY_CANNOT_DOWNGRADE_VIDEO_TO_AUDIO], [Properties:]]: (...->CS.crCo->H.CS.crCo->H.CS.crCo.pICR)->CSW.hCCC@E-E-IhM
03-08 23:52:52.338  1452  2961 I Telecom : InCallController: Components updated: [ComponentInfo{com.google.android.dialer/com.android.incallui.InCallServiceImpl}]: (...->CS.crCo->H.CS.crCo->H.CS.crCo.pICR)->CSW.hCCC@E-E-IhM
03-08 23:52:52.338  1452  2961 I Telecom : Event: RecordEntry TC@25: CAPABILITY_CHANGE, Current: [[ sup_hld mut !v2a]], Removed [[]], Added [[ sup_hld mut !v2a]]: (...->CS.crCo->H.CS.crCo->H.CS.crCo.pICR)->CSW.hCCC@E-E-IhM
03-08 23:52:52.338  1452  2961 I Telecom : InCallController: Sending updateCall [TC@25, CONNECTING, com.android.phone/com.android.services.telephony.TelephonyConnectionService, tel:***********, A, childs(0), has_parent(false), [Capabilities: CAPABILITY_SUPPORT_HOLD CAPABILITY_MUTE CAPABILITY_CANNOT_DOWNGRADE_VIDEO_TO_AUDIO], [Properties:]]: (...->CS.crCo->H.CS.crCo->H.CS.crCo.pICR)->CSW.hCCC@E-E-IhM
03-08 23:52:52.340  1452  2961 I Telecom : InCallController: Components updated: [ComponentInfo{com.google.android.dialer/com.android.incallui.InCallServiceImpl}]: (...->CS.crCo->H.CS.crCo->H.CS.crCo.pICR)->CSW.hCCC@E-E-IhM
03-08 23:52:52.341  2171  2171 I Telephony: GsmConnection: isAddParticipantCapable: isCapable = false
03-08 23:52:52.341  1452  2961 I Telecom : InCallController: Sending updateCall [TC@25, CONNECTING, com.android.phone/com.android.services.telephony.TelephonyConnectionService, tel:***********, A, childs(0), has_parent(false), [Capabilities: CAPABILITY_SUPPORT_HOLD CAPABILITY_MUTE CAPABILITY_CANNOT_DOWNGRADE_VIDEO_TO_AUDIO], [Properties:]]: (...->CS.crCo->H.CS.crCo->H.CS.crCo.pICR)->CSW.hCCC@E-E-IhM
03-08 23:52:52.342  1452  2961 I Telecom : InCallController: Components updated: [ComponentInfo{com.google.android.dialer/com.android.incallui.InCallServiceImpl}]: (...->CS.crCo->H.CS.crCo->H.CS.crCo.pICR)->CSW.hCCC@E-E-IhM
03-08 23:52:52.342  1452  2961 I Telecom : InCallController: Sending updateCall [TC@25, CONNECTING, com.android.phone/com.android.services.telephony.TelephonyConnectionService, tel:***********, A, childs(0), has_parent(false), [Capabilities: CAPABILITY_SUPPORT_HOLD CAPABILITY_MUTE CAPABILITY_CANNOT_DOWNGRADE_VIDEO_TO_AUDIO], [Properties:]]: (...->CS.crCo->H.CS.crCo->H.CS.crCo.pICR)->CSW.hCCC@E-E-IhM
03-08 23:52:52.343  2171  2171 I Telephony: GsmConnection: isAddParticipantCapable: isCapable = false
03-08 23:52:52.343  1452  2961 I Telecom : InCallController: Components updated: [ComponentInfo{com.google.android.dialer/com.android.incallui.InCallServiceImpl}]: (...->CS.crCo->H.CS.crCo->H.CS.crCo.pICR)->CSW.hCCC@E-E-IhM
03-08 23:52:52.343  1452  2961 I Telecom : CallsManager: setCallState CONNECTING -> DIALING, call: [TC@25, CONNECTING, com.android.phone/com.android.services.telephony.TelephonyConnectionService, tel:***********, A, childs(0), has_parent(false), [Capabilities: CAPABILITY_SUPPORT_HOLD CAPABILITY_MUTE CAPABILITY_CANNOT_DOWNGRADE_VIDEO_TO_AUDIO], [Properties:]]: (...->CS.crCo->H.CS.crCo->H.CS.crCo.pICR)->CSW.hCCC@E-E-IhM
03-08 23:52:52.343  1452  2961 I Telecom : Event: RecordEntry TC@25: SET_DIALING, successful outgoing call: (...->CS.crCo->H.CS.crCo->H.CS.crCo.pICR)->CSW.hCCC@E-E-IhM
03-08 23:52:52.343  1452  2961 I Telecom : TelecomWakeLock: WakeLock already released with id: 26: (...->CS.crCo->H.CS.crCo->H.CS.crCo.pICR)->CSW.hCCC@E-E-IhM
03-08 23:52:52.343  1452  2961 I Telecom : InCallWakeLockController: Releasing full wake lock: (...->CS.crCo->H.CS.crCo->H.CS.crCo.pICR)->CSW.hCCC@E-E-IhM
03-08 23:52:52.344  1452  2961 I Telecom : IncomingCallNotifier: updateIncomingCall: foundIncomingcall = null: (...->CS.crCo->H.CS.crCo->H.CS.crCo.pICR)->CSW.hCCC@E-E-IhM
03-08 23:52:52.344  2171  2171 I Telephony: GsmConnection: isAddParticipantCapable: isCapable = false
03-08 23:52:52.344  1452  2257 I Telecom : CallAudioModeStateMachine: Message received: NEW_ACTIVE_OR_DIALING_CALL.: (...->CS.crCo->H.CS.crCo->H.CS.crCo.pICR)->CSW.hCCC->CAMSM.pM_2001@E-E-IhM
03-08 23:52:52.345  1452  1561 W BroadcastQueue: Permission Denial: receiving Intent { act=android.intent.action.PHONE_STATE flg=0x1000010 (has extras) } to com.google.android.apps.tachyon/.PhoneStateMonitor requires android.permission.READ_PRIVILEGED_PHONE_STATE due to sender android (uid 1000)
03-08 23:52:52.349  1452  2961 I Telecom : PhoneStateBroadcaster: Broadcasted state change: 2: (...->CS.crCo->H.CS.crCo->H.CS.crCo.pICR)->CSW.hCCC@E-E-IhM
03-08 23:52:52.351  1452  2961 I Telecom : InCallController: Sending updateCall [TC@25, DIALING, com.android.phone/com.android.services.telephony.TelephonyConnectionService, tel:***********, A, childs(0), has_parent(false), [Capabilities: CAPABILITY_SUPPORT_HOLD CAPABILITY_MUTE CAPABILITY_CANNOT_DOWNGRADE_VIDEO_TO_AUDIO], [Properties:]]: (...->CS.crCo->H.CS.crCo->H.CS.crCo.pICR)->CSW.hCCC@E-E-IhM
03-08 23:52:52.351  1452  2961 I Telecom : InCallController: Components updated: [ComponentInfo{com.google.android.dialer/com.android.incallui.InCallServiceImpl}]: (...->CS.crCo->H.CS.crCo->H.CS.crCo.pICR)->CSW.hCCC@E-E-IhM
03-08 23:52:52.352  1452  2961 I Telecom : InCallController: Sending updateCall [TC@25, DIALING, com.android.phone/com.android.services.telephony.TelephonyConnectionService, tel:***********, A, childs(0), has_parent(false), [Capabilities: CAPABILITY_SUPPORT_HOLD CAPABILITY_MUTE CAPABILITY_CANNOT_DOWNGRADE_VIDEO_TO_AUDIO], [Properties:]]: (...->CS.crCo->H.CS.crCo->H.CS.crCo.pICR)->CSW.hCCC@E-E-IhM
03-08 23:52:52.352  1452  2256 I Telecom : CallAudioRouteStateMachine: Message received: UPDATE_SYSTEM_AUDIO_ROUTE=1201, arg1=0: (...->CS.crCo->H.CS.crCo->H.CS.crCo.pICR)->CSW.hCCC->CARSM.pM_UPDATE_SYSTEM_AUDIO_ROUTE@E-E-IhM
03-08 23:52:52.352  1452  2961 I Telecom : InCallController: Components updated: [ComponentInfo{com.google.android.dialer/com.android.incallui.InCallServiceImpl}]: (...->CS.crCo->H.CS.crCo->H.CS.crCo.pICR)->CSW.hCCC@E-E-IhM
03-08 23:52:52.352  1452  1561 W BroadcastQueue: Permission Denial: receiving Intent { act=android.intent.action.PHONE_STATE flg=0x1000010 (has extras) } to ProcessRecord{23c45f4 2004:com.android.systemui/u0a33} (pid=2004, uid=10033) requires android.permission.READ_PHONE_STATE due to sender android (uid 1000)
03-08 23:52:52.353  1452  2961 I Telecom : CallsManager: setCallState DIALING -> DIALING, call: [TC@25, DIALING, com.android.phone/com.android.services.telephony.TelephonyConnectionService, tel:***********, A, childs(0), has_parent(false), [Capabilities: CAPABILITY_SUPPORT_HOLD CAPABILITY_MUTE CAPABILITY_CANNOT_DOWNGRADE_VIDEO_TO_AUDIO], [Properties:]]: (...->CS.crCo->H.CS.crCo->H.CS.crCo.pICR)->CSW.hCCC@E-E-IhM
03-08 23:52:52.353  1452  2961 I Telecom : InCallController: Sending updateCall [TC@25, DIALING, com.android.phone/com.android.services.telephony.TelephonyConnectionService, tel:***********, A, childs(0), has_parent(false), [Capabilities: CAPABILITY_SUPPORT_HOLD CAPABILITY_MUTE], [Properties:]]: CSW.sCC@Ih0
03-08 23:52:52.354  2171  2171 I Telephony: TelephonyConnectionService: notifyCreateConnectionComplete TC@25_1: (...->CSW.hCCC)->CS.crCoC->H.CS.crCoC@E-E-E-IhM
03-08 23:52:52.354  1452  2961 I Telecom : InCallController: Components updated: [ComponentInfo{com.google.android.dialer/com.android.incallui.InCallServiceImpl}]: CSW.sCC@Ih0
03-08 23:52:52.354  1452  2961 I Telecom : Event: RecordEntry TC@25: CAPABILITY_CHANGE, Current: [[ sup_hld mut]], Removed [[ !v2a]], Added [[]]: CSW.sCC@Ih0
03-08 23:52:52.354  1452  2256 I Telecom : CallAudioRouteStateMachine: setSystemAudioState: changing from [AudioState isMuted: false, route: EARPIECE, supportedRouteMask: EARPIECE, SPEAKER] to [AudioState isMuted: false, route: EARPIECE, supportedRouteMask: EARPIECE, SPEAKER]: (...->CS.crCo->H.CS.crCo->H.CS.crCo.pICR)->CSW.hCCC->CARSM.pM_UPDATE_SYSTEM_AUDIO_ROUTE@E-E-IhM
03-08 23:52:52.355  1452  2256 I Telecom : InCallController: Calling onAudioStateChanged, audioState: [AudioState isMuted: false, route: EARPIECE, supportedRouteMask: EARPIECE, SPEAKER] -> [AudioState isMuted: false, route: EARPIECE, supportedRouteMask: EARPIECE, SPEAKER]: (...->CS.crCo->H.CS.crCo->H.CS.crCo.pICR)->CSW.hCCC->CARSM.pM_UPDATE_SYSTEM_AUDIO_ROUTE@E-E-IhM
03-08 23:52:52.357  2171  2171 I Telephony: TelephonyConnectionService: updatePhoneAccount setPhoneAccountHandle, account = ComponentInfo{com.android.phone/com.android.services.telephony.TelephonyConnectionService}, [****], UserHandle{0}: (...->CSW.hCCC)->CS.crCoC->H.CS.crCoC@E-E-E-IhM
03-08 23:52:52.357  1452  2961 I Telecom : InCallController: Sending updateCall [TC@25, DIALING, com.android.phone/com.android.services.telephony.TelephonyConnectionService, tel:***********, A, childs(0), has_parent(false), [Capabilities: CAPABILITY_SUPPORT_HOLD CAPABILITY_MUTE], [Properties:]]: CSW.pE@Ih4
03-08 23:52:52.357  1452  2961 I Telecom : InCallController: Components updated: [ComponentInfo{com.google.android.dialer/com.android.incallui.InCallServiceImpl}]: CSW.pE@Ih4
03-08 23:52:52.358  1452  2961 I Telecom : InCallController: Sending updateCall [TC@25, DIALING, com.android.phone/com.android.services.telephony.TelephonyConnectionService, tel:***********, A, childs(0), has_parent(false), [Capabilities: CAPABILITY_SUPPORT_HOLD CAPABILITY_MUTE], [Properties:]]: CSW.sSH@IiA
03-08 23:52:52.358  1452  2961 I Telecom : InCallController: Components updated: [ComponentInfo{com.google.android.dialer/com.android.incallui.InCallServiceImpl}]: CSW.sSH@IiA
03-08 23:52:52.359  1452  2961 I Telecom : InCallController: Sending updateCall [TC@25, DIALING, com.android.phone/com.android.services.telephony.TelephonyConnectionService, tel:***********, A, childs(0), has_parent(false), [Capabilities: CAPABILITY_SUPPORT_HOLD CAPABILITY_MUTE], [Properties:]]: CSW.sCDN@IiE
03-08 23:52:52.360  1452  2961 I Telecom : InCallController: Components updated: [ComponentInfo{com.google.android.dialer/com.android.incallui.InCallServiceImpl}]: CSW.sCDN@IiE
03-08 23:52:52.360  1452  2961 I Telecom : InCallController: Sending updateCall [TC@25, DIALING, com.android.phone/com.android.services.telephony.TelephonyConnectionService, tel:***********, A, childs(0), has_parent(false), [Capabilities: CAPABILITY_SUPPORT_HOLD CAPABILITY_MUTE], [Properties:]]: CSW.pE@IiI
03-08 23:52:52.361  1452  2961 I Telecom : InCallController: Components updated: [ComponentInfo{com.google.android.dialer/com.android.incallui.InCallServiceImpl}]: CSW.pE@IiI
03-08 23:52:52.361  1452  2961 I Telecom : Event: RecordEntry TC@25: CONNECTION_EVENT, org.codeaurora.event.PHONE_ACCOUNT_CHANGED: (...->CS.crCoC->H.CS.crCoC)->CSW.oCE@E-E-E-E-IhM
03-08 23:52:52.362  1452  2961 I Telecom : InCallController: notifyConnectionEvent {Call: [TC@25, DIALING, com.android.phone/com.android.services.telephony.TelephonyConnectionService, tel:***********, A, childs(0), has_parent(false), [Capabilities: CAPABILITY_SUPPORT_HOLD CAPABILITY_MUTE], [Properties:]], Event: org.codeaurora.event.PHONE_ACCOUNT_CHANGED, Extras:[Bundle[{emr_dial_account=ComponentInfo{com.android.phone/com.android.services.telephony.TelephonyConnectionService}, [****], UserHandle{0}}]]}: (...->CS.crCoC->H.CS.crCoC)->CSW.oCE@E-E-E-E-IhM
03-08 23:52:52.365  1452 14586 W BroadcastQueue: Permission Denial: receiving Intent { act=android.intent.action.PHONE_STATE flg=0x1000010 (has extras) } to com.google.android.apps.tachyon/.PhoneStateMonitor requires android.permission.READ_PHONE_STATE due to sender android (uid 1000)
03-08 23:52:52.366  1452  1561 W BroadcastQueue: Permission Denial: receiving Intent { act=android.intent.action.PHONE_STATE flg=0x1000010 (has extras) } to com.google.android.ims/.receivers.PhoneStateChangedReceiver requires android.permission.READ_PHONE_STATE due to sender android (uid 1000)
03-08 23:52:52.570   839  1017 E NetlinkEvent: NetlinkEvent::FindParam(): Parameter 'INTERFACE' not found
03-08 23:52:52.570   839  1017 E NetlinkEvent: NetlinkEvent::FindParam(): Parameter 'STATE' not found
03-08 23:52:52.570   839  1017 E NetlinkEvent: NetlinkEvent::FindParam(): Parameter 'TIME_NS' not found
03-08 23:52:52.570   839  1017 E NetlinkEvent: NetlinkEvent::FindParam(): Parameter 'UID' not found
03-08 23:52:53.053  1452  2965 I Telecom : InCallController: Sending updateCall [TC@25, DIALING, com.android.phone/com.android.services.telephony.TelephonyConnectionService, tel:***********, A, childs(0), has_parent(false), [Capabilities: CAPABILITY_SUPPORT_HOLD CAPABILITY_MUTE], [Properties: PROPERTY_HIGH_DEF_AUDIO]]: CSW.sCP@Iso
03-08 23:52:53.053  1452  2965 I Telecom : InCallController: Components updated: [ComponentInfo{com.google.android.dialer/com.android.incallui.InCallServiceImpl}]: CSW.sCP@Iso
03-08 23:52:53.053  1452  2965 I Telecom : Event: RecordEntry TC@25: PROPERTY_CHANGE, Current: [[ HD]], Removed [[]], Added [[ HD]]: CSW.sCP@Iso
03-08 23:52:53.059  1452  2963 I Telecom : InCallController: Sending updateCall [TC@25, DIALING, com.android.phone/com.android.services.telephony.TelephonyConnectionService, tel:***********, A, childs(0), has_parent(false), [Capabilities: CAPABILITY_SUPPORT_HOLD CAPABILITY_MUTE], [Properties: PROPERTY_HIGH_DEF_AUDIO]]: CSW.pE@Isw
03-08 23:52:53.060  1452  2963 I Telecom : InCallController: Components updated: [ComponentInfo{com.google.android.dialer/com.android.incallui.InCallServiceImpl}]: CSW.pE@Isw
03-08 23:52:53.060  1452 14586 I Telecom : InCallController: Sending updateCall [TC@25, DIALING, com.android.phone/com.android.services.telephony.TelephonyConnectionService, tel:***********, A, childs(0), has_parent(false), [Capabilities: CAPABILITY_SUPPORT_HOLD CAPABILITY_MUTE], [Properties: PROPERTY_HIGH_DEF_AUDIO]]: CSW.sSH@Is0
03-08 23:52:53.061  1452 14586 I Telecom : InCallController: Components updated: [ComponentInfo{com.google.android.dialer/com.android.incallui.InCallServiceImpl}]: CSW.sSH@Is0
03-08 23:52:53.061  2171  2171 I Telephony: GsmConnection: isAddParticipantCapable: isCapable = false
03-08 23:52:53.065  2171  2171 I Telephony: GsmConnection: isAddParticipantCapable: isCapable = false
03-08 23:52:57.285  1452  1581 I DisplayManagerService: Display device changed state: "Built-in Screen", OFF
03-08 23:52:58.743  1452  1581 I DisplayManagerService: Display device changed state: "Built-in Screen", ON
03-08 23:52:59.701  1452  1581 I DisplayManagerService: Display device changed state: "Built-in Screen", OFF
03-08 23:52:59.878  1452 11781 I Telecom : Event: RecordEntry TC@25: REQUEST_DISCONNECT, null: ICA.dC(InCall package: com.google.android.dialer)@Ivo
03-08 23:52:59.878  1452 11781 I Telecom : Call: Send disconnect to connection service for call: [TC@25, DIALING, com.android.phone/com.android.services.telephony.TelephonyConnectionService, tel:***********, A, childs(0), has_parent(false), [Capabilities: CAPABILITY_SUPPORT_HOLD CAPABILITY_MUTE], [Properties: PROPERTY_HIGH_DEF_AUDIO]]: ICA.dC(InCall package: com.google.android.dialer)@Ivo
03-08 23:52:59.898  1452  2963 I Telecom : InCallController: Sending updateCall [TC@25, DIALING, com.android.phone/com.android.services.telephony.TelephonyConnectionService, tel:***********, A, childs(0), has_parent(false), [Capabilities: CAPABILITY_SUPPORT_HOLD CAPABILITY_MUTE], [Properties: PROPERTY_HIGH_DEF_AUDIO]]: CSW.sSH@Ivs
03-08 23:52:59.898  1452  2963 I Telecom : InCallController: Components updated: [ComponentInfo{com.google.android.dialer/com.android.incallui.InCallServiceImpl}]: CSW.sSH@Ivs
03-08 23:52:59.900  2171  2171 I Telephony: GsmConnection: isAddParticipantCapable: isCapable = false
